Registering ORBextractor...
Registering AKAZEextractor...
Registering BRISKextractor...
Registering SIFTextractor...
Registering KAZEextractor...
Registering SuperPointExtractor...
Loading images...
Loaded 3682 images.
Creating SLAM system...

ORB-SLAM2 Copyright (C) 2014-2016 Raul Mur-Artal, University of Zaragoza.
This program comes with ABSOLUTELY NO WARRANTY;
This is free software, and you are welcome to redistribute it
under certain conditions. See LICENSE.txt.

Input sensor was set to: Monocular

Loading Vocabulary : /home/howard/Refactored_ORB_SLAM2/Install/var/lib/orbslam2/voc/orb_mur.fbow
This could take a while...
Loading ORB Vocabulary in FBoW.
ORB Vocabulary loaded in 0.008878s


Loading Vocabulary : /home/howard/Refactored_ORB_SLAM2/Install/var/lib/orbslam2/voc/akaze_cv.fbow
This could take a while...
Loading AKAZE Vocabulary in FBoW.
AKAZE Vocabulary loaded in 0.001577s


Loading Vocabulary : /home/howard/Refactored_ORB_SLAM2/Install/var/lib/orbslam2/voc/brisk_cv.fbow
This could take a while...
Loading BRISK Vocabulary in FBoW.
BRISK Vocabulary loaded in 0.001586s


Loading Vocabulary : /home/howard/Refactored_ORB_SLAM2/Install/var/lib/orbslam2/voc/kaze_cv.fbow
This could take a while...
Loading KAZE Vocabulary in FBoW.
KAZE Vocabulary loaded in 0.006321s


Loading Vocabulary : /home/howard/Refactored_ORB_SLAM2/Install/var/lib/orbslam2/voc/sift_cv.fbow
This could take a while...
Loading SIFT Vocabulary in FBoW.
SIFT Vocabulary loaded in 0.011557s


Loading Vocabulary : /home/howard/Refactored_ORB_SLAM2/Install/var/lib/orbslam2/voc/superpoint.fbow
This could take a while...
Loading SuperPoint Vocabulary in FBoW.
SuperPoint Vocabulary loaded in 0.007484s


Camera Parameters: 
- fx: 458.654
- fy: 457.296
- cx: 367.215
- cy: 248.375
- k1: -0.283408
- k2: 0.0739591
- p1: 0.00019359
- p2: 1.76187e-05
- fps: 20
- color order: RGB (ignored if grayscale)

[Feature 0] ORB Extractor Parameters: 
 ( TH_LOW: 50, TH_HIGH: 100 )
- Number of Features: 1000
- Scale Levels: 8
- Scale Factor: 1.2
- Initial Fast Threshold: 20
- Minimum Fast Threshold: 7

[Feature 1] AKAZE Extractor Parameters: 
 ( TH_LOW: 100, TH_HIGH: 200 )
- Number of Features: 1000
- Scale Levels: 4
- Scale Factor: 1.2
- Threshold: 0.001
- Num of Octaves: 4
- Num of Octave Layers: 4

[Feature 2] BRISK Extractor Parameters: 
 ( TH_LOW: 100, TH_HIGH: 200 )
- Number of Features: 1000
- Scale Levels: 6
- Scale Factor: 1.414
- Threshold: 10
- Num of Octaves: 3
- Pattern Scale: 1

[Feature 3] KAZE Extractor Parameters: 
 ( TH_LOW: 0.5, TH_HIGH: 1 )
- Number of Features : 1000
- Scale Levels       : 4
- Scale Factor       : 1.2
- Threshold          : 0.0005
- nOctaves           : 4
- nOctaveLayers      : 4
- Extended (128‑dim) : 0
- Upright            : 0

[Feature 4] SIFT Extractor Parameters: 
 ( TH_LOW: 300, TH_HIGH: 500 )
- Number of Features  : 1000
- Scale Levels        : 1
- Scale Factor        : 1
- Contrast Threshold  : 0.001
- Edge Threshold      : 5
- nOctaves            : 3
- Sigma               : 1.6

[Feature 5] SuperPoint Extractor Parameters: 
 ( TH_LOW: 0.7, TH_HIGH: 0.9 )
- Number of Features: 1000
- Scale Levels: 4
- Scale Factor: 1.2
- Use CUDA: 1
- Use NMS: 1
- iniTh: 0.08
- minTh: 0.04

-------
Start processing sequence ...
Images in the sequence: 3682

1
New map created with 82 points for 0 Feature Type 
New map created with 506 points for 1 Feature Type 
New map created with 234 points for 2 Feature Type 
New map created with 375 points for 3 Feature Type 
New map created with 513 points for 4 Feature Type 
New map created with 125 points for 5 Feature Type 
Tracking Initlized in 2.27s
The initlized frame ID: 1
System::StopViewer()
System::StopViewer() done
Viewer thread finished.
Viewer started, waiting for thread.
Tracking thread joined...

Saving correlation status...

========== Global Summary ==========
Frames: 55200
avg_CorrEdges: 31.4859
avg_match_A: 166.463
avg_match_B: 215.199
global_RI_MNR: 0.189147
global_RI_GNR: 0.166356
global_RI_DICE: 0.164994

========== Per-Channel Summary ==========
   chA   chB     avgCorr        avgA        avgB   avgRI_MNR   avgRI_GNR  avgRI_DICE
     0     1     17.2109     120.437     172.078    0.132143     0.10893    0.106503
     0     2      54.516     120.437     172.665    0.424906    0.351813    0.344691
     0     3     30.3465     120.437     255.031    0.237343    0.162371    0.150939
     0     4     18.1538     120.437     178.387    0.138436    0.111709    0.108766
     0     5     13.9535     120.437     246.386    0.106043   0.0739584   0.0692752
     1     2     26.3937     172.078     172.665    0.154179    0.140455    0.139397
     1     3     111.032     172.078     255.031    0.620024    0.503157    0.490748
     1     4     38.6182     172.078     178.387    0.224432    0.204156     0.20275
     1     5     4.63995     172.078     246.386   0.0265847   0.0209203   0.0202185
     2     3     41.2582     172.665     255.031    0.227936    0.185463    0.180876
     2     4     32.1266     172.665     178.387     0.18861    0.171205    0.169979
     2     5     12.5114     172.665     246.386   0.0673071   0.0554808   0.0542609
     3     4      58.006     255.031     178.387    0.322111    0.261285    0.254431
     3     5     7.47201     255.031     246.386   0.0302547   0.0281183   0.0279858
     4     5     6.04973     178.387     246.386    0.032294   0.0265856   0.0259562

Correlation status saved!

-------

median tracking time: 0.148421
mean tracking time: 0.155057

Saving keyframe trajectory to KeyFrameTrajectory.txt ...

trajectory saved!

========== Performance Summary (ms) ==========
name                                mean      median        rmse         min         max       count
Tracking                          27.237      21.822      13.734       5.639      61.604        3680
Total Init                       360.370     360.370       0.000     360.370     360.370           1
Pipeline                         155.054     148.414      29.683     106.588     355.034        3682
SuperPoint Extract               113.311     108.514      26.922      58.929     281.196        3682
KAZE Extract                     110.635     109.473       9.412      86.007     187.534        3682
Correlation                        1.856       1.797       0.698       0.205       4.252        3680
AKAZE Extract                     24.106      22.067       5.732      15.654      52.928        3682
SIFT Extract                      29.289      27.471       6.534      20.204      85.452        3682
BRISK Extract                     79.755      79.328      17.659      22.013     129.286        3682
ORB Extract                        9.039       9.013       1.232       5.198      14.372        3682
