Registering ORBextractor...
Registering AKAZEextractor...
Registering BRISKextractor...
Registering SIFTextractor...
Registering KAZEextractor...
Registering SuperPointExtractor...
Loading images...
Loaded 3682 images.
Creating SLAM system...

ORB-SLAM2 Copyright (C) 2014-2016 Raul Mur-Artal, University of Zaragoza.
This program comes with ABSOLUTELY NO WARRANTY;
This is free software, and you are welcome to redistribute it
under certain conditions. See LICENSE.txt.

Input sensor was set to: Monocular

Loading Vocabulary : /home/howard/Refactored_ORB_SLAM2/Install/var/lib/orbslam2/voc/orb_mur.fbow
This could take a while...
Loading ORB Vocabulary in FBoW.
ORB Vocabulary loaded in 0.008674s


Loading Vocabulary : /home/howard/Refactored_ORB_SLAM2/Install/var/lib/orbslam2/voc/akaze_cv.fbow
This could take a while...
Loading AKAZE Vocabulary in FBoW.
AKAZE Vocabulary loaded in 0.001612s


Loading Vocabulary : /home/howard/Refactored_ORB_SLAM2/Install/var/lib/orbslam2/voc/brisk_cv.fbow
This could take a while...
Loading BRISK Vocabulary in FBoW.
BRISK Vocabulary loaded in 0.001609s


Loading Vocabulary : /home/howard/Refactored_ORB_SLAM2/Install/var/lib/orbslam2/voc/kaze_cv.fbow
This could take a while...
Loading KAZE Vocabulary in FBoW.
KAZE Vocabulary loaded in 0.005758s


Loading Vocabulary : /home/howard/Refactored_ORB_SLAM2/Install/var/lib/orbslam2/voc/sift_cv.fbow
This could take a while...
Loading SIFT Vocabulary in FBoW.
SIFT Vocabulary loaded in 0.010821s


Loading Vocabulary : /home/howard/Refactored_ORB_SLAM2/Install/var/lib/orbslam2/voc/superpoint.fbow
This could take a while...
Loading SuperPoint Vocabulary in FBoW.
SuperPoint Vocabulary loaded in 0.006928s


Camera Parameters: 
- fx: 458.654
- fy: 457.296
- cx: 367.215
- cy: 248.375
- k1: -0.283408
- k2: 0.0739591
- p1: 0.00019359
- p2: 1.76187e-05
- fps: 20
- color order: RGB (ignored if grayscale)

[Feature 0] ORB Extractor Parameters: 
 ( TH_LOW: 50, TH_HIGH: 100 )
- Number of Features: 1000
- Scale Levels: 8
- Scale Factor: 1.2
- Initial Fast Threshold: 20
- Minimum Fast Threshold: 7

[Feature 1] AKAZE Extractor Parameters: 
 ( TH_LOW: 100, TH_HIGH: 200 )
- Number of Features: 1000
- Scale Levels: 4
- Scale Factor: 1.2
- Threshold: 0.001
- Num of Octaves: 4
- Num of Octave Layers: 4

[Feature 2] BRISK Extractor Parameters: 
 ( TH_LOW: 100, TH_HIGH: 200 )
- Number of Features: 1000
- Scale Levels: 6
- Scale Factor: 1.414
- Threshold: 10
- Num of Octaves: 3
- Pattern Scale: 1

[Feature 3] KAZE Extractor Parameters: 
 ( TH_LOW: 0.5, TH_HIGH: 1 )
- Number of Features : 1000
- Scale Levels       : 4
- Scale Factor       : 1.2
- Threshold          : 0.0005
- nOctaves           : 4
- nOctaveLayers      : 4
- Extended (128‑dim) : 0
- Upright            : 0

[Feature 4] SIFT Extractor Parameters: 
 ( TH_LOW: 300, TH_HIGH: 500 )
- Number of Features  : 1000
- Scale Levels        : 1
- Scale Factor        : 1
- Contrast Threshold  : 0.001
- Edge Threshold      : 5
- nOctaves            : 3
- Sigma               : 1.6

[Feature 5] SuperPoint Extractor Parameters: 
 ( TH_LOW: 0.7, TH_HIGH: 0.9 )
- Number of Features: 1000
- Scale Levels: 4
- Scale Factor: 1.2
- Use CUDA: 1
- Use NMS: 1
- iniTh: 0.08
- minTh: 0.04

-------
Start processing sequence ...
Images in the sequence: 3682

1
New map created with 82 points for 0 Feature Type 
New map created with 506 points for 1 Feature Type 
New map created with 234 points for 2 Feature Type 
New map created with 375 points for 3 Feature Type 
New map created with 513 points for 4 Feature Type 
New map created with 125 points for 5 Feature Type 
Tracking Initlized in 2.24s
The initlized frame ID: 1
System::StopViewer()
System::StopViewer() done
Viewer thread finished.
Viewer started, waiting for thread.
Tracking thread joined...

Saving correlation status...

========== Global Summary ==========
Frames: 55200
avg_CorrEdges: 29.5353
avg_match_A: 157.706
avg_match_B: 206.184
global_RI_MNR: 0.187281
global_RI_GNR: 0.163791
global_RI_DICE: 0.162331

========== Per-Channel Summary ==========
   chA   chB     avgCorr        avgA        avgB   avgRI_MNR   avgRI_GNR  avgRI_DICE
     0     1     15.6052     112.452     162.278    0.129925    0.107083    0.104679
     0     2     50.2087     112.452     162.946    0.410179    0.338139    0.331063
     0     3      28.675     112.452     246.901    0.244347     0.16366    0.150966
     0     4     17.9573     112.452     171.577    0.146047    0.117183    0.114023
     0     5     12.9321     112.452     235.514    0.105221   0.0723247   0.0673958
     1     2     24.0671     162.278     162.946    0.148383    0.135568    0.134645
     1     3     102.412     162.278     246.901    0.604348    0.483764    0.470513
     1     4     36.5891     162.278     171.577     0.22518    0.204572    0.203116
     1     5     4.33832     162.278     235.514   0.0272007   0.0211921   0.0204543
     2     3     39.2709     162.946     246.901    0.229891    0.184524    0.179441
     2     4     30.1345     162.946     171.577    0.185968    0.169938    0.168859
     2     5     12.0478     162.946     235.514   0.0724783    0.058164   0.0565491
     3     4     56.9875     246.901     171.577    0.334157    0.269855    0.262613
     3     5     6.34973     246.901     235.514   0.0268267   0.0247221   0.0245817
     4     5     5.45435     171.577     235.514   0.0304573   0.0251895   0.0246323

Correlation status saved!

-------

median tracking time: 0.140268
mean tracking time: 0.148692

Saving keyframe trajectory to KeyFrameTrajectory.txt ...

trajectory saved!

========== Performance Summary (ms) ==========
name                                mean      median        rmse         min         max       count
Tracking                          25.380      20.418      12.086       5.557      55.087        3680
Total Init                       338.980     338.980       0.000     338.980     338.980           1
Pipeline                         148.688     140.264      26.863      92.535     335.662        3682
SuperPoint Extract               109.275     105.303      23.873      53.842     278.793        3682
KAZE Extract                     107.010     107.085      11.283      80.629     209.443        3682
Correlation                        1.723       1.706       0.652       0.518       4.141        3680
AKAZE Extract                     24.217      22.475       5.801      14.925      54.378        3682
SIFT Extract                      30.964      27.721       8.927      20.970      91.356        3682
BRISK Extract                     78.537      77.987      17.405      20.738     130.456        3682
ORB Extract                        9.038       9.010       1.307       5.279      15.948        3682
