Registering ORBextractor...
Registering AKAZEextractor...
Registering BRISKextractor...
Registering SIFTextractor...
Registering KAZEextractor...
Registering SuperPointExtractor...
Loading images...
Loaded 3682 images.
Creating SLAM system...

ORB-SLAM2 Copyright (C) 2014-2016 Raul Mur-Artal, University of Zaragoza.
This program comes with ABSOLUTELY NO WARRANTY;
This is free software, and you are welcome to redistribute it
under certain conditions. See LICENSE.txt.

Input sensor was set to: Monocular

Loading Vocabulary : /home/howard/Refactored_ORB_SLAM2/Install/var/lib/orbslam2/voc/orb_mur.fbow
This could take a while...
Loading ORB Vocabulary in FBoW.
ORB Vocabulary loaded in 0.027683s


Loading Vocabulary : /home/howard/Refactored_ORB_SLAM2/Install/var/lib/orbslam2/voc/akaze_cv.fbow
This could take a while...
Loading AKAZE Vocabulary in FBoW.
AKAZE Vocabulary loaded in 0.004976s


Loading Vocabulary : /home/howard/Refactored_ORB_SLAM2/Install/var/lib/orbslam2/voc/brisk_cv.fbow
This could take a while...
Loading BRISK Vocabulary in FBoW.
BRISK Vocabulary loaded in 0.005008s


Loading Vocabulary : /home/howard/Refactored_ORB_SLAM2/Install/var/lib/orbslam2/voc/kaze_cv.fbow
This could take a while...
Loading KAZE Vocabulary in FBoW.
KAZE Vocabulary loaded in 0.018418s


Loading Vocabulary : /home/howard/Refactored_ORB_SLAM2/Install/var/lib/orbslam2/voc/sift_cv.fbow
This could take a while...
Loading SIFT Vocabulary in FBoW.
SIFT Vocabulary loaded in 0.035864s


Loading Vocabulary : /home/howard/Refactored_ORB_SLAM2/Install/var/lib/orbslam2/voc/superpoint.fbow
This could take a while...
Loading SuperPoint Vocabulary in FBoW.
SuperPoint Vocabulary loaded in 0.023824s


Camera Parameters: 
- fx: 458.654
- fy: 457.296
- cx: 367.215
- cy: 248.375
- k1: -0.283408
- k2: 0.0739591
- p1: 0.00019359
- p2: 1.76187e-05
- fps: 20
- color order: RGB (ignored if grayscale)

[Feature 0] ORB Extractor Parameters: 
 ( TH_LOW: 50, TH_HIGH: 100 )
- Number of Features: 1000
- Scale Levels: 8
- Scale Factor: 1.2
- Initial Fast Threshold: 20
- Minimum Fast Threshold: 7

[Feature 1] AKAZE Extractor Parameters: 
 ( TH_LOW: 100, TH_HIGH: 200 )
- Number of Features: 1000
- Scale Levels: 4
- Scale Factor: 1.2
- Threshold: 0.001
- Num of Octaves: 4
- Num of Octave Layers: 4

[Feature 2] BRISK Extractor Parameters: 
 ( TH_LOW: 100, TH_HIGH: 200 )
- Number of Features: 1000
- Scale Levels: 6
- Scale Factor: 1.414
- Threshold: 10
- Num of Octaves: 3
- Pattern Scale: 1

[Feature 3] KAZE Extractor Parameters: 
 ( TH_LOW: 0.5, TH_HIGH: 1 )
- Number of Features : 1000
- Scale Levels       : 4
- Scale Factor       : 1.2
- Threshold          : 0.0005
- nOctaves           : 4
- nOctaveLayers      : 4
- Extended (128‑dim) : 0
- Upright            : 0

[Feature 4] SIFT Extractor Parameters: 
 ( TH_LOW: 300, TH_HIGH: 500 )
- Number of Features  : 1000
- Scale Levels        : 1
- Scale Factor        : 1
- Contrast Threshold  : 0.001
- Edge Threshold      : 5
- nOctaves            : 3
- Sigma               : 1.6

[Feature 5] SuperPoint Extractor Parameters: 
 ( TH_LOW: 0.7, TH_HIGH: 0.9 )
- Number of Features: 1000
- Scale Levels: 4
- Scale Factor: 1.2
- Use CUDA: 1
- Use NMS: 1
- iniTh: 0.08
- minTh: 0.04

-------
Start processing sequence ...
Images in the sequence: 3682

1
New map created with 82 points for 0 Feature Type 
New map created with 506 points for 1 Feature Type 
New map created with 234 points for 2 Feature Type 
New map created with 375 points for 3 Feature Type 
New map created with 513 points for 4 Feature Type 
New map created with 125 points for 5 Feature Type 
Tracking Initlized in 2.42s
The initlized frame ID: 1
System::StopViewer()
System::StopViewer() done
Viewer thread finished.
Viewer started, waiting for thread.
Tracking thread joined...

Saving correlation status...

========== Global Summary ==========
Frames: 55200
avg_CorrEdges: 28.9485
avg_match_A: 157.236
avg_match_B: 201.196
global_RI_MNR: 0.184109
global_RI_GNR: 0.162757
global_RI_DICE: 0.161528

========== Per-Channel Summary ==========
   chA   chB     avgCorr        avgA        avgB   avgRI_MNR   avgRI_GNR  avgRI_DICE
     0     1     16.4685     112.988     163.199    0.132356    0.109564    0.107223
     0     2     49.5774     112.988     161.146    0.395599    0.328665    0.322204
     0     3     28.3043     112.988     243.152    0.231986    0.158515    0.147296
     0     4     17.7603     112.988     171.058    0.140245    0.112392    0.109322
     0     5     12.3302     112.988     223.753   0.0943567   0.0670951   0.0632794
     1     2     23.6177     163.199     161.146    0.143188    0.131705    0.130856
     1     3     103.063     163.199     243.152    0.603986     0.48881    0.476849
     1     4     35.3663     163.199     171.058    0.212829    0.192391    0.190885
     1     5     4.16522     163.199     223.753   0.0231583   0.0187607   0.0182718
     2     3     37.1731     161.146     243.152    0.213724    0.172308    0.167695
     2     4     28.8065     161.146     171.058    0.175308    0.159298    0.158174
     2     5     10.6636     161.146     223.753   0.0592558   0.0496356   0.0486565
     3     4     54.7052     243.152     171.058    0.317451    0.257015    0.250267
     3     5     6.60978     243.152     223.753   0.0314149   0.0280145   0.0277551
     4     5     5.61576     171.058     223.753   0.0307867   0.0260965   0.0256628

Correlation status saved!

-------

median tracking time: 0.143998
mean tracking time: 0.154546

Saving keyframe trajectory to KeyFrameTrajectory.txt ...

trajectory saved!

========== Performance Summary (ms) ==========
name                                mean      median        rmse         min         max       count
Tracking                          25.685      20.567      12.651       5.317      67.549        3680
Total Init                       419.774     419.774       0.000     419.774     419.774           1
Pipeline                         154.543     143.994      30.169     100.205     421.044        3682
SuperPoint Extract               116.002     110.504      26.444      59.166     413.605        3682
KAZE Extract                     109.838     110.587      12.581      82.954     191.292        3682
SIFT Extract                      32.530      29.019       9.825      21.481      88.533        3682
Correlation                        1.754       1.668       0.724       0.220       5.033        3680
AKAZE Extract                     25.587      24.221       5.969      15.691      50.811        3682
BRISK Extract                     81.057      80.521      18.004      20.255     135.207        3682
ORB Extract                        9.326       9.296       1.389       5.059      15.210        3682
