Registering ORBextractor...
Registering AKAZEextractor...
Registering BRISKextractor...
Registering SIFTextractor...
Registering KAZEextractor...
Registering SuperPointExtractor...
Loading images...
Loaded 3682 images.
Creating SLAM system...

ORB-SLAM2 Copyright (C) 2014-2016 Raul Mur-Artal, University of Zaragoza.
This program comes with ABSOLUTELY NO WARRANTY;
This is free software, and you are welcome to redistribute it
under certain conditions. See LICENSE.txt.

Input sensor was set to: Monocular

Loading Vocabulary : /home/howard/Refactored_ORB_SLAM2/Install/var/lib/orbslam2/voc/orb_mur.fbow
This could take a while...
Loading ORB Vocabulary in FBoW.
ORB Vocabulary loaded in 0.008681s


Loading Vocabulary : /home/howard/Refactored_ORB_SLAM2/Install/var/lib/orbslam2/voc/akaze_cv.fbow
This could take a while...
Loading AKAZE Vocabulary in FBoW.
AKAZE Vocabulary loaded in 0.001699s


Loading Vocabulary : /home/howard/Refactored_ORB_SLAM2/Install/var/lib/orbslam2/voc/brisk_cv.fbow
This could take a while...
Loading BRISK Vocabulary in FBoW.
BRISK Vocabulary loaded in 0.001639s


Loading Vocabulary : /home/howard/Refactored_ORB_SLAM2/Install/var/lib/orbslam2/voc/kaze_cv.fbow
This could take a while...
Loading KAZE Vocabulary in FBoW.
KAZE Vocabulary loaded in 0.005784s


Loading Vocabulary : /home/howard/Refactored_ORB_SLAM2/Install/var/lib/orbslam2/voc/sift_cv.fbow
This could take a while...
Loading SIFT Vocabulary in FBoW.
SIFT Vocabulary loaded in 0.010790s


Loading Vocabulary : /home/howard/Refactored_ORB_SLAM2/Install/var/lib/orbslam2/voc/superpoint.fbow
This could take a while...
Loading SuperPoint Vocabulary in FBoW.
SuperPoint Vocabulary loaded in 0.006870s


Camera Parameters: 
- fx: 458.654
- fy: 457.296
- cx: 367.215
- cy: 248.375
- k1: -0.283408
- k2: 0.0739591
- p1: 0.00019359
- p2: 1.76187e-05
- fps: 20
- color order: RGB (ignored if grayscale)

[Feature 0] ORB Extractor Parameters: 
 ( TH_LOW: 50, TH_HIGH: 100 )
- Number of Features: 1000
- Scale Levels: 8
- Scale Factor: 1.2
- Initial Fast Threshold: 20
- Minimum Fast Threshold: 7

[Feature 1] AKAZE Extractor Parameters: 
 ( TH_LOW: 100, TH_HIGH: 200 )
- Number of Features: 1000
- Scale Levels: 4
- Scale Factor: 1.2
- Threshold: 0.001
- Num of Octaves: 4
- Num of Octave Layers: 4

[Feature 2] BRISK Extractor Parameters: 
 ( TH_LOW: 100, TH_HIGH: 200 )
- Number of Features: 1000
- Scale Levels: 6
- Scale Factor: 1.414
- Threshold: 10
- Num of Octaves: 3
- Pattern Scale: 1

[Feature 3] KAZE Extractor Parameters: 
 ( TH_LOW: 0.5, TH_HIGH: 1 )
- Number of Features : 1000
- Scale Levels       : 4
- Scale Factor       : 1.2
- Threshold          : 0.0005
- nOctaves           : 4
- nOctaveLayers      : 4
- Extended (128‑dim) : 0
- Upright            : 0

[Feature 4] SIFT Extractor Parameters: 
 ( TH_LOW: 300, TH_HIGH: 500 )
- Number of Features  : 1000
- Scale Levels        : 1
- Scale Factor        : 1
- Contrast Threshold  : 0.001
- Edge Threshold      : 5
- nOctaves            : 3
- Sigma               : 1.6

[Feature 5] SuperPoint Extractor Parameters: 
 ( TH_LOW: 0.7, TH_HIGH: 0.9 )
- Number of Features: 1000
- Scale Levels: 4
- Scale Factor: 1.2
- Use CUDA: 1
- Use NMS: 1
- iniTh: 0.08
- minTh: 0.04

-------
Start processing sequence ...
Images in the sequence: 3682

1
New map created with 82 points for 0 Feature Type 
New map created with 506 points for 1 Feature Type 
New map created with 234 points for 2 Feature Type 
New map created with 375 points for 3 Feature Type 
New map created with 513 points for 4 Feature Type 
New map created with 125 points for 5 Feature Type 
Tracking Initlized in 2.23s
The initlized frame ID: 1
System::StopViewer()
System::StopViewer() done
Viewer thread finished.
Viewer started, waiting for thread.
Tracking thread joined...

Saving correlation status...

========== Global Summary ==========
Frames: 55200
avg_CorrEdges: 30.0441
avg_match_A: 160.065
avg_match_B: 208.019
global_RI_MNR: 0.187699
global_RI_GNR: 0.164649
global_RI_DICE: 0.163245

========== Per-Channel Summary ==========
   chA   chB     avgCorr        avgA        avgB   avgRI_MNR   avgRI_GNR  avgRI_DICE
     0     1     16.6288      113.94     166.393    0.137646    0.112989    0.110421
     0     2      52.353      113.94     163.959    0.426711    0.352063    0.344895
     0     3     28.9663      113.94     249.194    0.241297    0.162759    0.150563
     0     4     18.0063      113.94     175.446    0.144515     0.11503    0.111808
     0     5     12.7293      113.94     235.323    0.100747   0.0699411   0.0654172
     1     2     25.2783     166.393     163.959    0.152988     0.14075    0.139849
     1     3     104.501     166.393     249.194    0.606288    0.489964    0.477764
     1     4     36.2951     166.393     175.446    0.216965     0.19731    0.195934
     1     5     4.17011     166.393     235.323   0.0234132   0.0189694   0.0184776
     2     3     39.0739     163.959     249.194    0.223206    0.179378    0.174442
     2     4     31.2345     163.959     175.446    0.189307     0.17401    0.172945
     2     5     12.9008     163.959     235.323   0.0761753   0.0620406   0.0605261
     3     4     56.1821     249.193     175.446    0.312387    0.256552    0.250642
     3     5     7.11793     249.193     235.323   0.0304619    0.028167   0.0280157
     4     5     5.22337     175.446     235.323    0.027137   0.0227782   0.0223503

Correlation status saved!

-------

median tracking time: 0.149896
mean tracking time: 0.155371

Saving keyframe trajectory to KeyFrameTrajectory.txt ...

trajectory saved!

========== Performance Summary (ms) ==========
name                                mean      median        rmse         min         max       count
Tracking                          26.468      21.077      12.786       5.560      64.575        3680
Total Init                       343.276     343.276       0.000     343.276     343.276           1
Pipeline                         155.367     149.873      26.306      94.531     338.867        3682
SuperPoint Extract               112.582     109.201      26.313      59.918     275.907        3682
KAZE Extract                     111.205     111.733      11.222      80.458     194.679        3682
Correlation                        1.778       1.739       0.673       0.226       4.454        3680
AKAZE Extract                     24.524      23.253       5.515      15.581      49.998        3682
SIFT Extract                      32.004      29.673       8.965      21.427      85.296        3682
BRISK Extract                     79.084      78.586      17.850      20.401     138.657        3682
ORB Extract                        8.909       8.800       1.365       5.191      14.285        3682
