Registering ORBextractor...
Registering AKAZEextractor...
Registering BRISKextractor...
Registering SIFTextractor...
Registering KAZEextractor...
Registering SuperPointExtractor...
Loading images...
Loaded 3682 images.
Creating SLAM system...

ORB-SLAM2 Copyright (C) 2014-2016 Raul Mur-Artal, University of Zaragoza.
This program comes with ABSOLUTELY NO WARRANTY;
This is free software, and you are welcome to redistribute it
under certain conditions. See LICENSE.txt.

Input sensor was set to: Monocular

Loading Vocabulary : /home/howard/Refactored_ORB_SLAM2/Install/var/lib/orbslam2/voc/orb_mur.fbow
This could take a while...
Loading ORB Vocabulary in FBoW.
ORB Vocabulary loaded in 0.008748s


Loading Vocabulary : /home/howard/Refactored_ORB_SLAM2/Install/var/lib/orbslam2/voc/akaze_cv.fbow
This could take a while...
Loading AKAZE Vocabulary in FBoW.
AKAZE Vocabulary loaded in 0.001646s


Loading Vocabulary : /home/howard/Refactored_ORB_SLAM2/Install/var/lib/orbslam2/voc/brisk_cv.fbow
This could take a while...
Loading BRISK Vocabulary in FBoW.
BRISK Vocabulary loaded in 0.001637s


Loading Vocabulary : /home/howard/Refactored_ORB_SLAM2/Install/var/lib/orbslam2/voc/kaze_cv.fbow
This could take a while...
Loading KAZE Vocabulary in FBoW.
KAZE Vocabulary loaded in 0.005773s


Loading Vocabulary : /home/howard/Refactored_ORB_SLAM2/Install/var/lib/orbslam2/voc/sift_cv.fbow
This could take a while...
Loading SIFT Vocabulary in FBoW.
SIFT Vocabulary loaded in 0.010794s


Loading Vocabulary : /home/howard/Refactored_ORB_SLAM2/Install/var/lib/orbslam2/voc/superpoint.fbow
This could take a while...
Loading SuperPoint Vocabulary in FBoW.
SuperPoint Vocabulary loaded in 0.006975s


Camera Parameters: 
- fx: 458.654
- fy: 457.296
- cx: 367.215
- cy: 248.375
- k1: -0.283408
- k2: 0.0739591
- p1: 0.00019359
- p2: 1.76187e-05
- fps: 20
- color order: RGB (ignored if grayscale)

[Feature 0] ORB Extractor Parameters: 
 ( TH_LOW: 50, TH_HIGH: 100 )
- Number of Features: 1000
- Scale Levels: 8
- Scale Factor: 1.2
- Initial Fast Threshold: 20
- Minimum Fast Threshold: 7

[Feature 1] AKAZE Extractor Parameters: 
 ( TH_LOW: 100, TH_HIGH: 200 )
- Number of Features: 1000
- Scale Levels: 4
- Scale Factor: 1.2
- Threshold: 0.001
- Num of Octaves: 4
- Num of Octave Layers: 4

[Feature 2] BRISK Extractor Parameters: 
 ( TH_LOW: 100, TH_HIGH: 200 )
- Number of Features: 1000
- Scale Levels: 6
- Scale Factor: 1.414
- Threshold: 10
- Num of Octaves: 3
- Pattern Scale: 1

[Feature 3] KAZE Extractor Parameters: 
 ( TH_LOW: 0.5, TH_HIGH: 1 )
- Number of Features : 1000
- Scale Levels       : 4
- Scale Factor       : 1.2
- Threshold          : 0.0005
- nOctaves           : 4
- nOctaveLayers      : 4
- Extended (128‑dim) : 0
- Upright            : 0

[Feature 4] SIFT Extractor Parameters: 
 ( TH_LOW: 300, TH_HIGH: 500 )
- Number of Features  : 1000
- Scale Levels        : 1
- Scale Factor        : 1
- Contrast Threshold  : 0.001
- Edge Threshold      : 5
- nOctaves            : 3
- Sigma               : 1.6

[Feature 5] SuperPoint Extractor Parameters: 
 ( TH_LOW: 0.7, TH_HIGH: 0.9 )
- Number of Features: 1000
- Scale Levels: 4
- Scale Factor: 1.2
- Use CUDA: 1
- Use NMS: 1
- iniTh: 0.08
- minTh: 0.04

-------
Start processing sequence ...
Images in the sequence: 3682

1
New map created with 82 points for 0 Feature Type 
New map created with 506 points for 1 Feature Type 
New map created with 234 points for 2 Feature Type 
New map created with 375 points for 3 Feature Type 
New map created with 513 points for 4 Feature Type 
New map created with 125 points for 5 Feature Type 
Tracking Initlized in 2.47s
The initlized frame ID: 1
System::StopViewer()
System::StopViewer() done
Viewer thread finished.
Viewer started, waiting for thread.
Tracking thread joined...

Saving correlation status...

========== Global Summary ==========
Frames: 55200
avg_CorrEdges: 31.0605
avg_match_A: 165.261
avg_match_B: 214.324
global_RI_MNR: 0.187948
global_RI_GNR: 0.16504
global_RI_DICE: 0.163655

========== Per-Channel Summary ==========
   chA   chB     avgCorr        avgA        avgB   avgRI_MNR   avgRI_GNR  avgRI_DICE
     0     1     17.3353      116.59     173.827    0.139013    0.112117    0.109128
     0     2     52.7182      116.59     171.329    0.419253    0.341747    0.333666
     0     3     29.0611      116.59     254.225    0.236089    0.158412     0.14621
     0     4     18.3383      116.59     178.218    0.142361    0.114252    0.111205
     0     5     13.9796      116.59     244.566    0.111705    0.075903   0.0704062
     1     2     26.5617     173.827     171.329    0.156003    0.142602    0.141604
     1     3     110.209     173.827     254.225     0.61144     0.49982    0.488457
     1     4     38.8587     173.827     178.218    0.228545    0.207182    0.205714
     1     5     4.86739     173.827     244.566   0.0274175   0.0220125   0.0213988
     2     3     40.2516     171.329     254.225    0.222704    0.180519    0.175903
     2     4     31.3535     171.329     178.218    0.183883    0.166843    0.165629
     2     5     11.7541     171.329     244.566   0.0640063   0.0527049   0.0515158
     3     4     57.6201     254.225     178.217    0.321749    0.260637     0.25366
     3     5     6.94973     254.225     244.565   0.0293305   0.0268593   0.0266965
     4     5     6.04946     178.217     244.565   0.0324734    0.026682   0.0260453

Correlation status saved!

-------

median tracking time: 0.148736
mean tracking time: 0.153961

Saving keyframe trajectory to KeyFrameTrajectory.txt ...

trajectory saved!

========== Performance Summary (ms) ==========
name                                mean      median        rmse         min         max       count
Tracking                          27.102      21.768      13.753       5.244      73.291        3680
Total Init                       344.100     344.100       0.000     344.100     344.100           1
Pipeline                         153.958     148.724      27.986      96.403     366.754        3682
SuperPoint Extract               113.148     109.820      24.978      62.063     268.055        3682
KAZE Extract                     109.106     108.787      11.836      81.919     183.305        3682
Correlation                        1.842       1.770       0.698       0.176       3.882        3680
AKAZE Extract                     24.729      23.164       5.773      15.966      45.786        3682
SIFT Extract                      31.490      28.190       8.991      20.892      81.396        3682
BRISK Extract                     80.383      80.466      17.526      22.499     131.591        3682
ORB Extract                        9.275       9.262       1.336       5.210      17.698        3682
