Registering ORBextractor...
Registering AKAZEextractor...
Registering BRISKextractor...
Registering SIFTextractor...
Registering KAZEextractor...
Registering SuperPointExtractor...
Loading images...
Loaded 2273 images.
Creating SLAM system...

ORB-SLAM2 Copyright (C) 2014-2016 Raul Mur-Artal, University of Zaragoza.
This program comes with ABSOLUTELY NO WARRANTY;
This is free software, and you are welcome to redistribute it
under certain conditions. See LICENSE.txt.

Input sensor was set to: Monocular

Loading Vocabulary : /home/howard/Refactored_ORB_SLAM2/Install/var/lib/orbslam2/voc/sift_cv.fbow
This could take a while...
Loading SIFT Vocabulary in FBoW.
SIFT Vocabulary loaded in 0.014979s


Loading Vocabulary : /home/howard/Refactored_ORB_SLAM2/Install/var/lib/orbslam2/voc/superpoint.fbow
This could take a while...
Loading SuperPoint Vocabulary in FBoW.
SuperPoint Vocabulary loaded in 0.007623s


Camera Parameters: 
- fx: 458.654
- fy: 457.296
- cx: 367.215
- cy: 248.375
- k1: -0.283408
- k2: 0.0739591
- p1: 0.00019359
- p2: 1.76187e-05
- fps: 20
- color order: RGB (ignored if grayscale)

[Feature 0] SIFT Extractor Parameters: 
 ( TH_LOW: 300, TH_HIGH: 500 )
- Number of Features  : 1000
- Scale Levels        : 1
- Scale Factor        : 1
- Contrast Threshold  : 0.001
- Edge Threshold      : 5
- nOctaves            : 3
- Sigma               : 1.6

[Feature 1] SuperPoint Extractor Parameters: 
 ( TH_LOW: 0.7, TH_HIGH: 0.9 )
- Number of Features: 1000
- Scale Levels: 4
- Scale Factor: 1.2
- Use CUDA: 1
- Use NMS: 1
- iniTh: 0.08
- minTh: 0.04

-------
Start processing sequence ...
Images in the sequence: 2273

0
New map created with 71 points for 0 Feature Type 
New map created with 59 points for 1 Feature Type 
Tracking Initlized in 71.39s
The initlized frame ID: 96
System::StopViewer()
System::StopViewer() done
Viewer thread finished.
Viewer started, waiting for thread.
Tracking thread joined...

Saving correlation status...

========== Global Summary ==========
Frames: 2176
avg_CorrEdges: 3.18428
avg_match_A: 224.454
avg_match_B: 112.007
global_RI_MNR: 0.0284292
global_RI_GNR: 0.0200828
global_RI_DICE: 0.018928

========== Per-Channel Summary ==========
   chA   chB     avgCorr        avgA        avgB   avgRI_MNR   avgRI_GNR  avgRI_DICE
     0     1     3.18428     224.454     112.007   0.0275157   0.0199547   0.0187913

Correlation status saved!

-------

median tracking time: 0.0905578
mean tracking time: 0.0925501

Saving camera trajectory to Trajectory.txt ...

trajectory saved!

========== Performance Summary (ms) ==========
name                                mean      median        rmse         min         max       count
Tracking                           7.422       7.143       3.271       1.028      18.004        2176
Correlation                        0.167       0.167       0.057       0.035       0.397        2176
Total Init                     13833.918   13833.918       0.000   13833.918   13833.918           1
Pipeline                          92.547      90.555      17.603      63.160     256.344        2273
SuperPoint Extract                80.293      80.828      12.020      56.169     253.054        2273
SIFT Extract                      32.481      32.821       3.784      21.934      63.019        2273
