Registering ORBextractor...
Registering AKAZEextractor...
Registering BRISKextractor...
Registering SIFTextractor...
Registering KAZEextractor...
Registering SuperPointExtractor...

ORB-SLAM2 Copyright (C) 2014-2016 Raul Mur-Artal, University of Zaragoza.
This program comes with ABSOLUTELY NO WARRANTY;
This is free software, and you are welcome to redistribute it
under certain conditions. See LICENSE.txt.

Input sensor was set to: Monocular

Loading Vocabulary : /home/howard/PM-SLAM/Install/var/lib/orbslam2/voc/brisk_cv.fbow
This could take a while...
Loading BRISK Vocabulary in FBoW.
BRISK Vocabulary loaded in 0.002825s


Camera Parameters: 
- fx: 718.856
- fy: 718.856
- cx: 607.193
- cy: 185.216
- k1: 0
- k2: 0
- p1: 0
- p2: 0
- fps: 10
- color order: RGB (ignored if grayscale)

[Feature 0] BRISK Extractor Parameters: 
 ( TH_LOW: 150, TH_HIGH: 250 )
- Number of Features: 2000
- Scale Levels: 6
- Scale Factor: 1.414
- Threshold: 50
- Num of Octaves: 3
- Pattern Scale: 1

-------
Start processing sequence ...
Images in the sequence: 1101

0
New map created with 88 points for 0 Feature Type 
Wrong initialization, reseting...
System Reseting
Reseting Local Mapper... done
Reseting Loop Closing... done
Reseting Database... done
0
New map created with 259 points for 0 Feature Type 
Tracking Initlized in 0.45s
The initlized frame ID: 5
The lost frame ID: 242
The lost frame ID: 245
The lost frame ID: 246
The lost frame ID: 248
The lost frame ID: 249
The lost frame ID: 251
The lost frame ID: 255
The lost frame ID: 257
The lost frame ID: 258
The lost frame ID: 261
The lost frame ID: 263
The lost frame ID: 267
The lost frame ID: 271
The lost frame ID: 274
The lost frame ID: 276
The lost frame ID: 279
The lost frame ID: 281
The lost frame ID: 330
The lost frame ID: 339
The lost frame ID: 341
The lost frame ID: 349
The lost frame ID: 353
The lost frame ID: 358
The lost frame ID: 736
The lost frame ID: 744
The lost frame ID: 750
The lost frame ID: 752
The lost frame ID: 753
The lost frame ID: 755
The lost frame ID: 782
The lost frame ID: 788
The lost frame ID: 792
The lost frame ID: 795
The lost frame ID: 833
The lost frame ID: 834
The lost frame ID: 838
The lost frame ID: 847
The lost frame ID: 852
The lost frame ID: 854
The lost frame ID: 857
The lost frame ID: 860
The lost frame ID: 862
The lost frame ID: 875
The lost frame ID: 877
The lost frame ID: 878
The lost frame ID: 879
The lost frame ID: 880
The lost frame ID: 884
The lost frame ID: 888
The lost frame ID: 889
The lost frame ID: 895
The lost frame ID: 897
The lost frame ID: 898
The lost frame ID: 903
The lost frame ID: 904
The lost frame ID: 905
The lost frame ID: 910
The lost frame ID: 913
The lost frame ID: 928
The lost frame ID: 937
The lost frame ID: 940
The lost frame ID: 942
The lost frame ID: 943
The lost frame ID: 944
The lost frame ID: 945
The lost frame ID: 946
The lost frame ID: 947
The lost frame ID: 948
The lost frame ID: 950
The lost frame ID: 951
The lost frame ID: 952
The lost frame ID: 953
The lost frame ID: 954
The lost frame ID: 955
The lost frame ID: 956
The lost frame ID: 957
The lost frame ID: 958
The lost frame ID: 959
The lost frame ID: 960
The lost frame ID: 961
The lost frame ID: 962
The lost frame ID: 963
The lost frame ID: 964
The lost frame ID: 965
The lost frame ID: 966
The lost frame ID: 967
The lost frame ID: 968
The lost frame ID: 969
The lost frame ID: 970
The lost frame ID: 971
The lost frame ID: 972
The lost frame ID: 977
The lost frame ID: 980
The lost frame ID: 982
The lost frame ID: 983
The lost frame ID: 984
The lost frame ID: 990
The lost frame ID: 993
The lost frame ID: 995
The lost frame ID: 996
The lost frame ID: 997
The lost frame ID: 998
The lost frame ID: 999
The lost frame ID: 1001
The lost frame ID: 1003
The lost frame ID: 1004
The lost frame ID: 1005
The lost frame ID: 1006
The lost frame ID: 1007
The lost frame ID: 1009
The lost frame ID: 1010
The lost frame ID: 1011
The lost frame ID: 1014
The lost frame ID: 1016
The lost frame ID: 1018
The lost frame ID: 1019
The lost frame ID: 1023
The lost frame ID: 1029
The lost frame ID: 1030
The lost frame ID: 1031
The lost frame ID: 1033
The lost frame ID: 1034
The lost frame ID: 1035
The lost frame ID: 1036
The lost frame ID: 1037
The lost frame ID: 1038
The lost frame ID: 1039
The lost frame ID: 1041
The lost frame ID: 1042
The lost frame ID: 1043
The lost frame ID: 1044
The lost frame ID: 1045
The lost frame ID: 1046
The lost frame ID: 1048
The lost frame ID: 1049
The lost frame ID: 1051
The lost frame ID: 1052
The lost frame ID: 1054
The lost frame ID: 1056
The lost frame ID: 1057
The lost frame ID: 1059
The lost frame ID: 1060
The lost frame ID: 1061
The lost frame ID: 1062
The lost frame ID: 1063
The lost frame ID: 1065
The lost frame ID: 1066
The lost frame ID: 1069
The lost frame ID: 1071
The lost frame ID: 1072
The lost frame ID: 1074
The lost frame ID: 1076
The lost frame ID: 1078
The lost frame ID: 1079
The lost frame ID: 1080
The lost frame ID: 1081
The lost frame ID: 1084
The lost frame ID: 1085
The lost frame ID: 1086
The lost frame ID: 1088
The lost frame ID: 1089
The lost frame ID: 1090
System::StopViewer()
System::StopViewer() done
Viewer thread finished.
Viewer started, waiting for thread.
System::StopViewer()
System::StopViewer() done
Tracking thread joined...

Saving correlation status...

Correlation status saved!

-------

median tracking time: 0.0215664
mean tracking time: 0.0226216

Saving camera trajectory to result01.txt ...

trajectory saved!

========== Performance Summary (ms) ==========
name                                mean      median        rmse         min         max       count
Tracking                           4.900       4.219       2.751       1.146      27.893        1085
Correlation                        0.000       0.000       0.000       0.000       0.001         923
Total Init                      1730.654    1730.654       0.000    1730.654    1730.654           2
Pipeline                          22.617      21.562       9.098       7.812      77.884        1101
BRISK Extract                     15.758      14.592       6.598       4.562      53.730        1101
