Registering ORBextractor...
Registering AKAZEextractor...
Registering BRISKextractor...
Registering SIFTextractor...
Registering KAZEextractor...
Registering SuperPointExtractor...

ORB-SLAM2 Copyright (C) 2014-2016 Raul Mur-Artal, University of Zaragoza.
This program comes with ABSOLUTELY NO WARRANTY;
This is free software, and you are welcome to redistribute it
under certain conditions. See LICENSE.txt.

Input sensor was set to: Monocular

Loading Vocabulary : /home/howard/PM-SLAM/Install/var/lib/orbslam2/voc/brisk_cv.fbow
This could take a while...
Loading BRISK Vocabulary in FBoW.
BRISK Vocabulary loaded in 0.002050s


Camera Parameters: 
- fx: 718.856
- fy: 718.856
- cx: 607.193
- cy: 185.216
- k1: 0
- k2: 0
- p1: 0
- p2: 0
- fps: 10
- color order: RGB (ignored if grayscale)

[Feature 0] BRISK Extractor Parameters: 
 ( TH_LOW: 150, TH_HIGH: 250 )
- Number of Features: 2000
- Scale Levels: 6
- Scale Factor: 1.414
- Threshold: 50
- Num of Octaves: 3
- Pattern Scale: 1

-------
Start processing sequence ...
Images in the sequence: 1101

0
New map created with 88 points for 0 Feature Type 
Wrong initialization, reseting...
System Reseting
Reseting Local Mapper... done
Reseting Loop Closing... done
Reseting Database... done
0
New map created with 259 points for 0 Feature Type 
Tracking Initlized in 0.39s
The initlized frame ID: 5
The lost frame ID: 633
The lost frame ID: 635
The lost frame ID: 636
The lost frame ID: 637
The lost frame ID: 640
The lost frame ID: 644
The lost frame ID: 646
The lost frame ID: 648
The lost frame ID: 653
The lost frame ID: 656
The lost frame ID: 658
The lost frame ID: 659
The lost frame ID: 661
The lost frame ID: 663
The lost frame ID: 665
The lost frame ID: 671
The lost frame ID: 674
The lost frame ID: 675
The lost frame ID: 676
The lost frame ID: 677
The lost frame ID: 678
The lost frame ID: 679
The lost frame ID: 680
The lost frame ID: 682
The lost frame ID: 683
The lost frame ID: 684
The lost frame ID: 686
The lost frame ID: 687
The lost frame ID: 689
The lost frame ID: 691
The lost frame ID: 692
The lost frame ID: 693
The lost frame ID: 695
The lost frame ID: 697
The lost frame ID: 699
The lost frame ID: 701
The lost frame ID: 706
The lost frame ID: 707
The lost frame ID: 708
The lost frame ID: 709
The lost frame ID: 710
The lost frame ID: 711
The lost frame ID: 712
The lost frame ID: 719
The lost frame ID: 721
The lost frame ID: 726
The lost frame ID: 727
The lost frame ID: 728
The lost frame ID: 729
The lost frame ID: 730
The lost frame ID: 731
The lost frame ID: 732
The lost frame ID: 734
The lost frame ID: 735
The lost frame ID: 736
The lost frame ID: 737
The lost frame ID: 738
The lost frame ID: 739
The lost frame ID: 740
The lost frame ID: 741
The lost frame ID: 742
The lost frame ID: 743
The lost frame ID: 744
The lost frame ID: 745
The lost frame ID: 746
The lost frame ID: 747
The lost frame ID: 748
The lost frame ID: 751
The lost frame ID: 761
The lost frame ID: 762
The lost frame ID: 764
The lost frame ID: 767
The lost frame ID: 769
The lost frame ID: 770
The lost frame ID: 771
The lost frame ID: 772
The lost frame ID: 774
The lost frame ID: 775
The lost frame ID: 777
The lost frame ID: 778
The lost frame ID: 780
The lost frame ID: 782
The lost frame ID: 783
The lost frame ID: 785
The lost frame ID: 787
The lost frame ID: 788
The lost frame ID: 790
The lost frame ID: 792
The lost frame ID: 793
The lost frame ID: 795
The lost frame ID: 797
The lost frame ID: 798
The lost frame ID: 799
The lost frame ID: 800
The lost frame ID: 801
The lost frame ID: 802
The lost frame ID: 803
The lost frame ID: 804
The lost frame ID: 811
The lost frame ID: 812
The lost frame ID: 816
The lost frame ID: 818
The lost frame ID: 820
The lost frame ID: 830
The lost frame ID: 834
The lost frame ID: 835
The lost frame ID: 836
The lost frame ID: 837
The lost frame ID: 838
The lost frame ID: 839
The lost frame ID: 841
The lost frame ID: 842
The lost frame ID: 845
The lost frame ID: 851
The lost frame ID: 853
The lost frame ID: 871
The lost frame ID: 875
The lost frame ID: 877
The lost frame ID: 879
The lost frame ID: 883
The lost frame ID: 893
The lost frame ID: 894
The lost frame ID: 896
The lost frame ID: 898
The lost frame ID: 899
The lost frame ID: 901
The lost frame ID: 902
The lost frame ID: 910
The lost frame ID: 911
The lost frame ID: 915
The lost frame ID: 936
The lost frame ID: 942
The lost frame ID: 943
The lost frame ID: 944
The lost frame ID: 946
The lost frame ID: 947
The lost frame ID: 948
The lost frame ID: 950
The lost frame ID: 951
The lost frame ID: 953
The lost frame ID: 955
The lost frame ID: 956
The lost frame ID: 957
The lost frame ID: 958
The lost frame ID: 959
The lost frame ID: 960
The lost frame ID: 961
The lost frame ID: 962
The lost frame ID: 963
The lost frame ID: 964
The lost frame ID: 965
The lost frame ID: 966
The lost frame ID: 968
The lost frame ID: 1002
The lost frame ID: 1018
The lost frame ID: 1021
The lost frame ID: 1023
The lost frame ID: 1024
The lost frame ID: 1030
The lost frame ID: 1031
The lost frame ID: 1032
The lost frame ID: 1033
The lost frame ID: 1034
The lost frame ID: 1035
The lost frame ID: 1036
The lost frame ID: 1037
The lost frame ID: 1038
The lost frame ID: 1039
The lost frame ID: 1041
The lost frame ID: 1043
The lost frame ID: 1045
The lost frame ID: 1049
The lost frame ID: 1057
The lost frame ID: 1059
The lost frame ID: 1065
The lost frame ID: 1069
The lost frame ID: 1074
The lost frame ID: 1078
The lost frame ID: 1080
The lost frame ID: 1082
The lost frame ID: 1087
System::StopViewer()
System::StopViewer() done
Viewer thread finished.
Viewer started, waiting for thread.
System::StopViewer()
System::StopViewer() done
Tracking thread joined...

Saving correlation status...

Correlation status saved!

-------

median tracking time: 0.0209347
mean tracking time: 0.0221391

Saving camera trajectory to result15.txt ...

trajectory saved!

========== Performance Summary (ms) ==========
name                                mean      median        rmse         min         max       count
Tracking                           4.698       3.972       2.762       1.092      24.174        1085
Correlation                        0.000       0.000       0.000       0.000       0.002         904
Total Init                      1709.227    1709.227       0.000    1709.227    1709.227           2
Pipeline                          22.135      20.930       8.836       7.786      93.266        1101
BRISK Extract                     15.481      14.544       6.601       3.981      54.839        1101
