Registering ORBextractor...
Registering AKAZEextractor...
Registering BRISKextractor...
Registering SIFTextractor...
Registering KAZEextractor...
Registering SuperPointExtractor...

ORB-SLAM2 Copyright (C) 2014-2016 Raul Mur-Artal, University of Zaragoza.
This program comes with ABSOLUTELY NO WARRANTY;
This is free software, and you are welcome to redistribute it
under certain conditions. See LICENSE.txt.

Input sensor was set to: Monocular

Loading Vocabulary : /home/howard/Refactored_ORB_SLAM2/Install/var/lib/orbslam2/voc/akaze_cv.fbow
This could take a while...
Loading AKAZE Vocabulary in FBoW.
AKAZE Vocabulary loaded in 0.002575s


Loading Vocabulary : /home/howard/Refactored_ORB_SLAM2/Install/var/lib/orbslam2/voc/brisk_cv.fbow
This could take a while...
Loading BRISK Vocabulary in FBoW.
BRISK Vocabulary loaded in 0.002451s


Camera Parameters: 
- fx: 718.856
- fy: 718.856
- cx: 607.193
- cy: 185.216
- k1: 0
- k2: 0
- p1: 0
- p2: 0
- fps: 10
- color order: RGB (ignored if grayscale)

[Feature 0] AKAZE Extractor Parameters: 
 ( TH_LOW: 100, TH_HIGH: 200 )
- Number of Features: 2000
- Scale Levels: 4
- Scale Factor: 1.2
- Threshold: 0.0001
- Num of Octaves: 4
- Num of Octave Layers: 4

[Feature 1] BRISK Extractor Parameters: 
 ( TH_LOW: 150, TH_HIGH: 250 )
- Number of Features: 2000
- Scale Levels: 6
- Scale Factor: 1.414
- Threshold: 50
- Num of Octaves: 3
- Pattern Scale: 1

-------
Start processing sequence ...
Images in the sequence: 4541

0
New map created with 1483 points for 0 Feature Type 
New map created with 443 points for 1 Feature Type 
Tracking Initlized in 0.78s
The initlized frame ID: 1
The lost frame ID: 1406
The lost frame ID: 1407
The lost frame ID: 1408
The lost frame ID: 1409
The lost frame ID: 1410
The lost frame ID: 1411
The lost frame ID: 1412
The lost frame ID: 1413
The lost frame ID: 1414
The lost frame ID: 1415
The lost frame ID: 1416
The lost frame ID: 1417
The lost frame ID: 1418
The lost frame ID: 1419
The lost frame ID: 1420
The lost frame ID: 1421
The lost frame ID: 1422
The lost frame ID: 1423
The lost frame ID: 1424
The lost frame ID: 1425
The lost frame ID: 1426
The lost frame ID: 1427
The lost frame ID: 1428
The lost frame ID: 1429
The lost frame ID: 1430
The lost frame ID: 1431
The lost frame ID: 1432
The lost frame ID: 1433
The lost frame ID: 1434
The lost frame ID: 1435
The lost frame ID: 1436
The lost frame ID: 1437
The lost frame ID: 1438
The lost frame ID: 1439
The lost frame ID: 1440
The lost frame ID: 1441
The lost frame ID: 1442
The lost frame ID: 1443
The lost frame ID: 1444
The lost frame ID: 1445
The lost frame ID: 1446
The lost frame ID: 1447
The lost frame ID: 1448
The lost frame ID: 1449
The lost frame ID: 1450
The lost frame ID: 1451
The lost frame ID: 1452
The lost frame ID: 1453
The lost frame ID: 1454
The lost frame ID: 1455
The lost frame ID: 1456
The lost frame ID: 1457
The lost frame ID: 1458
The lost frame ID: 1459
The lost frame ID: 1460
The lost frame ID: 1461
The lost frame ID: 1462
The lost frame ID: 1463
The lost frame ID: 1464
The lost frame ID: 1465
The lost frame ID: 1466
The lost frame ID: 1467
The lost frame ID: 1468
The lost frame ID: 1469
The lost frame ID: 1470
The lost frame ID: 1471
The lost frame ID: 1472
The lost frame ID: 1473
The lost frame ID: 1474
The lost frame ID: 1475
The lost frame ID: 1476
The lost frame ID: 1477
The lost frame ID: 1478
The lost frame ID: 1479
The lost frame ID: 1480
The lost frame ID: 1481
The lost frame ID: 1482
The lost frame ID: 1483
The lost frame ID: 1484
The lost frame ID: 1485
The lost frame ID: 1486
The lost frame ID: 1487
The lost frame ID: 1488
The lost frame ID: 1489
The lost frame ID: 1490
The lost frame ID: 1491
The lost frame ID: 1492
The lost frame ID: 1493
The lost frame ID: 1494
The lost frame ID: 1495
The lost frame ID: 1496
The lost frame ID: 1497
The lost frame ID: 1498
The lost frame ID: 1499
The lost frame ID: 1500
The lost frame ID: 1501
The lost frame ID: 1502
The lost frame ID: 1503
The lost frame ID: 1504
The lost frame ID: 1505
The lost frame ID: 1506
The lost frame ID: 1507
The lost frame ID: 1508
The lost frame ID: 1509
The lost frame ID: 1510
The lost frame ID: 1511
The lost frame ID: 1512
The lost frame ID: 1513
The lost frame ID: 1514
The lost frame ID: 1515
The lost frame ID: 1516
The lost frame ID: 1517
The lost frame ID: 1518
The lost frame ID: 1519
The lost frame ID: 1520
The lost frame ID: 1521
The lost frame ID: 1522
The lost frame ID: 1523
The lost frame ID: 1524
The lost frame ID: 1525
The lost frame ID: 1526
The lost frame ID: 1527
The lost frame ID: 1528
The lost frame ID: 1529
The lost frame ID: 1530
The lost frame ID: 1531
The lost frame ID: 1532
The lost frame ID: 1533
The lost frame ID: 1534
The lost frame ID: 1535
The lost frame ID: 1536
The lost frame ID: 1537
The lost frame ID: 1538
The lost frame ID: 1539
The lost frame ID: 1540
The lost frame ID: 1541
The lost frame ID: 1542
The lost frame ID: 1543
The lost frame ID: 1544
The lost frame ID: 1545
The lost frame ID: 1546
The lost frame ID: 1547
The lost frame ID: 1548
The lost frame ID: 1549
The lost frame ID: 1550
The lost frame ID: 1551
The lost frame ID: 1552
The lost frame ID: 1553
The lost frame ID: 1554
The lost frame ID: 1555
The lost frame ID: 1556
The lost frame ID: 1557
The lost frame ID: 1558
The lost frame ID: 1559
The lost frame ID: 1560
The lost frame ID: 1561
The lost frame ID: 1562
The lost frame ID: 1563
The lost frame ID: 1564
[LoopClosing] Sim3 choosed on channel 0
Loop detected!
Local Mapping STOP
Local Mapping RELEASE
Starting Global Bundle Adjustment
Global Bundle Adjustment finished
Updating map ...
Local Mapping STOP
Local Mapping RELEASE
Map updated!
[LoopClosing] Sim3 choosed on channel 0
Loop detected!
Local Mapping STOP
Local Mapping RELEASE
Starting Global Bundle Adjustment
Global Bundle Adjustment finished
Updating map ...
Local Mapping STOP
Local Mapping RELEASE
Map updated!
The lost frame ID: 4052
The lost frame ID: 4054
The lost frame ID: 4056
The lost frame ID: 4057
The lost frame ID: 4059
The lost frame ID: 4060
The lost frame ID: 4061
The lost frame ID: 4062
The lost frame ID: 4063
The lost frame ID: 4064
The lost frame ID: 4066
The lost frame ID: 4067
The lost frame ID: 4068
The lost frame ID: 4069
The lost frame ID: 4070
The lost frame ID: 4071
The lost frame ID: 4072
The lost frame ID: 4073
The lost frame ID: 4074
The lost frame ID: 4075
The lost frame ID: 4076
The lost frame ID: 4077
The lost frame ID: 4078
The lost frame ID: 4079
The lost frame ID: 4080
The lost frame ID: 4081
The lost frame ID: 4082
The lost frame ID: 4083
The lost frame ID: 4084
The lost frame ID: 4085
The lost frame ID: 4086
The lost frame ID: 4087
The lost frame ID: 4088
The lost frame ID: 4090
The lost frame ID: 4091
The lost frame ID: 4092
The lost frame ID: 4093
The lost frame ID: 4094
The lost frame ID: 4096
The lost frame ID: 4098
The lost frame ID: 4099
The lost frame ID: 4100
The lost frame ID: 4103
The lost frame ID: 4105
The lost frame ID: 4107
The lost frame ID: 4108
The lost frame ID: 4109
The lost frame ID: 4110
The lost frame ID: 4112
The lost frame ID: 4113
The lost frame ID: 4114
The lost frame ID: 4115
The lost frame ID: 4116
The lost frame ID: 4117
The lost frame ID: 4118
The lost frame ID: 4119
The lost frame ID: 4120
The lost frame ID: 4121
The lost frame ID: 4122
The lost frame ID: 4123
The lost frame ID: 4124
The lost frame ID: 4125
The lost frame ID: 4126
The lost frame ID: 4128
The lost frame ID: 4130
The lost frame ID: 4132
The lost frame ID: 4134
The lost frame ID: 4135
The lost frame ID: 4136
The lost frame ID: 4138
The lost frame ID: 4139
The lost frame ID: 4141
The lost frame ID: 4142
The lost frame ID: 4143
The lost frame ID: 4145
The lost frame ID: 4147
The lost frame ID: 4148
The lost frame ID: 4150
The lost frame ID: 4151
The lost frame ID: 4152
The lost frame ID: 4153
The lost frame ID: 4154
The lost frame ID: 4155
The lost frame ID: 4156
The lost frame ID: 4157
The lost frame ID: 4158
The lost frame ID: 4159
The lost frame ID: 4160
The lost frame ID: 4161
The lost frame ID: 4162
The lost frame ID: 4163
The lost frame ID: 4164
The lost frame ID: 4165
The lost frame ID: 4166
The lost frame ID: 4167
The lost frame ID: 4168
The lost frame ID: 4169
The lost frame ID: 4171
The lost frame ID: 4172
The lost frame ID: 4174
The lost frame ID: 4176
The lost frame ID: 4177
The lost frame ID: 4178
The lost frame ID: 4179
The lost frame ID: 4180
The lost frame ID: 4181
The lost frame ID: 4182
The lost frame ID: 4183
The lost frame ID: 4184
The lost frame ID: 4185
The lost frame ID: 4187
The lost frame ID: 4189
The lost frame ID: 4190
The lost frame ID: 4191
The lost frame ID: 4192
The lost frame ID: 4195
The lost frame ID: 4196
The lost frame ID: 4197
The lost frame ID: 4198
The lost frame ID: 4199
The lost frame ID: 4200
The lost frame ID: 4201
The lost frame ID: 4202
The lost frame ID: 4203
The lost frame ID: 4204
The lost frame ID: 4205
The lost frame ID: 4206
The lost frame ID: 4207
The lost frame ID: 4208
The lost frame ID: 4209
The lost frame ID: 4210
The lost frame ID: 4211
The lost frame ID: 4212
The lost frame ID: 4213
The lost frame ID: 4214
The lost frame ID: 4215
The lost frame ID: 4216
The lost frame ID: 4217
The lost frame ID: 4218
The lost frame ID: 4219
The lost frame ID: 4220
The lost frame ID: 4221
The lost frame ID: 4222
The lost frame ID: 4223
The lost frame ID: 4224
The lost frame ID: 4225
The lost frame ID: 4226
The lost frame ID: 4227
The lost frame ID: 4228
The lost frame ID: 4229
The lost frame ID: 4230
The lost frame ID: 4231
The lost frame ID: 4232
The lost frame ID: 4233
The lost frame ID: 4234
The lost frame ID: 4235
The lost frame ID: 4236
The lost frame ID: 4237
The lost frame ID: 4238
The lost frame ID: 4239
The lost frame ID: 4240
The lost frame ID: 4241
The lost frame ID: 4242
The lost frame ID: 4243
The lost frame ID: 4244
The lost frame ID: 4245
The lost frame ID: 4246
The lost frame ID: 4247
The lost frame ID: 4248
The lost frame ID: 4249
The lost frame ID: 4250
The lost frame ID: 4251
The lost frame ID: 4252
The lost frame ID: 4253
The lost frame ID: 4254
The lost frame ID: 4255
The lost frame ID: 4256
The lost frame ID: 4257
The lost frame ID: 4258
The lost frame ID: 4259
The lost frame ID: 4260
The lost frame ID: 4261
The lost frame ID: 4262
The lost frame ID: 4263
The lost frame ID: 4264
The lost frame ID: 4265
The lost frame ID: 4266
The lost frame ID: 4267
The lost frame ID: 4268
The lost frame ID: 4269
The lost frame ID: 4270
The lost frame ID: 4271
The lost frame ID: 4272
The lost frame ID: 4273
The lost frame ID: 4274
The lost frame ID: 4275
The lost frame ID: 4276
The lost frame ID: 4277
The lost frame ID: 4278
The lost frame ID: 4279
The lost frame ID: 4280
The lost frame ID: 4281
The lost frame ID: 4282
The lost frame ID: 4283
The lost frame ID: 4284
The lost frame ID: 4285
The lost frame ID: 4286
The lost frame ID: 4287
The lost frame ID: 4288
The lost frame ID: 4289
The lost frame ID: 4290
The lost frame ID: 4292
The lost frame ID: 4293
The lost frame ID: 4294
The lost frame ID: 4295
The lost frame ID: 4296
The lost frame ID: 4298
The lost frame ID: 4299
The lost frame ID: 4300
The lost frame ID: 4301
The lost frame ID: 4302
The lost frame ID: 4304
The lost frame ID: 4305
The lost frame ID: 4306
The lost frame ID: 4307
The lost frame ID: 4308
The lost frame ID: 4309
The lost frame ID: 4310
The lost frame ID: 4311
The lost frame ID: 4312
The lost frame ID: 4313
The lost frame ID: 4314
The lost frame ID: 4315
The lost frame ID: 4316
The lost frame ID: 4317
The lost frame ID: 4318
The lost frame ID: 4319
The lost frame ID: 4320
The lost frame ID: 4321
The lost frame ID: 4322
The lost frame ID: 4323
The lost frame ID: 4324
The lost frame ID: 4325
The lost frame ID: 4326
The lost frame ID: 4327
The lost frame ID: 4328
The lost frame ID: 4329
The lost frame ID: 4331
The lost frame ID: 4332
The lost frame ID: 4333
The lost frame ID: 4334
The lost frame ID: 4335
The lost frame ID: 4336
The lost frame ID: 4337
The lost frame ID: 4338
The lost frame ID: 4339
The lost frame ID: 4340
The lost frame ID: 4341
The lost frame ID: 4342
The lost frame ID: 4343
The lost frame ID: 4344
The lost frame ID: 4345
The lost frame ID: 4346
The lost frame ID: 4347
The lost frame ID: 4349
The lost frame ID: 4350
The lost frame ID: 4351
The lost frame ID: 4352
The lost frame ID: 4353
The lost frame ID: 4354
The lost frame ID: 4356
The lost frame ID: 4357
The lost frame ID: 4358
The lost frame ID: 4359
The lost frame ID: 4360
The lost frame ID: 4361
The lost frame ID: 4362
The lost frame ID: 4363
The lost frame ID: 4364
The lost frame ID: 4365
The lost frame ID: 4366
The lost frame ID: 4367
The lost frame ID: 4368
The lost frame ID: 4369
The lost frame ID: 4370
The lost frame ID: 4371
The lost frame ID: 4372
The lost frame ID: 4373
The lost frame ID: 4374
The lost frame ID: 4375
The lost frame ID: 4376
The lost frame ID: 4377
The lost frame ID: 4378
The lost frame ID: 4379
The lost frame ID: 4380
The lost frame ID: 4381
The lost frame ID: 4382
The lost frame ID: 4383
The lost frame ID: 4384
The lost frame ID: 4385
The lost frame ID: 4386
The lost frame ID: 4387
The lost frame ID: 4388
The lost frame ID: 4389
The lost frame ID: 4390
The lost frame ID: 4391
The lost frame ID: 4392
The lost frame ID: 4393
The lost frame ID: 4394
The lost frame ID: 4395
The lost frame ID: 4396
The lost frame ID: 4397
The lost frame ID: 4398
The lost frame ID: 4399
The lost frame ID: 4400
The lost frame ID: 4401
The lost frame ID: 4402
The lost frame ID: 4403
The lost frame ID: 4404
The lost frame ID: 4405
The lost frame ID: 4406
The lost frame ID: 4407
The lost frame ID: 4408
The lost frame ID: 4409
The lost frame ID: 4410
The lost frame ID: 4411
The lost frame ID: 4412
The lost frame ID: 4413
The lost frame ID: 4414
The lost frame ID: 4415
The lost frame ID: 4416
The lost frame ID: 4417
The lost frame ID: 4418
The lost frame ID: 4419
The lost frame ID: 4420
The lost frame ID: 4421
The lost frame ID: 4422
The lost frame ID: 4423
The lost frame ID: 4424
The lost frame ID: 4425
The lost frame ID: 4426
The lost frame ID: 4427
The lost frame ID: 4428
The lost frame ID: 4429
The lost frame ID: 4430
The lost frame ID: 4431
The lost frame ID: 4432
The lost frame ID: 4433
The lost frame ID: 4434
The lost frame ID: 4435
The lost frame ID: 4436
The lost frame ID: 4437
The lost frame ID: 4438
The lost frame ID: 4439
The lost frame ID: 4440
The lost frame ID: 4441
The lost frame ID: 4442
The lost frame ID: 4443
The lost frame ID: 4444
The lost frame ID: 4445
The lost frame ID: 4446
The lost frame ID: 4447
System::StopViewer()
System::StopViewer() done
Viewer thread finished.
Viewer started, waiting for thread.
System::StopViewer()
System::StopViewer() done
Tracking thread joined...

Saving correlation status...

========== Global Summary ==========
Frames: 4017
avg_CorrEdges: 3.3525
avg_match_A: 122.817
avg_match_B: 130.456
global_RI_MNR: 0.0272967
global_RI_GNR: 0.0264855
global_RI_DICE: 0.0264734

========== Per-Channel Summary ==========
   chA   chB     avgCorr        avgA        avgB   avgRI_MNR   avgRI_GNR  avgRI_DICE
     0     1      3.3525     122.817     130.456   0.0225118   0.0190451   0.0186855

Correlation status saved!

-------

median tracking time: 0.0333355
mean tracking time: 0.0421953

Saving camera trajectory to result12.txt ...

trajectory saved!

========== Performance Summary (ms) ==========
name                                mean      median        rmse         min         max       count
Tracking                          14.314       5.527      24.725       1.279     196.665        4539
Total Init                       349.408     349.408       0.000     349.408     349.408           1
Pipeline                          42.190      33.331      27.437      23.550     576.324        4541
Correlation                        0.122       0.105       0.071       0.004       0.577        4018
AKAZE Extract                     24.872      24.908       2.389      19.564      39.384        4541
BRISK Extract                     20.056      19.358       7.301       4.334      63.413        4541
