Registering ORBextractor...
Registering AKAZEextractor...
Registering BRISKextractor...
Registering SIFTextractor...
Registering KAZEextractor...
Registering SuperPointExtractor...

ORB-SLAM2 Copyright (C) 2014-2016 Raul Mur-Artal, University of Zaragoza.
This program comes with ABSOLUTELY NO WARRANTY;
This is free software, and you are welcome to redistribute it
under certain conditions. See LICENSE.txt.

Input sensor was set to: Monocular

Loading Vocabulary : /home/howard/Refactored_ORB_SLAM2/Install/var/lib/orbslam2/voc/akaze_cv.fbow
This could take a while...
Loading AKAZE Vocabulary in FBoW.
AKAZE Vocabulary loaded in 0.002628s


Loading Vocabulary : /home/howard/Refactored_ORB_SLAM2/Install/var/lib/orbslam2/voc/brisk_cv.fbow
This could take a while...
Loading BRISK Vocabulary in FBoW.
BRISK Vocabulary loaded in 0.002644s


Camera Parameters: 
- fx: 718.856
- fy: 718.856
- cx: 607.193
- cy: 185.216
- k1: 0
- k2: 0
- p1: 0
- p2: 0
- fps: 10
- color order: RGB (ignored if grayscale)

[Feature 0] AKAZE Extractor Parameters: 
 ( TH_LOW: 100, TH_HIGH: 200 )
- Number of Features: 2000
- Scale Levels: 4
- Scale Factor: 1.2
- Threshold: 0.0001
- Num of Octaves: 4
- Num of Octave Layers: 4

[Feature 1] BRISK Extractor Parameters: 
 ( TH_LOW: 150, TH_HIGH: 250 )
- Number of Features: 2000
- Scale Levels: 6
- Scale Factor: 1.414
- Threshold: 50
- Num of Octaves: 3
- Pattern Scale: 1

-------
Start processing sequence ...
Images in the sequence: 4541

0
New map created with 1483 points for 0 Feature Type 
New map created with 443 points for 1 Feature Type 
Tracking Initlized in 0.78s
The initlized frame ID: 1
[LoopClosing] Sim3 choosed on channel 0
Loop detected!
Local Mapping STOP
Local Mapping RELEASE
Starting Global Bundle Adjustment
Global Bundle Adjustment finished
Updating map ...
Local Mapping STOP
Local Mapping RELEASE
Map updated!
[LoopClosing] Sim3 choosed on channel 0
Loop detected!
Local Mapping STOP
Local Mapping RELEASE
Starting Global Bundle Adjustment
Global Bundle Adjustment finished
Updating map ...
Local Mapping STOP
Local Mapping RELEASE
Map updated!
[LoopClosing] Sim3 choosed on channel 0
Loop detected!
Local Mapping STOP
Local Mapping RELEASE
Starting Global Bundle Adjustment
The lost frame ID: 3894
The lost frame ID: 3895
The lost frame ID: 3896
The lost frame ID: 3897
The lost frame ID: 3898
The lost frame ID: 3899
The lost frame ID: 3900
The lost frame ID: 3901
The lost frame ID: 3902
The lost frame ID: 3903
Global Bundle Adjustment finished
Updating map ...
Local Mapping STOP
The lost frame ID: 3904
Local Mapping RELEASE
Map updated!
The lost frame ID: 3905
The lost frame ID: 3906
The lost frame ID: 3907
The lost frame ID: 3908
The lost frame ID: 3909
The lost frame ID: 3910
The lost frame ID: 3911
The lost frame ID: 3912
The lost frame ID: 3913
The lost frame ID: 3914
The lost frame ID: 3915
The lost frame ID: 3916
The lost frame ID: 3917
The lost frame ID: 3918
The lost frame ID: 3919
The lost frame ID: 3920
The lost frame ID: 3921
The lost frame ID: 3922
The lost frame ID: 3923
The lost frame ID: 3924
The lost frame ID: 3925
The lost frame ID: 3926
The lost frame ID: 3927
The lost frame ID: 3928
The lost frame ID: 3929
The lost frame ID: 3930
The lost frame ID: 3931
The lost frame ID: 3932
The lost frame ID: 3933
The lost frame ID: 3934
The lost frame ID: 3935
The lost frame ID: 3936
The lost frame ID: 3937
The lost frame ID: 3938
The lost frame ID: 3939
The lost frame ID: 3940
The lost frame ID: 3941
The lost frame ID: 3942
The lost frame ID: 3943
The lost frame ID: 3944
The lost frame ID: 3945
The lost frame ID: 3946
The lost frame ID: 3947
The lost frame ID: 3948
The lost frame ID: 3949
The lost frame ID: 3950
The lost frame ID: 3951
The lost frame ID: 3952
The lost frame ID: 3953
The lost frame ID: 3954
The lost frame ID: 3955
The lost frame ID: 3956
The lost frame ID: 3957
The lost frame ID: 3958
The lost frame ID: 3959
The lost frame ID: 3960
The lost frame ID: 3961
The lost frame ID: 3962
The lost frame ID: 3963
The lost frame ID: 3964
The lost frame ID: 3965
The lost frame ID: 3966
The lost frame ID: 3967
The lost frame ID: 3968
The lost frame ID: 3969
The lost frame ID: 3970
The lost frame ID: 3971
The lost frame ID: 3972
The lost frame ID: 3973
The lost frame ID: 3974
The lost frame ID: 3975
The lost frame ID: 3976
The lost frame ID: 3977
The lost frame ID: 3978
The lost frame ID: 3979
The lost frame ID: 3980
The lost frame ID: 3981
The lost frame ID: 3982
The lost frame ID: 3983
The lost frame ID: 3984
The lost frame ID: 3985
The lost frame ID: 3986
The lost frame ID: 3987
The lost frame ID: 3988
The lost frame ID: 3989
The lost frame ID: 3990
The lost frame ID: 3991
The lost frame ID: 3992
The lost frame ID: 3993
The lost frame ID: 3994
The lost frame ID: 3995
The lost frame ID: 3996
The lost frame ID: 3997
The lost frame ID: 3998
The lost frame ID: 3999
The lost frame ID: 4000
The lost frame ID: 4001
The lost frame ID: 4002
The lost frame ID: 4003
The lost frame ID: 4004
The lost frame ID: 4005
The lost frame ID: 4006
The lost frame ID: 4007
The lost frame ID: 4008
The lost frame ID: 4009
The lost frame ID: 4010
The lost frame ID: 4011
The lost frame ID: 4012
The lost frame ID: 4013
The lost frame ID: 4014
The lost frame ID: 4015
The lost frame ID: 4016
The lost frame ID: 4017
The lost frame ID: 4018
The lost frame ID: 4019
The lost frame ID: 4020
The lost frame ID: 4021
The lost frame ID: 4022
The lost frame ID: 4023
The lost frame ID: 4024
The lost frame ID: 4025
The lost frame ID: 4026
The lost frame ID: 4027
The lost frame ID: 4028
The lost frame ID: 4029
The lost frame ID: 4030
The lost frame ID: 4031
The lost frame ID: 4033
The lost frame ID: 4034
The lost frame ID: 4035
The lost frame ID: 4036
The lost frame ID: 4037
The lost frame ID: 4038
The lost frame ID: 4039
The lost frame ID: 4040
The lost frame ID: 4041
The lost frame ID: 4042
The lost frame ID: 4043
The lost frame ID: 4044
The lost frame ID: 4045
The lost frame ID: 4046
The lost frame ID: 4047
The lost frame ID: 4048
The lost frame ID: 4049
The lost frame ID: 4050
The lost frame ID: 4052
The lost frame ID: 4053
The lost frame ID: 4054
The lost frame ID: 4055
The lost frame ID: 4056
The lost frame ID: 4057
The lost frame ID: 4058
The lost frame ID: 4059
The lost frame ID: 4060
The lost frame ID: 4061
The lost frame ID: 4062
The lost frame ID: 4063
The lost frame ID: 4064
The lost frame ID: 4065
The lost frame ID: 4066
The lost frame ID: 4067
The lost frame ID: 4068
The lost frame ID: 4069
The lost frame ID: 4070
The lost frame ID: 4071
The lost frame ID: 4072
The lost frame ID: 4073
The lost frame ID: 4074
The lost frame ID: 4075
The lost frame ID: 4076
The lost frame ID: 4077
The lost frame ID: 4078
The lost frame ID: 4079
The lost frame ID: 4080
The lost frame ID: 4081
The lost frame ID: 4082
The lost frame ID: 4083
The lost frame ID: 4084
The lost frame ID: 4085
The lost frame ID: 4086
The lost frame ID: 4087
The lost frame ID: 4088
The lost frame ID: 4089
The lost frame ID: 4090
The lost frame ID: 4091
The lost frame ID: 4092
The lost frame ID: 4093
The lost frame ID: 4094
The lost frame ID: 4095
The lost frame ID: 4096
The lost frame ID: 4097
The lost frame ID: 4098
The lost frame ID: 4099
The lost frame ID: 4100
The lost frame ID: 4101
The lost frame ID: 4103
The lost frame ID: 4104
The lost frame ID: 4105
The lost frame ID: 4106
The lost frame ID: 4107
The lost frame ID: 4108
The lost frame ID: 4109
The lost frame ID: 4110
The lost frame ID: 4111
The lost frame ID: 4112
The lost frame ID: 4113
The lost frame ID: 4114
The lost frame ID: 4115
The lost frame ID: 4116
The lost frame ID: 4117
The lost frame ID: 4119
The lost frame ID: 4120
The lost frame ID: 4121
The lost frame ID: 4122
The lost frame ID: 4123
The lost frame ID: 4124
The lost frame ID: 4125
The lost frame ID: 4126
The lost frame ID: 4127
The lost frame ID: 4128
The lost frame ID: 4129
The lost frame ID: 4130
The lost frame ID: 4131
The lost frame ID: 4132
The lost frame ID: 4133
The lost frame ID: 4134
The lost frame ID: 4135
The lost frame ID: 4136
The lost frame ID: 4137
The lost frame ID: 4138
The lost frame ID: 4139
The lost frame ID: 4140
The lost frame ID: 4141
The lost frame ID: 4142
The lost frame ID: 4143
The lost frame ID: 4144
The lost frame ID: 4145
The lost frame ID: 4146
The lost frame ID: 4147
The lost frame ID: 4148
The lost frame ID: 4149
The lost frame ID: 4150
The lost frame ID: 4151
The lost frame ID: 4152
The lost frame ID: 4153
The lost frame ID: 4154
The lost frame ID: 4155
The lost frame ID: 4156
The lost frame ID: 4157
The lost frame ID: 4158
The lost frame ID: 4159
The lost frame ID: 4160
The lost frame ID: 4161
The lost frame ID: 4162
The lost frame ID: 4163
The lost frame ID: 4164
The lost frame ID: 4165
The lost frame ID: 4166
The lost frame ID: 4167
The lost frame ID: 4169
The lost frame ID: 4170
The lost frame ID: 4171
The lost frame ID: 4172
The lost frame ID: 4173
The lost frame ID: 4174
The lost frame ID: 4175
The lost frame ID: 4176
The lost frame ID: 4177
The lost frame ID: 4178
The lost frame ID: 4179
The lost frame ID: 4180
The lost frame ID: 4181
The lost frame ID: 4182
The lost frame ID: 4183
The lost frame ID: 4185
The lost frame ID: 4186
The lost frame ID: 4187
The lost frame ID: 4188
The lost frame ID: 4189
The lost frame ID: 4190
The lost frame ID: 4191
The lost frame ID: 4192
The lost frame ID: 4193
The lost frame ID: 4194
The lost frame ID: 4195
The lost frame ID: 4196
The lost frame ID: 4197
The lost frame ID: 4198
The lost frame ID: 4199
The lost frame ID: 4200
The lost frame ID: 4201
The lost frame ID: 4202
The lost frame ID: 4203
The lost frame ID: 4204
The lost frame ID: 4205
The lost frame ID: 4206
The lost frame ID: 4207
The lost frame ID: 4208
The lost frame ID: 4209
The lost frame ID: 4210
The lost frame ID: 4211
The lost frame ID: 4212
The lost frame ID: 4213
The lost frame ID: 4214
The lost frame ID: 4215
The lost frame ID: 4216
The lost frame ID: 4217
The lost frame ID: 4218
The lost frame ID: 4219
The lost frame ID: 4220
The lost frame ID: 4221
The lost frame ID: 4222
The lost frame ID: 4223
The lost frame ID: 4224
The lost frame ID: 4225
The lost frame ID: 4226
The lost frame ID: 4227
The lost frame ID: 4228
The lost frame ID: 4229
The lost frame ID: 4230
The lost frame ID: 4231
The lost frame ID: 4232
The lost frame ID: 4233
The lost frame ID: 4234
The lost frame ID: 4235
The lost frame ID: 4236
The lost frame ID: 4237
The lost frame ID: 4238
The lost frame ID: 4239
The lost frame ID: 4240
The lost frame ID: 4241
The lost frame ID: 4242
The lost frame ID: 4243
The lost frame ID: 4244
The lost frame ID: 4245
The lost frame ID: 4246
The lost frame ID: 4247
The lost frame ID: 4248
The lost frame ID: 4249
The lost frame ID: 4250
The lost frame ID: 4251
The lost frame ID: 4252
The lost frame ID: 4253
The lost frame ID: 4254
The lost frame ID: 4255
The lost frame ID: 4256
The lost frame ID: 4257
The lost frame ID: 4258
The lost frame ID: 4259
The lost frame ID: 4260
The lost frame ID: 4261
The lost frame ID: 4262
The lost frame ID: 4263
The lost frame ID: 4264
The lost frame ID: 4265
The lost frame ID: 4266
The lost frame ID: 4267
The lost frame ID: 4268
The lost frame ID: 4269
The lost frame ID: 4270
The lost frame ID: 4271
The lost frame ID: 4272
The lost frame ID: 4273
The lost frame ID: 4274
The lost frame ID: 4275
The lost frame ID: 4276
The lost frame ID: 4277
The lost frame ID: 4278
The lost frame ID: 4279
The lost frame ID: 4280
The lost frame ID: 4281
The lost frame ID: 4282
The lost frame ID: 4283
The lost frame ID: 4284
The lost frame ID: 4285
The lost frame ID: 4286
The lost frame ID: 4287
The lost frame ID: 4288
The lost frame ID: 4289
The lost frame ID: 4290
The lost frame ID: 4291
The lost frame ID: 4292
The lost frame ID: 4293
The lost frame ID: 4294
The lost frame ID: 4295
The lost frame ID: 4296
The lost frame ID: 4297
The lost frame ID: 4298
The lost frame ID: 4299
The lost frame ID: 4300
The lost frame ID: 4301
The lost frame ID: 4302
The lost frame ID: 4303
The lost frame ID: 4304
The lost frame ID: 4305
The lost frame ID: 4306
The lost frame ID: 4307
The lost frame ID: 4308
The lost frame ID: 4309
The lost frame ID: 4310
The lost frame ID: 4311
The lost frame ID: 4312
The lost frame ID: 4313
The lost frame ID: 4314
The lost frame ID: 4315
The lost frame ID: 4316
The lost frame ID: 4317
The lost frame ID: 4318
The lost frame ID: 4319
The lost frame ID: 4320
The lost frame ID: 4321
The lost frame ID: 4322
The lost frame ID: 4323
The lost frame ID: 4324
The lost frame ID: 4325
The lost frame ID: 4326
The lost frame ID: 4327
The lost frame ID: 4328
The lost frame ID: 4329
The lost frame ID: 4330
The lost frame ID: 4331
The lost frame ID: 4332
The lost frame ID: 4333
The lost frame ID: 4334
The lost frame ID: 4335
The lost frame ID: 4336
The lost frame ID: 4337
The lost frame ID: 4338
The lost frame ID: 4340
The lost frame ID: 4341
The lost frame ID: 4342
The lost frame ID: 4343
The lost frame ID: 4344
The lost frame ID: 4345
The lost frame ID: 4346
The lost frame ID: 4347
The lost frame ID: 4348
The lost frame ID: 4349
The lost frame ID: 4350
The lost frame ID: 4351
The lost frame ID: 4352
The lost frame ID: 4353
The lost frame ID: 4354
The lost frame ID: 4355
The lost frame ID: 4356
The lost frame ID: 4357
The lost frame ID: 4358
The lost frame ID: 4359
The lost frame ID: 4360
The lost frame ID: 4361
The lost frame ID: 4362
The lost frame ID: 4363
The lost frame ID: 4364
The lost frame ID: 4365
The lost frame ID: 4366
The lost frame ID: 4367
The lost frame ID: 4368
The lost frame ID: 4369
The lost frame ID: 4370
The lost frame ID: 4371
The lost frame ID: 4372
The lost frame ID: 4373
The lost frame ID: 4374
The lost frame ID: 4375
The lost frame ID: 4376
The lost frame ID: 4377
The lost frame ID: 4378
The lost frame ID: 4379
The lost frame ID: 4380
The lost frame ID: 4381
The lost frame ID: 4382
The lost frame ID: 4383
The lost frame ID: 4384
The lost frame ID: 4385
The lost frame ID: 4386
The lost frame ID: 4387
The lost frame ID: 4388
The lost frame ID: 4389
The lost frame ID: 4390
The lost frame ID: 4391
The lost frame ID: 4392
The lost frame ID: 4393
The lost frame ID: 4394
The lost frame ID: 4395
The lost frame ID: 4396
The lost frame ID: 4397
The lost frame ID: 4398
The lost frame ID: 4399
The lost frame ID: 4400
The lost frame ID: 4401
The lost frame ID: 4402
The lost frame ID: 4403
The lost frame ID: 4404
The lost frame ID: 4405
The lost frame ID: 4406
The lost frame ID: 4407
The lost frame ID: 4408
The lost frame ID: 4409
The lost frame ID: 4410
The lost frame ID: 4411
The lost frame ID: 4412
The lost frame ID: 4413
The lost frame ID: 4414
The lost frame ID: 4415
The lost frame ID: 4416
The lost frame ID: 4417
The lost frame ID: 4418
The lost frame ID: 4419
The lost frame ID: 4420
The lost frame ID: 4421
The lost frame ID: 4422
The lost frame ID: 4423
The lost frame ID: 4424
The lost frame ID: 4425
The lost frame ID: 4426
The lost frame ID: 4427
The lost frame ID: 4428
The lost frame ID: 4429
The lost frame ID: 4430
The lost frame ID: 4431
The lost frame ID: 4432
The lost frame ID: 4433
The lost frame ID: 4434
The lost frame ID: 4435
The lost frame ID: 4436
The lost frame ID: 4437
The lost frame ID: 4438
The lost frame ID: 4439
The lost frame ID: 4440
The lost frame ID: 4441
The lost frame ID: 4442
The lost frame ID: 4443
The lost frame ID: 4444
The lost frame ID: 4445
The lost frame ID: 4446
The lost frame ID: 4447
The lost frame ID: 4448
System::StopViewer()
System::StopViewer() done
Viewer thread finished.
Viewer started, waiting for thread.
System::StopViewer()
System::StopViewer() done
Tracking thread joined...

Saving correlation status...

========== Global Summary ==========
Frames: 3991
avg_CorrEdges: 2.7091
avg_match_A: 113.843
avg_match_B: 118.679
global_RI_MNR: 0.0237968
global_RI_GNR: 0.0233069
global_RI_DICE: 0.0233018

========== Per-Channel Summary ==========
   chA   chB     avgCorr        avgA        avgB   avgRI_MNR   avgRI_GNR  avgRI_DICE
     0     1      2.7091     113.843     118.679   0.0213574    0.017879   0.0174976

Correlation status saved!

-------

median tracking time: 0.0344519
mean tracking time: 0.0462254

Saving camera trajectory to result14.txt ...

trajectory saved!

========== Performance Summary (ms) ==========
name                                mean      median        rmse         min         max       count
Tracking                          17.256       5.126      31.896       1.297     193.999        4539
Total Init                       343.314     343.314       0.000     343.314     343.314           1
Pipeline                          46.220      34.446      34.109      24.079     529.445        4541
Correlation                        0.119       0.102       0.066       0.032       0.838        3991
AKAZE Extract                     25.725      25.542       3.135      18.882      45.950        4541
BRISK Extract                     21.143      20.474       7.657       4.932      60.069        4541
