Registering ORBextractor...
Registering AKAZEextractor...
Registering BRISKextractor...
Registering SIFTextractor...
Registering KAZEextractor...
Registering SuperPointExtractor...
Loading images...
Loaded 2700 images.
Creating SLAM system...

ORB-SLAM2 Copyright (C) 2014-2016 Raul Mur-Artal, University of Zaragoza.
This program comes with ABSOLUTELY NO WARRANTY;
This is free software, and you are welcome to redistribute it
under certain conditions. See LICENSE.txt.

Input sensor was set to: Monocular

Loading Vocabulary : /home/howard/Refactored_ORB_SLAM2/Install/var/lib/orbslam2/voc/orb_mur.fbow
This could take a while...
Loading ORB Vocabulary in FBoW.
ORB Vocabulary loaded in 0.008743s


Loading Vocabulary : /home/howard/Refactored_ORB_SLAM2/Install/var/lib/orbslam2/voc/superpoint.fbow
This could take a while...
Loading SuperPoint Vocabulary in FBoW.
SuperPoint Vocabulary loaded in 0.008043s


Camera Parameters: 
- fx: 458.654
- fy: 457.296
- cx: 367.215
- cy: 248.375
- k1: -0.283408
- k2: 0.0739591
- p1: 0.00019359
- p2: 1.76187e-05
- fps: 20
- color order: RGB (ignored if grayscale)

[Feature 0] ORB Extractor Parameters: 
 ( TH_LOW: 50, TH_HIGH: 100 )
- Number of Features: 1000
- Scale Levels: 8
- Scale Factor: 1.2
- Initial Fast Threshold: 20
- Minimum Fast Threshold: 7

[Feature 1] SuperPoint Extractor Parameters: 
 ( TH_LOW: 0.7, TH_HIGH: 0.9 )
- Number of Features: 1000
- Scale Levels: 4
- Scale Factor: 1.2
- Use CUDA: 1
- Use NMS: 1
- iniTh: 0.08
- minTh: 0.04

-------
Start processing sequence ...
Images in the sequence: 2700

0
New map created with 122 points for 0 Feature Type 
New map created with 312 points for 1 Feature Type 
Tracking Initlized in 31.68s
The initlized frame ID: 56
System::StopViewer()
System::StopViewer() done
Viewer thread finished.
Viewer started, waiting for thread.
Tracking thread joined...

Saving correlation status...

========== Global Summary ==========
Frames: 2643
avg_CorrEdges: 26.3303
avg_match_A: 159.188
avg_match_B: 319.509
global_RI_MNR: 0.165404
global_RI_GNR: 0.116751
global_RI_DICE: 0.110008

========== Per-Channel Summary ==========
   chA   chB     avgCorr        avgA        avgB   avgRI_MNR   avgRI_GNR  avgRI_DICE
     0     1     26.3303     159.188     319.509    0.154797    0.109306    0.102882

Correlation status saved!

-------

median tracking time: 0.0869831
mean tracking time: 0.0868272

Saving camera trajectory to Trajectory.txt ...

trajectory saved!

========== Performance Summary (ms) ==========
name                                mean      median        rmse         min         max       count
Tracking                          10.484      11.313       3.738       2.372      19.567        2643
Correlation                        0.189       0.181       0.048       0.068       0.483        2643
Total Init                      5292.136    5292.136       0.000    5292.136    5292.136           1
Pipeline                          86.824      86.959      11.938      58.086     254.943        2700
SuperPoint Extract                74.415      73.415      10.626      51.755     252.274        2700
ORB Extract                        8.051       7.991       1.471       5.070      13.400        2700
