Registering ORBextractor...
Registering AKAZEextractor...
Registering BRISKextractor...
Registering SIFTextractor...
Registering KAZEextractor...
Registering SuperPointExtractor...
Loading images...
Loaded 2273 images.
Creating SLAM system...

ORB-SLAM2 Copyright (C) 2014-2016 Raul Mur-Artal, University of Zaragoza.
This program comes with ABSOLUTELY NO WARRANTY;
This is free software, and you are welcome to redistribute it
under certain conditions. See LICENSE.txt.

Input sensor was set to: Monocular

Loading Vocabulary : /home/howard/Refactored_ORB_SLAM2/Install/var/lib/orbslam2/voc/brisk_cv.fbow
This could take a while...
Loading BRISK Vocabulary in FBoW.
BRISK Vocabulary loaded in 0.002587s


Loading Vocabulary : /home/howard/Refactored_ORB_SLAM2/Install/var/lib/orbslam2/voc/superpoint.fbow
This could take a while...
Loading SuperPoint Vocabulary in FBoW.
SuperPoint Vocabulary loaded in 0.009452s


Camera Parameters: 
- fx: 458.654
- fy: 457.296
- cx: 367.215
- cy: 248.375
- k1: -0.283408
- k2: 0.0739591
- p1: 0.00019359
- p2: 1.76187e-05
- fps: 20
- color order: RGB (ignored if grayscale)

[Feature 0] BRISK Extractor Parameters: 
 ( TH_LOW: 100, TH_HIGH: 200 )
- Number of Features: 1000
- Scale Levels: 6
- Scale Factor: 1.414
- Threshold: 10
- Num of Octaves: 3
- Pattern Scale: 1

[Feature 1] SuperPoint Extractor Parameters: 
 ( TH_LOW: 0.7, TH_HIGH: 0.9 )
- Number of Features: 1000
- Scale Levels: 4
- Scale Factor: 1.2
- Use CUDA: 1
- Use NMS: 1
- iniTh: 0.08
- minTh: 0.04

-------
Start processing sequence ...
Images in the sequence: 2273

1
New map created with 35 points for 0 Feature Type 
New map created with 62 points for 1 Feature Type 
Wrong initialization, reseting...
System Reseting
Reseting Local Mapper... done
Reseting Loop Closing... done
Reseting Database... done
0
New map created with 320 points for 0 Feature Type 
New map created with 231 points for 1 Feature Type 
Tracking Initlized in 5.82s
The initlized frame ID: 9
System::StopViewer()
System::StopViewer() done
Viewer thread finished.
Viewer started, waiting for thread.
Tracking thread joined...

Saving correlation status...

========== Global Summary ==========
Frames: 2162
avg_CorrEdges: 23.0463
avg_match_A: 196.496
avg_match_B: 364.226
global_RI_MNR: 0.117286
global_RI_GNR: 0.0861465
global_RI_DICE: 0.0822021

========== Per-Channel Summary ==========
   chA   chB     avgCorr        avgA        avgB   avgRI_MNR   avgRI_GNR  avgRI_DICE
     0     1     23.0463     196.496     364.226     0.13755   0.0889548    0.080555

Correlation status saved!

-------

median tracking time: 0.0917438
mean tracking time: 0.0923486

Saving camera trajectory to Trajectory.txt ...

trajectory saved!

========== Performance Summary (ms) ==========
name                                mean      median        rmse         min         max       count
Tracking                          12.795      11.644       5.424       3.165      27.405        2162
Correlation                        0.226       0.221       0.060       0.084       0.524        2162
Total Init                     14102.812   14102.812       0.000   14102.812   14102.812           2
Pipeline                          92.345      91.741      18.061      62.330     283.625        2273
SuperPoint Extract                75.165      76.071      12.470      53.332     277.975        2273
BRISK Extract                     51.838      55.363      23.944       6.212     119.242        2273
