Registering ORBextractor...
Registering AKAZEextractor...
Registering BRISKextractor...
Registering SIFTextractor...
Registering KAZEextractor...
Registering SuperPointExtractor...

ORB-SLAM2 Copyright (C) 2014-2016 Raul Mur-Artal, University of Zaragoza.
This program comes with ABSOLUTELY NO WARRANTY;
This is free software, and you are welcome to redistribute it
under certain conditions. See LICENSE.txt.

Input sensor was set to: Monocular

Loading Vocabulary : /home/howard/PM-SLAM/Install/var/lib/orbslam2/voc/kaze_cv.fbow
This could take a while...
Loading KAZE Vocabulary in FBoW.
KAZE Vocabulary loaded in 0.008733s


Camera Parameters: 
- fx: 718.856
- fy: 718.856
- cx: 607.193
- cy: 185.216
- k1: 0
- k2: 0
- p1: 0
- p2: 0
- fps: 10
- color order: RGB (ignored if grayscale)

[Feature 0] KAZE Extractor Parameters: 
 ( TH_LOW: 0.5, TH_HIGH: 1 )
- Number of Features : 2000
- Scale Levels       : 4
- Scale Factor       : 1.2
- Threshold          : 0.001
- nOctaves           : 4
- nOctaveLayers      : 4
- Extended (128‑dim) : 0
- Upright            : 0

-------
Start processing sequence ...
Images in the sequence: 1101

0
New map created with 265 points for 0 Feature Type 
Tracking Initlized in 17.78s
The initlized frame ID: 19
The lost frame ID: 897
The lost frame ID: 1019
The lost frame ID: 1020
The lost frame ID: 1021
The lost frame ID: 1037
The lost frame ID: 1040
The lost frame ID: 1041
The lost frame ID: 1042
The lost frame ID: 1043
The lost frame ID: 1044
The lost frame ID: 1045
The lost frame ID: 1046
The lost frame ID: 1047
The lost frame ID: 1048
The lost frame ID: 1049
The lost frame ID: 1050
The lost frame ID: 1051
The lost frame ID: 1052
The lost frame ID: 1053
The lost frame ID: 1054
The lost frame ID: 1055
The lost frame ID: 1056
The lost frame ID: 1057
The lost frame ID: 1058
The lost frame ID: 1059
The lost frame ID: 1060
The lost frame ID: 1061
The lost frame ID: 1062
The lost frame ID: 1063
The lost frame ID: 1064
The lost frame ID: 1065
The lost frame ID: 1066
The lost frame ID: 1067
The lost frame ID: 1068
The lost frame ID: 1069
The lost frame ID: 1070
The lost frame ID: 1071
The lost frame ID: 1072
The lost frame ID: 1073
The lost frame ID: 1074
The lost frame ID: 1075
The lost frame ID: 1076
The lost frame ID: 1077
The lost frame ID: 1078
The lost frame ID: 1079
The lost frame ID: 1080
The lost frame ID: 1081
The lost frame ID: 1082
The lost frame ID: 1083
The lost frame ID: 1084
The lost frame ID: 1085
The lost frame ID: 1086
The lost frame ID: 1087
The lost frame ID: 1088
The lost frame ID: 1089
The lost frame ID: 1090
The lost frame ID: 1091
The lost frame ID: 1092
The lost frame ID: 1093
The lost frame ID: 1094
The lost frame ID: 1095
The lost frame ID: 1096
The lost frame ID: 1097
The lost frame ID: 1098
The lost frame ID: 1099
The lost frame ID: 1100
System::StopViewer()
System::StopViewer() done
Viewer thread finished.
Viewer started, waiting for thread.
System::StopViewer()
System::StopViewer() done
Tracking thread joined...

Saving correlation status...

Correlation status saved!

-------

median tracking time: 0.175358
mean tracking time: 0.176896

Saving camera trajectory to result18.txt ...

trajectory saved!

========== Performance Summary (ms) ==========
name                                mean      median        rmse         min         max       count
Tracking                           5.514       4.993       2.104       1.724      19.325        1081
Correlation                        0.000       0.000       0.001       0.000       0.025        1015
Total Init                      4132.335    4132.335       0.000    4132.335    4132.335           1
Pipeline                         176.892     175.355      13.696     149.008     259.990        1101
KAZE Extract                     169.726     168.071      12.936     143.047     244.171        1101
