Registering ORBextractor...
Registering AKAZEextractor...
Registering BRISKextractor...
Registering SIFTextractor...
Registering KAZEextractor...
Registering SuperPointExtractor...

ORB-SLAM2 Copyright (C) 2014-2016 Raul Mur-Artal, University of Zaragoza.
This program comes with ABSOLUTELY NO WARRANTY;
This is free software, and you are welcome to redistribute it
under certain conditions. See LICENSE.txt.

Input sensor was set to: Monocular

Loading Vocabulary : /home/howard/PM-SLAM/Install/var/lib/orbslam2/voc/kaze_cv.fbow
This could take a while...
Loading KAZE Vocabulary in FBoW.
KAZE Vocabulary loaded in 0.007069s


Camera Parameters: 
- fx: 718.856
- fy: 718.856
- cx: 607.193
- cy: 185.216
- k1: 0
- k2: 0
- p1: 0
- p2: 0
- fps: 10
- color order: RGB (ignored if grayscale)

[Feature 0] KAZE Extractor Parameters: 
 ( TH_LOW: 0.5, TH_HIGH: 1 )
- Number of Features : 2000
- Scale Levels       : 4
- Scale Factor       : 1.2
- Threshold          : 0.001
- nOctaves           : 4
- nOctaveLayers      : 4
- Extended (128‑dim) : 0
- Upright            : 0

-------
Start processing sequence ...
Images in the sequence: 1101

0
New map created with 265 points for 0 Feature Type 
Tracking Initlized in 17.20s
The initlized frame ID: 19
The lost frame ID: 1051
The lost frame ID: 1053
The lost frame ID: 1054
The lost frame ID: 1055
The lost frame ID: 1056
The lost frame ID: 1057
The lost frame ID: 1058
The lost frame ID: 1059
The lost frame ID: 1061
The lost frame ID: 1062
The lost frame ID: 1063
The lost frame ID: 1064
The lost frame ID: 1065
The lost frame ID: 1066
The lost frame ID: 1068
The lost frame ID: 1069
The lost frame ID: 1070
The lost frame ID: 1071
The lost frame ID: 1072
The lost frame ID: 1074
The lost frame ID: 1075
The lost frame ID: 1076
The lost frame ID: 1080
The lost frame ID: 1086
The lost frame ID: 1091
The lost frame ID: 1092
The lost frame ID: 1094
The lost frame ID: 1095
The lost frame ID: 1096
The lost frame ID: 1099
The lost frame ID: 1100
System::StopViewer()
System::StopViewer() done
Viewer thread finished.
Viewer started, waiting for thread.
System::StopViewer()
System::StopViewer() done
Tracking thread joined...

Saving correlation status...

Correlation status saved!

-------

median tracking time: 0.173902
mean tracking time: 0.175261

Saving camera trajectory to result20.txt ...

trajectory saved!

========== Performance Summary (ms) ==========
name                                mean      median        rmse         min         max       count
Tracking                           4.125       4.128       1.529       1.025      14.195        1081
Correlation                        0.000       0.000       0.000       0.000       0.002        1049
Total Init                      3960.814    3960.814       0.000    3960.814    3960.814           1
Pipeline                         175.257     173.897      12.056     147.707     267.095        1101
KAZE Extract                     169.670     168.199      11.239     143.603     245.151        1101
