Registering ORBextractor...
Registering AKAZEextractor...
Registering BRISKextractor...
Registering SIFTextractor...
Registering KAZEextractor...
Registering SuperPointExtractor...

ORB-SLAM2 Copyright (C) 2014-2016 Raul Mur-Artal, University of Zaragoza.
This program comes with ABSOLUTELY NO WARRANTY;
This is free software, and you are welcome to redistribute it
under certain conditions. See LICENSE.txt.

Input sensor was set to: Monocular

Loading Vocabulary : /home/howard/Refactored_ORB_SLAM2/Install/var/lib/orbslam2/voc/kaze_cv.fbow
This could take a while...
Loading KAZE Vocabulary in FBoW.
KAZE Vocabulary loaded in 0.007598s


Camera Parameters: 
- fx: 983.044
- fy: 983.044
- cx: 643.647
- cy: 493.379
- k1: 0
- k2: 0
- p1: 0
- p2: 0
- fps: 16
- color order: RGB (ignored if grayscale)

[Feature 0] KAZE Extractor Parameters: 
 ( TH_LOW: 0.5, TH_HIGH: 1 )
- Number of Features : 1000
- Scale Levels       : 4
- Scale Factor       : 1.2
- Threshold          : 0.0005
- nOctaves           : 4
- nOctaveLayers      : 4
- Extended (128‑dim) : 0
- Upright            : 0

-------
Start processing sequence ...
Images in the sequence: 7513

0
New map created with 350 points for 0 Feature Type 
Tracking Initlized in 250.80s
The initlized frame ID: 141
The lost frame ID: 830
The lost frame ID: 831
The lost frame ID: 832
The lost frame ID: 833
The lost frame ID: 834
The lost frame ID: 835
The lost frame ID: 836
The lost frame ID: 837
The lost frame ID: 838

Saving camera trajectory to TrajectoryBeforeReset_oxf_kaz_r06_seg01_pid1263347_1757349000738.txt ...

trajectory saved!
[Tracking] wrote pre-reset trajectory to TrajectoryBeforeReset_oxf_kaz_r06_seg01_pid1263347_1757349000738.txt
[Tracking] LOST for 10 consecutive frames -> reset
System Reseting
Reseting Local Mapper... done
Reseting Loop Closing... done
Reseting Database... done
0
New map created with 119 points for 0 Feature Type 
Tracking Initlized in 4.93s
The initlized frame ID: 3
The lost frame ID: 337
The lost frame ID: 346
The lost frame ID: 348
The lost frame ID: 353
The lost frame ID: 358
The lost frame ID: 359
The lost frame ID: 360
The lost frame ID: 362
The lost frame ID: 364
The lost frame ID: 365
The lost frame ID: 368
The lost frame ID: 370
The lost frame ID: 374
The lost frame ID: 387
The lost frame ID: 388
The lost frame ID: 389
The lost frame ID: 390
The lost frame ID: 391
The lost frame ID: 392
The lost frame ID: 393
The lost frame ID: 395
The lost frame ID: 399
The lost frame ID: 401
The lost frame ID: 402
The lost frame ID: 403
The lost frame ID: 404
The lost frame ID: 407
The lost frame ID: 408
The lost frame ID: 409
The lost frame ID: 410
The lost frame ID: 411
The lost frame ID: 412
The lost frame ID: 413
The lost frame ID: 414
The lost frame ID: 415

Saving camera trajectory to TrajectoryBeforeReset_oxf_kaz_r06_seg02_pid1263347_1757349121731.txt ...

trajectory saved!
[Tracking] wrote pre-reset trajectory to TrajectoryBeforeReset_oxf_kaz_r06_seg02_pid1263347_1757349121731.txt
[Tracking] LOST for 10 consecutive frames -> reset
System Reseting
Reseting Local Mapper... done
Reseting Loop Closing... done
Reseting Database... done
0
New map created with 148 points for 0 Feature Type 
Tracking Initlized in 1.82s
The initlized frame ID: 1
The lost frame ID: 215
The lost frame ID: 216
The lost frame ID: 217
The lost frame ID: 218
The lost frame ID: 219
The lost frame ID: 220
The lost frame ID: 222
The lost frame ID: 224
The lost frame ID: 225
The lost frame ID: 226
The lost frame ID: 227
The lost frame ID: 228
The lost frame ID: 229
The lost frame ID: 230
The lost frame ID: 231
The lost frame ID: 232

Saving camera trajectory to TrajectoryBeforeReset_oxf_kaz_r06_seg03_pid1263347_1757349192055.txt ...

trajectory saved!
[Tracking] wrote pre-reset trajectory to TrajectoryBeforeReset_oxf_kaz_r06_seg03_pid1263347_1757349192055.txt
[Tracking] LOST for 10 consecutive frames -> reset
System Reseting
Reseting Local Mapper... done
Reseting Loop Closing... done
Reseting Database... done
0
New map created with 154 points for 0 Feature Type 
Tracking Initlized in 5.19s
The initlized frame ID: 3
The lost frame ID: 250
The lost frame ID: 251
The lost frame ID: 252
The lost frame ID: 253
The lost frame ID: 254
The lost frame ID: 255
The lost frame ID: 256
The lost frame ID: 257
The lost frame ID: 258

Saving camera trajectory to TrajectoryBeforeReset_oxf_kaz_r06_seg04_pid1263347_1757349273552.txt ...

trajectory saved!
[Tracking] wrote pre-reset trajectory to TrajectoryBeforeReset_oxf_kaz_r06_seg04_pid1263347_1757349273552.txt
[Tracking] LOST for 10 consecutive frames -> reset
System Reseting
Reseting Local Mapper... done
Reseting Loop Closing... done
Reseting Database... done
0
New map created with 166 points for 0 Feature Type 
Tracking Initlized in 5.30s
The initlized frame ID: 3
The lost frame ID: 1013
The lost frame ID: 1016
The lost frame ID: 1017
The lost frame ID: 1019
The lost frame ID: 1021
The lost frame ID: 1022
The lost frame ID: 1025
The lost frame ID: 1029
The lost frame ID: 1030
The lost frame ID: 1032
The lost frame ID: 1034
The lost frame ID: 1036
The lost frame ID: 1040
The lost frame ID: 1041
The lost frame ID: 1042
The lost frame ID: 1043
The lost frame ID: 1045
The lost frame ID: 1046
The lost frame ID: 1047
The lost frame ID: 1048
The lost frame ID: 1049
The lost frame ID: 1050
The lost frame ID: 1051
The lost frame ID: 1052
The lost frame ID: 1053

Saving camera trajectory to TrajectoryBeforeReset_oxf_kaz_r06_seg05_pid1263347_1757349632073.txt ...

trajectory saved!
[Tracking] wrote pre-reset trajectory to TrajectoryBeforeReset_oxf_kaz_r06_seg05_pid1263347_1757349632073.txt
[Tracking] LOST for 10 consecutive frames -> reset
System Reseting
Reseting Local Mapper... done
Reseting Loop Closing... done
Reseting Database... done
0
New map created with 142 points for 0 Feature Type 
Tracking Initlized in 3.65s
The initlized frame ID: 2
The lost frame ID: 11
The lost frame ID: 12
The lost frame ID: 13
The lost frame ID: 14
The lost frame ID: 15
The lost frame ID: 16
The lost frame ID: 17
The lost frame ID: 18
The lost frame ID: 19

Saving camera trajectory to TrajectoryBeforeReset_oxf_kaz_r06_seg06_pid1263347_1757349639076.txt ...

trajectory saved!
[Tracking] wrote pre-reset trajectory to TrajectoryBeforeReset_oxf_kaz_r06_seg06_pid1263347_1757349639076.txt
[Tracking] LOST for 10 consecutive frames -> reset
System Reseting
Reseting Local Mapper... done
Reseting Loop Closing... done
Reseting Database... done
0
New map created with 147 points for 0 Feature Type 
Tracking Initlized in 3.76s
The initlized frame ID: 2
The lost frame ID: 126
The lost frame ID: 127
The lost frame ID: 128
The lost frame ID: 129
The lost frame ID: 130
The lost frame ID: 131
The lost frame ID: 133
The lost frame ID: 135
The lost frame ID: 138
The lost frame ID: 139
The lost frame ID: 140
The lost frame ID: 141
The lost frame ID: 144
The lost frame ID: 145
The lost frame ID: 146
The lost frame ID: 147
The lost frame ID: 149
The lost frame ID: 150
The lost frame ID: 151
The lost frame ID: 152
The lost frame ID: 153
The lost frame ID: 155
The lost frame ID: 156
The lost frame ID: 157
The lost frame ID: 159
The lost frame ID: 160
The lost frame ID: 161
The lost frame ID: 162
The lost frame ID: 163
The lost frame ID: 164
The lost frame ID: 165
The lost frame ID: 166
The lost frame ID: 167

Saving camera trajectory to TrajectoryBeforeReset_oxf_kaz_r06_seg07_pid1263347_1757349698339.txt ...

trajectory saved!
[Tracking] wrote pre-reset trajectory to TrajectoryBeforeReset_oxf_kaz_r06_seg07_pid1263347_1757349698339.txt
[Tracking] LOST for 10 consecutive frames -> reset
System Reseting
Reseting Local Mapper... done
Reseting Loop Closing... done
Reseting Database... done
0
New map created with 209 points for 0 Feature Type 
Tracking Initlized in 3.83s
The initlized frame ID: 2
The lost frame ID: 555
The lost frame ID: 556
The lost frame ID: 557
The lost frame ID: 558
The lost frame ID: 559
The lost frame ID: 560
The lost frame ID: 561
The lost frame ID: 562
The lost frame ID: 563

Saving camera trajectory to TrajectoryBeforeReset_oxf_kaz_r06_seg08_pid1263347_1757349909307.txt ...

trajectory saved!
[Tracking] wrote pre-reset trajectory to TrajectoryBeforeReset_oxf_kaz_r06_seg08_pid1263347_1757349909307.txt
[Tracking] LOST for 10 consecutive frames -> reset
System Reseting
Reseting Local Mapper... done
Reseting Loop Closing... done
Reseting Database... done
0
New map created with 187 points for 0 Feature Type 
Tracking Initlized in 1.49s
The initlized frame ID: 1
Track lost soon after initialisation, reseting...
System Reseting
Reseting Local Mapper... done
Reseting Loop Closing... done
Reseting Database... done
0
New map created with 258 points for 0 Feature Type 
Tracking Initlized in 11.56s
The initlized frame ID: 7
The lost frame ID: 488
The lost frame ID: 489
The lost frame ID: 490
The lost frame ID: 491
The lost frame ID: 492
The lost frame ID: 493
The lost frame ID: 494
The lost frame ID: 495
The lost frame ID: 496

Saving camera trajectory to TrajectoryBeforeReset_oxf_kaz_r06_seg09_pid1263347_1757350086396.txt ...

trajectory saved!
[Tracking] wrote pre-reset trajectory to TrajectoryBeforeReset_oxf_kaz_r06_seg09_pid1263347_1757350086396.txt
[Tracking] LOST for 10 consecutive frames -> reset
System Reseting
Reseting Local Mapper... done
Reseting Loop Closing... done
Reseting Database... done
0
New map created with 190 points for 0 Feature Type 
Tracking Initlized in 6.25s
The initlized frame ID: 4
The lost frame ID: 916
The lost frame ID: 917
The lost frame ID: 918
The lost frame ID: 919
The lost frame ID: 920
The lost frame ID: 921
The lost frame ID: 922
The lost frame ID: 923
The lost frame ID: 924

Saving camera trajectory to TrajectoryBeforeReset_oxf_kaz_r06_seg10_pid1263347_1757350421672.txt ...

trajectory saved!
[Tracking] wrote pre-reset trajectory to TrajectoryBeforeReset_oxf_kaz_r06_seg10_pid1263347_1757350421672.txt
[Tracking] LOST for 10 consecutive frames -> reset
System Reseting
Reseting Local Mapper... done
Reseting Loop Closing... done
Reseting Database... done
0
New map created with 405 points for 0 Feature Type 
Tracking Initlized in 4.93s
The initlized frame ID: 3
The lost frame ID: 1146
The lost frame ID: 1147
The lost frame ID: 1149
The lost frame ID: 1150
The lost frame ID: 1151
The lost frame ID: 1152
The lost frame ID: 1153
The lost frame ID: 1154
The lost frame ID: 1155
The lost frame ID: 1157
The lost frame ID: 1158
The lost frame ID: 1159
The lost frame ID: 1160
The lost frame ID: 1161
The lost frame ID: 1162
The lost frame ID: 1163
The lost frame ID: 1164
The lost frame ID: 1165

Saving camera trajectory to TrajectoryBeforeReset_oxf_kaz_r06_seg11_pid1263347_1757350855020.txt ...

trajectory saved!
[Tracking] wrote pre-reset trajectory to TrajectoryBeforeReset_oxf_kaz_r06_seg11_pid1263347_1757350855020.txt
[Tracking] LOST for 10 consecutive frames -> reset
System Reseting
Reseting Local Mapper... done
Reseting Loop Closing... done
Reseting Database... done
0
New map created with 124 points for 0 Feature Type 
Tracking Initlized in 84.88s
The initlized frame ID: 52
The lost frame ID: 1068
The lost frame ID: 1070
The lost frame ID: 1071
The lost frame ID: 1072
The lost frame ID: 1073
The lost frame ID: 1074
The lost frame ID: 1075
The lost frame ID: 1076
The lost frame ID: 1077
The lost frame ID: 1078

Saving camera trajectory to TrajectoryBeforeReset_oxf_kaz_r06_seg12_pid1263347_1757351148343.txt ...

trajectory saved!
[Tracking] wrote pre-reset trajectory to TrajectoryBeforeReset_oxf_kaz_r06_seg12_pid1263347_1757351148343.txt
[Tracking] LOST for 10 consecutive frames -> reset
System Reseting
Reseting Local Mapper... done
Reseting Loop Closing... done
Reseting Database... done
0
New map created with 116 points for 0 Feature Type 
Tracking Initlized in 26.64s
The initlized frame ID: 18
The lost frame ID: 162
The lost frame ID: 163
The lost frame ID: 164
The lost frame ID: 165
The lost frame ID: 166
The lost frame ID: 167
The lost frame ID: 168
The lost frame ID: 169
The lost frame ID: 170

Saving camera trajectory to TrajectoryBeforeReset_oxf_kaz_r06_seg13_pid1263347_1757351199644.txt ...

trajectory saved!
[Tracking] wrote pre-reset trajectory to TrajectoryBeforeReset_oxf_kaz_r06_seg13_pid1263347_1757351199644.txt
[Tracking] LOST for 10 consecutive frames -> reset
System Reseting
Reseting Local Mapper... done
Reseting Loop Closing... done
Reseting Database... done
0
New map created with 188 points for 0 Feature Type 
Tracking Initlized in 3.98s
The initlized frame ID: 2
System::StopViewer()
System::StopViewer() done

Saving correlation status...

Correlation status saved!

System Shutdown
-------

median tracking time: 0.304642
mean tracking time: 0.300352

Saving camera trajectory to result06.txt ...

trajectory saved!
All done

========== Performance Summary (ms) ==========
name                                mean      median        rmse         min         max       count
Lost Count                         1.000       1.000       0.000       1.000       1.000          13
Tracking                           3.600       3.472       1.384       0.894      16.344        7254
Reset Count                        1.000       1.000       0.000       1.000       1.000          14
Correlation                        0.000       0.000       0.000       0.000       0.015        7040
Total Init                     43541.556   43541.556       0.000   43541.556   43541.556           1
Pipeline                         300.119     304.528      47.011     200.494     455.584        7513
KAZE Extract                     294.404     298.615      46.899     199.145     448.927        7513
