Registering ORBextractor...
Registering AKAZEextractor...
Registering BRISKextractor...
Registering SIFTextractor...
Registering KAZEextractor...
Registering SuperPointExtractor...

ORB-SLAM2 Copyright (C) 2014-2016 Raul Mur-Artal, University of Zaragoza.
This program comes with ABSOLUTELY NO WARRANTY;
This is free software, and you are welcome to redistribute it
under certain conditions. See LICENSE.txt.

Input sensor was set to: Monocular

Loading Vocabulary : /home/howard/Refactored_ORB_SLAM2/Install/var/lib/orbslam2/voc/kaze_cv.fbow
This could take a while...
Loading KAZE Vocabulary in FBoW.
KAZE Vocabulary loaded in 0.008812s


Camera Parameters: 
- fx: 983.044
- fy: 983.044
- cx: 643.647
- cy: 493.379
- k1: 0
- k2: 0
- p1: 0
- p2: 0
- fps: 16
- color order: RGB (ignored if grayscale)

[Feature 0] KAZE Extractor Parameters: 
 ( TH_LOW: 0.5, TH_HIGH: 1 )
- Number of Features : 1000
- Scale Levels       : 4
- Scale Factor       : 1.2
- Threshold          : 0.0005
- nOctaves           : 4
- nOctaveLayers      : 4
- Extended (128‑dim) : 0
- Upright            : 0

-------
Start processing sequence ...
Images in the sequence: 7513

0
New map created with 350 points for 0 Feature Type 
Tracking Initlized in 245.92s
The initlized frame ID: 141
The lost frame ID: 638
The lost frame ID: 639
The lost frame ID: 641
The lost frame ID: 643
The lost frame ID: 644
The lost frame ID: 645
The lost frame ID: 646
The lost frame ID: 647
The lost frame ID: 648
The lost frame ID: 649
The lost frame ID: 650
The lost frame ID: 651

Saving camera trajectory to TrajectoryBeforeReset_oxf_kaz_r08_seg01_pid1686582_1757353899115.txt ...

trajectory saved!
[Tracking] wrote pre-reset trajectory to TrajectoryBeforeReset_oxf_kaz_r08_seg01_pid1686582_1757353899115.txt
[Tracking] LOST for 10 consecutive frames -> reset
System Reseting
Reseting Local Mapper... done
Reseting Loop Closing... done
Reseting Database... done
0
New map created with 167 points for 0 Feature Type 
Tracking Initlized in 19.15s
The initlized frame ID: 12
The lost frame ID: 178
The lost frame ID: 179
The lost frame ID: 180
The lost frame ID: 181
The lost frame ID: 182
The lost frame ID: 183
The lost frame ID: 184
The lost frame ID: 185
The lost frame ID: 186

Saving camera trajectory to TrajectoryBeforeReset_oxf_kaz_r08_seg02_pid1686582_1757353948525.txt ...

trajectory saved!
[Tracking] wrote pre-reset trajectory to TrajectoryBeforeReset_oxf_kaz_r08_seg02_pid1686582_1757353948525.txt
[Tracking] LOST for 10 consecutive frames -> reset
System Reseting
Reseting Local Mapper... done
Reseting Loop Closing... done
Reseting Database... done
0
New map created with 297 points for 0 Feature Type 
Tracking Initlized in 18.05s
The initlized frame ID: 11
The lost frame ID: 334
The lost frame ID: 335
The lost frame ID: 338
The lost frame ID: 341
The lost frame ID: 344
The lost frame ID: 346
The lost frame ID: 349
The lost frame ID: 351
The lost frame ID: 353
The lost frame ID: 354
The lost frame ID: 356
The lost frame ID: 357
The lost frame ID: 358
The lost frame ID: 360
The lost frame ID: 362
The lost frame ID: 363
The lost frame ID: 364
The lost frame ID: 365
The lost frame ID: 366
The lost frame ID: 367
The lost frame ID: 368
The lost frame ID: 369
The lost frame ID: 370
The lost frame ID: 373
The lost frame ID: 378
The lost frame ID: 379
The lost frame ID: 380
The lost frame ID: 382
The lost frame ID: 385
The lost frame ID: 386
The lost frame ID: 388
The lost frame ID: 389
The lost frame ID: 393
The lost frame ID: 394
The lost frame ID: 395
The lost frame ID: 396
The lost frame ID: 398
The lost frame ID: 399
The lost frame ID: 401
The lost frame ID: 403
The lost frame ID: 404
The lost frame ID: 405
The lost frame ID: 406
The lost frame ID: 407
The lost frame ID: 408
The lost frame ID: 409
The lost frame ID: 410
The lost frame ID: 411

Saving camera trajectory to TrajectoryBeforeReset_oxf_kaz_r08_seg03_pid1686582_1757354069631.txt ...

trajectory saved!
[Tracking] wrote pre-reset trajectory to TrajectoryBeforeReset_oxf_kaz_r08_seg03_pid1686582_1757354069631.txt
[Tracking] LOST for 10 consecutive frames -> reset
System Reseting
Reseting Local Mapper... done
Reseting Loop Closing... done
Reseting Database... done
0
New map created with 198 points for 0 Feature Type 
Tracking Initlized in 3.61s
The initlized frame ID: 2
The lost frame ID: 225
The lost frame ID: 226
The lost frame ID: 227
The lost frame ID: 228
The lost frame ID: 229
The lost frame ID: 230
The lost frame ID: 231
The lost frame ID: 232
The lost frame ID: 233

Saving camera trajectory to TrajectoryBeforeReset_oxf_kaz_r08_seg04_pid1686582_1757354138039.txt ...

trajectory saved!
[Tracking] wrote pre-reset trajectory to TrajectoryBeforeReset_oxf_kaz_r08_seg04_pid1686582_1757354138039.txt
[Tracking] LOST for 10 consecutive frames -> reset
System Reseting
Reseting Local Mapper... done
Reseting Loop Closing... done
Reseting Database... done
0
New map created with 144 points for 0 Feature Type 
Tracking Initlized in 5.02s
The initlized frame ID: 3
Track lost soon after initialisation, reseting...
System Reseting
Reseting Local Mapper... done
Reseting Loop Closing... done
Reseting Database... done
0
New map created with 216 points for 0 Feature Type 
Tracking Initlized in 12.17s
The initlized frame ID: 7
The lost frame ID: 249
The lost frame ID: 250
The lost frame ID: 251
The lost frame ID: 252
The lost frame ID: 253
The lost frame ID: 254
The lost frame ID: 255
The lost frame ID: 256
The lost frame ID: 257

Saving camera trajectory to TrajectoryBeforeReset_oxf_kaz_r08_seg05_pid1686582_1757354219847.txt ...

trajectory saved!
[Tracking] wrote pre-reset trajectory to TrajectoryBeforeReset_oxf_kaz_r08_seg05_pid1686582_1757354219847.txt
[Tracking] LOST for 10 consecutive frames -> reset
System Reseting
Reseting Local Mapper... done
Reseting Loop Closing... done
Reseting Database... done
0
New map created with 197 points for 0 Feature Type 
Tracking Initlized in 7.01s
The initlized frame ID: 4
The lost frame ID: 798
The lost frame ID: 814
The lost frame ID: 816
The lost frame ID: 817
The lost frame ID: 819
The lost frame ID: 820
The lost frame ID: 821
The lost frame ID: 822
The lost frame ID: 823
The lost frame ID: 825
The lost frame ID: 828
The lost frame ID: 829
The lost frame ID: 832
The lost frame ID: 833
The lost frame ID: 834
The lost frame ID: 837
The lost frame ID: 840
The lost frame ID: 841
The lost frame ID: 842
The lost frame ID: 843
The lost frame ID: 844
The lost frame ID: 846
The lost frame ID: 847
The lost frame ID: 848
The lost frame ID: 849
The lost frame ID: 850
The lost frame ID: 852
The lost frame ID: 853
The lost frame ID: 854
The lost frame ID: 855
The lost frame ID: 856
The lost frame ID: 857
The lost frame ID: 859
The lost frame ID: 860
The lost frame ID: 861
The lost frame ID: 862
The lost frame ID: 863
The lost frame ID: 864
The lost frame ID: 866
The lost frame ID: 867
The lost frame ID: 868
The lost frame ID: 869
The lost frame ID: 870
The lost frame ID: 873
The lost frame ID: 874
The lost frame ID: 875
The lost frame ID: 876
The lost frame ID: 877
The lost frame ID: 878
The lost frame ID: 879
The lost frame ID: 880
The lost frame ID: 881

Saving camera trajectory to TrajectoryBeforeReset_oxf_kaz_r08_seg06_pid1686582_1757354525922.txt ...

trajectory saved!
[Tracking] wrote pre-reset trajectory to TrajectoryBeforeReset_oxf_kaz_r08_seg06_pid1686582_1757354525922.txt
[Tracking] LOST for 10 consecutive frames -> reset
System Reseting
Reseting Local Mapper... done
Reseting Loop Closing... done
Reseting Database... done
0
New map created with 161 points for 0 Feature Type 
Tracking Initlized in 3.72s
The initlized frame ID: 2
The lost frame ID: 14
The lost frame ID: 15
The lost frame ID: 16
The lost frame ID: 17
The lost frame ID: 18
The lost frame ID: 19
The lost frame ID: 20
The lost frame ID: 21
The lost frame ID: 22

Saving camera trajectory to TrajectoryBeforeReset_oxf_kaz_r08_seg07_pid1686582_1757354535755.txt ...

trajectory saved!
[Tracking] wrote pre-reset trajectory to TrajectoryBeforeReset_oxf_kaz_r08_seg07_pid1686582_1757354535755.txt
[Tracking] LOST for 10 consecutive frames -> reset
System Reseting
Reseting Local Mapper... done
Reseting Loop Closing... done
Reseting Database... done
0
New map created with 195 points for 0 Feature Type 
Tracking Initlized in 3.55s
The initlized frame ID: 2
The lost frame ID: 109
The lost frame ID: 111
The lost frame ID: 116
The lost frame ID: 118
The lost frame ID: 130
The lost frame ID: 132
The lost frame ID: 133
The lost frame ID: 134
The lost frame ID: 135
The lost frame ID: 136
The lost frame ID: 137
The lost frame ID: 138
The lost frame ID: 139
The lost frame ID: 140

Saving camera trajectory to TrajectoryBeforeReset_oxf_kaz_r08_seg08_pid1686582_1757354587419.txt ...

trajectory saved!
[Tracking] wrote pre-reset trajectory to TrajectoryBeforeReset_oxf_kaz_r08_seg08_pid1686582_1757354587419.txt
[Tracking] LOST for 10 consecutive frames -> reset
System Reseting
Reseting Local Mapper... done
Reseting Loop Closing... done
Reseting Database... done
0
New map created with 225 points for 0 Feature Type 
Tracking Initlized in 1.93s
The initlized frame ID: 1
Track lost soon after initialisation, reseting...
System Reseting
Reseting Local Mapper... done
Reseting Loop Closing... done
Reseting Database... done
0
New map created with 196 points for 0 Feature Type 
Tracking Initlized in 1.90s
The initlized frame ID: 1
Track lost soon after initialisation, reseting...
System Reseting
Reseting Local Mapper... done
Reseting Loop Closing... done
Reseting Database... done
0
New map created with 155 points for 0 Feature Type 
Tracking Initlized in 3.75s
The initlized frame ID: 2
The lost frame ID: 12
The lost frame ID: 13
The lost frame ID: 14
The lost frame ID: 15
The lost frame ID: 16
The lost frame ID: 17
The lost frame ID: 18
The lost frame ID: 19
The lost frame ID: 20

Saving camera trajectory to TrajectoryBeforeReset_oxf_kaz_r08_seg09_pid1686582_1757354598583.txt ...

trajectory saved!
[Tracking] wrote pre-reset trajectory to TrajectoryBeforeReset_oxf_kaz_r08_seg09_pid1686582_1757354598583.txt
[Tracking] LOST for 10 consecutive frames -> reset
System Reseting
Reseting Local Mapper... done
Reseting Loop Closing... done
Reseting Database... done
0
New map created with 148 points for 0 Feature Type 
Tracking Initlized in 3.74s
The initlized frame ID: 2
The lost frame ID: 128
The lost frame ID: 129
The lost frame ID: 130
The lost frame ID: 131
The lost frame ID: 132
The lost frame ID: 133
The lost frame ID: 134
The lost frame ID: 136
The lost frame ID: 137
The lost frame ID: 138
The lost frame ID: 140
The lost frame ID: 141
The lost frame ID: 142
The lost frame ID: 143
The lost frame ID: 144
The lost frame ID: 145
The lost frame ID: 146
The lost frame ID: 147
The lost frame ID: 148

Saving camera trajectory to TrajectoryBeforeReset_oxf_kaz_r08_seg10_pid1686582_1757354653843.txt ...

trajectory saved!
[Tracking] wrote pre-reset trajectory to TrajectoryBeforeReset_oxf_kaz_r08_seg10_pid1686582_1757354653843.txt
[Tracking] LOST for 10 consecutive frames -> reset
System Reseting
Reseting Local Mapper... done
Reseting Loop Closing... done
Reseting Database... done
0
New map created with 120 points for 0 Feature Type 
Tracking Initlized in 5.75s
The initlized frame ID: 3
The lost frame ID: 575
The lost frame ID: 576
The lost frame ID: 577
The lost frame ID: 578
The lost frame ID: 579
The lost frame ID: 580
The lost frame ID: 581
The lost frame ID: 582
The lost frame ID: 583

Saving camera trajectory to TrajectoryBeforeReset_oxf_kaz_r08_seg11_pid1686582_1757354882823.txt ...

trajectory saved!
[Tracking] wrote pre-reset trajectory to TrajectoryBeforeReset_oxf_kaz_r08_seg11_pid1686582_1757354882823.txt
[Tracking] LOST for 10 consecutive frames -> reset
System Reseting
Reseting Local Mapper... done
Reseting Loop Closing... done
Reseting Database... done
0
New map created with 277 points for 0 Feature Type 
Tracking Initlized in 14.91s
The initlized frame ID: 9
The lost frame ID: 486
The lost frame ID: 488
The lost frame ID: 489
The lost frame ID: 490
The lost frame ID: 491
The lost frame ID: 492
The lost frame ID: 493
The lost frame ID: 494
The lost frame ID: 496
The lost frame ID: 497
The lost frame ID: 498
The lost frame ID: 500
The lost frame ID: 502
The lost frame ID: 503
The lost frame ID: 504
The lost frame ID: 505
The lost frame ID: 506
The lost frame ID: 507
The lost frame ID: 508
The lost frame ID: 509
The lost frame ID: 510

Saving camera trajectory to TrajectoryBeforeReset_oxf_kaz_r08_seg12_pid1686582_1757355078092.txt ...

trajectory saved!
[Tracking] wrote pre-reset trajectory to TrajectoryBeforeReset_oxf_kaz_r08_seg12_pid1686582_1757355078092.txt
[Tracking] LOST for 10 consecutive frames -> reset
System Reseting
Reseting Local Mapper... done
Reseting Loop Closing... done
Reseting Database... done
0
New map created with 182 points for 0 Feature Type 
Tracking Initlized in 8.00s
The initlized frame ID: 5
The lost frame ID: 170
The lost frame ID: 173
The lost frame ID: 174
The lost frame ID: 175
The lost frame ID: 177
The lost frame ID: 178
The lost frame ID: 179
The lost frame ID: 180
The lost frame ID: 182
The lost frame ID: 183
The lost frame ID: 185
The lost frame ID: 186
The lost frame ID: 188
The lost frame ID: 189
The lost frame ID: 190
The lost frame ID: 191
The lost frame ID: 192
The lost frame ID: 193
The lost frame ID: 194
The lost frame ID: 195
The lost frame ID: 196

Saving camera trajectory to TrajectoryBeforeReset_oxf_kaz_r08_seg13_pid1686582_1757355146502.txt ...

trajectory saved!
[Tracking] wrote pre-reset trajectory to TrajectoryBeforeReset_oxf_kaz_r08_seg13_pid1686582_1757355146502.txt
[Tracking] LOST for 10 consecutive frames -> reset
System Reseting
Reseting Local Mapper... done
Reseting Loop Closing... done
Reseting Database... done
0
New map created with 270 points for 0 Feature Type 
Tracking Initlized in 3.67s
The initlized frame ID: 2
The lost frame ID: 707
The lost frame ID: 708
The lost frame ID: 709
The lost frame ID: 710
The lost frame ID: 711
The lost frame ID: 712
The lost frame ID: 713
The lost frame ID: 714
The lost frame ID: 715

Saving camera trajectory to TrajectoryBeforeReset_oxf_kaz_r08_seg14_pid1686582_1757355412290.txt ...

trajectory saved!
[Tracking] wrote pre-reset trajectory to TrajectoryBeforeReset_oxf_kaz_r08_seg14_pid1686582_1757355412290.txt
[Tracking] LOST for 10 consecutive frames -> reset
System Reseting
Reseting Local Mapper... done
Reseting Loop Closing... done
Reseting Database... done
0
New map created with 375 points for 0 Feature Type 
Tracking Initlized in 3.35s
The initlized frame ID: 2
The lost frame ID: 1151
The lost frame ID: 1152
The lost frame ID: 1153
The lost frame ID: 1155
The lost frame ID: 1156
The lost frame ID: 1157
The lost frame ID: 1158
The lost frame ID: 1159
The lost frame ID: 1160
The lost frame ID: 1161
The lost frame ID: 1162
The lost frame ID: 1163

Saving camera trajectory to TrajectoryBeforeReset_oxf_kaz_r08_seg15_pid1686582_1757355805557.txt ...

trajectory saved!
[Tracking] wrote pre-reset trajectory to TrajectoryBeforeReset_oxf_kaz_r08_seg15_pid1686582_1757355805557.txt
[Tracking] LOST for 10 consecutive frames -> reset
System Reseting
Reseting Local Mapper... done
Reseting Loop Closing... done
Reseting Database... done
0
New map created with 278 points for 0 Feature Type 
Tracking Initlized in 22.59s
The initlized frame ID: 14
Track lost soon after initialisation, reseting...
System Reseting
Reseting Local Mapper... done
Reseting Loop Closing... done
Reseting Database... done
0
New map created with 182 points for 0 Feature Type 
Tracking Initlized in 59.71s
The initlized frame ID: 36
The lost frame ID: 1054
The lost frame ID: 1056
The lost frame ID: 1057
The lost frame ID: 1058
The lost frame ID: 1059
The lost frame ID: 1060
The lost frame ID: 1061
The lost frame ID: 1062
The lost frame ID: 1063
The lost frame ID: 1064

Saving camera trajectory to TrajectoryBeforeReset_oxf_kaz_r08_seg16_pid1686582_1757356103598.txt ...

trajectory saved!
[Tracking] wrote pre-reset trajectory to TrajectoryBeforeReset_oxf_kaz_r08_seg16_pid1686582_1757356103598.txt
[Tracking] LOST for 10 consecutive frames -> reset
System Reseting
Reseting Local Mapper... done
Reseting Loop Closing... done
Reseting Database... done
0
New map created with 99 points for 0 Feature Type 
Wrong initialization, reseting...
System Reseting
Reseting Local Mapper... done
Reseting Loop Closing... done
Reseting Database... done
0
New map created with 172 points for 0 Feature Type 
Tracking Initlized in 3.76s
The initlized frame ID: 2
The lost frame ID: 143
The lost frame ID: 144
The lost frame ID: 145
The lost frame ID: 146
The lost frame ID: 147
The lost frame ID: 148
The lost frame ID: 149
The lost frame ID: 150
The lost frame ID: 151

Saving camera trajectory to TrajectoryBeforeReset_oxf_kaz_r08_seg17_pid1686582_1757356152684.txt ...

trajectory saved!
[Tracking] wrote pre-reset trajectory to TrajectoryBeforeReset_oxf_kaz_r08_seg17_pid1686582_1757356152684.txt
[Tracking] LOST for 10 consecutive frames -> reset
System Reseting
Reseting Local Mapper... done
Reseting Loop Closing... done
Reseting Database... done
0
New map created with 187 points for 0 Feature Type 
Tracking Initlized in 3.84s
The initlized frame ID: 2
System::StopViewer()
System::StopViewer() done

Saving correlation status...

Correlation status saved!

System Shutdown
-------

median tracking time: 0.299911
mean tracking time: 0.300445

Saving camera trajectory to result08.txt ...

trajectory saved!
All done

========== Performance Summary (ms) ==========
name                                mean      median        rmse         min         max       count
Lost Count                         1.000       1.000       0.000       1.000       1.000          17
Tracking                           3.517       3.391       1.425       0.822      24.415        7207
Reset Count                        1.000       1.000       0.000       1.000       1.000          22
Correlation                        0.000       0.000       0.000       0.000       0.015        6905
Total Init                     43736.194   43736.194       0.000   43736.194   43736.194           1
Pipeline                         300.225     299.814      48.904     192.014     482.860        7513
KAZE Extract                     294.546     292.882      48.862     190.707     476.252        7513
