Registering ORBextractor...
Registering AKAZEextractor...
Registering BRISKextractor...
Registering SIFTextractor...
Registering KAZEextractor...
Registering SuperPointExtractor...

ORB-SLAM2 Copyright (C) 2014-2016 Raul Mur-Artal, University of Zaragoza.
This program comes with ABSOLUTELY NO WARRANTY;
This is free software, and you are welcome to redistribute it
under certain conditions. See LICENSE.txt.

Input sensor was set to: Monocular

Loading Vocabulary : /home/howard/Refactored_ORB_SLAM2/Install/var/lib/orbslam2/voc/kaze_cv.fbow
This could take a while...
Loading KAZE Vocabulary in FBoW.
KAZE Vocabulary loaded in 0.010526s


Camera Parameters: 
- fx: 983.044
- fy: 983.044
- cx: 643.647
- cy: 493.379
- k1: 0
- k2: 0
- p1: 0
- p2: 0
- fps: 16
- color order: RGB (ignored if grayscale)

[Feature 0] KAZE Extractor Parameters: 
 ( TH_LOW: 0.5, TH_HIGH: 1 )
- Number of Features : 2000
- Scale Levels       : 4
- Scale Factor       : 1.2
- Threshold          : 0.001
- nOctaves           : 4
- nOctaveLayers      : 4
- Extended (128‑dim) : 0
- Upright            : 0

-------
Start processing sequence ...
Images in the sequence: 7513

0
New map created with 885 points for 0 Feature Type 
Tracking Initlized in 330.90s
The initlized frame ID: 153
The lost frame ID: 830
The lost frame ID: 831
The lost frame ID: 832
The lost frame ID: 833
The lost frame ID: 834
The lost frame ID: 835
The lost frame ID: 836
The lost frame ID: 837
The lost frame ID: 838

Saving camera trajectory to TrajectoryBeforeReset_oxf_kaz_r02_seg01_pid749553_1757437057482.txt ...

trajectory saved!
[Tracking] wrote pre-reset trajectory to TrajectoryBeforeReset_oxf_kaz_r02_seg01_pid749553_1757437057482.txt
[Tracking] LOST for 10 consecutive frames -> reset
System Reseting
Reseting Local Mapper... done
Reseting Loop Closing... done
Reseting Database... done
0
New map created with 295 points for 0 Feature Type 
Tracking Initlized in 3.75s
The initlized frame ID: 2
The lost frame ID: 626
The lost frame ID: 628
The lost frame ID: 631
The lost frame ID: 641
The lost frame ID: 643
The lost frame ID: 644
The lost frame ID: 649
The lost frame ID: 650
The lost frame ID: 652
The lost frame ID: 653
The lost frame ID: 654
The lost frame ID: 655
The lost frame ID: 656
The lost frame ID: 657
The lost frame ID: 658
The lost frame ID: 661
The lost frame ID: 662
The lost frame ID: 663
The lost frame ID: 664
The lost frame ID: 665
The lost frame ID: 666
The lost frame ID: 667
The lost frame ID: 668
The lost frame ID: 669

Saving camera trajectory to TrajectoryBeforeReset_oxf_kaz_r02_seg02_pid749553_1757437374619.txt ...

trajectory saved!
[Tracking] wrote pre-reset trajectory to TrajectoryBeforeReset_oxf_kaz_r02_seg02_pid749553_1757437374619.txt
[Tracking] LOST for 10 consecutive frames -> reset
System Reseting
Reseting Local Mapper... done
Reseting Loop Closing... done
Reseting Database... done
0
New map created with 971 points for 0 Feature Type 
Tracking Initlized in 6.84s
The initlized frame ID: 3
The lost frame ID: 1501
The lost frame ID: 2040
The lost frame ID: 2042
The lost frame ID: 2043
The lost frame ID: 2044
The lost frame ID: 2045
The lost frame ID: 2046
The lost frame ID: 2047
The lost frame ID: 2048
The lost frame ID: 2049
The lost frame ID: 2050

Saving camera trajectory to TrajectoryBeforeReset_oxf_kaz_r02_seg03_pid749553_1757438504387.txt ...

trajectory saved!
[Tracking] wrote pre-reset trajectory to TrajectoryBeforeReset_oxf_kaz_r02_seg03_pid749553_1757438504387.txt
[Tracking] LOST for 10 consecutive frames -> reset
System Reseting
Reseting Local Mapper... done
Reseting Loop Closing... done
Reseting Database... done
0
New map created with 587 points for 0 Feature Type 
Tracking Initlized in 4.26s
The initlized frame ID: 2
The lost frame ID: 1409
The lost frame ID: 1410
The lost frame ID: 1411
The lost frame ID: 1412
The lost frame ID: 1413
The lost frame ID: 1414
The lost frame ID: 1415
The lost frame ID: 1417
The lost frame ID: 1418
The lost frame ID: 1419
The lost frame ID: 1420
The lost frame ID: 1421
The lost frame ID: 1422
The lost frame ID: 1423
The lost frame ID: 1424
The lost frame ID: 1425

Saving camera trajectory to TrajectoryBeforeReset_oxf_kaz_r02_seg04_pid749553_1757439153920.txt ...

trajectory saved!
[Tracking] wrote pre-reset trajectory to TrajectoryBeforeReset_oxf_kaz_r02_seg04_pid749553_1757439153920.txt
[Tracking] LOST for 10 consecutive frames -> reset
System Reseting
Reseting Local Mapper... done
Reseting Loop Closing... done
Reseting Database... done
0
New map created with 361 points for 0 Feature Type 
Tracking Initlized in 3.97s
The initlized frame ID: 2
The lost frame ID: 2236
The lost frame ID: 2237
The lost frame ID: 2238
The lost frame ID: 2239
The lost frame ID: 2240
The lost frame ID: 2241
The lost frame ID: 2242
The lost frame ID: 2243
The lost frame ID: 2244

Saving camera trajectory to TrajectoryBeforeReset_oxf_kaz_r02_seg05_pid749553_1757440157815.txt ...

trajectory saved!
[Tracking] wrote pre-reset trajectory to TrajectoryBeforeReset_oxf_kaz_r02_seg05_pid749553_1757440157815.txt
[Tracking] LOST for 10 consecutive frames -> reset
System Reseting
Reseting Local Mapper... done
Reseting Loop Closing... done
Reseting Database... done
0
New map created with 372 points for 0 Feature Type 
Tracking Initlized in 19.99s
The initlized frame ID: 10
The lost frame ID: 156
The lost frame ID: 157
The lost frame ID: 158
The lost frame ID: 159
The lost frame ID: 160
The lost frame ID: 162
The lost frame ID: 163
The lost frame ID: 164
The lost frame ID: 166
The lost frame ID: 167
The lost frame ID: 168
The lost frame ID: 169
The lost frame ID: 170
The lost frame ID: 171
The lost frame ID: 172
The lost frame ID: 173
The lost frame ID: 174

Saving camera trajectory to TrajectoryBeforeReset_oxf_kaz_r02_seg06_pid749553_1757440238930.txt ...

trajectory saved!
[Tracking] wrote pre-reset trajectory to TrajectoryBeforeReset_oxf_kaz_r02_seg06_pid749553_1757440238930.txt
[Tracking] LOST for 10 consecutive frames -> reset
System Reseting
Reseting Local Mapper... done
Reseting Loop Closing... done
Reseting Database... done
0
New map created with 747 points for 0 Feature Type 
Tracking Initlized in 2.12s
The initlized frame ID: 1
System::StopViewer()
System::StopViewer() done

Saving correlation status...

Correlation status saved!

System Shutdown
-------

median tracking time: 0.467011
mean tracking time: 0.481471

Saving camera trajectory to result02.txt ...

trajectory saved!
All done

========== Performance Summary (ms) ==========
name                                mean      median        rmse         min         max       count
Lost Count                         1.000       1.000       0.000       1.000       1.000           6
Tracking                          11.108      10.360       5.687       1.891     233.430        7333
Reset Count                        1.000       1.000       0.000       1.000       1.000           6
Correlation                        0.001       0.001       0.000       0.000       0.022        7241
Total Init                     82466.252   82466.252       0.000   82466.252   82466.252           1
Pipeline                         480.861     466.894      67.952     307.213     822.919        7513
KAZE Extract                     464.774     451.201      66.301     297.697     800.201        7513
