Registering ORBextractor...
Registering AKAZEextractor...
Registering BRISKextractor...
Registering SIFTextractor...
Registering KAZEextractor...
Registering SuperPointExtractor...

ORB-SLAM2 Copyright (C) 2014-2016 Raul Mur-Artal, University of Zaragoza.
This program comes with ABSOLUTELY NO WARRANTY;
This is free software, and you are welcome to redistribute it
under certain conditions. See LICENSE.txt.

Input sensor was set to: Monocular

Loading Vocabulary : /home/howard/Refactored_ORB_SLAM2/Install/var/lib/orbslam2/voc/kaze_cv.fbow
This could take a while...
Loading KAZE Vocabulary in FBoW.
KAZE Vocabulary loaded in 0.007324s


Camera Parameters: 
- fx: 983.044
- fy: 983.044
- cx: 643.647
- cy: 493.379
- k1: 0
- k2: 0
- p1: 0
- p2: 0
- fps: 16
- color order: RGB (ignored if grayscale)

[Feature 0] KAZE Extractor Parameters: 
 ( TH_LOW: 0.5, TH_HIGH: 1 )
- Number of Features : 1000
- Scale Levels       : 4
- Scale Factor       : 1.2
- Threshold          : 0.0005
- nOctaves           : 4
- nOctaveLayers      : 4
- Extended (128‑dim) : 0
- Upright            : 0

-------
Start processing sequence ...
Images in the sequence: 7513

0
New map created with 350 points for 0 Feature Type 
Tracking Initlized in 246.82s
The initlized frame ID: 141
The lost frame ID: 830
The lost frame ID: 831
The lost frame ID: 832
The lost frame ID: 833
The lost frame ID: 834
The lost frame ID: 835
The lost frame ID: 836
The lost frame ID: 837
The lost frame ID: 838

Saving camera trajectory to TrajectoryBeforeReset_oxf_kaz_r05_seg01_pid1051719_1757346524747.txt ...

trajectory saved!
[Tracking] wrote pre-reset trajectory to TrajectoryBeforeReset_oxf_kaz_r05_seg01_pid1051719_1757346524747.txt
[Tracking] LOST for 10 consecutive frames -> reset
System Reseting
Reseting Local Mapper... done
Reseting Loop Closing... done
Reseting Database... done
0
New map created with 119 points for 0 Feature Type 
Tracking Initlized in 4.91s
The initlized frame ID: 3
The lost frame ID: 334
The lost frame ID: 338
The lost frame ID: 344
The lost frame ID: 346
The lost frame ID: 351
The lost frame ID: 353
The lost frame ID: 356
The lost frame ID: 358
The lost frame ID: 359
The lost frame ID: 360
The lost frame ID: 365
The lost frame ID: 380
The lost frame ID: 381
The lost frame ID: 385
The lost frame ID: 390
The lost frame ID: 392
The lost frame ID: 396
The lost frame ID: 398
The lost frame ID: 399
The lost frame ID: 402
The lost frame ID: 403
The lost frame ID: 405
The lost frame ID: 406
The lost frame ID: 407
The lost frame ID: 409
The lost frame ID: 410
The lost frame ID: 411
The lost frame ID: 412
The lost frame ID: 413
The lost frame ID: 415
The lost frame ID: 416
The lost frame ID: 417
The lost frame ID: 419
The lost frame ID: 425
The lost frame ID: 427
The lost frame ID: 431
The lost frame ID: 434
The lost frame ID: 438
The lost frame ID: 439
The lost frame ID: 440
The lost frame ID: 441
The lost frame ID: 442
The lost frame ID: 444
The lost frame ID: 445
The lost frame ID: 446
The lost frame ID: 447
The lost frame ID: 448
The lost frame ID: 449
The lost frame ID: 451
The lost frame ID: 452
The lost frame ID: 453
The lost frame ID: 454
The lost frame ID: 455
The lost frame ID: 456
The lost frame ID: 457
The lost frame ID: 458
The lost frame ID: 459

Saving camera trajectory to TrajectoryBeforeReset_oxf_kaz_r05_seg02_pid1051719_1757346659163.txt ...

trajectory saved!
[Tracking] wrote pre-reset trajectory to TrajectoryBeforeReset_oxf_kaz_r05_seg02_pid1051719_1757346659163.txt
[Tracking] LOST for 10 consecutive frames -> reset
System Reseting
Reseting Local Mapper... done
Reseting Loop Closing... done
Reseting Database... done
0
New map created with 222 points for 0 Feature Type 
Tracking Initlized in 4.85s
The initlized frame ID: 3
The lost frame ID: 153
The lost frame ID: 154
The lost frame ID: 155
The lost frame ID: 156
The lost frame ID: 157
The lost frame ID: 158
The lost frame ID: 159
The lost frame ID: 160
The lost frame ID: 161

Saving camera trajectory to TrajectoryBeforeReset_oxf_kaz_r05_seg03_pid1051719_1757346706294.txt ...

trajectory saved!
[Tracking] wrote pre-reset trajectory to TrajectoryBeforeReset_oxf_kaz_r05_seg03_pid1051719_1757346706294.txt
[Tracking] LOST for 10 consecutive frames -> reset
System Reseting
Reseting Local Mapper... done
Reseting Loop Closing... done
Reseting Database... done
0
New map created with 211 points for 0 Feature Type 
Tracking Initlized in 8.06s
The initlized frame ID: 5
The lost frame ID: 14
The lost frame ID: 15
The lost frame ID: 16
The lost frame ID: 17
The lost frame ID: 18
The lost frame ID: 19
The lost frame ID: 20
The lost frame ID: 21
The lost frame ID: 22

Saving camera trajectory to TrajectoryBeforeReset_oxf_kaz_r05_seg04_pid1051719_1757346712731.txt ...

trajectory saved!
[Tracking] wrote pre-reset trajectory to TrajectoryBeforeReset_oxf_kaz_r05_seg04_pid1051719_1757346712731.txt
[Tracking] LOST for 10 consecutive frames -> reset
System Reseting
Reseting Local Mapper... done
Reseting Loop Closing... done
Reseting Database... done
0
New map created with 140 points for 0 Feature Type 
Tracking Initlized in 5.12s
The initlized frame ID: 3
Track lost soon after initialisation, reseting...
System Reseting
Reseting Local Mapper... done
Reseting Loop Closing... done
Reseting Database... done
0
New map created with 133 points for 0 Feature Type 
Tracking Initlized in 5.10s
The initlized frame ID: 3
The lost frame ID: 249
The lost frame ID: 250
The lost frame ID: 251
The lost frame ID: 252
The lost frame ID: 253
The lost frame ID: 254
The lost frame ID: 255
The lost frame ID: 256
The lost frame ID: 257

Saving camera trajectory to TrajectoryBeforeReset_oxf_kaz_r05_seg05_pid1051719_1757346794236.txt ...

trajectory saved!
[Tracking] wrote pre-reset trajectory to TrajectoryBeforeReset_oxf_kaz_r05_seg05_pid1051719_1757346794236.txt
[Tracking] LOST for 10 consecutive frames -> reset
System Reseting
Reseting Local Mapper... done
Reseting Loop Closing... done
Reseting Database... done
0
New map created with 194 points for 0 Feature Type 
Tracking Initlized in 5.23s
The initlized frame ID: 3
The lost frame ID: 895
The lost frame ID: 896
The lost frame ID: 897
The lost frame ID: 898
The lost frame ID: 900
The lost frame ID: 901
The lost frame ID: 902
The lost frame ID: 903
The lost frame ID: 904
The lost frame ID: 905
The lost frame ID: 906
The lost frame ID: 907
The lost frame ID: 908

Saving camera trajectory to TrajectoryBeforeReset_oxf_kaz_r05_seg06_pid1051719_1757347095730.txt ...

trajectory saved!
[Tracking] wrote pre-reset trajectory to TrajectoryBeforeReset_oxf_kaz_r05_seg06_pid1051719_1757347095730.txt
[Tracking] LOST for 10 consecutive frames -> reset
System Reseting
Reseting Local Mapper... done
Reseting Loop Closing... done
Reseting Database... done
0
New map created with 186 points for 0 Feature Type 
Tracking Initlized in 3.42s
The initlized frame ID: 2
Track lost soon after initialisation, reseting...
System Reseting
Reseting Local Mapper... done
Reseting Loop Closing... done
Reseting Database... done
0
New map created with 214 points for 0 Feature Type 
Tracking Initlized in 1.69s
The initlized frame ID: 1
The lost frame ID: 100
The lost frame ID: 109
The lost frame ID: 112
The lost frame ID: 117
The lost frame ID: 119
The lost frame ID: 121
The lost frame ID: 122
The lost frame ID: 123
The lost frame ID: 127
The lost frame ID: 128
The lost frame ID: 129
The lost frame ID: 130
The lost frame ID: 131
The lost frame ID: 132
The lost frame ID: 133
The lost frame ID: 134
The lost frame ID: 136
The lost frame ID: 137
The lost frame ID: 138
The lost frame ID: 139
The lost frame ID: 141
The lost frame ID: 142
The lost frame ID: 143
The lost frame ID: 144
The lost frame ID: 145
The lost frame ID: 147
The lost frame ID: 148
The lost frame ID: 149
The lost frame ID: 150
The lost frame ID: 151
The lost frame ID: 152
The lost frame ID: 153
The lost frame ID: 154
The lost frame ID: 155

Saving camera trajectory to TrajectoryBeforeReset_oxf_kaz_r05_seg07_pid1051719_1757347150447.txt ...

trajectory saved!
[Tracking] wrote pre-reset trajectory to TrajectoryBeforeReset_oxf_kaz_r05_seg07_pid1051719_1757347150447.txt
[Tracking] LOST for 10 consecutive frames -> reset
System Reseting
Reseting Local Mapper... done
Reseting Loop Closing... done
Reseting Database... done
0
New map created with 165 points for 0 Feature Type 
Tracking Initlized in 3.56s
The initlized frame ID: 2
The lost frame ID: 132
The lost frame ID: 133
The lost frame ID: 134
The lost frame ID: 137
The lost frame ID: 139
The lost frame ID: 141
The lost frame ID: 142
The lost frame ID: 144
The lost frame ID: 145
The lost frame ID: 146
The lost frame ID: 147
The lost frame ID: 149
The lost frame ID: 150
The lost frame ID: 151
The lost frame ID: 152
The lost frame ID: 154
The lost frame ID: 155
The lost frame ID: 157
The lost frame ID: 158
The lost frame ID: 159
The lost frame ID: 160
The lost frame ID: 161
The lost frame ID: 162
The lost frame ID: 164
The lost frame ID: 165
The lost frame ID: 166
The lost frame ID: 167
The lost frame ID: 169
The lost frame ID: 170
The lost frame ID: 171
The lost frame ID: 172
The lost frame ID: 174
The lost frame ID: 175
The lost frame ID: 176
The lost frame ID: 177
The lost frame ID: 178
The lost frame ID: 179
The lost frame ID: 180
The lost frame ID: 181
The lost frame ID: 182

Saving camera trajectory to TrajectoryBeforeReset_oxf_kaz_r05_seg08_pid1051719_1757347215066.txt ...

trajectory saved!
[Tracking] wrote pre-reset trajectory to TrajectoryBeforeReset_oxf_kaz_r05_seg08_pid1051719_1757347215066.txt
[Tracking] LOST for 10 consecutive frames -> reset
System Reseting
Reseting Local Mapper... done
Reseting Loop Closing... done
Reseting Database... done
0
New map created with 198 points for 0 Feature Type 
Tracking Initlized in 3.83s
The initlized frame ID: 2
The lost frame ID: 549
The lost frame ID: 550
The lost frame ID: 551
The lost frame ID: 552
The lost frame ID: 553
The lost frame ID: 554
The lost frame ID: 555
The lost frame ID: 556
The lost frame ID: 557

Saving camera trajectory to TrajectoryBeforeReset_oxf_kaz_r05_seg09_pid1051719_1757347438621.txt ...

trajectory saved!
[Tracking] wrote pre-reset trajectory to TrajectoryBeforeReset_oxf_kaz_r05_seg09_pid1051719_1757347438621.txt
[Tracking] LOST for 10 consecutive frames -> reset
System Reseting
Reseting Local Mapper... done
Reseting Loop Closing... done
Reseting Database... done
0
New map created with 227 points for 0 Feature Type 
Tracking Initlized in 10.11s
The initlized frame ID: 6
The lost frame ID: 483
The lost frame ID: 485
The lost frame ID: 486
The lost frame ID: 487
The lost frame ID: 488
The lost frame ID: 489
The lost frame ID: 490
The lost frame ID: 491
The lost frame ID: 492
The lost frame ID: 493

Saving camera trajectory to TrajectoryBeforeReset_oxf_kaz_r05_seg10_pid1051719_1757347619856.txt ...

trajectory saved!
[Tracking] wrote pre-reset trajectory to TrajectoryBeforeReset_oxf_kaz_r05_seg10_pid1051719_1757347619856.txt
[Tracking] LOST for 10 consecutive frames -> reset
System Reseting
Reseting Local Mapper... done
Reseting Loop Closing... done
Reseting Database... done
0
New map created with 155 points for 0 Feature Type 
Tracking Initlized in 30.07s
The initlized frame ID: 19
The lost frame ID: 918
The lost frame ID: 919
The lost frame ID: 920
The lost frame ID: 921
The lost frame ID: 922
The lost frame ID: 923
The lost frame ID: 924
The lost frame ID: 926
The lost frame ID: 927
The lost frame ID: 928
The lost frame ID: 929
The lost frame ID: 930
The lost frame ID: 931
The lost frame ID: 932
The lost frame ID: 933
The lost frame ID: 934

Saving camera trajectory to TrajectoryBeforeReset_oxf_kaz_r05_seg11_pid1051719_1757347968324.txt ...

trajectory saved!
[Tracking] wrote pre-reset trajectory to TrajectoryBeforeReset_oxf_kaz_r05_seg11_pid1051719_1757347968324.txt
[Tracking] LOST for 10 consecutive frames -> reset
System Reseting
Reseting Local Mapper... done
Reseting Loop Closing... done
Reseting Database... done
0
New map created with 315 points for 0 Feature Type 
Tracking Initlized in 3.27s
The initlized frame ID: 2
Track lost soon after initialisation, reseting...
System Reseting
Reseting Local Mapper... done
Reseting Loop Closing... done
Reseting Database... done
0
New map created with 227 points for 0 Feature Type 
Tracking Initlized in 3.26s
The initlized frame ID: 2
Track lost soon after initialisation, reseting...
System Reseting
Reseting Local Mapper... done
Reseting Loop Closing... done
Reseting Database... done
0
New map created with 252 points for 0 Feature Type 
Tracking Initlized in 3.34s
The initlized frame ID: 2
The lost frame ID: 1132
The lost frame ID: 1133
The lost frame ID: 2218
The lost frame ID: 2219
The lost frame ID: 2220
The lost frame ID: 2221
The lost frame ID: 2222
The lost frame ID: 2223
The lost frame ID: 2224
The lost frame ID: 2225
The lost frame ID: 2226

Saving camera trajectory to TrajectoryBeforeReset_oxf_kaz_r05_seg12_pid1051719_1757348677128.txt ...

trajectory saved!
[Tracking] wrote pre-reset trajectory to TrajectoryBeforeReset_oxf_kaz_r05_seg12_pid1051719_1757348677128.txt
[Tracking] LOST for 10 consecutive frames -> reset
System Reseting
Reseting Local Mapper... done
Reseting Loop Closing... done
Reseting Database... done
0
New map created with 109 points for 0 Feature Type 
Tracking Initlized in 29.68s
The initlized frame ID: 20
The lost frame ID: 164
The lost frame ID: 165
The lost frame ID: 166
The lost frame ID: 167
The lost frame ID: 168
The lost frame ID: 169
The lost frame ID: 170
The lost frame ID: 171
The lost frame ID: 172

Saving camera trajectory to TrajectoryBeforeReset_oxf_kaz_r05_seg13_pid1051719_1757348727100.txt ...

trajectory saved!
[Tracking] wrote pre-reset trajectory to TrajectoryBeforeReset_oxf_kaz_r05_seg13_pid1051719_1757348727100.txt
[Tracking] LOST for 10 consecutive frames -> reset
System Reseting
Reseting Local Mapper... done
Reseting Loop Closing... done
Reseting Database... done
0
New map created with 188 points for 0 Feature Type 
Tracking Initlized in 3.88s
The initlized frame ID: 2
System::StopViewer()
System::StopViewer() done

Saving correlation status...

Correlation status saved!

System Shutdown
-------

median tracking time: 0.299472
mean tracking time: 0.300874

Saving camera trajectory to result05.txt ...

trajectory saved!
All done

========== Performance Summary (ms) ==========
name                                mean      median        rmse         min         max       count
Lost Count                         1.000       1.000       0.000       1.000       1.000          13
Tracking                           3.583       3.490       1.429       0.768      27.049        7274
Reset Count                        1.000       1.000       0.000       1.000       1.000          17
Correlation                        0.000       0.000       0.000       0.000       0.014        7022
Total Init                     43217.592   43217.592       0.000   43217.592   43217.592           1
Pipeline                         300.640     299.318      47.218     194.301     503.186        7513
KAZE Extract                     294.919     293.394      47.176     192.661     498.669        7513
