Registering ORBextractor...
Registering AKAZEextractor...
Registering BRISKextractor...
Registering SIFTextractor...
Registering KAZEextractor...
Registering SuperPointExtractor...

ORB-SLAM2 Copyright (C) 2014-2016 Raul Mur-Artal, University of Zaragoza.
This program comes with ABSOLUTELY NO WARRANTY;
This is free software, and you are welcome to redistribute it
under certain conditions. See LICENSE.txt.

Input sensor was set to: Monocular

Loading Vocabulary : /home/howard/Refactored_ORB_SLAM2/Install/var/lib/orbslam2/voc/kaze_cv.fbow
This could take a while...
Loading KAZE Vocabulary in FBoW.
KAZE Vocabulary loaded in 0.185390s


Camera Parameters: 
- fx: 983.044
- fy: 983.044
- cx: 643.647
- cy: 493.379
- k1: 0
- k2: 0
- p1: 0
- p2: 0
- fps: 16
- color order: RGB (ignored if grayscale)

[Feature 0] KAZE Extractor Parameters: 
 ( TH_LOW: 0.5, TH_HIGH: 1 )
- Number of Features : 1000
- Scale Levels       : 4
- Scale Factor       : 1.2
- Threshold          : 0.0005
- nOctaves           : 4
- nOctaveLayers      : 4
- Extended (128‑dim) : 0
- Upright            : 0

-------
Start processing sequence ...
Images in the sequence: 7513

0
New map created with 350 points for 0 Feature Type 
Tracking Initlized in 268.88s
The initlized frame ID: 141
The lost frame ID: 830
The lost frame ID: 831
The lost frame ID: 832
The lost frame ID: 833
The lost frame ID: 834
The lost frame ID: 835
The lost frame ID: 836
The lost frame ID: 837
The lost frame ID: 838

Saving camera trajectory to TrajectoryBeforeReset_oxf_kaz_r12_seg01_pid2592868_1757365433057.txt ...

trajectory saved!
[Tracking] wrote pre-reset trajectory to TrajectoryBeforeReset_oxf_kaz_r12_seg01_pid2592868_1757365433057.txt
[Tracking] LOST for 10 consecutive frames -> reset
System Reseting
Reseting Local Mapper... done
Reseting Loop Closing... done
Reseting Database... done
0
New map created with 119 points for 0 Feature Type 
Tracking Initlized in 5.44s
The initlized frame ID: 3
The lost frame ID: 334
The lost frame ID: 346
The lost frame ID: 350
The lost frame ID: 352
The lost frame ID: 355
The lost frame ID: 360
The lost frame ID: 362
The lost frame ID: 365
The lost frame ID: 367
The lost frame ID: 371
The lost frame ID: 372
The lost frame ID: 378
The lost frame ID: 381
The lost frame ID: 384
The lost frame ID: 386
The lost frame ID: 389
The lost frame ID: 392
The lost frame ID: 398
The lost frame ID: 400
The lost frame ID: 401
The lost frame ID: 402
The lost frame ID: 403
The lost frame ID: 405
The lost frame ID: 406
The lost frame ID: 407
The lost frame ID: 408
The lost frame ID: 409
The lost frame ID: 410
The lost frame ID: 411
The lost frame ID: 413
The lost frame ID: 414
The lost frame ID: 416
The lost frame ID: 423
The lost frame ID: 425
The lost frame ID: 432
The lost frame ID: 433
The lost frame ID: 434
The lost frame ID: 435
The lost frame ID: 437
The lost frame ID: 438
The lost frame ID: 439
The lost frame ID: 440
The lost frame ID: 442
The lost frame ID: 444
The lost frame ID: 447
The lost frame ID: 451
The lost frame ID: 452
The lost frame ID: 453
The lost frame ID: 454
The lost frame ID: 456
The lost frame ID: 457
The lost frame ID: 458
The lost frame ID: 459
The lost frame ID: 460
The lost frame ID: 461
The lost frame ID: 462
The lost frame ID: 463
The lost frame ID: 464

Saving camera trajectory to TrajectoryBeforeReset_oxf_kaz_r12_seg02_pid2592868_1757365592297.txt ...

trajectory saved!
[Tracking] wrote pre-reset trajectory to TrajectoryBeforeReset_oxf_kaz_r12_seg02_pid2592868_1757365592297.txt
[Tracking] LOST for 10 consecutive frames -> reset
System Reseting
Reseting Local Mapper... done
Reseting Loop Closing... done
Reseting Database... done
0
New map created with 323 points for 0 Feature Type 
Tracking Initlized in 5.12s
The initlized frame ID: 3
The lost frame ID: 176
The lost frame ID: 177
The lost frame ID: 178
The lost frame ID: 179
The lost frame ID: 180
The lost frame ID: 181
The lost frame ID: 182
The lost frame ID: 184
The lost frame ID: 188
The lost frame ID: 189
The lost frame ID: 190
The lost frame ID: 192
The lost frame ID: 195
The lost frame ID: 199
The lost frame ID: 200
The lost frame ID: 201
The lost frame ID: 205
The lost frame ID: 206
The lost frame ID: 207
The lost frame ID: 208
The lost frame ID: 209
The lost frame ID: 212
The lost frame ID: 213
The lost frame ID: 214
The lost frame ID: 215
The lost frame ID: 216
The lost frame ID: 217
The lost frame ID: 218
The lost frame ID: 219
The lost frame ID: 220

Saving camera trajectory to TrajectoryBeforeReset_oxf_kaz_r12_seg03_pid2592868_1757365668557.txt ...

trajectory saved!
[Tracking] wrote pre-reset trajectory to TrajectoryBeforeReset_oxf_kaz_r12_seg03_pid2592868_1757365668557.txt
[Tracking] LOST for 10 consecutive frames -> reset
System Reseting
Reseting Local Mapper... done
Reseting Loop Closing... done
Reseting Database... done
0
New map created with 393 points for 0 Feature Type 
Tracking Initlized in 3.96s
The initlized frame ID: 2
The lost frame ID: 213
The lost frame ID: 214
The lost frame ID: 215
The lost frame ID: 216
The lost frame ID: 217
The lost frame ID: 218
The lost frame ID: 219
The lost frame ID: 220
The lost frame ID: 221

Saving camera trajectory to TrajectoryBeforeReset_oxf_kaz_r12_seg04_pid2592868_1757365744629.txt ...

trajectory saved!
[Tracking] wrote pre-reset trajectory to TrajectoryBeforeReset_oxf_kaz_r12_seg04_pid2592868_1757365744629.txt
[Tracking] LOST for 10 consecutive frames -> reset
System Reseting
Reseting Local Mapper... done
Reseting Loop Closing... done
Reseting Database... done
0
New map created with 168 points for 0 Feature Type 
Tracking Initlized in 5.38s
The initlized frame ID: 3
The lost frame ID: 300
The lost frame ID: 301
The lost frame ID: 302
The lost frame ID: 306
The lost frame ID: 307
The lost frame ID: 309
The lost frame ID: 310
The lost frame ID: 311
The lost frame ID: 312
The lost frame ID: 313
The lost frame ID: 316
The lost frame ID: 319
The lost frame ID: 320
The lost frame ID: 321
The lost frame ID: 323
The lost frame ID: 324
The lost frame ID: 325
The lost frame ID: 327
The lost frame ID: 330
The lost frame ID: 331
The lost frame ID: 332
The lost frame ID: 333
The lost frame ID: 335
The lost frame ID: 336
The lost frame ID: 337
The lost frame ID: 338
The lost frame ID: 339
The lost frame ID: 340
The lost frame ID: 341
The lost frame ID: 342
The lost frame ID: 343

Saving camera trajectory to TrajectoryBeforeReset_oxf_kaz_r12_seg05_pid2592868_1757365859632.txt ...

trajectory saved!
[Tracking] wrote pre-reset trajectory to TrajectoryBeforeReset_oxf_kaz_r12_seg05_pid2592868_1757365859632.txt
[Tracking] LOST for 10 consecutive frames -> reset
System Reseting
Reseting Local Mapper... done
Reseting Loop Closing... done
Reseting Database... done
0
New map created with 227 points for 0 Feature Type 
Tracking Initlized in 1.78s
The initlized frame ID: 1
The lost frame ID: 458
The lost frame ID: 460
The lost frame ID: 464
The lost frame ID: 467
The lost frame ID: 470
The lost frame ID: 472
The lost frame ID: 473
The lost frame ID: 474
The lost frame ID: 475
The lost frame ID: 476
The lost frame ID: 478
The lost frame ID: 480
The lost frame ID: 481
The lost frame ID: 483
The lost frame ID: 484
The lost frame ID: 485
The lost frame ID: 486
The lost frame ID: 488
The lost frame ID: 489
The lost frame ID: 490
The lost frame ID: 491
The lost frame ID: 493
The lost frame ID: 495
The lost frame ID: 496
The lost frame ID: 497
The lost frame ID: 498
The lost frame ID: 499
The lost frame ID: 501
The lost frame ID: 502
The lost frame ID: 503
The lost frame ID: 505
The lost frame ID: 506
The lost frame ID: 507
The lost frame ID: 508
The lost frame ID: 511
The lost frame ID: 512
The lost frame ID: 514
The lost frame ID: 516
The lost frame ID: 517
The lost frame ID: 518
The lost frame ID: 519
The lost frame ID: 520
The lost frame ID: 521
The lost frame ID: 522
The lost frame ID: 523
The lost frame ID: 524

Saving camera trajectory to TrajectoryBeforeReset_oxf_kaz_r12_seg06_pid2592868_1757366038227.txt ...

trajectory saved!
[Tracking] wrote pre-reset trajectory to TrajectoryBeforeReset_oxf_kaz_r12_seg06_pid2592868_1757366038227.txt
[Tracking] LOST for 10 consecutive frames -> reset
System Reseting
Reseting Local Mapper... done
Reseting Loop Closing... done
Reseting Database... done
0
New map created with 271 points for 0 Feature Type 
Tracking Initlized in 1.95s
The initlized frame ID: 1
The lost frame ID: 12
The lost frame ID: 13
The lost frame ID: 14
The lost frame ID: 15
The lost frame ID: 16
The lost frame ID: 17
The lost frame ID: 18
The lost frame ID: 19
The lost frame ID: 21
The lost frame ID: 22
The lost frame ID: 23
The lost frame ID: 24
The lost frame ID: 25
The lost frame ID: 26
The lost frame ID: 27
The lost frame ID: 28
The lost frame ID: 29

Saving camera trajectory to TrajectoryBeforeReset_oxf_kaz_r12_seg07_pid2592868_1757366049877.txt ...

trajectory saved!
[Tracking] wrote pre-reset trajectory to TrajectoryBeforeReset_oxf_kaz_r12_seg07_pid2592868_1757366049877.txt
[Tracking] LOST for 10 consecutive frames -> reset
System Reseting
Reseting Local Mapper... done
Reseting Loop Closing... done
Reseting Database... done
0
New map created with 177 points for 0 Feature Type 
Tracking Initlized in 1.92s
The initlized frame ID: 1
The lost frame ID: 114
The lost frame ID: 124
The lost frame ID: 125
The lost frame ID: 126
The lost frame ID: 127
The lost frame ID: 128
The lost frame ID: 136
The lost frame ID: 137
The lost frame ID: 139
The lost frame ID: 140
The lost frame ID: 141
The lost frame ID: 142
The lost frame ID: 143
The lost frame ID: 144
The lost frame ID: 145
The lost frame ID: 146
The lost frame ID: 147

Saving camera trajectory to TrajectoryBeforeReset_oxf_kaz_r12_seg08_pid2592868_1757366100252.txt ...

trajectory saved!
[Tracking] wrote pre-reset trajectory to TrajectoryBeforeReset_oxf_kaz_r12_seg08_pid2592868_1757366100252.txt
[Tracking] LOST for 10 consecutive frames -> reset
System Reseting
Reseting Local Mapper... done
Reseting Loop Closing... done
Reseting Database... done
0
New map created with 224 points for 0 Feature Type 
Tracking Initlized in 1.89s
The initlized frame ID: 1
The lost frame ID: 153
The lost frame ID: 154
The lost frame ID: 155
The lost frame ID: 156
The lost frame ID: 157
The lost frame ID: 158
The lost frame ID: 159
The lost frame ID: 160
The lost frame ID: 162
The lost frame ID: 163
The lost frame ID: 164
The lost frame ID: 165
The lost frame ID: 166
The lost frame ID: 167
The lost frame ID: 168
The lost frame ID: 169
The lost frame ID: 172
The lost frame ID: 174
The lost frame ID: 176
The lost frame ID: 179
The lost frame ID: 180
The lost frame ID: 181
The lost frame ID: 182
The lost frame ID: 183
The lost frame ID: 185
The lost frame ID: 186
The lost frame ID: 187
The lost frame ID: 188
The lost frame ID: 189
The lost frame ID: 191
The lost frame ID: 192
The lost frame ID: 193
The lost frame ID: 194
The lost frame ID: 196
The lost frame ID: 197
The lost frame ID: 198
The lost frame ID: 199
The lost frame ID: 200
The lost frame ID: 201
The lost frame ID: 202
The lost frame ID: 203
The lost frame ID: 204

Saving camera trajectory to TrajectoryBeforeReset_oxf_kaz_r12_seg09_pid2592868_1757366174697.txt ...

trajectory saved!
[Tracking] wrote pre-reset trajectory to TrajectoryBeforeReset_oxf_kaz_r12_seg09_pid2592868_1757366174697.txt
[Tracking] LOST for 10 consecutive frames -> reset
System Reseting
Reseting Local Mapper... done
Reseting Loop Closing... done
Reseting Database... done
0
New map created with 197 points for 0 Feature Type 
Tracking Initlized in 4.06s
The initlized frame ID: 2
The lost frame ID: 547
The lost frame ID: 548
The lost frame ID: 549
The lost frame ID: 550
The lost frame ID: 551
The lost frame ID: 552
The lost frame ID: 553
The lost frame ID: 554
The lost frame ID: 555

Saving camera trajectory to TrajectoryBeforeReset_oxf_kaz_r12_seg10_pid2592868_1757366393577.txt ...

trajectory saved!
[Tracking] wrote pre-reset trajectory to TrajectoryBeforeReset_oxf_kaz_r12_seg10_pid2592868_1757366393577.txt
[Tracking] LOST for 10 consecutive frames -> reset
System Reseting
Reseting Local Mapper... done
Reseting Loop Closing... done
Reseting Database... done
0
New map created with 218 points for 0 Feature Type 
Tracking Initlized in 11.84s
The initlized frame ID: 7
The lost frame ID: 487
The lost frame ID: 488
The lost frame ID: 489
The lost frame ID: 490
The lost frame ID: 491
The lost frame ID: 492
The lost frame ID: 493
The lost frame ID: 494
The lost frame ID: 495

Saving camera trajectory to TrajectoryBeforeReset_oxf_kaz_r12_seg11_pid2592868_1757366585692.txt ...

trajectory saved!
[Tracking] wrote pre-reset trajectory to TrajectoryBeforeReset_oxf_kaz_r12_seg11_pid2592868_1757366585692.txt
[Tracking] LOST for 10 consecutive frames -> reset
System Reseting
Reseting Local Mapper... done
Reseting Loop Closing... done
Reseting Database... done
0
New map created with 183 points for 0 Feature Type 
Tracking Initlized in 6.66s
The initlized frame ID: 4
The lost frame ID: 186
The lost frame ID: 188
The lost frame ID: 189
The lost frame ID: 190
The lost frame ID: 192
The lost frame ID: 193
The lost frame ID: 194
The lost frame ID: 195
The lost frame ID: 196
The lost frame ID: 197
The lost frame ID: 199
The lost frame ID: 201
The lost frame ID: 203
The lost frame ID: 205
The lost frame ID: 206
The lost frame ID: 207
The lost frame ID: 209
The lost frame ID: 210
The lost frame ID: 211
The lost frame ID: 212
The lost frame ID: 213
The lost frame ID: 214
The lost frame ID: 215
The lost frame ID: 216
The lost frame ID: 217

Saving camera trajectory to TrajectoryBeforeReset_oxf_kaz_r12_seg12_pid2592868_1757366668135.txt ...

trajectory saved!
[Tracking] wrote pre-reset trajectory to TrajectoryBeforeReset_oxf_kaz_r12_seg12_pid2592868_1757366668135.txt
[Tracking] LOST for 10 consecutive frames -> reset
System Reseting
Reseting Local Mapper... done
Reseting Loop Closing... done
Reseting Database... done
0
New map created with 252 points for 0 Feature Type 
Tracking Initlized in 3.86s
The initlized frame ID: 2
The lost frame ID: 700
The lost frame ID: 701
The lost frame ID: 702
The lost frame ID: 703
The lost frame ID: 704
The lost frame ID: 705
The lost frame ID: 706
The lost frame ID: 707
The lost frame ID: 708

Saving camera trajectory to TrajectoryBeforeReset_oxf_kaz_r12_seg13_pid2592868_1757366952872.txt ...

trajectory saved!
[Tracking] wrote pre-reset trajectory to TrajectoryBeforeReset_oxf_kaz_r12_seg13_pid2592868_1757366952872.txt
[Tracking] LOST for 10 consecutive frames -> reset
System Reseting
Reseting Local Mapper... done
Reseting Loop Closing... done
Reseting Database... done
0
New map created with 404 points for 0 Feature Type 
Tracking Initlized in 3.50s
The initlized frame ID: 2
The lost frame ID: 1169
The lost frame ID: 1170
The lost frame ID: 1171
The lost frame ID: 1172
The lost frame ID: 1173
The lost frame ID: 1175
The lost frame ID: 1176
The lost frame ID: 1178
The lost frame ID: 1179
The lost frame ID: 1180
The lost frame ID: 1181
The lost frame ID: 1182
The lost frame ID: 1183
The lost frame ID: 1184
The lost frame ID: 1185
The lost frame ID: 1186

Saving camera trajectory to TrajectoryBeforeReset_oxf_kaz_r12_seg14_pid2592868_1757367602274.txt ...

trajectory saved!
[Tracking] wrote pre-reset trajectory to TrajectoryBeforeReset_oxf_kaz_r12_seg14_pid2592868_1757367602274.txt
[Tracking] LOST for 10 consecutive frames -> reset
System Reseting
Reseting Local Mapper... done
Reseting Loop Closing... done
Reseting Database... done
0
New map created with 227 points for 0 Feature Type 
Tracking Initlized in 79.77s
The initlized frame ID: 36
The lost frame ID: 1047
The lost frame ID: 1049
The lost frame ID: 1050
The lost frame ID: 1051
The lost frame ID: 1052
The lost frame ID: 1053
The lost frame ID: 1054
The lost frame ID: 1055
The lost frame ID: 1056
The lost frame ID: 1057

Saving camera trajectory to TrajectoryBeforeReset_oxf_kaz_r12_seg15_pid2592868_1757368168336.txt ...

trajectory saved!
[Tracking] wrote pre-reset trajectory to TrajectoryBeforeReset_oxf_kaz_r12_seg15_pid2592868_1757368168336.txt
[Tracking] LOST for 10 consecutive frames -> reset
System Reseting
Reseting Local Mapper... done
Reseting Loop Closing... done
Reseting Database... done
0
New map created with 100 points for 0 Feature Type 
Tracking Initlized in 34.81s
The initlized frame ID: 18
The lost frame ID: 160
The lost frame ID: 161
The lost frame ID: 162
The lost frame ID: 163
The lost frame ID: 164
The lost frame ID: 165
The lost frame ID: 166
The lost frame ID: 167
The lost frame ID: 168

Saving camera trajectory to TrajectoryBeforeReset_oxf_kaz_r12_seg16_pid2592868_1757368278972.txt ...

trajectory saved!
[Tracking] wrote pre-reset trajectory to TrajectoryBeforeReset_oxf_kaz_r12_seg16_pid2592868_1757368278972.txt
[Tracking] LOST for 10 consecutive frames -> reset
System Reseting
Reseting Local Mapper... done
Reseting Loop Closing... done
Reseting Database... done
0
New map created with 163 points for 0 Feature Type 
Tracking Initlized in 5.35s
The initlized frame ID: 2
System::StopViewer()
System::StopViewer() done

Saving correlation status...

Correlation status saved!

System Shutdown
-------

median tracking time: 0.361651
mean tracking time: 0.398895

Saving camera trajectory to result12.txt ...

trajectory saved!
All done

========== Performance Summary (ms) ==========
name                                mean      median        rmse         min         max       count
Lost Count                         1.000       1.000       0.000       1.000       1.000          16
Tracking                           4.942       4.215       3.019       0.855      37.307        7267
Reset Count                        1.000       1.000       0.000       1.000       1.000          16
Correlation                        0.000       0.000       0.000       0.000       0.019        6905
Total Init                     53533.890   53533.890       0.000   53533.890   53533.890           1
Pipeline                         398.587     361.412     102.479     255.072     921.651        7513
KAZE Extract                     390.479     353.997     100.625     247.969     915.069        7513
