Registering ORBextractor...
Registering AKAZEextractor...
Registering BRISKextractor...
Registering SIFTextractor...
Registering KAZEextractor...
Registering SuperPointExtractor...

ORB-SLAM2 Copyright (C) 2014-2016 Raul Mur-Artal, University of Zaragoza.
This program comes with ABSOLUTELY NO WARRANTY;
This is free software, and you are welcome to redistribute it
under certain conditions. See LICENSE.txt.

Input sensor was set to: Monocular

Loading Vocabulary : /home/howard/Refactored_ORB_SLAM2/Install/var/lib/orbslam2/voc/kaze_cv.fbow
This could take a while...
Loading KAZE Vocabulary in FBoW.
KAZE Vocabulary loaded in 0.034480s


Camera Parameters: 
- fx: 983.044
- fy: 983.044
- cx: 643.647
- cy: 493.379
- k1: 0
- k2: 0
- p1: 0
- p2: 0
- fps: 16
- color order: RGB (ignored if grayscale)

[Feature 0] KAZE Extractor Parameters: 
 ( TH_LOW: 0.5, TH_HIGH: 1 )
- Number of Features : 1000
- Scale Levels       : 4
- Scale Factor       : 1.2
- Threshold          : 0.0005
- nOctaves           : 4
- nOctaveLayers      : 4
- Extended (128‑dim) : 0
- Upright            : 0

-------
Start processing sequence ...
Images in the sequence: 7513

0
New map created with 350 points for 0 Feature Type 
Tracking Initlized in 284.18s
The initlized frame ID: 141
The lost frame ID: 830
The lost frame ID: 831
The lost frame ID: 832
The lost frame ID: 833
The lost frame ID: 834
The lost frame ID: 835
The lost frame ID: 836
The lost frame ID: 837
The lost frame ID: 838

Saving camera trajectory to TrajectoryBeforeReset_oxf_kaz_r11_seg01_pid2276795_1757362455381.txt ...

trajectory saved!
[Tracking] wrote pre-reset trajectory to TrajectoryBeforeReset_oxf_kaz_r11_seg01_pid2276795_1757362455381.txt
[Tracking] LOST for 10 consecutive frames -> reset
System Reseting
Reseting Local Mapper... done
Reseting Loop Closing... done
Reseting Database... done
0
New map created with 119 points for 0 Feature Type 
Tracking Initlized in 5.60s
The initlized frame ID: 3
The lost frame ID: 343
The lost frame ID: 344
The lost frame ID: 346
The lost frame ID: 350
The lost frame ID: 351
The lost frame ID: 352
The lost frame ID: 353
The lost frame ID: 355
The lost frame ID: 357
The lost frame ID: 360
The lost frame ID: 361
The lost frame ID: 362
The lost frame ID: 365
The lost frame ID: 366
The lost frame ID: 367
The lost frame ID: 369
The lost frame ID: 387
The lost frame ID: 388
The lost frame ID: 391
The lost frame ID: 392
The lost frame ID: 394
The lost frame ID: 395
The lost frame ID: 397
The lost frame ID: 399
The lost frame ID: 401
The lost frame ID: 403
The lost frame ID: 405
The lost frame ID: 406
The lost frame ID: 407
The lost frame ID: 408
The lost frame ID: 409
The lost frame ID: 410
The lost frame ID: 411
The lost frame ID: 412
The lost frame ID: 413

Saving camera trajectory to TrajectoryBeforeReset_oxf_kaz_r11_seg02_pid2276795_1757362626279.txt ...

trajectory saved!
[Tracking] wrote pre-reset trajectory to TrajectoryBeforeReset_oxf_kaz_r11_seg02_pid2276795_1757362626279.txt
[Tracking] LOST for 10 consecutive frames -> reset
System Reseting
Reseting Local Mapper... done
Reseting Loop Closing... done
Reseting Database... done
0
New map created with 185 points for 0 Feature Type 
Tracking Initlized in 4.01s
The initlized frame ID: 2
The lost frame ID: 218
The lost frame ID: 219
The lost frame ID: 220
The lost frame ID: 221
The lost frame ID: 222
The lost frame ID: 223
The lost frame ID: 224
The lost frame ID: 225
The lost frame ID: 226

Saving camera trajectory to TrajectoryBeforeReset_oxf_kaz_r11_seg03_pid2276795_1757362718290.txt ...

trajectory saved!
[Tracking] wrote pre-reset trajectory to TrajectoryBeforeReset_oxf_kaz_r11_seg03_pid2276795_1757362718290.txt
[Tracking] LOST for 10 consecutive frames -> reset
System Reseting
Reseting Local Mapper... done
Reseting Loop Closing... done
Reseting Database... done
0
New map created with 126 points for 0 Feature Type 
Tracking Initlized in 15.65s
The initlized frame ID: 8
The lost frame ID: 258
The lost frame ID: 259
The lost frame ID: 260
The lost frame ID: 261
The lost frame ID: 262
The lost frame ID: 263
The lost frame ID: 264
The lost frame ID: 265
The lost frame ID: 266

Saving camera trajectory to TrajectoryBeforeReset_oxf_kaz_r11_seg04_pid2276795_1757362817497.txt ...

trajectory saved!
[Tracking] wrote pre-reset trajectory to TrajectoryBeforeReset_oxf_kaz_r11_seg04_pid2276795_1757362817497.txt
[Tracking] LOST for 10 consecutive frames -> reset
System Reseting
Reseting Local Mapper... done
Reseting Loop Closing... done
Reseting Database... done
0
New map created with 124 points for 0 Feature Type 
Tracking Initlized in 46.61s
The initlized frame ID: 25
The lost frame ID: 296
The lost frame ID: 304
The lost frame ID: 308
The lost frame ID: 309
The lost frame ID: 311
The lost frame ID: 312
The lost frame ID: 313
The lost frame ID: 314
The lost frame ID: 318
The lost frame ID: 319
The lost frame ID: 320
The lost frame ID: 321
The lost frame ID: 327
The lost frame ID: 328
The lost frame ID: 329
The lost frame ID: 331
The lost frame ID: 332
The lost frame ID: 333
The lost frame ID: 334
The lost frame ID: 335
The lost frame ID: 336
The lost frame ID: 338
The lost frame ID: 339
The lost frame ID: 340
The lost frame ID: 341
The lost frame ID: 342
The lost frame ID: 343
The lost frame ID: 344
The lost frame ID: 345
The lost frame ID: 346

Saving camera trajectory to TrajectoryBeforeReset_oxf_kaz_r11_seg05_pid2276795_1757362945954.txt ...

trajectory saved!
[Tracking] wrote pre-reset trajectory to TrajectoryBeforeReset_oxf_kaz_r11_seg05_pid2276795_1757362945954.txt
[Tracking] LOST for 10 consecutive frames -> reset
System Reseting
Reseting Local Mapper... done
Reseting Loop Closing... done
Reseting Database... done
0
New map created with 204 points for 0 Feature Type 
Tracking Initlized in 1.75s
The initlized frame ID: 1
The lost frame ID: 666
The lost frame ID: 670
The lost frame ID: 673
The lost frame ID: 680
The lost frame ID: 688
The lost frame ID: 689
The lost frame ID: 692
The lost frame ID: 694
The lost frame ID: 695
The lost frame ID: 697
The lost frame ID: 698
The lost frame ID: 699
The lost frame ID: 700
The lost frame ID: 701
The lost frame ID: 702
The lost frame ID: 704
The lost frame ID: 705
The lost frame ID: 706
The lost frame ID: 708
The lost frame ID: 709
The lost frame ID: 710
The lost frame ID: 711
The lost frame ID: 712
The lost frame ID: 713
The lost frame ID: 714
The lost frame ID: 715
The lost frame ID: 716

Saving camera trajectory to TrajectoryBeforeReset_oxf_kaz_r11_seg06_pid2276795_1757363227403.txt ...

trajectory saved!
[Tracking] wrote pre-reset trajectory to TrajectoryBeforeReset_oxf_kaz_r11_seg06_pid2276795_1757363227403.txt
[Tracking] LOST for 10 consecutive frames -> reset
System Reseting
Reseting Local Mapper... done
Reseting Loop Closing... done
Reseting Database... done
0
New map created with 171 points for 0 Feature Type 
Tracking Initlized in 3.86s
The initlized frame ID: 2
The lost frame ID: 136
The lost frame ID: 137
The lost frame ID: 138
The lost frame ID: 139
The lost frame ID: 140
The lost frame ID: 141
The lost frame ID: 142
The lost frame ID: 143
The lost frame ID: 145
The lost frame ID: 146
The lost frame ID: 149
The lost frame ID: 150
The lost frame ID: 152
The lost frame ID: 153
The lost frame ID: 155
The lost frame ID: 156
The lost frame ID: 157
The lost frame ID: 159
The lost frame ID: 160
The lost frame ID: 161
The lost frame ID: 162
The lost frame ID: 163
The lost frame ID: 164
The lost frame ID: 165
The lost frame ID: 166
The lost frame ID: 167

Saving camera trajectory to TrajectoryBeforeReset_oxf_kaz_r11_seg07_pid2276795_1757363298172.txt ...

trajectory saved!
[Tracking] wrote pre-reset trajectory to TrajectoryBeforeReset_oxf_kaz_r11_seg07_pid2276795_1757363298172.txt
[Tracking] LOST for 10 consecutive frames -> reset
System Reseting
Reseting Local Mapper... done
Reseting Loop Closing... done
Reseting Database... done
0
New map created with 140 points for 0 Feature Type 
Tracking Initlized in 4.12s
The initlized frame ID: 2
The lost frame ID: 566
The lost frame ID: 567
The lost frame ID: 568
The lost frame ID: 569
The lost frame ID: 570
The lost frame ID: 571
The lost frame ID: 572
The lost frame ID: 573
The lost frame ID: 574

Saving camera trajectory to TrajectoryBeforeReset_oxf_kaz_r11_seg08_pid2276795_1757363565096.txt ...

trajectory saved!
[Tracking] wrote pre-reset trajectory to TrajectoryBeforeReset_oxf_kaz_r11_seg08_pid2276795_1757363565096.txt
[Tracking] LOST for 10 consecutive frames -> reset
System Reseting
Reseting Local Mapper... done
Reseting Loop Closing... done
Reseting Database... done
0
New map created with 274 points for 0 Feature Type 
Tracking Initlized in 16.26s
The initlized frame ID: 9
The lost frame ID: 488
The lost frame ID: 489
The lost frame ID: 490
The lost frame ID: 491
The lost frame ID: 492
The lost frame ID: 493
The lost frame ID: 494
The lost frame ID: 495
The lost frame ID: 496

Saving camera trajectory to TrajectoryBeforeReset_oxf_kaz_r11_seg09_pid2276795_1757363781621.txt ...

trajectory saved!
[Tracking] wrote pre-reset trajectory to TrajectoryBeforeReset_oxf_kaz_r11_seg09_pid2276795_1757363781621.txt
[Tracking] LOST for 10 consecutive frames -> reset
System Reseting
Reseting Local Mapper... done
Reseting Loop Closing... done
Reseting Database... done
0
New map created with 132 points for 0 Feature Type 
Tracking Initlized in 10.38s
The initlized frame ID: 6
The lost frame ID: 15
The lost frame ID: 16
The lost frame ID: 17
The lost frame ID: 18
The lost frame ID: 19
The lost frame ID: 20
The lost frame ID: 21
The lost frame ID: 22
The lost frame ID: 23

Saving camera trajectory to TrajectoryBeforeReset_oxf_kaz_r11_seg10_pid2276795_1757363791657.txt ...

trajectory saved!
[Tracking] wrote pre-reset trajectory to TrajectoryBeforeReset_oxf_kaz_r11_seg10_pid2276795_1757363791657.txt
[Tracking] LOST for 10 consecutive frames -> reset
System Reseting
Reseting Local Mapper... done
Reseting Loop Closing... done
Reseting Database... done
0
New map created with 288 points for 0 Feature Type 
Tracking Initlized in 3.65s
The initlized frame ID: 2
The lost frame ID: 163
The lost frame ID: 164
The lost frame ID: 165
The lost frame ID: 166
The lost frame ID: 167
The lost frame ID: 168
The lost frame ID: 169
The lost frame ID: 170
The lost frame ID: 171

Saving camera trajectory to TrajectoryBeforeReset_oxf_kaz_r11_seg11_pid2276795_1757363864290.txt ...

trajectory saved!
[Tracking] wrote pre-reset trajectory to TrajectoryBeforeReset_oxf_kaz_r11_seg11_pid2276795_1757363864290.txt
[Tracking] LOST for 10 consecutive frames -> reset
System Reseting
Reseting Local Mapper... done
Reseting Loop Closing... done
Reseting Database... done
0
New map created with 236 points for 0 Feature Type 
Tracking Initlized in 3.96s
The initlized frame ID: 2
The lost frame ID: 722
The lost frame ID: 723
The lost frame ID: 724
The lost frame ID: 725
The lost frame ID: 726
The lost frame ID: 727
The lost frame ID: 728
The lost frame ID: 729
The lost frame ID: 730

Saving camera trajectory to TrajectoryBeforeReset_oxf_kaz_r11_seg12_pid2276795_1757364199898.txt ...

trajectory saved!
[Tracking] wrote pre-reset trajectory to TrajectoryBeforeReset_oxf_kaz_r11_seg12_pid2276795_1757364199898.txt
[Tracking] LOST for 10 consecutive frames -> reset
System Reseting
Reseting Local Mapper... done
Reseting Loop Closing... done
Reseting Database... done
0
New map created with 397 points for 0 Feature Type 
Tracking Initlized in 3.68s
The initlized frame ID: 2
The lost frame ID: 1175
The lost frame ID: 1176
The lost frame ID: 1177
The lost frame ID: 1180
The lost frame ID: 1182
The lost frame ID: 1184
The lost frame ID: 1185
The lost frame ID: 1187
The lost frame ID: 1188
The lost frame ID: 1189
The lost frame ID: 1190
The lost frame ID: 1191
The lost frame ID: 1192
The lost frame ID: 1196
The lost frame ID: 1198
The lost frame ID: 1203
The lost frame ID: 1208
The lost frame ID: 1210
The lost frame ID: 1211
The lost frame ID: 1215
The lost frame ID: 1223
The lost frame ID: 1228
The lost frame ID: 1235
The lost frame ID: 1236
The lost frame ID: 1238
The lost frame ID: 1239
The lost frame ID: 1240
The lost frame ID: 1241
The lost frame ID: 1244
The lost frame ID: 1248
The lost frame ID: 1250
The lost frame ID: 1251
The lost frame ID: 1252
The lost frame ID: 1253
The lost frame ID: 1254
The lost frame ID: 1255
The lost frame ID: 1256
The lost frame ID: 1257
The lost frame ID: 1258

Saving camera trajectory to TrajectoryBeforeReset_oxf_kaz_r11_seg13_pid2276795_1757364723130.txt ...

trajectory saved!
[Tracking] wrote pre-reset trajectory to TrajectoryBeforeReset_oxf_kaz_r11_seg13_pid2276795_1757364723130.txt
[Tracking] LOST for 10 consecutive frames -> reset
System Reseting
Reseting Local Mapper... done
Reseting Loop Closing... done
Reseting Database... done
0
New map created with 333 points for 0 Feature Type 
Tracking Initlized in 11.03s
The initlized frame ID: 6
Track lost soon after initialisation, reseting...
System Reseting
Reseting Local Mapper... done
Reseting Loop Closing... done
Reseting Database... done
0
New map created with 348 points for 0 Feature Type 
Tracking Initlized in 11.16s
The initlized frame ID: 6
The lost frame ID: 967
The lost frame ID: 968
The lost frame ID: 969
The lost frame ID: 970
The lost frame ID: 971
The lost frame ID: 972
The lost frame ID: 973
The lost frame ID: 974
The lost frame ID: 975

Saving camera trajectory to TrajectoryBeforeReset_oxf_kaz_r11_seg14_pid2276795_1757365050592.txt ...

trajectory saved!
[Tracking] wrote pre-reset trajectory to TrajectoryBeforeReset_oxf_kaz_r11_seg14_pid2276795_1757365050592.txt
[Tracking] LOST for 10 consecutive frames -> reset
System Reseting
Reseting Local Mapper... done
Reseting Loop Closing... done
Reseting Database... done
0
New map created with 116 points for 0 Feature Type 
Tracking Initlized in 32.23s
The initlized frame ID: 20
The lost frame ID: 162
The lost frame ID: 164
The lost frame ID: 165
The lost frame ID: 166
The lost frame ID: 167
The lost frame ID: 168
The lost frame ID: 169
The lost frame ID: 170
The lost frame ID: 171
The lost frame ID: 172

Saving camera trajectory to TrajectoryBeforeReset_oxf_kaz_r11_seg15_pid2276795_1757365110181.txt ...

trajectory saved!
[Tracking] wrote pre-reset trajectory to TrajectoryBeforeReset_oxf_kaz_r11_seg15_pid2276795_1757365110181.txt
[Tracking] LOST for 10 consecutive frames -> reset
System Reseting
Reseting Local Mapper... done
Reseting Loop Closing... done
Reseting Database... done
0
New map created with 186 points for 0 Feature Type 
Tracking Initlized in 4.29s
The initlized frame ID: 2
System::StopViewer()
System::StopViewer() done

Saving correlation status...

Correlation status saved!

System Shutdown
-------

median tracking time: 0.376653
mean tracking time: 0.376078

Saving camera trajectory to result11.txt ...

trajectory saved!
All done

========== Performance Summary (ms) ==========
name                                mean      median        rmse         min         max       count
Lost Count                         1.000       1.000       0.000       1.000       1.000          15
Tracking                           4.299       3.928       2.097       0.885      21.813        7257
Reset Count                        1.000       1.000       0.000       1.000       1.000          16
Correlation                        0.000       0.000       0.000       0.000       0.016        6993
Total Init                     58751.335   58751.335       0.000   58751.335   58751.335           1
Pipeline                         375.812     376.568      54.145     243.530     640.567        7513
KAZE Extract                     368.597     369.271      54.017     238.261     626.688        7513
