Registering ORBextractor...
Registering AKAZEextractor...
Registering BRISKextractor...
Registering SIFTextractor...
Registering KAZEextractor...
Loading images...
Loaded 2700 images.
Creating SLAM system...

ORB-SLAM2 Copyright (C) 2014-2016 Raul Mur-Artal, University of Zaragoza.
This program comes with ABSOLUTELY NO WARRANTY;
This is free software, and you are welcome to redistribute it
under certain conditions. See LICENSE.txt.

Input sensor was set to: Monocular

Loading Vocabulary : /home/ucacsjj/Proj/UCL/Projects/PM-SLAM/Install/var/lib/orbslam2/voc/orb_mur.fbow
This could take a while...
Loading ORB Vocabulary in FBoW.
ORB Vocabulary loaded in 0.026115s


Camera Parameters: 
- fx: 458.654
- fy: 457.296
- cx: 367.215
- cy: 248.375
- k1: -0.283408
- k2: 0.0739591
- p1: 0.00019359
- p2: 1.76187e-05
- fps: 20
- color order: RGB (ignored if grayscale)

[Feature 0] ORB Extractor Parameters: 
 ( TH_LOW: 50, TH_HIGH: 100 )
- Number of Features: 1000
- Scale Levels: 8
- Scale Factor: 1.2
- Initial Fast Threshold: 20
- Minimum Fast Threshold: 7

-------
Start processing sequence ...
Images in the sequence: 2700

Viewer started, waiting for thread.
0
New map created with 130 points for 0 Feature Type 
Tracking Initlized in 8.29s
The initlized frame ID: 55
The lost frame ID: 2639
The lost frame ID: 2640
The lost frame ID: 2641
The lost frame ID: 2642
The lost frame ID: 2643
The lost frame ID: 2644
The lost frame ID: 2645
The lost frame ID: 2647
The lost frame ID: 2648
The lost frame ID: 2649
The lost frame ID: 2650
System::StopViewer()
System::StopViewer() done
Tracking thread joined...

Saving correlation status...

Correlation status saved!

-------

median tracking time: 0.0355592
mean tracking time: 0.0375209

Saving camera trajectory to Trajectory.txt ...

trajectory saved!

========== Performance Summary (ms) ==========
name                                mean      median        rmse         min         max       count
Tracking                          11.051      10.338       4.698       1.813      29.188        2644
Correlation                        0.000       0.000       0.000       0.000       0.007        2633
Total Init                      4110.646    4110.646       0.000    4110.646    4110.646           1
Pipeline                          37.516      35.551      11.630      16.681     107.942        2700
ORB Extract                       22.840      21.546       7.330       9.699      58.290        2700
