Registering ORBextractor...
Registering AKAZEextractor...
Registering BRISKextractor...
Registering SIFTextractor...
Registering KAZEextractor...
Registering SuperPointExtractor...

ORB-SLAM2 Copyright (C) 2014-2016 Raul Mur-Artal, University of Zaragoza.
This program comes with ABSOLUTELY NO WARRANTY;
This is free software, and you are welcome to redistribute it
under certain conditions. See LICENSE.txt.

Input sensor was set to: Monocular

Loading Vocabulary : /home/howard/Refactored_ORB_SLAM2/Install/var/lib/orbslam2/voc/brisk_cv.fbow
This could take a while...
Loading BRISK Vocabulary in FBoW.
BRISK Vocabulary loaded in 0.005130s


Loading Vocabulary : /home/howard/Refactored_ORB_SLAM2/Install/var/lib/orbslam2/voc/sift_cv.fbow
This could take a while...
Loading SIFT Vocabulary in FBoW.
SIFT Vocabulary loaded in 0.026863s


Camera Parameters: 
- fx: 983.044
- fy: 983.044
- cx: 643.647
- cy: 493.379
- k1: 0
- k2: 0
- p1: 0
- p2: 0
- fps: 16
- color order: RGB (ignored if grayscale)

[Feature 0] BRISK Extractor Parameters: 
 ( TH_LOW: 150, TH_HIGH: 250 )
- Number of Features: 2000
- Scale Levels: 6
- Scale Factor: 1.414
- Threshold: 50
- Num of Octaves: 3
- Pattern Scale: 1

[Feature 1] SIFT Extractor Parameters: 
 ( TH_LOW: 300, TH_HIGH: 500 )
- Number of Features  : 2000
- Scale Levels        : 1
- Scale Factor        : 1
- Contrast Threshold  : 0.01
- Edge Threshold      : 5
- nOctaves            : 3
- Sigma               : 1.6

-------
Start processing sequence ...
Images in the sequence: 7513

1
New map created with 99 points for 0 Feature Type 
New map created with 286 points for 1 Feature Type 
Tracking Initlized in 110.54s
The initlized frame ID: 142
The lost frame ID: 831
The lost frame ID: 832
The lost frame ID: 833
The lost frame ID: 834
The lost frame ID: 835
The lost frame ID: 836
The lost frame ID: 837
The lost frame ID: 838
The lost frame ID: 839
The lost frame ID: 1461
The lost frame ID: 1462
The lost frame ID: 1463
The lost frame ID: 1464
The lost frame ID: 1465
The lost frame ID: 1466
The lost frame ID: 1467
The lost frame ID: 1468
The lost frame ID: 1469

Saving camera trajectory to TrajectoryBeforeReset_oxf_bsk_sft_r16_seg01_pid1929517_1757583119827.txt ...

trajectory saved!
[Tracking] wrote pre-reset trajectory to TrajectoryBeforeReset_oxf_bsk_sft_r16_seg01_pid1929517_1757583119827.txt
[Tracking] LOST for 10 consecutive frames -> reset
System Reseting
Reseting Local Mapper... done
Reseting Loop Closing... done
Reseting Database... done
1
New map created with 293 points for 0 Feature Type 
New map created with 1035 points for 1 Feature Type 
Tracking Initlized in 0.82s
The initlized frame ID: 1
Track lost soon after initialisation, reseting...
System Reseting
Reseting Local Mapper... done
Reseting Loop Closing... done
Reseting Database... done
1
New map created with 354 points for 0 Feature Type 
New map created with 815 points for 1 Feature Type 
Tracking Initlized in 1.03s
The initlized frame ID: 1
Track lost soon after initialisation, reseting...
System Reseting
Reseting Local Mapper... done
Reseting Loop Closing... done
Reseting Database... done
1
New map created with 174 points for 0 Feature Type 
New map created with 535 points for 1 Feature Type 
Tracking Initlized in 1.78s
The initlized frame ID: 2
The lost frame ID: 1288
The lost frame ID: 1308
The lost frame ID: 1327
The lost frame ID: 1329
The lost frame ID: 1331
The lost frame ID: 1332
The lost frame ID: 1333
The lost frame ID: 1334
The lost frame ID: 1335
The lost frame ID: 1336
The lost frame ID: 1337
The lost frame ID: 1338
The lost frame ID: 1339

Saving camera trajectory to TrajectoryBeforeReset_oxf_bsk_sft_r16_seg02_pid1929517_1757583332576.txt ...

trajectory saved!
[Tracking] wrote pre-reset trajectory to TrajectoryBeforeReset_oxf_bsk_sft_r16_seg02_pid1929517_1757583332576.txt
[Tracking] LOST for 10 consecutive frames -> reset
System Reseting
Reseting Local Mapper... done
Reseting Loop Closing... done
Reseting Database... done
1
New map created with 227 points for 0 Feature Type 
New map created with 646 points for 1 Feature Type 
Tracking Initlized in 0.92s
The initlized frame ID: 1
The lost frame ID: 131
The lost frame ID: 132
The lost frame ID: 133
The lost frame ID: 136
The lost frame ID: 137
The lost frame ID: 138
The lost frame ID: 139
The lost frame ID: 141
The lost frame ID: 147
The lost frame ID: 149
The lost frame ID: 150
The lost frame ID: 151
The lost frame ID: 153
The lost frame ID: 154
The lost frame ID: 155
The lost frame ID: 159
The lost frame ID: 160
The lost frame ID: 161
The lost frame ID: 163
The lost frame ID: 164
The lost frame ID: 166
The lost frame ID: 167
The lost frame ID: 169
The lost frame ID: 170
The lost frame ID: 171
The lost frame ID: 173
The lost frame ID: 174
The lost frame ID: 176
The lost frame ID: 177
The lost frame ID: 178
The lost frame ID: 182
The lost frame ID: 184
The lost frame ID: 187
The lost frame ID: 188
The lost frame ID: 190
The lost frame ID: 191
The lost frame ID: 192
The lost frame ID: 194
The lost frame ID: 195
The lost frame ID: 196
The lost frame ID: 197
The lost frame ID: 202
The lost frame ID: 203
The lost frame ID: 207
The lost frame ID: 208
The lost frame ID: 210
The lost frame ID: 211
The lost frame ID: 212
The lost frame ID: 214
The lost frame ID: 215
The lost frame ID: 216
The lost frame ID: 217
The lost frame ID: 218
The lost frame ID: 219
The lost frame ID: 220
The lost frame ID: 222
The lost frame ID: 223
The lost frame ID: 224
The lost frame ID: 225
The lost frame ID: 226
The lost frame ID: 228
The lost frame ID: 229
The lost frame ID: 230
The lost frame ID: 231
The lost frame ID: 234
The lost frame ID: 235
The lost frame ID: 236
The lost frame ID: 237
The lost frame ID: 238
The lost frame ID: 242
The lost frame ID: 243
The lost frame ID: 244
The lost frame ID: 245
The lost frame ID: 246
The lost frame ID: 247
The lost frame ID: 248
The lost frame ID: 249
The lost frame ID: 250
The lost frame ID: 253
The lost frame ID: 255
The lost frame ID: 256
The lost frame ID: 257
The lost frame ID: 258
The lost frame ID: 259
The lost frame ID: 262
The lost frame ID: 263
The lost frame ID: 264
The lost frame ID: 265
The lost frame ID: 266
The lost frame ID: 268
The lost frame ID: 269
The lost frame ID: 270
The lost frame ID: 271
The lost frame ID: 272
The lost frame ID: 274
The lost frame ID: 275
The lost frame ID: 276
The lost frame ID: 277
The lost frame ID: 278
The lost frame ID: 279
The lost frame ID: 280
The lost frame ID: 282
The lost frame ID: 283
The lost frame ID: 285
The lost frame ID: 286
The lost frame ID: 287
The lost frame ID: 289
The lost frame ID: 291
The lost frame ID: 292
The lost frame ID: 294
The lost frame ID: 295
The lost frame ID: 296
The lost frame ID: 298
The lost frame ID: 299
The lost frame ID: 300
The lost frame ID: 301
The lost frame ID: 302
The lost frame ID: 303
The lost frame ID: 305
The lost frame ID: 306
The lost frame ID: 307
The lost frame ID: 308
The lost frame ID: 309
The lost frame ID: 310
The lost frame ID: 311
The lost frame ID: 312
The lost frame ID: 313

Saving camera trajectory to TrajectoryBeforeReset_oxf_bsk_sft_r16_seg03_pid1929517_1757583385453.txt ...

trajectory saved!
[Tracking] wrote pre-reset trajectory to TrajectoryBeforeReset_oxf_bsk_sft_r16_seg03_pid1929517_1757583385453.txt
[Tracking] LOST for 10 consecutive frames -> reset
System Reseting
Reseting Local Mapper... done
Reseting Loop Closing... done
Reseting Database... done
1
New map created with 116 points for 0 Feature Type 
New map created with 496 points for 1 Feature Type 
Tracking Initlized in 0.89s
The initlized frame ID: 1
The lost frame ID: 416
The lost frame ID: 417
The lost frame ID: 418
The lost frame ID: 419
The lost frame ID: 420
The lost frame ID: 421
The lost frame ID: 422
The lost frame ID: 423
The lost frame ID: 424

Saving camera trajectory to TrajectoryBeforeReset_oxf_bsk_sft_r16_seg04_pid1929517_1757583449444.txt ...

trajectory saved!
[Tracking] wrote pre-reset trajectory to TrajectoryBeforeReset_oxf_bsk_sft_r16_seg04_pid1929517_1757583449444.txt
[Tracking] LOST for 10 consecutive frames -> reset
System Reseting
Reseting Local Mapper... done
Reseting Loop Closing... done
Reseting Database... done
1
New map created with 138 points for 0 Feature Type 
New map created with 991 points for 1 Feature Type 
Tracking Initlized in 8.33s
The initlized frame ID: 13
Track lost soon after initialisation, reseting...
System Reseting
Reseting Local Mapper... done
Reseting Loop Closing... done
Reseting Database... done
1
New map created with 102 points for 0 Feature Type 
New map created with 983 points for 1 Feature Type 
Tracking Initlized in 0.74s
The initlized frame ID: 1
The lost frame ID: 719
The lost frame ID: 736
The lost frame ID: 744
The lost frame ID: 750
The lost frame ID: 755
The lost frame ID: 756
The lost frame ID: 758
The lost frame ID: 759
The lost frame ID: 761
The lost frame ID: 768
The lost frame ID: 805
The lost frame ID: 806
The lost frame ID: 810
The lost frame ID: 819
The lost frame ID: 841
The lost frame ID: 917
The lost frame ID: 920
The lost frame ID: 932
The lost frame ID: 933
The lost frame ID: 938
The lost frame ID: 1397
The lost frame ID: 1398
The lost frame ID: 1399
The lost frame ID: 1400
The lost frame ID: 1401
The lost frame ID: 1402
The lost frame ID: 1403
The lost frame ID: 1404
The lost frame ID: 1405

Saving camera trajectory to TrajectoryBeforeReset_oxf_bsk_sft_r16_seg05_pid1929517_1757583671882.txt ...

trajectory saved!
[Tracking] wrote pre-reset trajectory to TrajectoryBeforeReset_oxf_bsk_sft_r16_seg05_pid1929517_1757583671882.txt
[Tracking] LOST for 10 consecutive frames -> reset
System Reseting
Reseting Local Mapper... done
Reseting Loop Closing... done
Reseting Database... done
1
New map created with 117 points for 0 Feature Type 
New map created with 1571 points for 1 Feature Type 
Tracking Initlized in 0.78s
The initlized frame ID: 1
The lost frame ID: 2244
The lost frame ID: 2245
The lost frame ID: 2246
The lost frame ID: 2247
The lost frame ID: 2248
The lost frame ID: 2249
The lost frame ID: 2250
The lost frame ID: 2251
The lost frame ID: 2252

Saving camera trajectory to TrajectoryBeforeReset_oxf_bsk_sft_r16_seg06_pid1929517_1757584012415.txt ...

trajectory saved!
[Tracking] wrote pre-reset trajectory to TrajectoryBeforeReset_oxf_bsk_sft_r16_seg06_pid1929517_1757584012415.txt
[Tracking] LOST for 10 consecutive frames -> reset
System Reseting
Reseting Local Mapper... done
Reseting Loop Closing... done
Reseting Database... done
1
New map created with 209 points for 0 Feature Type 
New map created with 565 points for 1 Feature Type 
Tracking Initlized in 7.30s
The initlized frame ID: 11
The lost frame ID: 154
The lost frame ID: 155
The lost frame ID: 156
The lost frame ID: 157
The lost frame ID: 158
The lost frame ID: 159
The lost frame ID: 160
The lost frame ID: 161
The lost frame ID: 162

Saving camera trajectory to TrajectoryBeforeReset_oxf_bsk_sft_r16_seg07_pid1929517_1757584037966.txt ...

trajectory saved!
[Tracking] wrote pre-reset trajectory to TrajectoryBeforeReset_oxf_bsk_sft_r16_seg07_pid1929517_1757584037966.txt
[Tracking] LOST for 10 consecutive frames -> reset
System Reseting
Reseting Local Mapper... done
Reseting Loop Closing... done
Reseting Database... done
1
New map created with 182 points for 0 Feature Type 
New map created with 628 points for 1 Feature Type 
Tracking Initlized in 0.95s
The initlized frame ID: 1
System::StopViewer()
System::StopViewer() done

Saving correlation status...

========== Global Summary ==========
Frames: 7079
avg_CorrEdges: 15.4447
avg_match_A: 133.284
avg_match_B: 167.288
global_RI_MNR: 0.115878
global_RI_GNR: 0.103433
global_RI_DICE: 0.102769

========== Per-Channel Summary ==========
   chA   chB     avgCorr        avgA        avgB   avgRI_MNR   avgRI_GNR  avgRI_DICE
     0     1     15.4447     133.284     167.288     0.10542   0.0905865   0.0890609

Correlation status saved!

System Shutdown
-------

median tracking time: 0.136944
mean tracking time: 0.142764

Saving camera trajectory to result16.txt ...

trajectory saved!
All done

========== Performance Summary (ms) ==========
name                                mean      median        rmse         min         max       count
Lost Count                         1.000       1.000       0.000       1.000       1.000           7
Tracking                          15.545      12.526      13.165       1.788     336.477        7327
Reset Count                        1.000       1.000       0.000       1.000       1.000          10
Correlation                        0.267       0.231       0.186       0.004       3.450        7103
Total Init                     43259.151   43259.151       0.000   43259.151   43259.151           1
Pipeline                         141.995     136.891      34.355      80.856     509.940        7513
SIFT Extract                     118.953     117.183      20.945      73.706     229.017        7513
BRISK Extract                     50.034      40.463      29.684       3.241     169.549        7513
