Registering ORBextractor...
Registering AKAZEextractor...
Registering BRISKextractor...
Registering SIFTextractor...
Registering KAZEextractor...
Registering SuperPointExtractor...

ORB-SLAM2 Copyright (C) 2014-2016 Raul Mur-Artal, University of Zaragoza.
This program comes with ABSOLUTELY NO WARRANTY;
This is free software, and you are welcome to redistribute it
under certain conditions. See LICENSE.txt.

Input sensor was set to: Monocular

Loading Vocabulary : /home/howard/Refactored_ORB_SLAM2/Install/var/lib/orbslam2/voc/brisk_cv.fbow
This could take a while...
Loading BRISK Vocabulary in FBoW.
BRISK Vocabulary loaded in 0.008414s


Loading Vocabulary : /home/howard/Refactored_ORB_SLAM2/Install/var/lib/orbslam2/voc/sift_cv.fbow
This could take a while...
Loading SIFT Vocabulary in FBoW.
SIFT Vocabulary loaded in 0.045033s


Camera Parameters: 
- fx: 983.044
- fy: 983.044
- cx: 643.647
- cy: 493.379
- k1: 0
- k2: 0
- p1: 0
- p2: 0
- fps: 16
- color order: RGB (ignored if grayscale)

[Feature 0] BRISK Extractor Parameters: 
 ( TH_LOW: 150, TH_HIGH: 250 )
- Number of Features: 2000
- Scale Levels: 6
- Scale Factor: 1.414
- Threshold: 50
- Num of Octaves: 3
- Pattern Scale: 1

[Feature 1] SIFT Extractor Parameters: 
 ( TH_LOW: 300, TH_HIGH: 500 )
- Number of Features  : 2000
- Scale Levels        : 1
- Scale Factor        : 1
- Contrast Threshold  : 0.01
- Edge Threshold      : 5
- nOctaves            : 3
- Sigma               : 1.6

-------
Start processing sequence ...
Images in the sequence: 7513

1
New map created with 99 points for 0 Feature Type 
New map created with 286 points for 1 Feature Type 
Tracking Initlized in 115.63s
The initlized frame ID: 142
The lost frame ID: 831
The lost frame ID: 832
The lost frame ID: 833
The lost frame ID: 834
The lost frame ID: 835
The lost frame ID: 836
The lost frame ID: 837
The lost frame ID: 838
The lost frame ID: 839
The lost frame ID: 2813
The lost frame ID: 2814
The lost frame ID: 2815
The lost frame ID: 2816
The lost frame ID: 2819
The lost frame ID: 2821
The lost frame ID: 2823
The lost frame ID: 2824
The lost frame ID: 2825
The lost frame ID: 2883
The lost frame ID: 3548
The lost frame ID: 3549
The lost frame ID: 3550
The lost frame ID: 3551
The lost frame ID: 3553
The lost frame ID: 3554
The lost frame ID: 3555
The lost frame ID: 3556
The lost frame ID: 3557
The lost frame ID: 3558
The lost frame ID: 3559
The lost frame ID: 3560
The lost frame ID: 3566
The lost frame ID: 3568
The lost frame ID: 3570
The lost frame ID: 3573
The lost frame ID: 3574
The lost frame ID: 3577
The lost frame ID: 3579
The lost frame ID: 3582
The lost frame ID: 3585
The lost frame ID: 3601
The lost frame ID: 3615
The lost frame ID: 3616
The lost frame ID: 3617
The lost frame ID: 3618
The lost frame ID: 3621
The lost frame ID: 3622
The lost frame ID: 3624
The lost frame ID: 3625
The lost frame ID: 3628
The lost frame ID: 3629
The lost frame ID: 3630
The lost frame ID: 3631
The lost frame ID: 3632
The lost frame ID: 3633
The lost frame ID: 3635
The lost frame ID: 3636
The lost frame ID: 3638
The lost frame ID: 3639
The lost frame ID: 3640
The lost frame ID: 3641
The lost frame ID: 3642
The lost frame ID: 3643
The lost frame ID: 3644
The lost frame ID: 3646
The lost frame ID: 3648
The lost frame ID: 3649
The lost frame ID: 3650
The lost frame ID: 3651
The lost frame ID: 3652
The lost frame ID: 3654
The lost frame ID: 3655
The lost frame ID: 3656
The lost frame ID: 3657
The lost frame ID: 3658
The lost frame ID: 3659
The lost frame ID: 3660
The lost frame ID: 3661
The lost frame ID: 3662

Saving camera trajectory to TrajectoryBeforeReset_oxf_bsk_sft_r13_seg01_pid1754047_1757579830444.txt ...

trajectory saved!
[Tracking] wrote pre-reset trajectory to TrajectoryBeforeReset_oxf_bsk_sft_r13_seg01_pid1754047_1757579830444.txt
[Tracking] LOST for 10 consecutive frames -> reset
System Reseting
Reseting Local Mapper... done
Reseting Loop Closing... done
Reseting Database... done
1
New map created with 18 points for 0 Feature Type 
New map created with 834 points for 1 Feature Type 
Tracking Initlized in 1.70s
The initlized frame ID: 1
Track lost soon after initialisation, reseting...
System Reseting
Reseting Local Mapper... done
Reseting Loop Closing... done
Reseting Database... done
1
New map created with 25 points for 0 Feature Type 
New map created with 814 points for 1 Feature Type 
Tracking Initlized in 0.90s
The initlized frame ID: 1
Track lost soon after initialisation, reseting...
System Reseting
Reseting Local Mapper... done
Reseting Loop Closing... done
Reseting Database... done
1
New map created with 31 points for 0 Feature Type 
New map created with 808 points for 1 Feature Type 
Tracking Initlized in 0.88s
The initlized frame ID: 1
Track lost soon after initialisation, reseting...
System Reseting
Reseting Local Mapper... done
Reseting Loop Closing... done
Reseting Database... done
1
New map created with 18 points for 0 Feature Type 
New map created with 724 points for 1 Feature Type 
Tracking Initlized in 0.88s
The initlized frame ID: 1
Track lost soon after initialisation, reseting...
System Reseting
Reseting Local Mapper... done
Reseting Loop Closing... done
Reseting Database... done
1
New map created with 32 points for 0 Feature Type 
New map created with 849 points for 1 Feature Type 
Tracking Initlized in 1.14s
The initlized frame ID: 1
Track lost soon after initialisation, reseting...
System Reseting
Reseting Local Mapper... done
Reseting Loop Closing... done
Reseting Database... done
1
New map created with 26 points for 0 Feature Type 
New map created with 755 points for 1 Feature Type 
Tracking Initlized in 0.87s
The initlized frame ID: 1
Track lost soon after initialisation, reseting...
System Reseting
Reseting Local Mapper... done
Reseting Loop Closing... done
Reseting Database... done
1
New map created with 30 points for 0 Feature Type 
New map created with 845 points for 1 Feature Type 
Tracking Initlized in 0.86s
The initlized frame ID: 1
Track lost soon after initialisation, reseting...
System Reseting
Reseting Local Mapper... done
Reseting Loop Closing... done
Reseting Database... done
1
New map created with 37 points for 0 Feature Type 
New map created with 802 points for 1 Feature Type 
Tracking Initlized in 0.87s
The initlized frame ID: 1
The lost frame ID: 1283
The lost frame ID: 1284
The lost frame ID: 1285
The lost frame ID: 1286
The lost frame ID: 1287
The lost frame ID: 1288
The lost frame ID: 1289
The lost frame ID: 1291
The lost frame ID: 1292
The lost frame ID: 1293
The lost frame ID: 1294
The lost frame ID: 1295
The lost frame ID: 1296
The lost frame ID: 1297
The lost frame ID: 1298
The lost frame ID: 1299

Saving camera trajectory to TrajectoryBeforeReset_oxf_bsk_sft_r13_seg02_pid1754047_1757580057448.txt ...

trajectory saved!
[Tracking] wrote pre-reset trajectory to TrajectoryBeforeReset_oxf_bsk_sft_r13_seg02_pid1754047_1757580057448.txt
[Tracking] LOST for 10 consecutive frames -> reset
System Reseting
Reseting Local Mapper... done
Reseting Loop Closing... done
Reseting Database... done
1
New map created with 88 points for 0 Feature Type 
New map created with 1368 points for 1 Feature Type 
Tracking Initlized in 0.77s
The initlized frame ID: 1
The lost frame ID: 2236
The lost frame ID: 2237
The lost frame ID: 2238
The lost frame ID: 2239
The lost frame ID: 2240
The lost frame ID: 2241
The lost frame ID: 2242
The lost frame ID: 2243
The lost frame ID: 2244

Saving camera trajectory to TrajectoryBeforeReset_oxf_bsk_sft_r13_seg03_pid1754047_1757580443181.txt ...

trajectory saved!
[Tracking] wrote pre-reset trajectory to TrajectoryBeforeReset_oxf_bsk_sft_r13_seg03_pid1754047_1757580443181.txt
[Tracking] LOST for 10 consecutive frames -> reset
System Reseting
Reseting Local Mapper... done
Reseting Loop Closing... done
Reseting Database... done
1
New map created with 215 points for 0 Feature Type 
New map created with 582 points for 1 Feature Type 
Tracking Initlized in 7.01s
The initlized frame ID: 11
Track lost soon after initialisation, reseting...
System Reseting
Reseting Local Mapper... done
Reseting Loop Closing... done
Reseting Database... done
0
New map created with 185 points for 0 Feature Type 
New map created with 415 points for 1 Feature Type 
Tracking Initlized in 1.56s
The initlized frame ID: 2
The lost frame ID: 140
The lost frame ID: 141
The lost frame ID: 142
The lost frame ID: 143
The lost frame ID: 144
The lost frame ID: 145
The lost frame ID: 146
The lost frame ID: 147
The lost frame ID: 148

Saving camera trajectory to TrajectoryBeforeReset_oxf_bsk_sft_r13_seg04_pid1754047_1757580471786.txt ...

trajectory saved!
[Tracking] wrote pre-reset trajectory to TrajectoryBeforeReset_oxf_bsk_sft_r13_seg04_pid1754047_1757580471786.txt
[Tracking] LOST for 10 consecutive frames -> reset
System Reseting
Reseting Local Mapper... done
Reseting Loop Closing... done
Reseting Database... done
1
New map created with 180 points for 0 Feature Type 
New map created with 629 points for 1 Feature Type 
Tracking Initlized in 0.86s
The initlized frame ID: 1
System::StopViewer()
System::StopViewer() done

Saving correlation status...

========== Global Summary ==========
Frames: 7203
avg_CorrEdges: 15.4766
avg_match_A: 132.285
avg_match_B: 164.057
global_RI_MNR: 0.116995
global_RI_GNR: 0.105057
global_RI_DICE: 0.104451

========== Per-Channel Summary ==========
   chA   chB     avgCorr        avgA        avgB   avgRI_MNR   avgRI_GNR  avgRI_DICE
     0     1     15.4766     132.285     164.057    0.098841   0.0850402   0.0836256

Correlation status saved!

System Shutdown
-------

median tracking time: 0.158417
mean tracking time: 0.165768

Saving camera trajectory to result13.txt ...

trajectory saved!
All done

========== Performance Summary (ms) ==========
name                                mean      median        rmse         min         max       count
Lost Count                         1.000       1.000       0.000       1.000       1.000           4
Tracking                          19.019      14.816      16.610       2.277     242.551        7335
Reset Count                        1.000       1.000       0.000       1.000       1.000          12
Correlation                        0.280       0.242       0.204       0.004       4.430        7210
Total Init                     48322.324   48322.324       0.000   48322.324   48322.324           1
Pipeline                         164.779     158.397      43.698      80.214    1139.367        7513
SIFT Extract                     136.819     134.571      27.078      70.291     268.626        7513
BRISK Extract                     53.782      44.368      30.501       3.119     180.327        7513
