Registering ORBextractor...
Registering AKAZEextractor...
Registering BRISKextractor...
Registering SIFTextractor...
Registering KAZEextractor...
Registering SuperPointExtractor...
Loading images...
Loaded 3682 images.
Creating SLAM system...

ORB-SLAM2 Copyright (C) 2014-2016 Raul Mur-Artal, University of Zaragoza.
This program comes with ABSOLUTELY NO WARRANTY;
This is free software, and you are welcome to redistribute it
under certain conditions. See LICENSE.txt.

Input sensor was set to: Monocular

Loading Vocabulary : /home/howard/Refactored_ORB_SLAM2/Install/var/lib/orbslam2/voc/orb_mur.fbow
This could take a while...
Loading ORB Vocabulary in FBoW.
ORB Vocabulary loaded in 0.008600s


Camera Parameters: 
- fx: 458.654
- fy: 457.296
- cx: 367.215
- cy: 248.375
- k1: -0.283408
- k2: 0.0739591
- p1: 0.00019359
- p2: 1.76187e-05
- fps: 20
- color order: RGB (ignored if grayscale)

[Feature 0] ORB Extractor Parameters: 
 ( TH_LOW: 50, TH_HIGH: 100 )
- Number of Features: 1000
- Scale Levels: 8
- Scale Factor: 1.2
- Initial Fast Threshold: 20
- Minimum Fast Threshold: 7

-------
Start processing sequence ...
Images in the sequence: 3682

0
New map created with 139 points for 0 Feature Type 
Tracking Initlized in 0.47s
The initlized frame ID: 6
The lost frame ID: 3666
The lost frame ID: 3667
The lost frame ID: 3669
The lost frame ID: 3671
The lost frame ID: 3673
System::StopViewer()
System::StopViewer() done
Viewer thread finished.
Viewer started, waiting for thread.
Tracking thread joined...

Saving correlation status...

Correlation status saved!

-------

median tracking time: 0.0112612
mean tracking time: 0.0126286

Saving keyframe trajectory to KeyFrameTrajectory.txt ...

trajectory saved!

========== Performance Summary (ms) ==========
name                                mean      median        rmse         min         max       count
Tracking                           5.281       4.493       2.762       0.592      12.229        3675
Correlation                        0.000       0.000       0.000       0.000       0.002        3670
Total Init                       301.510     301.510       0.000     301.510     301.510           1
Pipeline                          12.626      11.257       4.219       7.727      60.699        3682
ORB Extract                        6.038       6.106       0.675       3.820       8.540        3682
