Registering ORBextractor...
Registering AKAZEextractor...
Registering BRISKextractor...
Registering SIFTextractor...
Registering KAZEextractor...
Registering SuperPointExtractor...
Loading images...
Loaded 3682 images.
Creating SLAM system...

ORB-SLAM2 Copyright (C) 2014-2016 Raul Mur-Artal, University of Zaragoza.
This program comes with ABSOLUTELY NO WARRANTY;
This is free software, and you are welcome to redistribute it
under certain conditions. See LICENSE.txt.

Input sensor was set to: Monocular

Loading Vocabulary : /home/howard/Refactored_ORB_SLAM2/Install/var/lib/orbslam2/voc/orb_mur.fbow
This could take a while...
Loading ORB Vocabulary in FBoW.
ORB Vocabulary loaded in 0.008445s


Camera Parameters: 
- fx: 458.654
- fy: 457.296
- cx: 367.215
- cy: 248.375
- k1: -0.283408
- k2: 0.0739591
- p1: 0.00019359
- p2: 1.76187e-05
- fps: 20
- color order: RGB (ignored if grayscale)

[Feature 0] ORB Extractor Parameters: 
 ( TH_LOW: 50, TH_HIGH: 100 )
- Number of Features: 1000
- Scale Levels: 8
- Scale Factor: 1.2
- Initial Fast Threshold: 20
- Minimum Fast Threshold: 7

-------
Start processing sequence ...
Images in the sequence: 3682

0
New map created with 87 points for 0 Feature Type 
Wrong initialization, reseting...
System Reseting
Reseting Local Mapper... done
Reseting Loop Closing... done
Reseting Database... done
0
New map created with 135 points for 0 Feature Type 
Tracking Initlized in 0.30s
The initlized frame ID: 5
The lost frame ID: 3661
The lost frame ID: 3663
The lost frame ID: 3664
The lost frame ID: 3665
The lost frame ID: 3666
The lost frame ID: 3667
The lost frame ID: 3668
The lost frame ID: 3669
The lost frame ID: 3670
The lost frame ID: 3671
The lost frame ID: 3672
The lost frame ID: 3673
The lost frame ID: 3674
The lost frame ID: 3675
The lost frame ID: 3676
The lost frame ID: 3677
System::StopViewer()
System::StopViewer() done
Viewer thread finished.
Viewer started, waiting for thread.
Tracking thread joined...

Saving correlation status...

Correlation status saved!

-------

median tracking time: 0.0114257
mean tracking time: 0.012576

Saving keyframe trajectory to KeyFrameTrajectory.txt ...

trajectory saved!

========== Performance Summary (ms) ==========
name                                mean      median        rmse         min         max       count
Tracking                           5.308       4.571       2.804       0.685      15.134        3672
Correlation                        0.000       0.000       0.000       0.000       0.006        3655
Total Init                       476.599     476.599       0.000     476.599     476.599           2
Pipeline                          12.573      11.422       4.141       7.504      65.713        3682
ORB Extract                        6.025       6.091       0.665       3.901      15.189        3682
