Registering ORBextractor...
Registering AKAZEextractor...
Registering BRISKextractor...
Registering SIFTextractor...
Registering KAZEextractor...
Registering SuperPointExtractor...

ORB-SLAM2 Copyright (C) 2014-2016 Raul Mur-Artal, University of Zaragoza.
This program comes with ABSOLUTELY NO WARRANTY;
This is free software, and you are welcome to redistribute it
under certain conditions. See LICENSE.txt.

Input sensor was set to: Monocular

Loading Vocabulary : /home/howard/Refactored_ORB_SLAM2/Install/var/lib/orbslam2/voc/kaze_cv.fbow
This could take a while...
Loading KAZE Vocabulary in FBoW.
KAZE Vocabulary loaded in 0.011107s


Loading Vocabulary : /home/howard/Refactored_ORB_SLAM2/Install/var/lib/orbslam2/voc/sift_cv.fbow
This could take a while...
Loading SIFT Vocabulary in FBoW.
SIFT Vocabulary loaded in 0.542503s


Camera Parameters: 
- fx: 983.044
- fy: 983.044
- cx: 643.647
- cy: 493.379
- k1: 0
- k2: 0
- p1: 0
- p2: 0
- fps: 16
- color order: RGB (ignored if grayscale)

[Feature 0] KAZE Extractor Parameters: 
 ( TH_LOW: 0.5, TH_HIGH: 1 )
- Number of Features : 2000
- Scale Levels       : 4
- Scale Factor       : 1.2
- Threshold          : 0.001
- nOctaves           : 4
- nOctaveLayers      : 4
- Extended (128‑dim) : 0
- Upright            : 0

[Feature 1] SIFT Extractor Parameters: 
 ( TH_LOW: 300, TH_HIGH: 500 )
- Number of Features  : 2000
- Scale Levels        : 1
- Scale Factor        : 1
- Contrast Threshold  : 0.01
- Edge Threshold      : 5
- nOctaves            : 3
- Sigma               : 1.6

-------
Start processing sequence ...
Images in the sequence: 7513

1
New map created with 180 points for 0 Feature Type 
New map created with 265 points for 1 Feature Type 
Tracking Initlized in 387.18s
The initlized frame ID: 142
The lost frame ID: 831
The lost frame ID: 832
The lost frame ID: 833
The lost frame ID: 834
The lost frame ID: 835
The lost frame ID: 836
The lost frame ID: 837
The lost frame ID: 839
The lost frame ID: 1467
The lost frame ID: 1468
The lost frame ID: 1470
The lost frame ID: 1472
The lost frame ID: 1473
The lost frame ID: 1474
The lost frame ID: 1475
The lost frame ID: 1476
The lost frame ID: 1477
The lost frame ID: 1478
The lost frame ID: 1484
The lost frame ID: 1485
The lost frame ID: 1486
The lost frame ID: 1487
The lost frame ID: 1488
The lost frame ID: 1491
The lost frame ID: 1493
The lost frame ID: 1494
The lost frame ID: 1495
The lost frame ID: 1496
The lost frame ID: 1497
The lost frame ID: 1498
The lost frame ID: 1499
The lost frame ID: 1500
The lost frame ID: 1501

Saving camera trajectory to TrajectoryBeforeReset_oxf_kaz_sft_r07_seg01_pid3902785_1757610011534.txt ...

trajectory saved!
[Tracking] wrote pre-reset trajectory to TrajectoryBeforeReset_oxf_kaz_sft_r07_seg01_pid3902785_1757610011534.txt
[Tracking] LOST for 10 consecutive frames -> reset
System Reseting
Reseting Local Mapper... done
Reseting Loop Closing... done
Reseting Database... done
0
New map created with 805 points for 0 Feature Type 
New map created with 1185 points for 1 Feature Type 
Tracking Initlized in 9.37s
The initlized frame ID: 3
The lost frame ID: 1309
The lost frame ID: 2049
The lost frame ID: 2050
The lost frame ID: 2051
The lost frame ID: 2052
The lost frame ID: 2053
The lost frame ID: 2054
The lost frame ID: 2055
The lost frame ID: 2056
The lost frame ID: 2057

Saving camera trajectory to TrajectoryBeforeReset_oxf_kaz_sft_r07_seg02_pid3902785_1757611122492.txt ...

trajectory saved!
[Tracking] wrote pre-reset trajectory to TrajectoryBeforeReset_oxf_kaz_sft_r07_seg02_pid3902785_1757611122492.txt
[Tracking] LOST for 10 consecutive frames -> reset
System Reseting
Reseting Local Mapper... done
Reseting Loop Closing... done
Reseting Database... done
1
New map created with 291 points for 0 Feature Type 
New map created with 584 points for 1 Feature Type 
Tracking Initlized in 2.86s
The initlized frame ID: 1
Track lost soon after initialisation, reseting...
System Reseting
Reseting Local Mapper... done
Reseting Loop Closing... done
Reseting Database... done
0
New map created with 450 points for 0 Feature Type 
New map created with 716 points for 1 Feature Type 
Tracking Initlized in 3.04s
The initlized frame ID: 1
The lost frame ID: 681
The lost frame ID: 1407
The lost frame ID: 1408
The lost frame ID: 1409
The lost frame ID: 1410
The lost frame ID: 1411
The lost frame ID: 1412
The lost frame ID: 1414
The lost frame ID: 1415
The lost frame ID: 1416
The lost frame ID: 1417
The lost frame ID: 1418
The lost frame ID: 1419
The lost frame ID: 1420
The lost frame ID: 1421
The lost frame ID: 1422

Saving camera trajectory to TrajectoryBeforeReset_oxf_kaz_sft_r07_seg03_pid3902785_1757611815996.txt ...

trajectory saved!
[Tracking] wrote pre-reset trajectory to TrajectoryBeforeReset_oxf_kaz_sft_r07_seg03_pid3902785_1757611815996.txt
[Tracking] LOST for 10 consecutive frames -> reset
System Reseting
Reseting Local Mapper... done
Reseting Loop Closing... done
Reseting Database... done
1
New map created with 310 points for 0 Feature Type 
New map created with 1416 points for 1 Feature Type 
Tracking Initlized in 2.84s
The initlized frame ID: 1
Track lost soon after initialisation, reseting...
System Reseting
Reseting Local Mapper... done
Reseting Loop Closing... done
Reseting Database... done
0
New map created with 323 points for 0 Feature Type 
New map created with 1341 points for 1 Feature Type 
Tracking Initlized in 2.41s
The initlized frame ID: 1
Track lost soon after initialisation, reseting...
System Reseting
Reseting Local Mapper... done
Reseting Loop Closing... done
Reseting Database... done
0
New map created with 446 points for 0 Feature Type 
New map created with 1277 points for 1 Feature Type 
Tracking Initlized in 2.43s
The initlized frame ID: 1
The lost frame ID: 226
The lost frame ID: 227
The lost frame ID: 228
The lost frame ID: 229
The lost frame ID: 230
The lost frame ID: 231
The lost frame ID: 232
The lost frame ID: 233
The lost frame ID: 234

Saving camera trajectory to TrajectoryBeforeReset_oxf_kaz_sft_r07_seg04_pid3902785_1757611936730.txt ...

trajectory saved!
[Tracking] wrote pre-reset trajectory to TrajectoryBeforeReset_oxf_kaz_sft_r07_seg04_pid3902785_1757611936730.txt
[Tracking] LOST for 10 consecutive frames -> reset
System Reseting
Reseting Local Mapper... done
Reseting Loop Closing... done
Reseting Database... done
0
New map created with 771 points for 0 Feature Type 
New map created with 1177 points for 1 Feature Type 
Tracking Initlized in 2.82s
The initlized frame ID: 1
The lost frame ID: 1994
The lost frame ID: 1995
The lost frame ID: 1996
The lost frame ID: 1997
The lost frame ID: 1998
The lost frame ID: 1999
The lost frame ID: 2000
The lost frame ID: 2001
The lost frame ID: 2002

Saving camera trajectory to TrajectoryBeforeReset_oxf_kaz_sft_r07_seg05_pid3902785_1757612971337.txt ...

trajectory saved!
[Tracking] wrote pre-reset trajectory to TrajectoryBeforeReset_oxf_kaz_sft_r07_seg05_pid3902785_1757612971337.txt
[Tracking] LOST for 10 consecutive frames -> reset
System Reseting
Reseting Local Mapper... done
Reseting Loop Closing... done
Reseting Database... done
0
New map created with 529 points for 0 Feature Type 
New map created with 570 points for 1 Feature Type 
Tracking Initlized in 28.01s
The initlized frame ID: 11
The lost frame ID: 156
The lost frame ID: 157
The lost frame ID: 158
The lost frame ID: 159
The lost frame ID: 160
The lost frame ID: 161
The lost frame ID: 162
The lost frame ID: 163
The lost frame ID: 164

Saving camera trajectory to TrajectoryBeforeReset_oxf_kaz_sft_r07_seg06_pid3902785_1757613057801.txt ...

trajectory saved!
[Tracking] wrote pre-reset trajectory to TrajectoryBeforeReset_oxf_kaz_sft_r07_seg06_pid3902785_1757613057801.txt
[Tracking] LOST for 10 consecutive frames -> reset
System Reseting
Reseting Local Mapper... done
Reseting Loop Closing... done
Reseting Database... done
0
New map created with 582 points for 0 Feature Type 
New map created with 652 points for 1 Feature Type 
Tracking Initlized in 3.42s
The initlized frame ID: 1
System::StopViewer()
System::StopViewer() done

Saving correlation status...

========== Global Summary ==========
Frames: 7232
avg_CorrEdges: 25.1354
avg_match_A: 210.745
avg_match_B: 194.857
global_RI_MNR: 0.128994
global_RI_GNR: 0.124036
global_RI_DICE: 0.123941

========== Per-Channel Summary ==========
   chA   chB     avgCorr        avgA        avgB   avgRI_MNR   avgRI_GNR  avgRI_DICE
     0     1     25.1354     210.745     194.857    0.109359   0.0995626    0.098823

Correlation status saved!

System Shutdown
-------

median tracking time: 0.520136
mean tracking time: 0.527991

Saving camera trajectory to result07.txt ...

trajectory saved!
All done

========== Performance Summary (ms) ==========
name                                mean      median        rmse         min         max       count
Lost Count                         1.000       1.000       0.000       1.000       1.000           6
Tracking                          22.429      18.674      16.592       2.560     686.026        7340
Reset Count                        1.000       1.000       0.000       1.000       1.000           9
Correlation                        0.371       0.326       0.282       0.005       4.859        7245
Total Init                     96380.088   96380.088       0.000   96380.088   96380.088           1
Pipeline                         526.516     520.084      70.199     309.527    1196.344        7513
KAZE Extract                     495.701     492.892      61.536     300.037    1092.645        7513
SIFT Extract                     143.089     137.014      33.765      77.027     380.457        7513
