Registering ORBextractor...
Registering AKAZEextractor...
Registering BRISKextractor...
Registering SIFTextractor...
Registering KAZEextractor...
Registering SuperPointExtractor...

ORB-SLAM2 Copyright (C) 2014-2016 Raul Mur-Artal, University of Zaragoza.
This program comes with ABSOLUTELY NO WARRANTY;
This is free software, and you are welcome to redistribute it
under certain conditions. See LICENSE.txt.

Input sensor was set to: Monocular

Loading Vocabulary : /home/howard/Refactored_ORB_SLAM2/Install/var/lib/orbslam2/voc/kaze_cv.fbow
This could take a while...
Loading KAZE Vocabulary in FBoW.
KAZE Vocabulary loaded in 0.014851s


Loading Vocabulary : /home/howard/Refactored_ORB_SLAM2/Install/var/lib/orbslam2/voc/sift_cv.fbow
This could take a while...
Loading SIFT Vocabulary in FBoW.
SIFT Vocabulary loaded in 0.038036s


Camera Parameters: 
- fx: 983.044
- fy: 983.044
- cx: 643.647
- cy: 493.379
- k1: 0
- k2: 0
- p1: 0
- p2: 0
- fps: 16
- color order: RGB (ignored if grayscale)

[Feature 0] KAZE Extractor Parameters: 
 ( TH_LOW: 0.5, TH_HIGH: 1 )
- Number of Features : 2000
- Scale Levels       : 4
- Scale Factor       : 1.2
- Threshold          : 0.001
- nOctaves           : 4
- nOctaveLayers      : 4
- Extended (128‑dim) : 0
- Upright            : 0

[Feature 1] SIFT Extractor Parameters: 
 ( TH_LOW: 300, TH_HIGH: 500 )
- Number of Features  : 2000
- Scale Levels        : 1
- Scale Factor        : 1
- Contrast Threshold  : 0.01
- Edge Threshold      : 5
- nOctaves            : 3
- Sigma               : 1.6

-------
Start processing sequence ...
Images in the sequence: 7513

1
New map created with 180 points for 0 Feature Type 
New map created with 265 points for 1 Feature Type 
Tracking Initlized in 375.55s
The initlized frame ID: 142
The lost frame ID: 831
The lost frame ID: 832
The lost frame ID: 833
The lost frame ID: 834
The lost frame ID: 835
The lost frame ID: 836
The lost frame ID: 837
The lost frame ID: 839
The lost frame ID: 1482
The lost frame ID: 1483
The lost frame ID: 1484
The lost frame ID: 1485
The lost frame ID: 1486
The lost frame ID: 1487
The lost frame ID: 1488
The lost frame ID: 1489
The lost frame ID: 1492
The lost frame ID: 1494
The lost frame ID: 1496
The lost frame ID: 1498
The lost frame ID: 1499
The lost frame ID: 1500
The lost frame ID: 1501
The lost frame ID: 1502
The lost frame ID: 1503
The lost frame ID: 1504
The lost frame ID: 1505
The lost frame ID: 1506

Saving camera trajectory to TrajectoryBeforeReset_oxf_kaz_sft_r06_seg01_pid3577097_1757606322168.txt ...

trajectory saved!
[Tracking] wrote pre-reset trajectory to TrajectoryBeforeReset_oxf_kaz_sft_r06_seg01_pid3577097_1757606322168.txt
[Tracking] LOST for 10 consecutive frames -> reset
System Reseting
Reseting Local Mapper... done
Reseting Loop Closing... done
Reseting Database... done
0
New map created with 1028 points for 0 Feature Type 
New map created with 1370 points for 1 Feature Type 
Tracking Initlized in 9.56s
The initlized frame ID: 3
The lost frame ID: 1315
The lost frame ID: 1316
The lost frame ID: 1317
The lost frame ID: 1319
The lost frame ID: 1320
The lost frame ID: 1321
The lost frame ID: 1323
The lost frame ID: 1326
The lost frame ID: 1328
The lost frame ID: 1333
The lost frame ID: 1334
The lost frame ID: 1336
The lost frame ID: 1337
The lost frame ID: 1339
The lost frame ID: 1341
The lost frame ID: 1342
The lost frame ID: 1346
The lost frame ID: 1348
The lost frame ID: 1349
The lost frame ID: 1350
The lost frame ID: 1352
The lost frame ID: 1353
The lost frame ID: 1355
The lost frame ID: 1356
The lost frame ID: 1357
The lost frame ID: 1358
The lost frame ID: 1359
The lost frame ID: 1360
The lost frame ID: 1361
The lost frame ID: 1362
The lost frame ID: 1363

Saving camera trajectory to TrajectoryBeforeReset_oxf_kaz_sft_r06_seg02_pid3577097_1757606956523.txt ...

trajectory saved!
[Tracking] wrote pre-reset trajectory to TrajectoryBeforeReset_oxf_kaz_sft_r06_seg02_pid3577097_1757606956523.txt
[Tracking] LOST for 10 consecutive frames -> reset
System Reseting
Reseting Local Mapper... done
Reseting Loop Closing... done
Reseting Database... done
0
New map created with 511 points for 0 Feature Type 
New map created with 447 points for 1 Feature Type 
Tracking Initlized in 2.75s
The initlized frame ID: 1
The lost frame ID: 79
The lost frame ID: 80
The lost frame ID: 83
The lost frame ID: 87
The lost frame ID: 88
The lost frame ID: 89
The lost frame ID: 94
The lost frame ID: 96
The lost frame ID: 97
The lost frame ID: 98
The lost frame ID: 100
The lost frame ID: 101
The lost frame ID: 102
The lost frame ID: 105
The lost frame ID: 106
The lost frame ID: 108
The lost frame ID: 113
The lost frame ID: 114
The lost frame ID: 116
The lost frame ID: 117
The lost frame ID: 119
The lost frame ID: 120
The lost frame ID: 121
The lost frame ID: 123
The lost frame ID: 124
The lost frame ID: 125
The lost frame ID: 126
The lost frame ID: 128
The lost frame ID: 129
The lost frame ID: 130
The lost frame ID: 132
The lost frame ID: 133
The lost frame ID: 134
The lost frame ID: 137
The lost frame ID: 140
The lost frame ID: 141
The lost frame ID: 142
The lost frame ID: 143
The lost frame ID: 145
The lost frame ID: 146
The lost frame ID: 147
The lost frame ID: 148
The lost frame ID: 150
The lost frame ID: 151
The lost frame ID: 153
The lost frame ID: 154
The lost frame ID: 155
The lost frame ID: 156
The lost frame ID: 157
The lost frame ID: 159
The lost frame ID: 160
The lost frame ID: 161
The lost frame ID: 162
The lost frame ID: 163
The lost frame ID: 164
The lost frame ID: 165
The lost frame ID: 167
The lost frame ID: 168
The lost frame ID: 169
The lost frame ID: 170
The lost frame ID: 171
The lost frame ID: 172
The lost frame ID: 173
The lost frame ID: 174
The lost frame ID: 175

Saving camera trajectory to TrajectoryBeforeReset_oxf_kaz_sft_r06_seg03_pid3577097_1757607043006.txt ...

trajectory saved!
[Tracking] wrote pre-reset trajectory to TrajectoryBeforeReset_oxf_kaz_sft_r06_seg03_pid3577097_1757607043006.txt
[Tracking] LOST for 10 consecutive frames -> reset
System Reseting
Reseting Local Mapper... done
Reseting Loop Closing... done
Reseting Database... done
0
New map created with 668 points for 0 Feature Type 
New map created with 644 points for 1 Feature Type 
Tracking Initlized in 3.46s
The initlized frame ID: 1
The lost frame ID: 503
The lost frame ID: 505
The lost frame ID: 506
The lost frame ID: 507
The lost frame ID: 508
The lost frame ID: 509
The lost frame ID: 510
The lost frame ID: 511
The lost frame ID: 512
The lost frame ID: 513

Saving camera trajectory to TrajectoryBeforeReset_oxf_kaz_sft_r06_seg04_pid3577097_1757607298214.txt ...

trajectory saved!
[Tracking] wrote pre-reset trajectory to TrajectoryBeforeReset_oxf_kaz_sft_r06_seg04_pid3577097_1757607298214.txt
[Tracking] LOST for 10 consecutive frames -> reset
System Reseting
Reseting Local Mapper... done
Reseting Loop Closing... done
Reseting Database... done
1
New map created with 284 points for 0 Feature Type 
New map created with 542 points for 1 Feature Type 
Tracking Initlized in 2.68s
The initlized frame ID: 1
Track lost soon after initialisation, reseting...
System Reseting
Reseting Local Mapper... done
Reseting Loop Closing... done
Reseting Database... done
0
New map created with 456 points for 0 Feature Type 
New map created with 803 points for 1 Feature Type 
Tracking Initlized in 2.91s
The initlized frame ID: 1
Track lost soon after initialisation, reseting...
System Reseting
Reseting Local Mapper... done
Reseting Loop Closing... done
Reseting Database... done
0
New map created with 542 points for 0 Feature Type 
New map created with 895 points for 1 Feature Type 
Tracking Initlized in 2.96s
The initlized frame ID: 1
The lost frame ID: 1391
The lost frame ID: 1393
The lost frame ID: 1396
The lost frame ID: 1403
The lost frame ID: 1404
The lost frame ID: 1405
The lost frame ID: 1406
The lost frame ID: 1407
The lost frame ID: 1408
The lost frame ID: 1412
The lost frame ID: 1413
The lost frame ID: 1415
The lost frame ID: 1416
The lost frame ID: 1417
The lost frame ID: 1418
The lost frame ID: 1419
The lost frame ID: 1420
The lost frame ID: 1422
The lost frame ID: 1423
The lost frame ID: 1424
The lost frame ID: 1425
The lost frame ID: 1426
The lost frame ID: 1427
The lost frame ID: 1432
The lost frame ID: 1433
The lost frame ID: 1434
The lost frame ID: 1435
The lost frame ID: 1437
The lost frame ID: 1445
The lost frame ID: 1447
The lost frame ID: 1503
The lost frame ID: 1507
The lost frame ID: 1509
The lost frame ID: 1511
The lost frame ID: 1512
The lost frame ID: 1515
The lost frame ID: 1517
The lost frame ID: 1518
The lost frame ID: 1520
The lost frame ID: 1521
The lost frame ID: 1522
The lost frame ID: 1524
The lost frame ID: 1530
The lost frame ID: 1531
The lost frame ID: 1535
The lost frame ID: 1537
The lost frame ID: 1539
The lost frame ID: 1540
The lost frame ID: 1541
The lost frame ID: 1542
The lost frame ID: 1543
The lost frame ID: 1544
The lost frame ID: 1545
The lost frame ID: 1546
The lost frame ID: 1547

Saving camera trajectory to TrajectoryBeforeReset_oxf_kaz_sft_r06_seg05_pid3577097_1757608062523.txt ...

trajectory saved!
[Tracking] wrote pre-reset trajectory to TrajectoryBeforeReset_oxf_kaz_sft_r06_seg05_pid3577097_1757608062523.txt
[Tracking] LOST for 10 consecutive frames -> reset
System Reseting
Reseting Local Mapper... done
Reseting Loop Closing... done
Reseting Database... done
0
New map created with 615 points for 0 Feature Type 
New map created with 1036 points for 1 Feature Type 
Tracking Initlized in 3.08s
The initlized frame ID: 1
The lost frame ID: 2107
The lost frame ID: 2108
The lost frame ID: 2109
The lost frame ID: 2110
The lost frame ID: 2111
The lost frame ID: 2112
The lost frame ID: 2113
The lost frame ID: 2114
The lost frame ID: 2115

Saving camera trajectory to TrajectoryBeforeReset_oxf_kaz_sft_r06_seg06_pid3577097_1757609066756.txt ...

trajectory saved!
[Tracking] wrote pre-reset trajectory to TrajectoryBeforeReset_oxf_kaz_sft_r06_seg06_pid3577097_1757609066756.txt
[Tracking] LOST for 10 consecutive frames -> reset
System Reseting
Reseting Local Mapper... done
Reseting Loop Closing... done
Reseting Database... done
0
New map created with 518 points for 0 Feature Type 
New map created with 557 points for 1 Feature Type 
Tracking Initlized in 27.60s
The initlized frame ID: 11
The lost frame ID: 154
The lost frame ID: 156
The lost frame ID: 157
The lost frame ID: 158
The lost frame ID: 159
The lost frame ID: 160
The lost frame ID: 161
The lost frame ID: 162
The lost frame ID: 163
The lost frame ID: 164

Saving camera trajectory to TrajectoryBeforeReset_oxf_kaz_sft_r06_seg07_pid3577097_1757609146846.txt ...

trajectory saved!
[Tracking] wrote pre-reset trajectory to TrajectoryBeforeReset_oxf_kaz_sft_r06_seg07_pid3577097_1757609146846.txt
[Tracking] LOST for 10 consecutive frames -> reset
System Reseting
Reseting Local Mapper... done
Reseting Loop Closing... done
Reseting Database... done
0
New map created with 600 points for 0 Feature Type 
New map created with 634 points for 1 Feature Type 
Tracking Initlized in 2.69s
The initlized frame ID: 1
Track lost soon after initialisation, reseting...
System Reseting
Reseting Local Mapper... done
Reseting Loop Closing... done
Reseting Database... done
0
New map created with 660 points for 0 Feature Type 
New map created with 591 points for 1 Feature Type 
Tracking Initlized in 2.84s
The initlized frame ID: 1
Track lost soon after initialisation, reseting...
System Reseting
Reseting Local Mapper... done
Reseting Loop Closing... done
Reseting Database... done
0
New map created with 643 points for 0 Feature Type 
New map created with 594 points for 1 Feature Type 
Tracking Initlized in 3.00s
The initlized frame ID: 1
System::StopViewer()
System::StopViewer() done

Saving correlation status...

========== Global Summary ==========
Frames: 7083
avg_CorrEdges: 27.2171
avg_match_A: 230.613
avg_match_B: 210.893
global_RI_MNR: 0.129057
global_RI_GNR: 0.123415
global_RI_DICE: 0.123292

========== Per-Channel Summary ==========
   chA   chB     avgCorr        avgA        avgB   avgRI_MNR   avgRI_GNR  avgRI_DICE
     0     1     27.2171     230.613     210.893    0.121669    0.109986    0.109085

Correlation status saved!

System Shutdown
-------

median tracking time: 0.484901
mean tracking time: 0.492958

Saving camera trajectory to result06.txt ...

trajectory saved!
All done

========== Performance Summary (ms) ==========
name                                mean      median        rmse         min         max       count
Lost Count                         1.000       1.000       0.000       1.000       1.000           7
Tracking                          20.087      17.591      12.057       2.177     338.952        7336
Reset Count                        1.000       1.000       0.000       1.000       1.000          11
Correlation                        0.383       0.340       0.260       0.004       7.248        7117
Total Init                     91150.683   91150.683       0.000   91150.683   91150.683           1
Pipeline                         491.621     484.700      61.564     326.818    1135.778        7513
KAZE Extract                     463.525     457.688      56.291     302.253     761.385        7513
SIFT Extract                     140.074     131.607      35.311      78.244     394.273        7513
