Registering ORBextractor...
Registering AKAZEextractor...
Registering BRISKextractor...
Registering SIFTextractor...
Registering KAZEextractor...
Registering SuperPointExtractor...

ORB-SLAM2 Copyright (C) 2014-2016 Raul Mur-Artal, University of Zaragoza.
This program comes with ABSOLUTELY NO WARRANTY;
This is free software, and you are welcome to redistribute it
under certain conditions. See LICENSE.txt.

Input sensor was set to: Monocular

Loading Vocabulary : /home/howard/Refactored_ORB_SLAM2/Install/var/lib/orbslam2/voc/kaze_cv.fbow
This could take a while...
Loading KAZE Vocabulary in FBoW.
KAZE Vocabulary loaded in 0.032731s


Loading Vocabulary : /home/howard/Refactored_ORB_SLAM2/Install/var/lib/orbslam2/voc/sift_cv.fbow
This could take a while...
Loading SIFT Vocabulary in FBoW.
SIFT Vocabulary loaded in 0.041401s


Camera Parameters: 
- fx: 983.044
- fy: 983.044
- cx: 643.647
- cy: 493.379
- k1: 0
- k2: 0
- p1: 0
- p2: 0
- fps: 16
- color order: RGB (ignored if grayscale)

[Feature 0] KAZE Extractor Parameters: 
 ( TH_LOW: 0.5, TH_HIGH: 1 )
- Number of Features : 2000
- Scale Levels       : 4
- Scale Factor       : 1.2
- Threshold          : 0.001
- nOctaves           : 4
- nOctaveLayers      : 4
- Extended (128‑dim) : 0
- Upright            : 0

[Feature 1] SIFT Extractor Parameters: 
 ( TH_LOW: 300, TH_HIGH: 500 )
- Number of Features  : 2000
- Scale Levels        : 1
- Scale Factor        : 1
- Contrast Threshold  : 0.01
- Edge Threshold      : 5
- nOctaves            : 3
- Sigma               : 1.6

-------
Start processing sequence ...
Images in the sequence: 7513

1
New map created with 180 points for 0 Feature Type 
New map created with 265 points for 1 Feature Type 
Tracking Initlized in 440.16s
The initlized frame ID: 142
The lost frame ID: 831
The lost frame ID: 832
The lost frame ID: 833
The lost frame ID: 834
The lost frame ID: 835
The lost frame ID: 836
The lost frame ID: 837
The lost frame ID: 1480
The lost frame ID: 1481
The lost frame ID: 1482
The lost frame ID: 1483
The lost frame ID: 1484
The lost frame ID: 1485
The lost frame ID: 1486
The lost frame ID: 1487
The lost frame ID: 1489
The lost frame ID: 1490
The lost frame ID: 1491
The lost frame ID: 1492
The lost frame ID: 1493
The lost frame ID: 1494
The lost frame ID: 1495
The lost frame ID: 1496
The lost frame ID: 1497

Saving camera trajectory to TrajectoryBeforeReset_oxf_kaz_sft_r02_seg01_pid2138713_1757588975747.txt ...

trajectory saved!
[Tracking] wrote pre-reset trajectory to TrajectoryBeforeReset_oxf_kaz_sft_r02_seg01_pid2138713_1757588975747.txt
[Tracking] LOST for 10 consecutive frames -> reset
System Reseting
Reseting Local Mapper... done
Reseting Loop Closing... done
Reseting Database... done
0
New map created with 875 points for 0 Feature Type 
New map created with 1385 points for 1 Feature Type 
Tracking Initlized in 14.57s
The initlized frame ID: 4
The lost frame ID: 1314
The lost frame ID: 1316
The lost frame ID: 2054
The lost frame ID: 2055
The lost frame ID: 2056
The lost frame ID: 2057
The lost frame ID: 2058
The lost frame ID: 2059
The lost frame ID: 2060
The lost frame ID: 2061
The lost frame ID: 2062

Saving camera trajectory to TrajectoryBeforeReset_oxf_kaz_sft_r02_seg02_pid2138713_1757590621286.txt ...

trajectory saved!
[Tracking] wrote pre-reset trajectory to TrajectoryBeforeReset_oxf_kaz_sft_r02_seg02_pid2138713_1757590621286.txt
[Tracking] LOST for 10 consecutive frames -> reset
System Reseting
Reseting Local Mapper... done
Reseting Loop Closing... done
Reseting Database... done
1
New map created with 280 points for 0 Feature Type 
New map created with 517 points for 1 Feature Type 
Tracking Initlized in 4.55s
The initlized frame ID: 1
The lost frame ID: 720
The lost frame ID: 813
The lost frame ID: 851
The lost frame ID: 863
The lost frame ID: 879
The lost frame ID: 899
The lost frame ID: 900
The lost frame ID: 901
The lost frame ID: 902
The lost frame ID: 903
The lost frame ID: 904
The lost frame ID: 905
The lost frame ID: 906
The lost frame ID: 907

Saving camera trajectory to TrajectoryBeforeReset_oxf_kaz_sft_r02_seg03_pid2138713_1757591294267.txt ...

trajectory saved!
[Tracking] wrote pre-reset trajectory to TrajectoryBeforeReset_oxf_kaz_sft_r02_seg03_pid2138713_1757591294267.txt
[Tracking] LOST for 10 consecutive frames -> reset
System Reseting
Reseting Local Mapper... done
Reseting Loop Closing... done
Reseting Database... done
0
New map created with 681 points for 0 Feature Type 
New map created with 870 points for 1 Feature Type 
Tracking Initlized in 3.36s
The initlized frame ID: 1
The lost frame ID: 502
The lost frame ID: 503
The lost frame ID: 504
The lost frame ID: 505
The lost frame ID: 506
The lost frame ID: 2753
The lost frame ID: 2754
The lost frame ID: 2755
The lost frame ID: 2756
The lost frame ID: 2757
The lost frame ID: 2758
The lost frame ID: 2759
The lost frame ID: 2760
The lost frame ID: 2761

Saving camera trajectory to TrajectoryBeforeReset_oxf_kaz_sft_r02_seg04_pid2138713_1757592935937.txt ...

trajectory saved!
[Tracking] wrote pre-reset trajectory to TrajectoryBeforeReset_oxf_kaz_sft_r02_seg04_pid2138713_1757592935937.txt
[Tracking] LOST for 10 consecutive frames -> reset
System Reseting
Reseting Local Mapper... done
Reseting Loop Closing... done
Reseting Database... done
0
New map created with 545 points for 0 Feature Type 
New map created with 585 points for 1 Feature Type 
Tracking Initlized in 29.59s
The initlized frame ID: 11
The lost frame ID: 156
The lost frame ID: 157
The lost frame ID: 158
The lost frame ID: 159
The lost frame ID: 160
The lost frame ID: 161
The lost frame ID: 162
The lost frame ID: 164
The lost frame ID: 165
The lost frame ID: 166
The lost frame ID: 167
The lost frame ID: 168
The lost frame ID: 169
The lost frame ID: 170
The lost frame ID: 171
The lost frame ID: 172

Saving camera trajectory to TrajectoryBeforeReset_oxf_kaz_sft_r02_seg05_pid2138713_1757593041646.txt ...

trajectory saved!
[Tracking] wrote pre-reset trajectory to TrajectoryBeforeReset_oxf_kaz_sft_r02_seg05_pid2138713_1757593041646.txt
[Tracking] LOST for 10 consecutive frames -> reset
System Reseting
Reseting Local Mapper... done
Reseting Loop Closing... done
Reseting Database... done
0
New map created with 681 points for 0 Feature Type 
New map created with 597 points for 1 Feature Type 
Tracking Initlized in 3.44s
The initlized frame ID: 1
System::StopViewer()
System::StopViewer() done

Saving correlation status...

========== Global Summary ==========
Frames: 7229
avg_CorrEdges: 27.8683
avg_match_A: 232.529
avg_match_B: 215.777
global_RI_MNR: 0.129153
global_RI_GNR: 0.124414
global_RI_DICE: 0.124327

========== Per-Channel Summary ==========
   chA   chB     avgCorr        avgA        avgB   avgRI_MNR   avgRI_GNR  avgRI_DICE
     0     1     27.8683     232.529     215.777    0.118556     0.10745    0.106612

Correlation status saved!

System Shutdown
-------

median tracking time: 0.706547
mean tracking time: 0.725228

Saving camera trajectory to result02.txt ...

trajectory saved!
All done

========== Performance Summary (ms) ==========
name                                mean      median        rmse         min         max       count
Lost Count                         1.000       1.000       0.000       1.000       1.000           5
Tracking                          28.080      25.587      16.217       2.093     691.909        7347
Reset Count                        1.000       1.000       0.000       1.000       1.000           5
Correlation                        0.487       0.424       0.466       0.005      15.060        7263
Total Init                    121555.913  121555.913       0.000  121555.913  121555.913           1
Pipeline                         723.397     706.468     151.582     379.496    5490.120        7513
KAZE Extract                     684.824     664.772     148.677     356.793    5417.954        7513
SIFT Extract                     181.980     171.464      49.108      88.422     582.906        7513
