Registering ORBextractor...
Registering AKAZEextractor...
Registering BRISKextractor...
Registering SIFTextractor...
Registering KAZEextractor...
Registering SuperPointExtractor...

ORB-SLAM2 Copyright (C) 2014-2016 Raul Mur-Artal, University of Zaragoza.
This program comes with ABSOLUTELY NO WARRANTY;
This is free software, and you are welcome to redistribute it
under certain conditions. See LICENSE.txt.

Input sensor was set to: Monocular

Loading Vocabulary : /home/howard/Refactored_ORB_SLAM2/Install/var/lib/orbslam2/voc/kaze_cv.fbow
This could take a while...
Loading KAZE Vocabulary in FBoW.
KAZE Vocabulary loaded in 0.013872s


Loading Vocabulary : /home/howard/Refactored_ORB_SLAM2/Install/var/lib/orbslam2/voc/sift_cv.fbow
This could take a while...
Loading SIFT Vocabulary in FBoW.
SIFT Vocabulary loaded in 0.023545s


Camera Parameters: 
- fx: 983.044
- fy: 983.044
- cx: 643.647
- cy: 493.379
- k1: 0
- k2: 0
- p1: 0
- p2: 0
- fps: 16
- color order: RGB (ignored if grayscale)

[Feature 0] KAZE Extractor Parameters: 
 ( TH_LOW: 0.5, TH_HIGH: 1 )
- Number of Features : 2000
- Scale Levels       : 4
- Scale Factor       : 1.2
- Threshold          : 0.001
- nOctaves           : 4
- nOctaveLayers      : 4
- Extended (128‑dim) : 0
- Upright            : 0

[Feature 1] SIFT Extractor Parameters: 
 ( TH_LOW: 300, TH_HIGH: 500 )
- Number of Features  : 2000
- Scale Levels        : 1
- Scale Factor        : 1
- Contrast Threshold  : 0.01
- Edge Threshold      : 5
- nOctaves            : 3
- Sigma               : 1.6

-------
Start processing sequence ...
Images in the sequence: 7513

1
New map created with 180 points for 0 Feature Type 
New map created with 265 points for 1 Feature Type 
Tracking Initlized in 350.97s
The initlized frame ID: 142
The lost frame ID: 831
The lost frame ID: 833
The lost frame ID: 834
The lost frame ID: 835
The lost frame ID: 836
The lost frame ID: 837
The lost frame ID: 838
The lost frame ID: 1483
The lost frame ID: 1484
The lost frame ID: 1485
The lost frame ID: 1486
The lost frame ID: 1487
The lost frame ID: 1488
The lost frame ID: 1491
The lost frame ID: 1492
The lost frame ID: 1498
The lost frame ID: 1499
The lost frame ID: 1502
The lost frame ID: 1503
The lost frame ID: 1504
The lost frame ID: 1506
The lost frame ID: 1507
The lost frame ID: 1508
The lost frame ID: 1509
The lost frame ID: 1510
The lost frame ID: 1511
The lost frame ID: 1512
The lost frame ID: 1513
The lost frame ID: 1514

Saving camera trajectory to TrajectoryBeforeReset_oxf_kaz_sft_r15_seg01_pid2641827_1757645018000.txt ...

trajectory saved!
[Tracking] wrote pre-reset trajectory to TrajectoryBeforeReset_oxf_kaz_sft_r15_seg01_pid2641827_1757645018000.txt
[Tracking] LOST for 10 consecutive frames -> reset
System Reseting
Reseting Local Mapper... done
Reseting Loop Closing... done
Reseting Database... done
0
New map created with 937 points for 0 Feature Type 
New map created with 1381 points for 1 Feature Type 
Tracking Initlized in 5.36s
The initlized frame ID: 2
The lost frame ID: 2036
The lost frame ID: 2037
The lost frame ID: 2038
The lost frame ID: 2039
The lost frame ID: 2040
The lost frame ID: 2041
The lost frame ID: 2042
The lost frame ID: 2043
The lost frame ID: 2044

Saving camera trajectory to TrajectoryBeforeReset_oxf_kaz_sft_r15_seg02_pid2641827_1757645846314.txt ...

trajectory saved!
[Tracking] wrote pre-reset trajectory to TrajectoryBeforeReset_oxf_kaz_sft_r15_seg02_pid2641827_1757645846314.txt
[Tracking] LOST for 10 consecutive frames -> reset
System Reseting
Reseting Local Mapper... done
Reseting Loop Closing... done
Reseting Database... done
1
New map created with 317 points for 0 Feature Type 
New map created with 640 points for 1 Feature Type 
Tracking Initlized in 2.32s
The initlized frame ID: 1
Track lost soon after initialisation, reseting...
System Reseting
Reseting Local Mapper... done
Reseting Loop Closing... done
Reseting Database... done
0
New map created with 516 points for 0 Feature Type 
New map created with 887 points for 1 Feature Type 
Tracking Initlized in 2.33s
The initlized frame ID: 1
Track lost soon after initialisation, reseting...
System Reseting
Reseting Local Mapper... done
Reseting Loop Closing... done
Reseting Database... done
0
New map created with 601 points for 0 Feature Type 
New map created with 982 points for 1 Feature Type 
Tracking Initlized in 2.52s
The initlized frame ID: 1
The lost frame ID: 1395
The lost frame ID: 1400
The lost frame ID: 1401
The lost frame ID: 1402
The lost frame ID: 1403
The lost frame ID: 1404
The lost frame ID: 1405
The lost frame ID: 1406
The lost frame ID: 1407
The lost frame ID: 1410
The lost frame ID: 1411
The lost frame ID: 1412
The lost frame ID: 1413
The lost frame ID: 1414
The lost frame ID: 1415
The lost frame ID: 1416
The lost frame ID: 1417
The lost frame ID: 1418

Saving camera trajectory to TrajectoryBeforeReset_oxf_kaz_sft_r15_seg03_pid2641827_1757646356081.txt ...

trajectory saved!
[Tracking] wrote pre-reset trajectory to TrajectoryBeforeReset_oxf_kaz_sft_r15_seg03_pid2641827_1757646356081.txt
[Tracking] LOST for 10 consecutive frames -> reset
System Reseting
Reseting Local Mapper... done
Reseting Loop Closing... done
Reseting Database... done
1
New map created with 317 points for 0 Feature Type 
New map created with 1419 points for 1 Feature Type 
Tracking Initlized in 2.40s
The initlized frame ID: 1
The lost frame ID: 2235
The lost frame ID: 2236
The lost frame ID: 2237
The lost frame ID: 2238
The lost frame ID: 2239
The lost frame ID: 2240
The lost frame ID: 2241
The lost frame ID: 2242
The lost frame ID: 2243

Saving camera trajectory to TrajectoryBeforeReset_oxf_kaz_sft_r15_seg04_pid2641827_1757647166429.txt ...

trajectory saved!
[Tracking] wrote pre-reset trajectory to TrajectoryBeforeReset_oxf_kaz_sft_r15_seg04_pid2641827_1757647166429.txt
[Tracking] LOST for 10 consecutive frames -> reset
System Reseting
Reseting Local Mapper... done
Reseting Loop Closing... done
Reseting Database... done
0
New map created with 563 points for 0 Feature Type 
New map created with 639 points for 1 Feature Type 
Tracking Initlized in 24.03s
The initlized frame ID: 11
The lost frame ID: 154
The lost frame ID: 156
The lost frame ID: 157
The lost frame ID: 158
The lost frame ID: 159
The lost frame ID: 160
The lost frame ID: 161
The lost frame ID: 162
The lost frame ID: 163
The lost frame ID: 164
The lost frame ID: 166
The lost frame ID: 167
The lost frame ID: 168
The lost frame ID: 169
The lost frame ID: 170
The lost frame ID: 171
The lost frame ID: 172
The lost frame ID: 173
The lost frame ID: 174

Saving camera trajectory to TrajectoryBeforeReset_oxf_kaz_sft_r15_seg05_pid2641827_1757647234723.txt ...

trajectory saved!
[Tracking] wrote pre-reset trajectory to TrajectoryBeforeReset_oxf_kaz_sft_r15_seg05_pid2641827_1757647234723.txt
[Tracking] LOST for 10 consecutive frames -> reset
System Reseting
Reseting Local Mapper... done
Reseting Loop Closing... done
Reseting Database... done
0
New map created with 738 points for 0 Feature Type 
New map created with 653 points for 1 Feature Type 
Tracking Initlized in 2.67s
The initlized frame ID: 1
System::StopViewer()
System::StopViewer() done

Saving correlation status...

========== Global Summary ==========
Frames: 7247
avg_CorrEdges: 26.9512
avg_match_A: 229.411
avg_match_B: 211.01
global_RI_MNR: 0.127725
global_RI_GNR: 0.122495
global_RI_DICE: 0.122388

========== Per-Channel Summary ==========
   chA   chB     avgCorr        avgA        avgB   avgRI_MNR   avgRI_GNR  avgRI_DICE
     0     1     26.9512     229.411      211.01    0.115609    0.105111    0.104309

Correlation status saved!

System Shutdown
-------

median tracking time: 0.366098
mean tracking time: 0.374956

Saving camera trajectory to result15.txt ...

trajectory saved!
All done

========== Performance Summary (ms) ==========
name                                mean      median        rmse         min         max       count
Lost Count                         1.000       1.000       0.000       1.000       1.000           5
Tracking                          15.806      14.245      10.000       1.885     423.752        7345
Reset Count                        1.000       1.000       0.000       1.000       1.000           7
Correlation                        0.300       0.272       0.210       0.003       7.360        7254
Total Init                     82542.625   82542.625       0.000   82542.625   82542.625           1
Pipeline                         374.057     365.996      57.274     263.234     866.968        7513
KAZE Extract                     351.870     347.063      49.032     248.001     617.930        7513
SIFT Extract                     114.587     106.112      28.100      69.364     358.933        7513
