Registering ORBextractor...
Registering AKAZEextractor...
Registering BRISKextractor...
Registering SIFTextractor...
Registering KAZEextractor...
Registering SuperPointExtractor...

ORB-SLAM2 Copyright (C) 2014-2016 Raul Mur-Artal, University of Zaragoza.
This program comes with ABSOLUTELY NO WARRANTY;
This is free software, and you are welcome to redistribute it
under certain conditions. See LICENSE.txt.

Input sensor was set to: Monocular

Loading Vocabulary : /home/howard/Refactored_ORB_SLAM2/Install/var/lib/orbslam2/voc/kaze_cv.fbow
This could take a while...
Loading KAZE Vocabulary in FBoW.
KAZE Vocabulary loaded in 0.025524s


Loading Vocabulary : /home/howard/Refactored_ORB_SLAM2/Install/var/lib/orbslam2/voc/sift_cv.fbow
This could take a while...
Loading SIFT Vocabulary in FBoW.
SIFT Vocabulary loaded in 0.066709s


Camera Parameters: 
- fx: 983.044
- fy: 983.044
- cx: 643.647
- cy: 493.379
- k1: 0
- k2: 0
- p1: 0
- p2: 0
- fps: 16
- color order: RGB (ignored if grayscale)

[Feature 0] KAZE Extractor Parameters: 
 ( TH_LOW: 0.5, TH_HIGH: 1 )
- Number of Features : 2000
- Scale Levels       : 4
- Scale Factor       : 1.2
- Threshold          : 0.001
- nOctaves           : 4
- nOctaveLayers      : 4
- Extended (128‑dim) : 0
- Upright            : 0

[Feature 1] SIFT Extractor Parameters: 
 ( TH_LOW: 300, TH_HIGH: 500 )
- Number of Features  : 2000
- Scale Levels        : 1
- Scale Factor        : 1
- Contrast Threshold  : 0.01
- Edge Threshold      : 5
- nOctaves            : 3
- Sigma               : 1.6

-------
Start processing sequence ...
Images in the sequence: 7513

1
New map created with 180 points for 0 Feature Type 
New map created with 265 points for 1 Feature Type 
Tracking Initlized in 340.84s
The initlized frame ID: 142
The lost frame ID: 831
The lost frame ID: 832
The lost frame ID: 833
The lost frame ID: 834
The lost frame ID: 835
The lost frame ID: 836
The lost frame ID: 837
The lost frame ID: 3551
The lost frame ID: 3552
The lost frame ID: 3553
The lost frame ID: 3554
The lost frame ID: 3555
The lost frame ID: 3556
The lost frame ID: 3557
The lost frame ID: 3558
The lost frame ID: 3559

Saving camera trajectory to TrajectoryBeforeReset_oxf_kaz_sft_r10_seg01_pid1105530_1757631371901.txt ...

trajectory saved!
[Tracking] wrote pre-reset trajectory to TrajectoryBeforeReset_oxf_kaz_sft_r10_seg01_pid1105530_1757631371901.txt
[Tracking] LOST for 10 consecutive frames -> reset
System Reseting
Reseting Local Mapper... done
Reseting Loop Closing... done
Reseting Database... done
1
New map created with 312 points for 0 Feature Type 
New map created with 642 points for 1 Feature Type 
Tracking Initlized in 2.51s
The initlized frame ID: 1
Track lost soon after initialisation, reseting...
System Reseting
Reseting Local Mapper... done
Reseting Loop Closing... done
Reseting Database... done
0
New map created with 407 points for 0 Feature Type 
New map created with 715 points for 1 Feature Type 
Tracking Initlized in 2.53s
The initlized frame ID: 1
The lost frame ID: 1408
The lost frame ID: 1409
The lost frame ID: 1410
The lost frame ID: 1411
The lost frame ID: 1412
The lost frame ID: 1413
The lost frame ID: 1414
The lost frame ID: 1415
The lost frame ID: 1416

Saving camera trajectory to TrajectoryBeforeReset_oxf_kaz_sft_r10_seg02_pid1105530_1757631899199.txt ...

trajectory saved!
[Tracking] wrote pre-reset trajectory to TrajectoryBeforeReset_oxf_kaz_sft_r10_seg02_pid1105530_1757631899199.txt
[Tracking] LOST for 10 consecutive frames -> reset
System Reseting
Reseting Local Mapper... done
Reseting Loop Closing... done
Reseting Database... done
1
New map created with 458 points for 0 Feature Type 
New map created with 1545 points for 1 Feature Type 
Tracking Initlized in 2.51s
The initlized frame ID: 1
The lost frame ID: 142
The lost frame ID: 143
The lost frame ID: 144
The lost frame ID: 146
The lost frame ID: 147
The lost frame ID: 148
The lost frame ID: 149
The lost frame ID: 151
The lost frame ID: 155
The lost frame ID: 157
The lost frame ID: 158
The lost frame ID: 160
The lost frame ID: 161
The lost frame ID: 162
The lost frame ID: 163
The lost frame ID: 164
The lost frame ID: 165
The lost frame ID: 167
The lost frame ID: 168
The lost frame ID: 172
The lost frame ID: 173
The lost frame ID: 174
The lost frame ID: 175
The lost frame ID: 177
The lost frame ID: 180
The lost frame ID: 181
The lost frame ID: 182
The lost frame ID: 183
The lost frame ID: 184
The lost frame ID: 188
The lost frame ID: 189
The lost frame ID: 190
The lost frame ID: 191
The lost frame ID: 192
The lost frame ID: 193
The lost frame ID: 194
The lost frame ID: 195
The lost frame ID: 196

Saving camera trajectory to TrajectoryBeforeReset_oxf_kaz_sft_r10_seg03_pid1105530_1757631975862.txt ...

trajectory saved!
[Tracking] wrote pre-reset trajectory to TrajectoryBeforeReset_oxf_kaz_sft_r10_seg03_pid1105530_1757631975862.txt
[Tracking] LOST for 10 consecutive frames -> reset
System Reseting
Reseting Local Mapper... done
Reseting Loop Closing... done
Reseting Database... done
0
New map created with 503 points for 0 Feature Type 
New map created with 746 points for 1 Feature Type 
Tracking Initlized in 2.60s
The initlized frame ID: 1
The lost frame ID: 2045
The lost frame ID: 2046
The lost frame ID: 2047
The lost frame ID: 2048
The lost frame ID: 2049
The lost frame ID: 2050
The lost frame ID: 2051
The lost frame ID: 2052
The lost frame ID: 2053

Saving camera trajectory to TrajectoryBeforeReset_oxf_kaz_sft_r10_seg04_pid1105530_1757632720050.txt ...

trajectory saved!
[Tracking] wrote pre-reset trajectory to TrajectoryBeforeReset_oxf_kaz_sft_r10_seg04_pid1105530_1757632720050.txt
[Tracking] LOST for 10 consecutive frames -> reset
System Reseting
Reseting Local Mapper... done
Reseting Loop Closing... done
Reseting Database... done
0
New map created with 578 points for 0 Feature Type 
New map created with 628 points for 1 Feature Type 
Tracking Initlized in 25.49s
The initlized frame ID: 11
The lost frame ID: 156
The lost frame ID: 157
The lost frame ID: 158
The lost frame ID: 159
The lost frame ID: 160
The lost frame ID: 161
The lost frame ID: 162
The lost frame ID: 163
The lost frame ID: 164

Saving camera trajectory to TrajectoryBeforeReset_oxf_kaz_sft_r10_seg05_pid1105530_1757632789549.txt ...

trajectory saved!
[Tracking] wrote pre-reset trajectory to TrajectoryBeforeReset_oxf_kaz_sft_r10_seg05_pid1105530_1757632789549.txt
[Tracking] LOST for 10 consecutive frames -> reset
System Reseting
Reseting Local Mapper... done
Reseting Loop Closing... done
Reseting Database... done
0
New map created with 607 points for 0 Feature Type 
New map created with 678 points for 1 Feature Type 
Tracking Initlized in 2.79s
The initlized frame ID: 1
System::StopViewer()
System::StopViewer() done

Saving correlation status...

========== Global Summary ==========
Frames: 7244
avg_CorrEdges: 26.1259
avg_match_A: 218.172
avg_match_B: 200.422
global_RI_MNR: 0.130354
global_RI_GNR: 0.124939
global_RI_DICE: 0.124827

========== Per-Channel Summary ==========
   chA   chB     avgCorr        avgA        avgB   avgRI_MNR   avgRI_GNR  avgRI_DICE
     0     1     26.1259     218.172     200.422    0.116695    0.105153    0.104182

Correlation status saved!

System Shutdown
-------

median tracking time: 0.380785
mean tracking time: 0.384404

Saving camera trajectory to result10.txt ...

trajectory saved!
All done

========== Performance Summary (ms) ==========
name                                mean      median        rmse         min         max       count
Lost Count                         1.000       1.000       0.000       1.000       1.000           5
Tracking                          15.514      13.883       9.019       1.669     161.540        7348
Reset Count                        1.000       1.000       0.000       1.000       1.000           6
Correlation                        0.295       0.263       0.211       0.004       8.408        7261
Total Init                     76842.329   76842.329       0.000   76842.329   76842.329           1
Pipeline                         383.118     380.780      43.007     267.846     850.841        7513
KAZE Extract                     361.239     361.495      37.244     257.056     734.928        7513
SIFT Extract                     122.590     113.397      28.227      76.370     302.844        7513
