Registering ORBextractor...
Registering AKAZEextractor...
Registering BRISKextractor...
Registering SIFTextractor...
Registering KAZEextractor...
Registering SuperPointExtractor...

ORB-SLAM2 Copyright (C) 2014-2016 Raul Mur-Artal, University of Zaragoza.
This program comes with ABSOLUTELY NO WARRANTY;
This is free software, and you are welcome to redistribute it
under certain conditions. See LICENSE.txt.

Input sensor was set to: Monocular

Loading Vocabulary : /home/howard/Refactored_ORB_SLAM2/Install/var/lib/orbslam2/voc/kaze_cv.fbow
This could take a while...
Loading KAZE Vocabulary in FBoW.
KAZE Vocabulary loaded in 0.011548s


Loading Vocabulary : /home/howard/Refactored_ORB_SLAM2/Install/var/lib/orbslam2/voc/sift_cv.fbow
This could take a while...
Loading SIFT Vocabulary in FBoW.
SIFT Vocabulary loaded in 0.027682s


Camera Parameters: 
- fx: 983.044
- fy: 983.044
- cx: 643.647
- cy: 493.379
- k1: 0
- k2: 0
- p1: 0
- p2: 0
- fps: 16
- color order: RGB (ignored if grayscale)

[Feature 0] KAZE Extractor Parameters: 
 ( TH_LOW: 0.5, TH_HIGH: 1 )
- Number of Features : 2000
- Scale Levels       : 4
- Scale Factor       : 1.2
- Threshold          : 0.001
- nOctaves           : 4
- nOctaveLayers      : 4
- Extended (128‑dim) : 0
- Upright            : 0

[Feature 1] SIFT Extractor Parameters: 
 ( TH_LOW: 300, TH_HIGH: 500 )
- Number of Features  : 2000
- Scale Levels        : 1
- Scale Factor        : 1
- Contrast Threshold  : 0.01
- Edge Threshold      : 5
- nOctaves            : 3
- Sigma               : 1.6

-------
Start processing sequence ...
Images in the sequence: 7513

1
New map created with 180 points for 0 Feature Type 
New map created with 265 points for 1 Feature Type 
Tracking Initlized in 354.74s
The initlized frame ID: 142
The lost frame ID: 831
The lost frame ID: 832
The lost frame ID: 833
The lost frame ID: 834
The lost frame ID: 835
The lost frame ID: 836
The lost frame ID: 837
The lost frame ID: 962
The lost frame ID: 964
The lost frame ID: 967
The lost frame ID: 970
The lost frame ID: 971
The lost frame ID: 973
The lost frame ID: 975
The lost frame ID: 977
The lost frame ID: 978
The lost frame ID: 979
The lost frame ID: 981
The lost frame ID: 984
The lost frame ID: 986
The lost frame ID: 987
The lost frame ID: 988
The lost frame ID: 991
The lost frame ID: 994
The lost frame ID: 995
The lost frame ID: 997
The lost frame ID: 999
The lost frame ID: 1001
The lost frame ID: 1003
The lost frame ID: 1005
The lost frame ID: 1006
The lost frame ID: 1008
The lost frame ID: 1010
The lost frame ID: 1014
The lost frame ID: 1015
The lost frame ID: 1016
The lost frame ID: 1017
The lost frame ID: 1018
The lost frame ID: 1019
The lost frame ID: 1020
The lost frame ID: 1021
The lost frame ID: 1022

Saving camera trajectory to TrajectoryBeforeReset_oxf_kaz_sft_r11_seg01_pid1408489_1757633262935.txt ...

trajectory saved!
[Tracking] wrote pre-reset trajectory to TrajectoryBeforeReset_oxf_kaz_sft_r11_seg01_pid1408489_1757633262935.txt
[Tracking] LOST for 10 consecutive frames -> reset
System Reseting
Reseting Local Mapper... done
Reseting Loop Closing... done
Reseting Database... done
1
New map created with 304 points for 0 Feature Type 
New map created with 826 points for 1 Feature Type 
Tracking Initlized in 2.49s
The initlized frame ID: 1
The lost frame ID: 455
The lost frame ID: 456
The lost frame ID: 457
The lost frame ID: 480
The lost frame ID: 483
The lost frame ID: 484
The lost frame ID: 485
The lost frame ID: 486
The lost frame ID: 487
The lost frame ID: 489
The lost frame ID: 491
The lost frame ID: 492
The lost frame ID: 493
The lost frame ID: 494
The lost frame ID: 495
The lost frame ID: 496
The lost frame ID: 497
The lost frame ID: 498
The lost frame ID: 499
The lost frame ID: 501
The lost frame ID: 502
The lost frame ID: 505
The lost frame ID: 507
The lost frame ID: 508
The lost frame ID: 509
The lost frame ID: 510
The lost frame ID: 512
The lost frame ID: 513
The lost frame ID: 514
The lost frame ID: 515
The lost frame ID: 516
The lost frame ID: 517
The lost frame ID: 519
The lost frame ID: 522
The lost frame ID: 564
The lost frame ID: 567
The lost frame ID: 568
The lost frame ID: 569
The lost frame ID: 570
The lost frame ID: 572
The lost frame ID: 573
The lost frame ID: 574
The lost frame ID: 580
The lost frame ID: 598
The lost frame ID: 601
The lost frame ID: 602
The lost frame ID: 604
The lost frame ID: 605
The lost frame ID: 606
The lost frame ID: 608
The lost frame ID: 611
The lost frame ID: 612
The lost frame ID: 613
The lost frame ID: 623
The lost frame ID: 627
The lost frame ID: 628
The lost frame ID: 629
The lost frame ID: 630
The lost frame ID: 631
The lost frame ID: 632
The lost frame ID: 633
The lost frame ID: 634
The lost frame ID: 635

Saving camera trajectory to TrajectoryBeforeReset_oxf_kaz_sft_r11_seg02_pid1408489_1757633511375.txt ...

trajectory saved!
[Tracking] wrote pre-reset trajectory to TrajectoryBeforeReset_oxf_kaz_sft_r11_seg02_pid1408489_1757633511375.txt
[Tracking] LOST for 10 consecutive frames -> reset
System Reseting
Reseting Local Mapper... done
Reseting Loop Closing... done
Reseting Database... done
0
New map created with 490 points for 0 Feature Type 
New map created with 948 points for 1 Feature Type 
Tracking Initlized in 2.23s
The initlized frame ID: 1
The lost frame ID: 1891
The lost frame ID: 1893
The lost frame ID: 1894
The lost frame ID: 1895
The lost frame ID: 1896
The lost frame ID: 1897
The lost frame ID: 1898
The lost frame ID: 1899
The lost frame ID: 1900
The lost frame ID: 1901

Saving camera trajectory to TrajectoryBeforeReset_oxf_kaz_sft_r11_seg03_pid1408489_1757634229367.txt ...

trajectory saved!
[Tracking] wrote pre-reset trajectory to TrajectoryBeforeReset_oxf_kaz_sft_r11_seg03_pid1408489_1757634229367.txt
[Tracking] LOST for 10 consecutive frames -> reset
System Reseting
Reseting Local Mapper... done
Reseting Loop Closing... done
Reseting Database... done
1
New map created with 289 points for 0 Feature Type 
New map created with 553 points for 1 Feature Type 
Tracking Initlized in 2.50s
The initlized frame ID: 1
The lost frame ID: 1410
The lost frame ID: 1411
The lost frame ID: 1412
The lost frame ID: 1413
The lost frame ID: 1414
The lost frame ID: 1415
The lost frame ID: 1416
The lost frame ID: 1417
The lost frame ID: 1418

Saving camera trajectory to TrajectoryBeforeReset_oxf_kaz_sft_r11_seg04_pid1408489_1757634750284.txt ...

trajectory saved!
[Tracking] wrote pre-reset trajectory to TrajectoryBeforeReset_oxf_kaz_sft_r11_seg04_pid1408489_1757634750284.txt
[Tracking] LOST for 10 consecutive frames -> reset
System Reseting
Reseting Local Mapper... done
Reseting Loop Closing... done
Reseting Database... done
1
New map created with 456 points for 0 Feature Type 
New map created with 1528 points for 1 Feature Type 
Tracking Initlized in 2.61s
The initlized frame ID: 1
The lost frame ID: 2242
The lost frame ID: 2243
The lost frame ID: 2244
The lost frame ID: 2245
The lost frame ID: 2246
The lost frame ID: 2247
The lost frame ID: 2248
The lost frame ID: 2249
The lost frame ID: 2250

Saving camera trajectory to TrajectoryBeforeReset_oxf_kaz_sft_r11_seg05_pid1408489_1757635556917.txt ...

trajectory saved!
[Tracking] wrote pre-reset trajectory to TrajectoryBeforeReset_oxf_kaz_sft_r11_seg05_pid1408489_1757635556917.txt
[Tracking] LOST for 10 consecutive frames -> reset
System Reseting
Reseting Local Mapper... done
Reseting Loop Closing... done
Reseting Database... done
0
New map created with 543 points for 0 Feature Type 
New map created with 611 points for 1 Feature Type 
Tracking Initlized in 24.68s
The initlized frame ID: 11
The lost frame ID: 154
The lost frame ID: 156
The lost frame ID: 157
The lost frame ID: 158
The lost frame ID: 159
The lost frame ID: 160
The lost frame ID: 161
The lost frame ID: 162
The lost frame ID: 163
The lost frame ID: 164
The lost frame ID: 166
The lost frame ID: 167
The lost frame ID: 168
The lost frame ID: 169
The lost frame ID: 170
The lost frame ID: 171
The lost frame ID: 172
The lost frame ID: 173
The lost frame ID: 174

Saving camera trajectory to TrajectoryBeforeReset_oxf_kaz_sft_r11_seg06_pid1408489_1757635622169.txt ...

trajectory saved!
[Tracking] wrote pre-reset trajectory to TrajectoryBeforeReset_oxf_kaz_sft_r11_seg06_pid1408489_1757635622169.txt
[Tracking] LOST for 10 consecutive frames -> reset
System Reseting
Reseting Local Mapper... done
Reseting Loop Closing... done
Reseting Database... done
0
New map created with 724 points for 0 Feature Type 
New map created with 643 points for 1 Feature Type 
Tracking Initlized in 2.58s
The initlized frame ID: 1
System::StopViewer()
System::StopViewer() done

Saving correlation status...

========== Global Summary ==========
Frames: 7146
avg_CorrEdges: 26.2389
avg_match_A: 221.73
avg_match_B: 205.851
global_RI_MNR: 0.127466
global_RI_GNR: 0.122817
global_RI_DICE: 0.122732

========== Per-Channel Summary ==========
   chA   chB     avgCorr        avgA        avgB   avgRI_MNR   avgRI_GNR  avgRI_DICE
     0     1     26.2389      221.73     205.851    0.114905    0.103584     0.10261

Correlation status saved!

System Shutdown
-------

median tracking time: 0.384168
mean tracking time: 0.384923

Saving camera trajectory to result11.txt ...

trajectory saved!
All done

========== Performance Summary (ms) ==========
name                                mean      median        rmse         min         max       count
Lost Count                         1.000       1.000       0.000       1.000       1.000           6
Tracking                          17.137      14.897      12.538       2.414     396.166        7348
Reset Count                        1.000       1.000       0.000       1.000       1.000           6
Correlation                        0.306       0.278       0.199       0.003       4.292        7190
Total Init                     83144.260   83144.260       0.000   83144.260   83144.260           1
Pipeline                         384.084     384.073      45.501     272.257     851.116        7513
KAZE Extract                     360.537     363.715      36.212     254.417     730.223        7513
SIFT Extract                     121.996     113.132      27.520      79.980     319.680        7513
