Registering ORBextractor...
Registering AKAZEextractor...
Registering BRISKextractor...
Registering SIFTextractor...
Registering KAZEextractor...
Registering SuperPointExtractor...

ORB-SLAM2 Copyright (C) 2014-2016 Raul Mur-Artal, University of Zaragoza.
This program comes with ABSOLUTELY NO WARRANTY;
This is free software, and you are welcome to redistribute it
under certain conditions. See LICENSE.txt.

Input sensor was set to: Monocular

Loading Vocabulary : /home/howard/Refactored_ORB_SLAM2/Install/var/lib/orbslam2/voc/akaze_cv.fbow
This could take a while...
Loading AKAZE Vocabulary in FBoW.
AKAZE Vocabulary loaded in 0.001567s


Loading Vocabulary : /home/howard/Refactored_ORB_SLAM2/Install/var/lib/orbslam2/voc/kaze_cv.fbow
This could take a while...
Loading KAZE Vocabulary in FBoW.
KAZE Vocabulary loaded in 0.005626s


Camera Parameters: 
- fx: 707.091
- fy: 707.091
- cx: 601.887
- cy: 183.11
- k1: 0
- k2: 0
- p1: 0
- p2: 0
- fps: 10
- color order: RGB (ignored if grayscale)

[Feature 0] AKAZE Extractor Parameters: 
 ( TH_LOW: 100, TH_HIGH: 200 )
- Number of Features: 2000
- Scale Levels: 4
- Scale Factor: 1.2
- Threshold: 0.0001
- Num of Octaves: 4
- Num of Octave Layers: 4

[Feature 1] KAZE Extractor Parameters: 
 ( TH_LOW: 0.5, TH_HIGH: 1 )
- Number of Features : 2000
- Scale Levels       : 4
- Scale Factor       : 1.2
- Threshold          : 0.001
- nOctaves           : 4
- nOctaveLayers      : 4
- Extended (128‑dim) : 0
- Upright            : 0

-------
Start processing sequence ...
Images in the sequence: 271

0
New map created with 1335 points for 0 Feature Type 
New map created with 501 points for 1 Feature Type 
Tracking Initlized in 1.50s
The initlized frame ID: 1
System::StopViewer()
System::StopViewer() done
Viewer thread finished.
Viewer started, waiting for thread.
System::StopViewer()
System::StopViewer() done
Tracking thread joined...

Saving correlation status...

========== Global Summary ==========
Frames: 269
avg_CorrEdges: 13.2788
avg_match_A: 111.401
avg_match_B: 180.654
global_RI_MNR: 0.119198
global_RI_GNR: 0.093603
global_RI_DICE: 0.0909334

========== Per-Channel Summary ==========
   chA   chB     avgCorr        avgA        avgB   avgRI_MNR   avgRI_GNR  avgRI_DICE
     0     1     13.2788     111.401     180.654    0.121999   0.0936787   0.0902149

Correlation status saved!

-------

median tracking time: 0.115289
mean tracking time: 0.117

Saving camera trajectory to result16.txt ...

trajectory saved!

========== Performance Summary (ms) ==========
name                                mean      median        rmse         min         max       count
Tracking                           6.788       6.650       1.539       3.608      12.166         269
Total Init                       361.373     361.373       0.000     361.373     361.373           1
Pipeline                         116.996     115.286      17.158     100.783     358.356         271
KAZE Extract                     108.265     107.117       8.410      95.586     146.799         271
Correlation                        0.140       0.131       0.048       0.060       0.472         269
AKAZE Extract                     33.346      29.754       8.454      23.633      57.095         271
