Registering ORBextractor...
Registering AKAZEextractor...
Registering BRISKextractor...
Registering SIFTextractor...
Registering KAZEextractor...
Registering SuperPointExtractor...

ORB-SLAM2 Copyright (C) 2014-2016 Raul Mur-Artal, University of Zaragoza.
This program comes with ABSOLUTELY NO WARRANTY;
This is free software, and you are welcome to redistribute it
under certain conditions. See LICENSE.txt.

Input sensor was set to: Monocular

Loading Vocabulary : /home/howard/Refactored_ORB_SLAM2/Install/var/lib/orbslam2/voc/orb_mur.fbow
This could take a while...
Loading ORB Vocabulary in FBoW.
ORB Vocabulary loaded in 0.017696s


Camera Parameters: 
- fx: 983.044
- fy: 983.044
- cx: 643.647
- cy: 493.379
- k1: 0
- k2: 0
- p1: 0
- p2: 0
- fps: 16
- color order: RGB (ignored if grayscale)

[Feature 0] ORB Extractor Parameters: 
 ( TH_LOW: 50, TH_HIGH: 100 )
- Number of Features: 2000
- Scale Levels: 8
- Scale Factor: 1.2
- Initial Fast Threshold: 20
- Minimum Fast Threshold: 7

-------
Start processing sequence ...
Images in the sequence: 7513

0
New map created with 94 points for 0 Feature Type 
Wrong initialization, reseting...
System Reseting
Reseting Local Mapper... done
Reseting Loop Closing... done
Reseting Database... done
0
New map created with 131 points for 0 Feature Type 
Tracking Initlized in 4.72s
The initlized frame ID: 47
The lost frame ID: 687
The lost frame ID: 688
The lost frame ID: 689
The lost frame ID: 690
The lost frame ID: 691
The lost frame ID: 692
The lost frame ID: 693
The lost frame ID: 694
The lost frame ID: 695

Saving camera trajectory to TrajectoryBeforeReset_oxf_orb_r08_seg01_pid350004_1757338349276.txt ...

trajectory saved!
[Tracking] wrote pre-reset trajectory to TrajectoryBeforeReset_oxf_orb_r08_seg01_pid350004_1757338349276.txt
[Tracking] LOST for 10 consecutive frames -> reset
System Reseting
Reseting Local Mapper... done
Reseting Loop Closing... done
Reseting Database... done
0
New map created with 111 points for 0 Feature Type 
Tracking Initlized in 0.22s
The initlized frame ID: 2
The lost frame ID: 639
The lost frame ID: 640
The lost frame ID: 641
The lost frame ID: 642
The lost frame ID: 643
The lost frame ID: 644
The lost frame ID: 645
The lost frame ID: 646
The lost frame ID: 647

Saving camera trajectory to TrajectoryBeforeReset_oxf_orb_r08_seg02_pid350004_1757338390566.txt ...

trajectory saved!
[Tracking] wrote pre-reset trajectory to TrajectoryBeforeReset_oxf_orb_r08_seg02_pid350004_1757338390566.txt
[Tracking] LOST for 10 consecutive frames -> reset
System Reseting
Reseting Local Mapper... done
Reseting Loop Closing... done
Reseting Database... done
0
New map created with 124 points for 0 Feature Type 
Tracking Initlized in 2.19s
The initlized frame ID: 22
The lost frame ID: 254
The lost frame ID: 255
The lost frame ID: 257
The lost frame ID: 258
The lost frame ID: 259
The lost frame ID: 260
The lost frame ID: 261
The lost frame ID: 262
The lost frame ID: 263
The lost frame ID: 264
The lost frame ID: 265

Saving camera trajectory to TrajectoryBeforeReset_oxf_orb_r08_seg03_pid350004_1757338409614.txt ...

trajectory saved!
[Tracking] wrote pre-reset trajectory to TrajectoryBeforeReset_oxf_orb_r08_seg03_pid350004_1757338409614.txt
[Tracking] LOST for 10 consecutive frames -> reset
System Reseting
Reseting Local Mapper... done
Reseting Loop Closing... done
Reseting Database... done
0
New map created with 103 points for 0 Feature Type 
Tracking Initlized in 5.44s
The initlized frame ID: 61
The lost frame ID: 787
The lost frame ID: 788
The lost frame ID: 789
The lost frame ID: 790
The lost frame ID: 791
The lost frame ID: 792
The lost frame ID: 793
The lost frame ID: 794
The lost frame ID: 795

Saving camera trajectory to TrajectoryBeforeReset_oxf_orb_r08_seg04_pid350004_1757338459763.txt ...

trajectory saved!
[Tracking] wrote pre-reset trajectory to TrajectoryBeforeReset_oxf_orb_r08_seg04_pid350004_1757338459763.txt
[Tracking] LOST for 10 consecutive frames -> reset
System Reseting
Reseting Local Mapper... done
Reseting Loop Closing... done
Reseting Database... done
0
New map created with 89 points for 0 Feature Type 
Wrong initialization, reseting...
System Reseting
Reseting Local Mapper... done
Reseting Loop Closing... done
Reseting Database... done
0
New map created with 66 points for 0 Feature Type 
Wrong initialization, reseting...
System Reseting
Reseting Local Mapper... done
Reseting Loop Closing... done
Reseting Database... done
0
New map created with 80 points for 0 Feature Type 
Wrong initialization, reseting...
System Reseting
Reseting Local Mapper... done
Reseting Loop Closing... done
Reseting Database... done
0
New map created with 91 points for 0 Feature Type 
Wrong initialization, reseting...
System Reseting
Reseting Local Mapper... done
Reseting Loop Closing... done
Reseting Database... done
0
New map created with 76 points for 0 Feature Type 
Wrong initialization, reseting...
System Reseting
Reseting Local Mapper... done
Reseting Loop Closing... done
Reseting Database... done
0
New map created with 110 points for 0 Feature Type 
Tracking Initlized in 0.10s
The initlized frame ID: 1
Track lost soon after initialisation, reseting...
System Reseting
Reseting Local Mapper... done
Reseting Loop Closing... done
Reseting Database... done
0
New map created with 107 points for 0 Feature Type 
Tracking Initlized in 0.11s
The initlized frame ID: 1
The lost frame ID: 14
The lost frame ID: 15
The lost frame ID: 16
The lost frame ID: 17
The lost frame ID: 18
The lost frame ID: 19
The lost frame ID: 20
The lost frame ID: 21
The lost frame ID: 22

Saving camera trajectory to TrajectoryBeforeReset_oxf_orb_r08_seg05_pid350004_1757338467331.txt ...

trajectory saved!
[Tracking] wrote pre-reset trajectory to TrajectoryBeforeReset_oxf_orb_r08_seg05_pid350004_1757338467331.txt
[Tracking] LOST for 10 consecutive frames -> reset
System Reseting
Reseting Local Mapper... done
Reseting Loop Closing... done
Reseting Database... done
0
New map created with 106 points for 0 Feature Type 
Tracking Initlized in 13.56s
The initlized frame ID: 148
The lost frame ID: 306
The lost frame ID: 307
The lost frame ID: 308
The lost frame ID: 309
The lost frame ID: 310
The lost frame ID: 311
The lost frame ID: 312
The lost frame ID: 313
The lost frame ID: 314

Saving camera trajectory to TrajectoryBeforeReset_oxf_orb_r08_seg06_pid350004_1757338486774.txt ...

trajectory saved!
[Tracking] wrote pre-reset trajectory to TrajectoryBeforeReset_oxf_orb_r08_seg06_pid350004_1757338486774.txt
[Tracking] LOST for 10 consecutive frames -> reset
System Reseting
Reseting Local Mapper... done
Reseting Loop Closing... done
Reseting Database... done
0
New map created with 116 points for 0 Feature Type 
Tracking Initlized in 0.54s
The initlized frame ID: 5
The lost frame ID: 595
The lost frame ID: 596
The lost frame ID: 597
The lost frame ID: 598
The lost frame ID: 599
The lost frame ID: 600
The lost frame ID: 601
The lost frame ID: 602
The lost frame ID: 603

Saving camera trajectory to TrajectoryBeforeReset_oxf_orb_r08_seg07_pid350004_1757338531024.txt ...

trajectory saved!
[Tracking] wrote pre-reset trajectory to TrajectoryBeforeReset_oxf_orb_r08_seg07_pid350004_1757338531024.txt
[Tracking] LOST for 10 consecutive frames -> reset
System Reseting
Reseting Local Mapper... done
Reseting Loop Closing... done
Reseting Database... done
0
New map created with 88 points for 0 Feature Type 
Wrong initialization, reseting...
System Reseting
Reseting Local Mapper... done
Reseting Loop Closing... done
Reseting Database... done
0
New map created with 104 points for 0 Feature Type 
Tracking Initlized in 0.21s
The initlized frame ID: 2
Track lost soon after initialisation, reseting...
System Reseting
Reseting Local Mapper... done
Reseting Loop Closing... done
Reseting Database... done
0
New map created with 98 points for 0 Feature Type 
Wrong initialization, reseting...
System Reseting
Reseting Local Mapper... done
Reseting Loop Closing... done
Reseting Database... done
0
New map created with 125 points for 0 Feature Type 
Tracking Initlized in 0.10s
The initlized frame ID: 1
The lost frame ID: 802
The lost frame ID: 803
The lost frame ID: 804
The lost frame ID: 808
The lost frame ID: 809
The lost frame ID: 810
The lost frame ID: 811
The lost frame ID: 812
The lost frame ID: 813
The lost frame ID: 814
The lost frame ID: 815
The lost frame ID: 816

Saving camera trajectory to TrajectoryBeforeReset_oxf_orb_r08_seg08_pid350004_1757338585438.txt ...

trajectory saved!
[Tracking] wrote pre-reset trajectory to TrajectoryBeforeReset_oxf_orb_r08_seg08_pid350004_1757338585438.txt
[Tracking] LOST for 10 consecutive frames -> reset
System Reseting
Reseting Local Mapper... done
Reseting Loop Closing... done
Reseting Database... done
0
New map created with 79 points for 0 Feature Type 
Wrong initialization, reseting...
System Reseting
Reseting Local Mapper... done
Reseting Loop Closing... done
Reseting Database... done
0
New map created with 87 points for 0 Feature Type 
Wrong initialization, reseting...
System Reseting
Reseting Local Mapper... done
Reseting Loop Closing... done
Reseting Database... done
0
New map created with 115 points for 0 Feature Type 
Tracking Initlized in 3.76s
The initlized frame ID: 35
The lost frame ID: 560
The lost frame ID: 561
The lost frame ID: 562
The lost frame ID: 563
The lost frame ID: 564
The lost frame ID: 565
The lost frame ID: 566
The lost frame ID: 567
The lost frame ID: 568

Saving camera trajectory to TrajectoryBeforeReset_oxf_orb_r08_seg09_pid350004_1757338624237.txt ...

trajectory saved!
[Tracking] wrote pre-reset trajectory to TrajectoryBeforeReset_oxf_orb_r08_seg09_pid350004_1757338624237.txt
[Tracking] LOST for 10 consecutive frames -> reset
System Reseting
Reseting Local Mapper... done
Reseting Loop Closing... done
Reseting Database... done
0
New map created with 154 points for 0 Feature Type 
Tracking Initlized in 0.26s
The initlized frame ID: 2
The lost frame ID: 2244
The lost frame ID: 2245
The lost frame ID: 2246
The lost frame ID: 2247
The lost frame ID: 2248
The lost frame ID: 2249
The lost frame ID: 2250
The lost frame ID: 2251
The lost frame ID: 2252

Saving camera trajectory to TrajectoryBeforeReset_oxf_orb_r08_seg10_pid350004_1757338771920.txt ...

trajectory saved!
[Tracking] wrote pre-reset trajectory to TrajectoryBeforeReset_oxf_orb_r08_seg10_pid350004_1757338771920.txt
[Tracking] LOST for 10 consecutive frames -> reset
System Reseting
Reseting Local Mapper... done
Reseting Loop Closing... done
Reseting Database... done
0
New map created with 107 points for 0 Feature Type 
Tracking Initlized in 1.22s
The initlized frame ID: 14
Track lost soon after initialisation, reseting...
System Reseting
Reseting Local Mapper... done
Reseting Loop Closing... done
Reseting Database... done
0
New map created with 80 points for 0 Feature Type 
Wrong initialization, reseting...
System Reseting
Reseting Local Mapper... done
Reseting Loop Closing... done
Reseting Database... done
0
New map created with 121 points for 0 Feature Type 
Tracking Initlized in 0.27s
The initlized frame ID: 1
The lost frame ID: 13
The lost frame ID: 14
The lost frame ID: 15
The lost frame ID: 16
The lost frame ID: 17
The lost frame ID: 18
The lost frame ID: 19
The lost frame ID: 20
The lost frame ID: 21

Saving camera trajectory to TrajectoryBeforeReset_oxf_orb_r08_seg11_pid350004_1757338776372.txt ...

trajectory saved!
[Tracking] wrote pre-reset trajectory to TrajectoryBeforeReset_oxf_orb_r08_seg11_pid350004_1757338776372.txt
[Tracking] LOST for 10 consecutive frames -> reset
System Reseting
Reseting Local Mapper... done
Reseting Loop Closing... done
Reseting Database... done
0
New map created with 93 points for 0 Feature Type 
Wrong initialization, reseting...
System Reseting
Reseting Local Mapper... done
Reseting Loop Closing... done
Reseting Database... done
0
New map created with 106 points for 0 Feature Type 
Tracking Initlized in 0.73s
The initlized frame ID: 6
The lost frame ID: 88
The lost frame ID: 89
The lost frame ID: 90
The lost frame ID: 91
The lost frame ID: 92
The lost frame ID: 93
The lost frame ID: 94
The lost frame ID: 95
The lost frame ID: 96

Saving camera trajectory to TrajectoryBeforeReset_oxf_orb_r08_seg12_pid350004_1757338785800.txt ...

trajectory saved!
[Tracking] wrote pre-reset trajectory to TrajectoryBeforeReset_oxf_orb_r08_seg12_pid350004_1757338785800.txt
[Tracking] LOST for 10 consecutive frames -> reset
System Reseting
Reseting Local Mapper... done
Reseting Loop Closing... done
Reseting Database... done
0
New map created with 100 points for 0 Feature Type 
Tracking Initlized in 0.13s
The initlized frame ID: 1
Track lost soon after initialisation, reseting...
System Reseting
Reseting Local Mapper... done
Reseting Loop Closing... done
Reseting Database... done
0
New map created with 116 points for 0 Feature Type 
Tracking Initlized in 0.12s
The initlized frame ID: 1
System::StopViewer()
System::StopViewer() done

Saving correlation status...

Correlation status saved!

System Shutdown
-------

median tracking time: 0.0393998
mean tracking time: 0.0418587

Saving camera trajectory to result08.txt ...

trajectory saved!
All done

========== Performance Summary (ms) ==========
name                                mean      median        rmse         min         max       count
Lost Count                         1.000       1.000       0.000       1.000       1.000          12
Tracking                           6.297       5.374       8.837       0.768     592.101        6879
Total Init                     12923.968   12923.968       0.000   12923.968   12923.968           2
Correlation                        0.001       0.001       0.002       0.000       0.121        6750
Reset Count                        1.000       1.000       0.000       1.000       1.000          28
Pipeline                          41.212      39.367      13.016      11.671     630.219        7513
ORB Extract                       29.736      28.453       7.467       7.504      75.039        7513
