Registering ORBextractor...
Registering AKAZEextractor...
Registering BRISKextractor...
Registering SIFTextractor...
Registering KAZEextractor...
Registering SuperPointExtractor...

ORB-SLAM2 Copyright (C) 2014-2016 Raul Mur-Artal, University of Zaragoza.
This program comes with ABSOLUTELY NO WARRANTY;
This is free software, and you are welcome to redistribute it
under certain conditions. See LICENSE.txt.

Input sensor was set to: Monocular

Loading Vocabulary : /home/howard/Refactored_ORB_SLAM2/Install/var/lib/orbslam2/voc/orb_mur.fbow
This could take a while...
Loading ORB Vocabulary in FBoW.
ORB Vocabulary loaded in 0.018370s


Camera Parameters: 
- fx: 983.044
- fy: 983.044
- cx: 643.647
- cy: 493.379
- k1: 0
- k2: 0
- p1: 0
- p2: 0
- fps: 16
- color order: RGB (ignored if grayscale)

[Feature 0] ORB Extractor Parameters: 
 ( TH_LOW: 50, TH_HIGH: 100 )
- Number of Features: 2000
- Scale Levels: 8
- Scale Factor: 1.2
- Initial Fast Threshold: 20
- Minimum Fast Threshold: 7

-------
Start processing sequence ...
Images in the sequence: 7513

0
New map created with 87 points for 0 Feature Type 
Wrong initialization, reseting...
System Reseting
Reseting Local Mapper... done
Reseting Loop Closing... done
Reseting Database... done
0
New map created with 131 points for 0 Feature Type 
Tracking Initlized in 3.93s
The initlized frame ID: 46
The lost frame ID: 686
The lost frame ID: 687
The lost frame ID: 688
The lost frame ID: 689
The lost frame ID: 690
The lost frame ID: 691
The lost frame ID: 692
The lost frame ID: 693
The lost frame ID: 694

Saving camera trajectory to TrajectoryBeforeReset_oxf_orb_r19_seg01_pid2688353_1757366140610.txt ...

trajectory saved!
[Tracking] wrote pre-reset trajectory to TrajectoryBeforeReset_oxf_orb_r19_seg01_pid2688353_1757366140610.txt
[Tracking] LOST for 10 consecutive frames -> reset
System Reseting
Reseting Local Mapper... done
Reseting Loop Closing... done
Reseting Database... done
0
New map created with 76 points for 0 Feature Type 
Wrong initialization, reseting...
System Reseting
Reseting Local Mapper... done
Reseting Loop Closing... done
Reseting Database... done
0
New map created with 125 points for 0 Feature Type 
Tracking Initlized in 0.19s
The initlized frame ID: 2
The lost frame ID: 634
The lost frame ID: 635
The lost frame ID: 636
The lost frame ID: 637
The lost frame ID: 638
The lost frame ID: 639
The lost frame ID: 640
The lost frame ID: 641
The lost frame ID: 642

Saving camera trajectory to TrajectoryBeforeReset_oxf_orb_r19_seg02_pid2688353_1757366175194.txt ...

trajectory saved!
[Tracking] wrote pre-reset trajectory to TrajectoryBeforeReset_oxf_orb_r19_seg02_pid2688353_1757366175194.txt
[Tracking] LOST for 10 consecutive frames -> reset
System Reseting
Reseting Local Mapper... done
Reseting Loop Closing... done
Reseting Database... done
0
New map created with 127 points for 0 Feature Type 
Tracking Initlized in 2.03s
The initlized frame ID: 22
The lost frame ID: 254
The lost frame ID: 256
The lost frame ID: 257
The lost frame ID: 258
The lost frame ID: 259
The lost frame ID: 260
The lost frame ID: 261
The lost frame ID: 262
The lost frame ID: 263
The lost frame ID: 264

Saving camera trajectory to TrajectoryBeforeReset_oxf_orb_r19_seg03_pid2688353_1757366191508.txt ...

trajectory saved!
[Tracking] wrote pre-reset trajectory to TrajectoryBeforeReset_oxf_orb_r19_seg03_pid2688353_1757366191508.txt
[Tracking] LOST for 10 consecutive frames -> reset
System Reseting
Reseting Local Mapper... done
Reseting Loop Closing... done
Reseting Database... done
0
New map created with 126 points for 0 Feature Type 
Tracking Initlized in 0.76s
The initlized frame ID: 9
Track lost soon after initialisation, reseting...
System Reseting
Reseting Local Mapper... done
Reseting Loop Closing... done
Reseting Database... done
0
New map created with 69 points for 0 Feature Type 
Wrong initialization, reseting...
System Reseting
Reseting Local Mapper... done
Reseting Loop Closing... done
Reseting Database... done
0
New map created with 85 points for 0 Feature Type 
Wrong initialization, reseting...
System Reseting
Reseting Local Mapper... done
Reseting Loop Closing... done
Reseting Database... done
0
New map created with 120 points for 0 Feature Type 
Tracking Initlized in 7.52s
The initlized frame ID: 86
The lost frame ID: 765
The lost frame ID: 766
The lost frame ID: 767
The lost frame ID: 768
The lost frame ID: 769
The lost frame ID: 770
The lost frame ID: 771
The lost frame ID: 772
The lost frame ID: 773

Saving camera trajectory to TrajectoryBeforeReset_oxf_orb_r19_seg04_pid2688353_1757366236244.txt ...

trajectory saved!
[Tracking] wrote pre-reset trajectory to TrajectoryBeforeReset_oxf_orb_r19_seg04_pid2688353_1757366236244.txt
[Tracking] LOST for 10 consecutive frames -> reset
System Reseting
Reseting Local Mapper... done
Reseting Loop Closing... done
Reseting Database... done
0
New map created with 132 points for 0 Feature Type 
Tracking Initlized in 0.69s
The initlized frame ID: 8
The lost frame ID: 209
The lost frame ID: 210
The lost frame ID: 211
The lost frame ID: 212
The lost frame ID: 213
The lost frame ID: 214
The lost frame ID: 215
The lost frame ID: 216
The lost frame ID: 217

Saving camera trajectory to TrajectoryBeforeReset_oxf_orb_r19_seg05_pid2688353_1757366250084.txt ...

trajectory saved!
[Tracking] wrote pre-reset trajectory to TrajectoryBeforeReset_oxf_orb_r19_seg05_pid2688353_1757366250084.txt
[Tracking] LOST for 10 consecutive frames -> reset
System Reseting
Reseting Local Mapper... done
Reseting Loop Closing... done
Reseting Database... done
0
New map created with 115 points for 0 Feature Type 
Tracking Initlized in 0.39s
The initlized frame ID: 4
Track lost soon after initialisation, reseting...
System Reseting
Reseting Local Mapper... done
Reseting Loop Closing... done
Reseting Database... done
0
New map created with 85 points for 0 Feature Type 
Wrong initialization, reseting...
System Reseting
Reseting Local Mapper... done
Reseting Loop Closing... done
Reseting Database... done
0
New map created with 107 points for 0 Feature Type 
Tracking Initlized in 1.25s
The initlized frame ID: 13
The lost frame ID: 172
The lost frame ID: 173
The lost frame ID: 174
The lost frame ID: 175
The lost frame ID: 176
The lost frame ID: 177
The lost frame ID: 178
The lost frame ID: 179
The lost frame ID: 180

Saving camera trajectory to TrajectoryBeforeReset_oxf_orb_r19_seg06_pid2688353_1757366260765.txt ...

trajectory saved!
[Tracking] wrote pre-reset trajectory to TrajectoryBeforeReset_oxf_orb_r19_seg06_pid2688353_1757366260765.txt
[Tracking] LOST for 10 consecutive frames -> reset
System Reseting
Reseting Local Mapper... done
Reseting Loop Closing... done
Reseting Database... done
0
New map created with 94 points for 0 Feature Type 
Wrong initialization, reseting...
System Reseting
Reseting Local Mapper... done
Reseting Loop Closing... done
Reseting Database... done
0
New map created with 107 points for 0 Feature Type 
Tracking Initlized in 0.65s
The initlized frame ID: 7
Track lost soon after initialisation, reseting...
System Reseting
Reseting Local Mapper... done
Reseting Loop Closing... done
Reseting Database... done
0
New map created with 94 points for 0 Feature Type 
Wrong initialization, reseting...
System Reseting
Reseting Local Mapper... done
Reseting Loop Closing... done
Reseting Database... done
0
New map created with 94 points for 0 Feature Type 
Wrong initialization, reseting...
System Reseting
Reseting Local Mapper... done
Reseting Loop Closing... done
Reseting Database... done
0
New map created with 106 points for 0 Feature Type 
Tracking Initlized in 0.21s
The initlized frame ID: 2
The lost frame ID: 530
The lost frame ID: 531
The lost frame ID: 532
The lost frame ID: 533
The lost frame ID: 534
The lost frame ID: 535
The lost frame ID: 536
The lost frame ID: 537
The lost frame ID: 538

Saving camera trajectory to TrajectoryBeforeReset_oxf_orb_r19_seg07_pid2688353_1757366298848.txt ...

trajectory saved!
[Tracking] wrote pre-reset trajectory to TrajectoryBeforeReset_oxf_orb_r19_seg07_pid2688353_1757366298848.txt
[Tracking] LOST for 10 consecutive frames -> reset
System Reseting
Reseting Local Mapper... done
Reseting Loop Closing... done
Reseting Database... done
0
New map created with 84 points for 0 Feature Type 
Wrong initialization, reseting...
System Reseting
Reseting Local Mapper... done
Reseting Loop Closing... done
Reseting Database... done
0
New map created with 103 points for 0 Feature Type 
Tracking Initlized in 0.20s
The initlized frame ID: 2
Track lost soon after initialisation, reseting...
System Reseting
Reseting Local Mapper... done
Reseting Loop Closing... done
Reseting Database... done
0
New map created with 100 points for 0 Feature Type 
Tracking Initlized in 0.18s
The initlized frame ID: 2
The lost frame ID: 660
The lost frame ID: 661
The lost frame ID: 664
The lost frame ID: 665
The lost frame ID: 666
The lost frame ID: 667
The lost frame ID: 668
The lost frame ID: 670
The lost frame ID: 671
The lost frame ID: 672
The lost frame ID: 673
The lost frame ID: 674
The lost frame ID: 676
The lost frame ID: 678
The lost frame ID: 680
The lost frame ID: 682
The lost frame ID: 685
The lost frame ID: 686
The lost frame ID: 687
The lost frame ID: 688
The lost frame ID: 689
The lost frame ID: 690
The lost frame ID: 691
The lost frame ID: 692
The lost frame ID: 693

Saving camera trajectory to TrajectoryBeforeReset_oxf_orb_r19_seg08_pid2688353_1757366338669.txt ...

trajectory saved!
[Tracking] wrote pre-reset trajectory to TrajectoryBeforeReset_oxf_orb_r19_seg08_pid2688353_1757366338669.txt
[Tracking] LOST for 10 consecutive frames -> reset
System Reseting
Reseting Local Mapper... done
Reseting Loop Closing... done
Reseting Database... done
0
New map created with 79 points for 0 Feature Type 
Wrong initialization, reseting...
System Reseting
Reseting Local Mapper... done
Reseting Loop Closing... done
Reseting Database... done
0
New map created with 86 points for 0 Feature Type 
Wrong initialization, reseting...
System Reseting
Reseting Local Mapper... done
Reseting Loop Closing... done
Reseting Database... done
0
New map created with 86 points for 0 Feature Type 
Wrong initialization, reseting...
System Reseting
Reseting Local Mapper... done
Reseting Loop Closing... done
Reseting Database... done
0
New map created with 102 points for 0 Feature Type 
Tracking Initlized in 3.56s
The initlized frame ID: 41
The lost frame ID: 561
The lost frame ID: 562
The lost frame ID: 563
The lost frame ID: 564
The lost frame ID: 565
The lost frame ID: 566
The lost frame ID: 567
The lost frame ID: 568
The lost frame ID: 569

Saving camera trajectory to TrajectoryBeforeReset_oxf_orb_r19_seg09_pid2688353_1757366378072.txt ...

trajectory saved!
[Tracking] wrote pre-reset trajectory to TrajectoryBeforeReset_oxf_orb_r19_seg09_pid2688353_1757366378072.txt
[Tracking] LOST for 10 consecutive frames -> reset
System Reseting
Reseting Local Mapper... done
Reseting Loop Closing... done
Reseting Database... done
0
New map created with 141 points for 0 Feature Type 
Tracking Initlized in 0.17s
The initlized frame ID: 2
The lost frame ID: 2243
The lost frame ID: 2244
The lost frame ID: 2245
The lost frame ID: 2246
The lost frame ID: 2247
The lost frame ID: 2248
The lost frame ID: 2249
The lost frame ID: 2250
The lost frame ID: 2251

Saving camera trajectory to TrajectoryBeforeReset_oxf_orb_r19_seg10_pid2688353_1757366503693.txt ...

trajectory saved!
[Tracking] wrote pre-reset trajectory to TrajectoryBeforeReset_oxf_orb_r19_seg10_pid2688353_1757366503693.txt
[Tracking] LOST for 10 consecutive frames -> reset
System Reseting
Reseting Local Mapper... done
Reseting Loop Closing... done
Reseting Database... done
0
New map created with 108 points for 0 Feature Type 
Tracking Initlized in 1.63s
The initlized frame ID: 14
Track lost soon after initialisation, reseting...
System Reseting
Reseting Local Mapper... done
Reseting Loop Closing... done
Reseting Database... done
0
New map created with 76 points for 0 Feature Type 
Wrong initialization, reseting...
System Reseting
Reseting Local Mapper... done
Reseting Loop Closing... done
Reseting Database... done
0
New map created with 121 points for 0 Feature Type 
Tracking Initlized in 0.12s
The initlized frame ID: 1
The lost frame ID: 136
The lost frame ID: 137
The lost frame ID: 138
The lost frame ID: 139
The lost frame ID: 140
The lost frame ID: 141
The lost frame ID: 142
The lost frame ID: 143
The lost frame ID: 144

Saving camera trajectory to TrajectoryBeforeReset_oxf_orb_r19_seg11_pid2688353_1757366514967.txt ...

trajectory saved!
[Tracking] wrote pre-reset trajectory to TrajectoryBeforeReset_oxf_orb_r19_seg11_pid2688353_1757366514967.txt
[Tracking] LOST for 10 consecutive frames -> reset
System Reseting
Reseting Local Mapper... done
Reseting Loop Closing... done
Reseting Database... done
0
New map created with 103 points for 0 Feature Type 
Tracking Initlized in 0.12s
The initlized frame ID: 1
Track lost soon after initialisation, reseting...
System Reseting
Reseting Local Mapper... done
Reseting Loop Closing... done
Reseting Database... done
0
New map created with 117 points for 0 Feature Type 
Tracking Initlized in 0.11s
The initlized frame ID: 1
System::StopViewer()
System::StopViewer() done

Saving correlation status...

Correlation status saved!

System Shutdown
-------

median tracking time: 0.0328926
mean tracking time: 0.0350427

Saving camera trajectory to result19.txt ...

trajectory saved!
All done

========== Performance Summary (ms) ==========
name                                mean      median        rmse         min         max       count
Lost Count                         1.000       1.000       0.000       1.000       1.000          11
Tracking                           4.923       4.227       3.947       0.732     190.348        6859
Total Init                     11349.510   11349.510       0.000   11349.510   11349.510           2
Correlation                        0.000       0.000       0.000       0.000       0.005        6726
Reset Count                        1.000       1.000       0.000       1.000       1.000          30
Pipeline                          34.560      32.870      10.757       9.627     528.047        7513
ORB Extract                       25.521      24.281       6.507       6.618      63.001        7513
