Registering ORBextractor...
Registering AKAZEextractor...
Registering BRISKextractor...
Registering SIFTextractor...
Registering KAZEextractor...
Registering SuperPointExtractor...

ORB-SLAM2 Copyright (C) 2014-2016 Raul Mur-Artal, University of Zaragoza.
This program comes with ABSOLUTELY NO WARRANTY;
This is free software, and you are welcome to redistribute it
under certain conditions. See LICENSE.txt.

Input sensor was set to: Monocular

Loading Vocabulary : /home/howard/PM-SLAM/Install/var/lib/orbslam2/voc/akaze_cv.fbow
This could take a while...
Loading AKAZE Vocabulary in FBoW.
AKAZE Vocabulary loaded in 0.002727s


Loading Vocabulary : /home/howard/PM-SLAM/Install/var/lib/orbslam2/voc/sift_cv.fbow
This could take a while...
Loading SIFT Vocabulary in FBoW.
SIFT Vocabulary loaded in 0.015894s


Camera Parameters: 
- fx: 718.856
- fy: 718.856
- cx: 607.193
- cy: 185.216
- k1: 0
- k2: 0
- p1: 0
- p2: 0
- fps: 10
- color order: RGB (ignored if grayscale)

[Feature 0] AKAZE Extractor Parameters: 
 ( TH_LOW: 100, TH_HIGH: 200 )
- Number of Features: 2000
- Scale Levels: 4
- Scale Factor: 1.2
- Threshold: 0.0001
- Num of Octaves: 4
- Num of Octave Layers: 4

[Feature 1] SIFT Extractor Parameters: 
 ( TH_LOW: 300, TH_HIGH: 500 )
- Number of Features  : 2000
- Scale Levels        : 1
- Scale Factor        : 1
- Contrast Threshold  : 0.01
- Edge Threshold      : 5
- nOctaves            : 3
- Sigma               : 1.6

-------
Start processing sequence ...
Images in the sequence: 1101

0
New map created with 755 points for 0 Feature Type 
New map created with 661 points for 1 Feature Type 
Tracking Initlized in 2.55s
The initlized frame ID: 1
System::StopViewer()
System::StopViewer() done
Viewer thread finished.
Viewer started, waiting for thread.
System::StopViewer()
System::StopViewer() done
Tracking thread joined...

Saving correlation status...

========== Global Summary ==========
Frames: 1099
avg_CorrEdges: 6.04095
avg_match_A: 97.1483
avg_match_B: 94.9163
global_RI_MNR: 0.063645
global_RI_GNR: 0.0629096
global_RI_DICE: 0.0629054

========== Per-Channel Summary ==========
   chA   chB     avgCorr        avgA        avgB   avgRI_MNR   avgRI_GNR  avgRI_DICE
     0     1     6.04095     97.1483     94.9163   0.0624619   0.0560718   0.0555527

Correlation status saved!

-------

median tracking time: 0.111539
mean tracking time: 0.115597

Saving camera trajectory to result08.txt ...

trajectory saved!

========== Performance Summary (ms) ==========
name                                mean      median        rmse         min         max       count
Tracking                           8.296       8.066       3.280       2.628      27.477        1099
Total Init                       660.993     660.993       0.000     660.993     660.993           1
Pipeline                         115.588     111.530      26.747      74.373     654.400        1101
SIFT Extract                      97.083      92.450      21.006      58.389     288.108        1101
Correlation                        0.183       0.165       0.085       0.051       0.761        1099
AKAZE Extract                     88.212      86.573      25.991      48.089     227.835        1101
