Registering ORBextractor...
Registering AKAZEextractor...
Registering BRISKextractor...
Registering SIFTextractor...
Registering KAZEextractor...
Registering SuperPointExtractor...

ORB-SLAM2 Copyright (C) 2014-2016 Raul Mur-Artal, University of Zaragoza.
This program comes with ABSOLUTELY NO WARRANTY;
This is free software, and you are welcome to redistribute it
under certain conditions. See LICENSE.txt.

Input sensor was set to: Monocular

Loading Vocabulary : /home/howard/Refactored_ORB_SLAM2/Install/var/lib/orbslam2/voc/akaze_cv.fbow
This could take a while...
Loading AKAZE Vocabulary in FBoW.
AKAZE Vocabulary loaded in 0.010107s


Loading Vocabulary : /home/howard/Refactored_ORB_SLAM2/Install/var/lib/orbslam2/voc/superpoint.fbow
This could take a while...
Loading SuperPoint Vocabulary in FBoW.
SuperPoint Vocabulary loaded in 0.041831s


Camera Parameters: 
- fx: 983.044
- fy: 983.044
- cx: 643.647
- cy: 493.379
- k1: 0
- k2: 0
- p1: 0
- p2: 0
- fps: 16
- color order: RGB (ignored if grayscale)

[Feature 0] AKAZE Extractor Parameters: 
 ( TH_LOW: 100, TH_HIGH: 200 )
- Number of Features: 2000
- Scale Levels: 4
- Scale Factor: 1.2
- Threshold: 0.0001
- Num of Octaves: 4
- Num of Octave Layers: 4

[Feature 1] SuperPoint Extractor Parameters: 
 ( TH_LOW: 0.7, TH_HIGH: 0.9 )
- Number of Features: 2000
- Scale Levels: 4
- Scale Factor: 1.2
- Use CUDA: 1
- Use NMS: 1
- iniTh: 0.08
- minTh: 0.04

-------
Start processing sequence ...
Images in the sequence: 7513

0
New map created with 1101 points for 0 Feature Type 
New map created with 426 points for 1 Feature Type 
Tracking Initlized in 415.50s
The initlized frame ID: 218
The lost frame ID: 832
The lost frame ID: 833
The lost frame ID: 834
The lost frame ID: 835
The lost frame ID: 836
The lost frame ID: 837
The lost frame ID: 1471
The lost frame ID: 1472
The lost frame ID: 1473
The lost frame ID: 1474
The lost frame ID: 1475
The lost frame ID: 1476
The lost frame ID: 1477
The lost frame ID: 1478
The lost frame ID: 1479

Saving camera trajectory to TrajectoryBeforeReset_oxf_akz_spp_r04_seg01_pid2249134_1757456204261.txt ...

trajectory saved!
[Tracking] wrote pre-reset trajectory to TrajectoryBeforeReset_oxf_akz_spp_r04_seg01_pid2249134_1757456204261.txt
[Tracking] LOST for 10 consecutive frames -> reset
System Reseting
Reseting Local Mapper... done
Reseting Loop Closing... done
Reseting Database... done
0
New map created with 648 points for 0 Feature Type 
New map created with 235 points for 1 Feature Type 
Tracking Initlized in 2.57s
The initlized frame ID: 1
The lost frame ID: 1469
The lost frame ID: 1470
The lost frame ID: 1471
The lost frame ID: 1472
The lost frame ID: 1474
The lost frame ID: 1475
The lost frame ID: 1476
The lost frame ID: 1477
The lost frame ID: 1478
The lost frame ID: 1479
The lost frame ID: 1480
The lost frame ID: 1481
The lost frame ID: 1482

Saving camera trajectory to TrajectoryBeforeReset_oxf_akz_spp_r04_seg02_pid2249134_1757456731256.txt ...

trajectory saved!
[Tracking] wrote pre-reset trajectory to TrajectoryBeforeReset_oxf_akz_spp_r04_seg02_pid2249134_1757456731256.txt
[Tracking] LOST for 10 consecutive frames -> reset
System Reseting
Reseting Local Mapper... done
Reseting Loop Closing... done
Reseting Database... done
0
New map created with 500 points for 0 Feature Type 
New map created with 301 points for 1 Feature Type 
Tracking Initlized in 2.20s
The initlized frame ID: 1
The lost frame ID: 590
The lost frame ID: 591
The lost frame ID: 592
The lost frame ID: 593
The lost frame ID: 594
The lost frame ID: 595
The lost frame ID: 596
The lost frame ID: 597
The lost frame ID: 598

Saving camera trajectory to TrajectoryBeforeReset_oxf_akz_spp_r04_seg03_pid2249134_1757456972300.txt ...

trajectory saved!
[Tracking] wrote pre-reset trajectory to TrajectoryBeforeReset_oxf_akz_spp_r04_seg03_pid2249134_1757456972300.txt
[Tracking] LOST for 10 consecutive frames -> reset
System Reseting
Reseting Local Mapper... done
Reseting Loop Closing... done
Reseting Database... done
0
New map created with 662 points for 0 Feature Type 
New map created with 268 points for 1 Feature Type 
Tracking Initlized in 2.16s
The initlized frame ID: 1
Track lost soon after initialisation, reseting...
System Reseting
Reseting Local Mapper... done
Reseting Loop Closing... done
Reseting Database... done
0
New map created with 834 points for 0 Feature Type 
New map created with 301 points for 1 Feature Type 
Tracking Initlized in 2.21s
The initlized frame ID: 1
Track lost soon after initialisation, reseting...
System Reseting
Reseting Local Mapper... done
Reseting Loop Closing... done
Reseting Database... done
0
New map created with 897 points for 0 Feature Type 
New map created with 310 points for 1 Feature Type 
Tracking Initlized in 2.19s
The initlized frame ID: 1
Track lost soon after initialisation, reseting...
System Reseting
Reseting Local Mapper... done
Reseting Loop Closing... done
Reseting Database... done
0
New map created with 1061 points for 0 Feature Type 
New map created with 379 points for 1 Feature Type 
Tracking Initlized in 2.38s
The initlized frame ID: 1
Track lost soon after initialisation, reseting...
System Reseting
Reseting Local Mapper... done
Reseting Loop Closing... done
Reseting Database... done
0
New map created with 962 points for 0 Feature Type 
New map created with 390 points for 1 Feature Type 
Tracking Initlized in 2.43s
The initlized frame ID: 1
Track lost soon after initialisation, reseting...
System Reseting
Reseting Local Mapper... done
Reseting Loop Closing... done
Reseting Database... done
0
New map created with 1066 points for 0 Feature Type 
New map created with 379 points for 1 Feature Type 
Tracking Initlized in 2.26s
The initlized frame ID: 1
Track lost soon after initialisation, reseting...
System Reseting
Reseting Local Mapper... done
Reseting Loop Closing... done
Reseting Database... done
0
New map created with 1068 points for 0 Feature Type 
New map created with 388 points for 1 Feature Type 
Tracking Initlized in 1.87s
The initlized frame ID: 1
Track lost soon after initialisation, reseting...
System Reseting
Reseting Local Mapper... done
Reseting Loop Closing... done
Reseting Database... done
0
New map created with 1023 points for 0 Feature Type 
New map created with 371 points for 1 Feature Type 
Tracking Initlized in 2.29s
The initlized frame ID: 1
Track lost soon after initialisation, reseting...
System Reseting
Reseting Local Mapper... done
Reseting Loop Closing... done
Reseting Database... done
0
New map created with 1029 points for 0 Feature Type 
New map created with 370 points for 1 Feature Type 
Tracking Initlized in 2.40s
The initlized frame ID: 1
The lost frame ID: 1372
The lost frame ID: 1373
The lost frame ID: 1382
The lost frame ID: 1383
The lost frame ID: 1384
The lost frame ID: 1385
The lost frame ID: 1386
The lost frame ID: 1387
The lost frame ID: 1388
The lost frame ID: 1389
The lost frame ID: 1391
The lost frame ID: 1392
The lost frame ID: 1393
The lost frame ID: 1394
The lost frame ID: 1395
The lost frame ID: 1396
The lost frame ID: 1397
The lost frame ID: 1398
The lost frame ID: 1399

Saving camera trajectory to TrajectoryBeforeReset_oxf_akz_spp_r04_seg04_pid2249134_1757457497036.txt ...

trajectory saved!
[Tracking] wrote pre-reset trajectory to TrajectoryBeforeReset_oxf_akz_spp_r04_seg04_pid2249134_1757457497036.txt
[Tracking] LOST for 10 consecutive frames -> reset
System Reseting
Reseting Local Mapper... done
Reseting Loop Closing... done
Reseting Database... done
0
New map created with 1195 points for 0 Feature Type 
New map created with 285 points for 1 Feature Type 
Tracking Initlized in 2.27s
The initlized frame ID: 1
Track lost soon after initialisation, reseting...
System Reseting
Reseting Local Mapper... done
Reseting Loop Closing... done
Reseting Database... done
0
New map created with 1242 points for 0 Feature Type 
New map created with 319 points for 1 Feature Type 
Tracking Initlized in 1.92s
The initlized frame ID: 1
Track lost soon after initialisation, reseting...
System Reseting
Reseting Local Mapper... done
Reseting Loop Closing... done
Reseting Database... done
0
New map created with 1019 points for 0 Feature Type 
New map created with 304 points for 1 Feature Type 
Tracking Initlized in 1.99s
The initlized frame ID: 1
Track lost soon after initialisation, reseting...
System Reseting
Reseting Local Mapper... done
Reseting Loop Closing... done
Reseting Database... done
0
New map created with 1075 points for 0 Feature Type 
New map created with 267 points for 1 Feature Type 
Tracking Initlized in 1.68s
The initlized frame ID: 1
The lost frame ID: 2228
The lost frame ID: 2229
The lost frame ID: 2230
The lost frame ID: 2231
The lost frame ID: 2232
The lost frame ID: 2233
The lost frame ID: 2234
The lost frame ID: 2235
The lost frame ID: 2236

Saving camera trajectory to TrajectoryBeforeReset_oxf_akz_spp_r04_seg05_pid2249134_1757458341683.txt ...

trajectory saved!
[Tracking] wrote pre-reset trajectory to TrajectoryBeforeReset_oxf_akz_spp_r04_seg05_pid2249134_1757458341683.txt
[Tracking] LOST for 10 consecutive frames -> reset
System Reseting
Reseting Local Mapper... done
Reseting Loop Closing... done
Reseting Database... done
0
New map created with 832 points for 0 Feature Type 
New map created with 147 points for 1 Feature Type 
Tracking Initlized in 4.84s
The initlized frame ID: 3
Track lost soon after initialisation, reseting...
System Reseting
Reseting Local Mapper... done
Reseting Loop Closing... done
Reseting Database... done
0
New map created with 705 points for 0 Feature Type 
New map created with 260 points for 1 Feature Type 
Tracking Initlized in 1.95s
The initlized frame ID: 1
Track lost soon after initialisation, reseting...
System Reseting
Reseting Local Mapper... done
Reseting Loop Closing... done
Reseting Database... done
0
New map created with 767 points for 0 Feature Type 
New map created with 261 points for 1 Feature Type 
Tracking Initlized in 1.72s
The initlized frame ID: 1
The lost frame ID: 146
The lost frame ID: 147
The lost frame ID: 148
The lost frame ID: 149
The lost frame ID: 150
The lost frame ID: 151
The lost frame ID: 152
The lost frame ID: 153
The lost frame ID: 154

Saving camera trajectory to TrajectoryBeforeReset_oxf_akz_spp_r04_seg06_pid2249134_1757458399218.txt ...

trajectory saved!
[Tracking] wrote pre-reset trajectory to TrajectoryBeforeReset_oxf_akz_spp_r04_seg06_pid2249134_1757458399218.txt
[Tracking] LOST for 10 consecutive frames -> reset
System Reseting
Reseting Local Mapper... done
Reseting Loop Closing... done
Reseting Database... done
0
New map created with 753 points for 0 Feature Type 
New map created with 325 points for 1 Feature Type 
Tracking Initlized in 2.00s
The initlized frame ID: 1
System::StopViewer()
System::StopViewer() done

Saving correlation status...

========== Global Summary ==========
Frames: 7154
avg_CorrEdges: 1.43878
avg_match_A: 137.074
avg_match_B: 286.711
global_RI_MNR: 0.0104963
global_RI_GNR: 0.0072576
global_RI_DICE: 0.00679012

========== Per-Channel Summary ==========
   chA   chB     avgCorr        avgA        avgB   avgRI_MNR   avgRI_GNR  avgRI_DICE
     0     1     1.43878     137.074     286.711   0.0116027  0.00692885  0.00608589

Correlation status saved!

System Shutdown
-------

median tracking time: 0.359347
mean tracking time: 0.365518

Saving camera trajectory to result04.txt ...

trajectory saved!
All done

========== Performance Summary (ms) ==========
name                                mean      median        rmse         min         max       count
Lost Count                         1.000       1.000       0.000       1.000       1.000           6
Tracking                          20.867      19.134      12.674       2.697     317.281        7254
Total Init                    108648.152  108648.152       0.000  108648.152  108648.152           1
Pipeline                         364.406     359.286      53.210     174.435     934.942        7513
SuperPoint Extract               333.166     330.882      42.514     168.359     678.251        7513
Reset Count                        1.000       1.000       0.000       1.000       1.000          19
Correlation                        0.319       0.270       0.234       0.004       5.346        7161
AKAZE Extract                    181.371     179.065      30.128      97.448     322.957        7513
