Registering ORBextractor...
Registering AKAZEextractor...
Registering BRISKextractor...
Registering SIFTextractor...
Registering KAZEextractor...
Registering SuperPointExtractor...

ORB-SLAM2 Copyright (C) 2014-2016 Raul Mur-Artal, University of Zaragoza.
This program comes with ABSOLUTELY NO WARRANTY;
This is free software, and you are welcome to redistribute it
under certain conditions. See LICENSE.txt.

Input sensor was set to: Monocular

Loading Vocabulary : /home/howard/Refactored_ORB_SLAM2/Install/var/lib/orbslam2/voc/akaze_cv.fbow
This could take a while...
Loading AKAZE Vocabulary in FBoW.
AKAZE Vocabulary loaded in 0.004791s


Loading Vocabulary : /home/howard/Refactored_ORB_SLAM2/Install/var/lib/orbslam2/voc/superpoint.fbow
This could take a while...
Loading SuperPoint Vocabulary in FBoW.
SuperPoint Vocabulary loaded in 0.065491s


Camera Parameters: 
- fx: 983.044
- fy: 983.044
- cx: 643.647
- cy: 493.379
- k1: 0
- k2: 0
- p1: 0
- p2: 0
- fps: 16
- color order: RGB (ignored if grayscale)

[Feature 0] AKAZE Extractor Parameters: 
 ( TH_LOW: 100, TH_HIGH: 200 )
- Number of Features: 2000
- Scale Levels: 4
- Scale Factor: 1.2
- Threshold: 0.0001
- Num of Octaves: 4
- Num of Octave Layers: 4

[Feature 1] SuperPoint Extractor Parameters: 
 ( TH_LOW: 0.7, TH_HIGH: 0.9 )
- Number of Features: 2000
- Scale Levels: 4
- Scale Factor: 1.2
- Use CUDA: 1
- Use NMS: 1
- iniTh: 0.08
- minTh: 0.04

-------
Start processing sequence ...
Images in the sequence: 7513

0
New map created with 1101 points for 0 Feature Type 
New map created with 426 points for 1 Feature Type 
Tracking Initlized in 422.78s
The initlized frame ID: 218
The lost frame ID: 832
The lost frame ID: 833
The lost frame ID: 834
The lost frame ID: 835
The lost frame ID: 836
The lost frame ID: 837
The lost frame ID: 838
The lost frame ID: 844
The lost frame ID: 846
The lost frame ID: 876
The lost frame ID: 877
The lost frame ID: 878
The lost frame ID: 879
The lost frame ID: 880
The lost frame ID: 881
The lost frame ID: 882
The lost frame ID: 883
The lost frame ID: 884

Saving camera trajectory to TrajectoryBeforeReset_oxf_akz_spp_r09_seg01_pid3669104_1757472944488.txt ...

trajectory saved!
[Tracking] wrote pre-reset trajectory to TrajectoryBeforeReset_oxf_akz_spp_r09_seg01_pid3669104_1757472944488.txt
[Tracking] LOST for 10 consecutive frames -> reset
System Reseting
Reseting Local Mapper... done
Reseting Loop Closing... done
Reseting Database... done
0
New map created with 738 points for 0 Feature Type 
New map created with 359 points for 1 Feature Type 
Tracking Initlized in 2.16s
The initlized frame ID: 1
The lost frame ID: 582
The lost frame ID: 583
The lost frame ID: 584
The lost frame ID: 585
The lost frame ID: 586
The lost frame ID: 587
The lost frame ID: 588
The lost frame ID: 589
The lost frame ID: 590

Saving camera trajectory to TrajectoryBeforeReset_oxf_akz_spp_r09_seg02_pid3669104_1757473183163.txt ...

trajectory saved!
[Tracking] wrote pre-reset trajectory to TrajectoryBeforeReset_oxf_akz_spp_r09_seg02_pid3669104_1757473183163.txt
[Tracking] LOST for 10 consecutive frames -> reset
System Reseting
Reseting Local Mapper... done
Reseting Loop Closing... done
Reseting Database... done
0
New map created with 158 points for 0 Feature Type 
New map created with 119 points for 1 Feature Type 
Tracking Initlized in 6.27s
The initlized frame ID: 3
The lost frame ID: 2077
The lost frame ID: 2078
The lost frame ID: 2079
The lost frame ID: 2080
The lost frame ID: 2081
The lost frame ID: 2082
The lost frame ID: 2083
The lost frame ID: 2084
The lost frame ID: 2085

Saving camera trajectory to TrajectoryBeforeReset_oxf_akz_spp_r09_seg03_pid3669104_1757474056380.txt ...

trajectory saved!
[Tracking] wrote pre-reset trajectory to TrajectoryBeforeReset_oxf_akz_spp_r09_seg03_pid3669104_1757474056380.txt
[Tracking] LOST for 10 consecutive frames -> reset
System Reseting
Reseting Local Mapper... done
Reseting Loop Closing... done
Reseting Database... done
0
New map created with 678 points for 0 Feature Type 
New map created with 275 points for 1 Feature Type 
Tracking Initlized in 2.34s
The initlized frame ID: 1
Track lost soon after initialisation, reseting...
System Reseting
Reseting Local Mapper... done
Reseting Loop Closing... done
Reseting Database... done
0
New map created with 810 points for 0 Feature Type 
New map created with 299 points for 1 Feature Type 
Tracking Initlized in 2.18s
The initlized frame ID: 1
Track lost soon after initialisation, reseting...
System Reseting
Reseting Local Mapper... done
Reseting Loop Closing... done
Reseting Database... done
0
New map created with 950 points for 0 Feature Type 
New map created with 327 points for 1 Feature Type 
Tracking Initlized in 2.59s
The initlized frame ID: 1
Track lost soon after initialisation, reseting...
System Reseting
Reseting Local Mapper... done
Reseting Loop Closing... done
Reseting Database... done
0
New map created with 1065 points for 0 Feature Type 
New map created with 394 points for 1 Feature Type 
Tracking Initlized in 2.46s
The initlized frame ID: 1
Track lost soon after initialisation, reseting...
System Reseting
Reseting Local Mapper... done
Reseting Loop Closing... done
Reseting Database... done
0
New map created with 989 points for 0 Feature Type 
New map created with 396 points for 1 Feature Type 
Tracking Initlized in 2.21s
The initlized frame ID: 1
Track lost soon after initialisation, reseting...
System Reseting
Reseting Local Mapper... done
Reseting Loop Closing... done
Reseting Database... done
0
New map created with 1084 points for 0 Feature Type 
New map created with 390 points for 1 Feature Type 
Tracking Initlized in 2.29s
The initlized frame ID: 1
Track lost soon after initialisation, reseting...
System Reseting
Reseting Local Mapper... done
Reseting Loop Closing... done
Reseting Database... done
0
New map created with 1151 points for 0 Feature Type 
New map created with 401 points for 1 Feature Type 
Tracking Initlized in 2.12s
The initlized frame ID: 1
Track lost soon after initialisation, reseting...
System Reseting
Reseting Local Mapper... done
Reseting Loop Closing... done
Reseting Database... done
0
New map created with 1028 points for 0 Feature Type 
New map created with 368 points for 1 Feature Type 
Tracking Initlized in 2.18s
The initlized frame ID: 1
The lost frame ID: 1389
The lost frame ID: 1390
The lost frame ID: 1391
The lost frame ID: 1392
The lost frame ID: 1393
The lost frame ID: 1394
The lost frame ID: 1395
The lost frame ID: 1396
The lost frame ID: 1397

Saving camera trajectory to TrajectoryBeforeReset_oxf_akz_spp_r09_seg04_pid3669104_1757474647906.txt ...

trajectory saved!
[Tracking] wrote pre-reset trajectory to TrajectoryBeforeReset_oxf_akz_spp_r09_seg04_pid3669104_1757474647906.txt
[Tracking] LOST for 10 consecutive frames -> reset
System Reseting
Reseting Local Mapper... done
Reseting Loop Closing... done
Reseting Database... done
0
New map created with 1231 points for 0 Feature Type 
New map created with 377 points for 1 Feature Type 
Tracking Initlized in 2.23s
The initlized frame ID: 1
The lost frame ID: 2243
The lost frame ID: 2244
The lost frame ID: 2245
The lost frame ID: 2246
The lost frame ID: 2247
The lost frame ID: 2248
The lost frame ID: 2249
The lost frame ID: 2250
The lost frame ID: 2251

Saving camera trajectory to TrajectoryBeforeReset_oxf_akz_spp_r09_seg05_pid3669104_1757475630004.txt ...

trajectory saved!
[Tracking] wrote pre-reset trajectory to TrajectoryBeforeReset_oxf_akz_spp_r09_seg05_pid3669104_1757475630004.txt
[Tracking] LOST for 10 consecutive frames -> reset
System Reseting
Reseting Local Mapper... done
Reseting Loop Closing... done
Reseting Database... done
0
New map created with 804 points for 0 Feature Type 
New map created with 139 points for 1 Feature Type 
Tracking Initlized in 7.52s
The initlized frame ID: 3
Track lost soon after initialisation, reseting...
System Reseting
Reseting Local Mapper... done
Reseting Loop Closing... done
Reseting Database... done
0
New map created with 660 points for 0 Feature Type 
New map created with 223 points for 1 Feature Type 
Tracking Initlized in 2.31s
The initlized frame ID: 1
The lost frame ID: 149
The lost frame ID: 150
The lost frame ID: 151
The lost frame ID: 152
The lost frame ID: 153
The lost frame ID: 154
The lost frame ID: 155
The lost frame ID: 156
The lost frame ID: 157

Saving camera trajectory to TrajectoryBeforeReset_oxf_akz_spp_r09_seg06_pid3669104_1757475706030.txt ...

trajectory saved!
[Tracking] wrote pre-reset trajectory to TrajectoryBeforeReset_oxf_akz_spp_r09_seg06_pid3669104_1757475706030.txt
[Tracking] LOST for 10 consecutive frames -> reset
System Reseting
Reseting Local Mapper... done
Reseting Loop Closing... done
Reseting Database... done
0
New map created with 804 points for 0 Feature Type 
New map created with 328 points for 1 Feature Type 
Tracking Initlized in 2.51s
The initlized frame ID: 1
System::StopViewer()
System::StopViewer() done

Saving correlation status...

========== Global Summary ==========
Frames: 7176
avg_CorrEdges: 1.39994
avg_match_A: 133.497
avg_match_B: 279.171
global_RI_MNR: 0.0104867
global_RI_GNR: 0.00725171
global_RI_DICE: 0.00678486

========== Per-Channel Summary ==========
   chA   chB     avgCorr        avgA        avgB   avgRI_MNR   avgRI_GNR  avgRI_DICE
     0     1     1.39994     133.497     279.171   0.0118358  0.00710683  0.00625962

Correlation status saved!

System Shutdown
-------

median tracking time: 0.415567
mean tracking time: 0.419942

Saving camera trajectory to result09.txt ...

trajectory saved!
All done

========== Performance Summary (ms) ==========
name                                mean      median        rmse         min         max       count
Lost Count                         1.000       1.000       0.000       1.000       1.000           6
Tracking                          24.564      22.437      15.667       2.567     676.909        7262
Total Init                    109897.359  109897.359       0.000  109897.359  109897.359           1
Pipeline                         418.721     415.416      54.937     206.618    1276.374        7513
SuperPoint Extract               382.545     380.375      47.201     202.709     705.681        7513
Reset Count                        1.000       1.000       0.000       1.000       1.000          14
Correlation                        0.366       0.311       0.298       0.005      10.384        7185
AKAZE Extract                    220.213     218.946      35.892     105.148     378.376        7513
