Registering ORBextractor...
Registering AKAZEextractor...
Registering BRISKextractor...
Registering SIFTextractor...
Registering KAZEextractor...
Registering SuperPointExtractor...

ORB-SLAM2 Copyright (C) 2014-2016 Raul Mur-Artal, University of Zaragoza.
This program comes with ABSOLUTELY NO WARRANTY;
This is free software, and you are welcome to redistribute it
under certain conditions. See LICENSE.txt.

Input sensor was set to: Monocular

Loading Vocabulary : /home/howard/Refactored_ORB_SLAM2/Install/var/lib/orbslam2/voc/akaze_cv.fbow
This could take a while...
Loading AKAZE Vocabulary in FBoW.
AKAZE Vocabulary loaded in 0.008924s


Loading Vocabulary : /home/howard/Refactored_ORB_SLAM2/Install/var/lib/orbslam2/voc/superpoint.fbow
This could take a while...
Loading SuperPoint Vocabulary in FBoW.
SuperPoint Vocabulary loaded in 0.083910s


Camera Parameters: 
- fx: 983.044
- fy: 983.044
- cx: 643.647
- cy: 493.379
- k1: 0
- k2: 0
- p1: 0
- p2: 0
- fps: 16
- color order: RGB (ignored if grayscale)

[Feature 0] AKAZE Extractor Parameters: 
 ( TH_LOW: 100, TH_HIGH: 200 )
- Number of Features: 2000
- Scale Levels: 4
- Scale Factor: 1.2
- Threshold: 0.0001
- Num of Octaves: 4
- Num of Octave Layers: 4

[Feature 1] SuperPoint Extractor Parameters: 
 ( TH_LOW: 0.7, TH_HIGH: 0.9 )
- Number of Features: 2000
- Scale Levels: 4
- Scale Factor: 1.2
- Use CUDA: 1
- Use NMS: 1
- iniTh: 0.08
- minTh: 0.04

-------
Start processing sequence ...
Images in the sequence: 7513

0
New map created with 1101 points for 0 Feature Type 
New map created with 426 points for 1 Feature Type 
Tracking Initlized in 449.02s
The initlized frame ID: 218
The lost frame ID: 832
The lost frame ID: 833
The lost frame ID: 834
The lost frame ID: 835
The lost frame ID: 836
The lost frame ID: 837
The lost frame ID: 838
The lost frame ID: 839
The lost frame ID: 1467
The lost frame ID: 1468
The lost frame ID: 1469
The lost frame ID: 1470
The lost frame ID: 1471
The lost frame ID: 1472
The lost frame ID: 1473
The lost frame ID: 1474
The lost frame ID: 1475

Saving camera trajectory to TrajectoryBeforeReset_oxf_akz_spp_r14_seg01_pid691154_1757503973987.txt ...

trajectory saved!
[Tracking] wrote pre-reset trajectory to TrajectoryBeforeReset_oxf_akz_spp_r14_seg01_pid691154_1757503973987.txt
[Tracking] LOST for 10 consecutive frames -> reset
System Reseting
Reseting Local Mapper... done
Reseting Loop Closing... done
Reseting Database... done
0
New map created with 156 points for 0 Feature Type 
New map created with 116 points for 1 Feature Type 
Tracking Initlized in 6.55s
The initlized frame ID: 3
The lost frame ID: 2076
The lost frame ID: 2077
The lost frame ID: 2078
The lost frame ID: 2079
The lost frame ID: 2080
The lost frame ID: 2081
The lost frame ID: 2082
The lost frame ID: 2083
The lost frame ID: 2084

Saving camera trajectory to TrajectoryBeforeReset_oxf_akz_spp_r14_seg02_pid691154_1757504814715.txt ...

trajectory saved!
[Tracking] wrote pre-reset trajectory to TrajectoryBeforeReset_oxf_akz_spp_r14_seg02_pid691154_1757504814715.txt
[Tracking] LOST for 10 consecutive frames -> reset
System Reseting
Reseting Local Mapper... done
Reseting Loop Closing... done
Reseting Database... done
0
New map created with 528 points for 0 Feature Type 
New map created with 203 points for 1 Feature Type 
Tracking Initlized in 2.13s
The initlized frame ID: 1
Track lost soon after initialisation, reseting...
System Reseting
Reseting Local Mapper... done
Reseting Loop Closing... done
Reseting Database... done
0
New map created with 791 points for 0 Feature Type 
New map created with 266 points for 1 Feature Type 
Tracking Initlized in 2.27s
The initlized frame ID: 1
Track lost soon after initialisation, reseting...
System Reseting
Reseting Local Mapper... done
Reseting Loop Closing... done
Reseting Database... done
0
New map created with 795 points for 0 Feature Type 
New map created with 301 points for 1 Feature Type 
Tracking Initlized in 2.47s
The initlized frame ID: 1
Track lost soon after initialisation, reseting...
System Reseting
Reseting Local Mapper... done
Reseting Loop Closing... done
Reseting Database... done
0
New map created with 823 points for 0 Feature Type 
New map created with 292 points for 1 Feature Type 
Tracking Initlized in 1.90s
The initlized frame ID: 1
Track lost soon after initialisation, reseting...
System Reseting
Reseting Local Mapper... done
Reseting Loop Closing... done
Reseting Database... done
0
New map created with 846 points for 0 Feature Type 
New map created with 284 points for 1 Feature Type 
Tracking Initlized in 2.43s
The initlized frame ID: 1
Track lost soon after initialisation, reseting...
System Reseting
Reseting Local Mapper... done
Reseting Loop Closing... done
Reseting Database... done
0
New map created with 759 points for 0 Feature Type 
New map created with 276 points for 1 Feature Type 
Tracking Initlized in 2.08s
The initlized frame ID: 1
Track lost soon after initialisation, reseting...
System Reseting
Reseting Local Mapper... done
Reseting Loop Closing... done
Reseting Database... done
0
New map created with 958 points for 0 Feature Type 
New map created with 371 points for 1 Feature Type 
Tracking Initlized in 1.98s
The initlized frame ID: 1
The lost frame ID: 1392
The lost frame ID: 1393
The lost frame ID: 1394
The lost frame ID: 1395
The lost frame ID: 1396
The lost frame ID: 1397
The lost frame ID: 1398
The lost frame ID: 1399
The lost frame ID: 1400

Saving camera trajectory to TrajectoryBeforeReset_oxf_akz_spp_r14_seg03_pid691154_1757505387328.txt ...

trajectory saved!
[Tracking] wrote pre-reset trajectory to TrajectoryBeforeReset_oxf_akz_spp_r14_seg03_pid691154_1757505387328.txt
[Tracking] LOST for 10 consecutive frames -> reset
System Reseting
Reseting Local Mapper... done
Reseting Loop Closing... done
Reseting Database... done
0
New map created with 1187 points for 0 Feature Type 
New map created with 350 points for 1 Feature Type 
Tracking Initlized in 2.15s
The initlized frame ID: 1
The lost frame ID: 2244
The lost frame ID: 2245
The lost frame ID: 2246
The lost frame ID: 2247
The lost frame ID: 2248
The lost frame ID: 2249
The lost frame ID: 2250
The lost frame ID: 2251
The lost frame ID: 2252

Saving camera trajectory to TrajectoryBeforeReset_oxf_akz_spp_r14_seg04_pid691154_1757506351947.txt ...

trajectory saved!
[Tracking] wrote pre-reset trajectory to TrajectoryBeforeReset_oxf_akz_spp_r14_seg04_pid691154_1757506351947.txt
[Tracking] LOST for 10 consecutive frames -> reset
System Reseting
Reseting Local Mapper... done
Reseting Loop Closing... done
Reseting Database... done
0
New map created with 774 points for 0 Feature Type 
New map created with 130 points for 1 Feature Type 
Tracking Initlized in 5.35s
The initlized frame ID: 3
Track lost soon after initialisation, reseting...
System Reseting
Reseting Local Mapper... done
Reseting Loop Closing... done
Reseting Database... done
0
New map created with 766 points for 0 Feature Type 
New map created with 261 points for 1 Feature Type 
Tracking Initlized in 1.93s
The initlized frame ID: 1
The lost frame ID: 149
The lost frame ID: 150
The lost frame ID: 151
The lost frame ID: 152
The lost frame ID: 153
The lost frame ID: 154
The lost frame ID: 155
The lost frame ID: 156
The lost frame ID: 157

Saving camera trajectory to TrajectoryBeforeReset_oxf_akz_spp_r14_seg05_pid691154_1757506425156.txt ...

trajectory saved!
[Tracking] wrote pre-reset trajectory to TrajectoryBeforeReset_oxf_akz_spp_r14_seg05_pid691154_1757506425156.txt
[Tracking] LOST for 10 consecutive frames -> reset
System Reseting
Reseting Local Mapper... done
Reseting Loop Closing... done
Reseting Database... done
0
New map created with 744 points for 0 Feature Type 
New map created with 327 points for 1 Feature Type 
Tracking Initlized in 2.77s
The initlized frame ID: 1
System::StopViewer()
System::StopViewer() done

Saving correlation status...

========== Global Summary ==========
Frames: 7195
avg_CorrEdges: 1.43711
avg_match_A: 135.079
avg_match_B: 281.166
global_RI_MNR: 0.010639
global_RI_GNR: 0.00737418
global_RI_DICE: 0.00690511

========== Per-Channel Summary ==========
   chA   chB     avgCorr        avgA        avgB   avgRI_MNR   avgRI_GNR  avgRI_DICE
     0     1     1.43711     135.079     281.166   0.0122917   0.0071241  0.00617876

Correlation status saved!

System Shutdown
-------

median tracking time: 0.38619
mean tracking time: 0.390457

Saving camera trajectory to result14.txt ...

trajectory saved!
All done

========== Performance Summary (ms) ==========
name                                mean      median        rmse         min         max       count
Lost Count                         1.000       1.000       0.000       1.000       1.000           5
Tracking                          23.555      22.131      13.699       2.529     478.477        7266
Total Init                    109262.505  109262.505       0.000  109262.505  109262.505           1
Pipeline                         389.028     386.115      51.628     188.995    1118.262        7513
SuperPoint Extract               354.499     353.169      43.246     176.873    1101.471        7513
Reset Count                        1.000       1.000       0.000       1.000       1.000          12
Correlation                        0.372       0.319       0.280       0.004       9.659        7201
AKAZE Extract                    208.131     206.851      35.109     100.258     339.577        7513
