Registering ORBextractor...
Registering AKAZEextractor...
Registering BRISKextractor...
Registering SIFTextractor...
Registering KAZEextractor...
Registering SuperPointExtractor...

ORB-SLAM2 Copyright (C) 2014-2016 Raul Mur-Artal, University of Zaragoza.
This program comes with ABSOLUTELY NO WARRANTY;
This is free software, and you are welcome to redistribute it
under certain conditions. See LICENSE.txt.

Input sensor was set to: Monocular

Loading Vocabulary : /home/howard/Refactored_ORB_SLAM2/Install/var/lib/orbslam2/voc/akaze_cv.fbow
This could take a while...
Loading AKAZE Vocabulary in FBoW.
AKAZE Vocabulary loaded in 0.004289s


Loading Vocabulary : /home/howard/Refactored_ORB_SLAM2/Install/var/lib/orbslam2/voc/superpoint.fbow
This could take a while...
Loading SuperPoint Vocabulary in FBoW.
SuperPoint Vocabulary loaded in 0.019947s


Camera Parameters: 
- fx: 983.044
- fy: 983.044
- cx: 643.647
- cy: 493.379
- k1: 0
- k2: 0
- p1: 0
- p2: 0
- fps: 16
- color order: RGB (ignored if grayscale)

[Feature 0] AKAZE Extractor Parameters: 
 ( TH_LOW: 100, TH_HIGH: 200 )
- Number of Features: 2000
- Scale Levels: 4
- Scale Factor: 1.2
- Threshold: 0.0001
- Num of Octaves: 4
- Num of Octave Layers: 4

[Feature 1] SuperPoint Extractor Parameters: 
 ( TH_LOW: 0.7, TH_HIGH: 0.9 )
- Number of Features: 2000
- Scale Levels: 4
- Scale Factor: 1.2
- Use CUDA: 1
- Use NMS: 1
- iniTh: 0.08
- minTh: 0.04

-------
Start processing sequence ...
Images in the sequence: 7513

0
New map created with 1101 points for 0 Feature Type 
New map created with 426 points for 1 Feature Type 
Tracking Initlized in 402.63s
The initlized frame ID: 218
The lost frame ID: 833
The lost frame ID: 834
The lost frame ID: 835
The lost frame ID: 836
The lost frame ID: 837
The lost frame ID: 839
The lost frame ID: 1485
The lost frame ID: 1486
The lost frame ID: 1487
The lost frame ID: 1488
The lost frame ID: 1489
The lost frame ID: 1490
The lost frame ID: 1491
The lost frame ID: 1492
The lost frame ID: 1493

Saving camera trajectory to TrajectoryBeforeReset_oxf_akz_spp_r19_seg01_pid1647567_1757518141659.txt ...

trajectory saved!
[Tracking] wrote pre-reset trajectory to TrajectoryBeforeReset_oxf_akz_spp_r19_seg01_pid1647567_1757518141659.txt
[Tracking] LOST for 10 consecutive frames -> reset
System Reseting
Reseting Local Mapper... done
Reseting Loop Closing... done
Reseting Database... done
0
New map created with 842 points for 0 Feature Type 
New map created with 243 points for 1 Feature Type 
Tracking Initlized in 7.22s
The initlized frame ID: 4
Track lost soon after initialisation, reseting...
System Reseting
Reseting Local Mapper... done
Reseting Loop Closing... done
Reseting Database... done
0
New map created with 785 points for 0 Feature Type 
New map created with 303 points for 1 Feature Type 
Tracking Initlized in 3.73s
The initlized frame ID: 2
Track lost soon after initialisation, reseting...
System Reseting
Reseting Local Mapper... done
Reseting Loop Closing... done
Reseting Database... done
0
New map created with 898 points for 0 Feature Type 
New map created with 323 points for 1 Feature Type 
Tracking Initlized in 3.29s
The initlized frame ID: 2
Track lost soon after initialisation, reseting...
System Reseting
Reseting Local Mapper... done
Reseting Loop Closing... done
Reseting Database... done
0
New map created with 1018 points for 0 Feature Type 
New map created with 375 points for 1 Feature Type 
Tracking Initlized in 3.96s
The initlized frame ID: 2
The lost frame ID: 1104
The lost frame ID: 1105
The lost frame ID: 1106
The lost frame ID: 1107
The lost frame ID: 1108
The lost frame ID: 1109
The lost frame ID: 1110
The lost frame ID: 1111
The lost frame ID: 1112

Saving camera trajectory to TrajectoryBeforeReset_oxf_akz_spp_r19_seg02_pid1647567_1757518538040.txt ...

trajectory saved!
[Tracking] wrote pre-reset trajectory to TrajectoryBeforeReset_oxf_akz_spp_r19_seg02_pid1647567_1757518538040.txt
[Tracking] LOST for 10 consecutive frames -> reset
System Reseting
Reseting Local Mapper... done
Reseting Loop Closing... done
Reseting Database... done
0
New map created with 743 points for 0 Feature Type 
New map created with 302 points for 1 Feature Type 
Tracking Initlized in 2.28s
The initlized frame ID: 1
Track lost soon after initialisation, reseting...
System Reseting
Reseting Local Mapper... done
Reseting Loop Closing... done
Reseting Database... done
0
New map created with 614 points for 0 Feature Type 
New map created with 203 points for 1 Feature Type 
Tracking Initlized in 1.79s
The initlized frame ID: 1
The lost frame ID: 12
The lost frame ID: 13
The lost frame ID: 14
The lost frame ID: 15
The lost frame ID: 16
The lost frame ID: 929
The lost frame ID: 930
The lost frame ID: 931
The lost frame ID: 932
The lost frame ID: 933
The lost frame ID: 934
The lost frame ID: 935
The lost frame ID: 936
The lost frame ID: 937

Saving camera trajectory to TrajectoryBeforeReset_oxf_akz_spp_r19_seg03_pid1647567_1757518880887.txt ...

trajectory saved!
[Tracking] wrote pre-reset trajectory to TrajectoryBeforeReset_oxf_akz_spp_r19_seg03_pid1647567_1757518880887.txt
[Tracking] LOST for 10 consecutive frames -> reset
System Reseting
Reseting Local Mapper... done
Reseting Loop Closing... done
Reseting Database... done
0
New map created with 672 points for 0 Feature Type 
New map created with 258 points for 1 Feature Type 
Tracking Initlized in 1.95s
The initlized frame ID: 1
Track lost soon after initialisation, reseting...
System Reseting
Reseting Local Mapper... done
Reseting Loop Closing... done
Reseting Database... done
0
New map created with 830 points for 0 Feature Type 
New map created with 309 points for 1 Feature Type 
Tracking Initlized in 1.96s
The initlized frame ID: 1
The lost frame ID: 1405
The lost frame ID: 1406
The lost frame ID: 1407
The lost frame ID: 1408
The lost frame ID: 1409
The lost frame ID: 1410
The lost frame ID: 1411
The lost frame ID: 1412
The lost frame ID: 1413

Saving camera trajectory to TrajectoryBeforeReset_oxf_akz_spp_r19_seg04_pid1647567_1757519385301.txt ...

trajectory saved!
[Tracking] wrote pre-reset trajectory to TrajectoryBeforeReset_oxf_akz_spp_r19_seg04_pid1647567_1757519385301.txt
[Tracking] LOST for 10 consecutive frames -> reset
System Reseting
Reseting Local Mapper... done
Reseting Loop Closing... done
Reseting Database... done
0
New map created with 1192 points for 0 Feature Type 
New map created with 357 points for 1 Feature Type 
Tracking Initlized in 1.80s
The initlized frame ID: 1
The lost frame ID: 2242
The lost frame ID: 2244
The lost frame ID: 2245
The lost frame ID: 2246
The lost frame ID: 2247
The lost frame ID: 2248
The lost frame ID: 2249
The lost frame ID: 2250
The lost frame ID: 2251
The lost frame ID: 2252

Saving camera trajectory to TrajectoryBeforeReset_oxf_akz_spp_r19_seg05_pid1647567_1757520208974.txt ...

trajectory saved!
[Tracking] wrote pre-reset trajectory to TrajectoryBeforeReset_oxf_akz_spp_r19_seg05_pid1647567_1757520208974.txt
[Tracking] LOST for 10 consecutive frames -> reset
System Reseting
Reseting Local Mapper... done
Reseting Loop Closing... done
Reseting Database... done
0
New map created with 870 points for 0 Feature Type 
New map created with 152 points for 1 Feature Type 
Tracking Initlized in 4.48s
The initlized frame ID: 3
Track lost soon after initialisation, reseting...
System Reseting
Reseting Local Mapper... done
Reseting Loop Closing... done
Reseting Database... done
0
New map created with 744 points for 0 Feature Type 
New map created with 254 points for 1 Feature Type 
Tracking Initlized in 1.98s
The initlized frame ID: 1
Track lost soon after initialisation, reseting...
System Reseting
Reseting Local Mapper... done
Reseting Loop Closing... done
Reseting Database... done
0
New map created with 788 points for 0 Feature Type 
New map created with 312 points for 1 Feature Type 
Tracking Initlized in 1.95s
The initlized frame ID: 1
The lost frame ID: 143
The lost frame ID: 144
The lost frame ID: 145
The lost frame ID: 146
The lost frame ID: 147
The lost frame ID: 148
The lost frame ID: 149
The lost frame ID: 150
The lost frame ID: 151

Saving camera trajectory to TrajectoryBeforeReset_oxf_akz_spp_r19_seg06_pid1647567_1757520269413.txt ...

trajectory saved!
[Tracking] wrote pre-reset trajectory to TrajectoryBeforeReset_oxf_akz_spp_r19_seg06_pid1647567_1757520269413.txt
[Tracking] LOST for 10 consecutive frames -> reset
System Reseting
Reseting Local Mapper... done
Reseting Loop Closing... done
Reseting Database... done
0
New map created with 773 points for 0 Feature Type 
New map created with 336 points for 1 Feature Type 
Tracking Initlized in 2.22s
The initlized frame ID: 1
System::StopViewer()
System::StopViewer() done

Saving correlation status...

========== Global Summary ==========
Frames: 7179
avg_CorrEdges: 1.39351
avg_match_A: 135.874
avg_match_B: 279.238
global_RI_MNR: 0.0102559
global_RI_GNR: 0.00715407
global_RI_DICE: 0.00671388

========== Per-Channel Summary ==========
   chA   chB     avgCorr        avgA        avgB   avgRI_MNR   avgRI_GNR  avgRI_DICE
     0     1     1.39351     135.874     279.238   0.0123009  0.00704605  0.00607974

Correlation status saved!

System Shutdown
-------

median tracking time: 0.342404
mean tracking time: 0.346744

Saving camera trajectory to result19.txt ...

trajectory saved!
All done

========== Performance Summary (ms) ==========
name                                mean      median        rmse         min         max       count
Lost Count                         1.000       1.000       0.000       1.000       1.000           6
Tracking                          20.671      19.233      13.819       1.775     533.886        7260
Total Init                     98300.786   98300.786       0.000   98300.786   98300.786           1
Pipeline                         345.746     342.339      43.131     161.121     798.095        7513
SuperPoint Extract               315.584     313.923      35.497     157.951     684.078        7513
Reset Count                        1.000       1.000       0.000       1.000       1.000          13
Correlation                        0.332       0.282       0.271       0.010       8.760        7181
AKAZE Extract                    174.298     174.005      28.732      92.229     279.872        7513
