Registering ORBextractor...
Registering AKAZEextractor...
Registering BRISKextractor...
Registering SIFTextractor...
Registering KAZEextractor...
Registering SuperPointExtractor...

ORB-SLAM2 Copyright (C) 2014-2016 Raul Mur-Artal, University of Zaragoza.
This program comes with ABSOLUTELY NO WARRANTY;
This is free software, and you are welcome to redistribute it
under certain conditions. See LICENSE.txt.

Input sensor was set to: Monocular

Loading Vocabulary : /home/howard/Refactored_ORB_SLAM2/Install/var/lib/orbslam2/voc/akaze_cv.fbow
This could take a while...
Loading AKAZE Vocabulary in FBoW.
AKAZE Vocabulary loaded in 0.009802s


Loading Vocabulary : /home/howard/Refactored_ORB_SLAM2/Install/var/lib/orbslam2/voc/superpoint.fbow
This could take a while...
Loading SuperPoint Vocabulary in FBoW.
SuperPoint Vocabulary loaded in 0.018099s


Camera Parameters: 
- fx: 983.044
- fy: 983.044
- cx: 643.647
- cy: 493.379
- k1: 0
- k2: 0
- p1: 0
- p2: 0
- fps: 16
- color order: RGB (ignored if grayscale)

[Feature 0] AKAZE Extractor Parameters: 
 ( TH_LOW: 100, TH_HIGH: 200 )
- Number of Features: 2000
- Scale Levels: 4
- Scale Factor: 1.2
- Threshold: 0.0001
- Num of Octaves: 4
- Num of Octave Layers: 4

[Feature 1] SuperPoint Extractor Parameters: 
 ( TH_LOW: 0.7, TH_HIGH: 0.9 )
- Number of Features: 2000
- Scale Levels: 4
- Scale Factor: 1.2
- Use CUDA: 1
- Use NMS: 1
- iniTh: 0.08
- minTh: 0.04

-------
Start processing sequence ...
Images in the sequence: 7513

0
New map created with 1101 points for 0 Feature Type 
New map created with 426 points for 1 Feature Type 
Tracking Initlized in 399.95s
The initlized frame ID: 218
The lost frame ID: 831
The lost frame ID: 832
The lost frame ID: 833
The lost frame ID: 834
The lost frame ID: 835
The lost frame ID: 836
The lost frame ID: 837
The lost frame ID: 838
The lost frame ID: 839

Saving camera trajectory to TrajectoryBeforeReset_oxf_akz_spp_r17_seg01_pid1279469_1757512439867.txt ...

trajectory saved!
[Tracking] wrote pre-reset trajectory to TrajectoryBeforeReset_oxf_akz_spp_r17_seg01_pid1279469_1757512439867.txt
[Tracking] LOST for 10 consecutive frames -> reset
System Reseting
Reseting Local Mapper... done
Reseting Loop Closing... done
Reseting Database... done
0
New map created with 1024 points for 0 Feature Type 
New map created with 424 points for 1 Feature Type 
Tracking Initlized in 1.89s
The initlized frame ID: 1
The lost frame ID: 629
The lost frame ID: 630
The lost frame ID: 631
The lost frame ID: 632
The lost frame ID: 633
The lost frame ID: 634
The lost frame ID: 635
The lost frame ID: 636
The lost frame ID: 637

Saving camera trajectory to TrajectoryBeforeReset_oxf_akz_spp_r17_seg02_pid1279469_1757512670865.txt ...

trajectory saved!
[Tracking] wrote pre-reset trajectory to TrajectoryBeforeReset_oxf_akz_spp_r17_seg02_pid1279469_1757512670865.txt
[Tracking] LOST for 10 consecutive frames -> reset
System Reseting
Reseting Local Mapper... done
Reseting Loop Closing... done
Reseting Database... done
0
New map created with 579 points for 0 Feature Type 
New map created with 244 points for 1 Feature Type 
Tracking Initlized in 3.66s
The initlized frame ID: 2
Track lost soon after initialisation, reseting...
System Reseting
Reseting Local Mapper... done
Reseting Loop Closing... done
Reseting Database... done
0
New map created with 419 points for 0 Feature Type 
New map created with 178 points for 1 Feature Type 
Tracking Initlized in 3.22s
The initlized frame ID: 2
Track lost soon after initialisation, reseting...
System Reseting
Reseting Local Mapper... done
Reseting Loop Closing... done
Reseting Database... done
0
New map created with 396 points for 0 Feature Type 
New map created with 160 points for 1 Feature Type 
Tracking Initlized in 5.79s
The initlized frame ID: 3
Track lost soon after initialisation, reseting...
System Reseting
Reseting Local Mapper... done
Reseting Loop Closing... done
Reseting Database... done
1
New map created with 368 points for 0 Feature Type 
New map created with 197 points for 1 Feature Type 
Tracking Initlized in 3.47s
The initlized frame ID: 2
Track lost soon after initialisation, reseting...
System Reseting
Reseting Local Mapper... done
Reseting Loop Closing... done
Reseting Database... done
1
New map created with 364 points for 0 Feature Type 
New map created with 183 points for 1 Feature Type 
Tracking Initlized in 3.52s
The initlized frame ID: 2
Track lost soon after initialisation, reseting...
System Reseting
Reseting Local Mapper... done
Reseting Loop Closing... done
Reseting Database... done
1
New map created with 758 points for 0 Feature Type 
New map created with 287 points for 1 Feature Type 
Tracking Initlized in 3.88s
The initlized frame ID: 2
The lost frame ID: 2054
The lost frame ID: 2055
The lost frame ID: 2056
The lost frame ID: 2057
The lost frame ID: 2058
The lost frame ID: 2059
The lost frame ID: 2060
The lost frame ID: 2061
The lost frame ID: 2062

Saving camera trajectory to TrajectoryBeforeReset_oxf_akz_spp_r17_seg03_pid1279469_1757513438291.txt ...

trajectory saved!
[Tracking] wrote pre-reset trajectory to TrajectoryBeforeReset_oxf_akz_spp_r17_seg03_pid1279469_1757513438291.txt
[Tracking] LOST for 10 consecutive frames -> reset
System Reseting
Reseting Local Mapper... done
Reseting Loop Closing... done
Reseting Database... done
0
New map created with 643 points for 0 Feature Type 
New map created with 266 points for 1 Feature Type 
Tracking Initlized in 1.98s
The initlized frame ID: 1
Track lost soon after initialisation, reseting...
System Reseting
Reseting Local Mapper... done
Reseting Loop Closing... done
Reseting Database... done
0
New map created with 809 points for 0 Feature Type 
New map created with 299 points for 1 Feature Type 
Tracking Initlized in 1.81s
The initlized frame ID: 1
The lost frame ID: 13
The lost frame ID: 14
The lost frame ID: 15
The lost frame ID: 16
The lost frame ID: 1402
The lost frame ID: 1403
The lost frame ID: 1404
The lost frame ID: 1405
The lost frame ID: 1406
The lost frame ID: 1407
The lost frame ID: 1408
The lost frame ID: 1409
The lost frame ID: 1410

Saving camera trajectory to TrajectoryBeforeReset_oxf_akz_spp_r17_seg04_pid1279469_1757513928078.txt ...

trajectory saved!
[Tracking] wrote pre-reset trajectory to TrajectoryBeforeReset_oxf_akz_spp_r17_seg04_pid1279469_1757513928078.txt
[Tracking] LOST for 10 consecutive frames -> reset
System Reseting
Reseting Local Mapper... done
Reseting Loop Closing... done
Reseting Database... done
0
New map created with 504 points for 0 Feature Type 
New map created with 115 points for 1 Feature Type 
Tracking Initlized in 1.61s
The initlized frame ID: 1
Track lost soon after initialisation, reseting...
System Reseting
Reseting Local Mapper... done
Reseting Loop Closing... done
Reseting Database... done
0
New map created with 1215 points for 0 Feature Type 
New map created with 358 points for 1 Feature Type 
Tracking Initlized in 2.04s
The initlized frame ID: 1
Track lost soon after initialisation, reseting...
System Reseting
Reseting Local Mapper... done
Reseting Loop Closing... done
Reseting Database... done
0
New map created with 1266 points for 0 Feature Type 
New map created with 364 points for 1 Feature Type 
Tracking Initlized in 1.64s
The initlized frame ID: 1
Track lost soon after initialisation, reseting...
System Reseting
Reseting Local Mapper... done
Reseting Loop Closing... done
Reseting Database... done
0
New map created with 1210 points for 0 Feature Type 
New map created with 291 points for 1 Feature Type 
Tracking Initlized in 2.18s
The initlized frame ID: 1
The lost frame ID: 8
The lost frame ID: 9
The lost frame ID: 10
The lost frame ID: 11
The lost frame ID: 12
The lost frame ID: 13
The lost frame ID: 14
The lost frame ID: 15
The lost frame ID: 16

Saving camera trajectory to TrajectoryBeforeReset_oxf_akz_spp_r17_seg05_pid1279469_1757513939657.txt ...

trajectory saved!
[Tracking] wrote pre-reset trajectory to TrajectoryBeforeReset_oxf_akz_spp_r17_seg05_pid1279469_1757513939657.txt
[Tracking] LOST for 10 consecutive frames -> reset
System Reseting
Reseting Local Mapper... done
Reseting Loop Closing... done
Reseting Database... done
0
New map created with 1116 points for 0 Feature Type 
New map created with 312 points for 1 Feature Type 
Tracking Initlized in 1.55s
The initlized frame ID: 1
Track lost soon after initialisation, reseting...
System Reseting
Reseting Local Mapper... done
Reseting Loop Closing... done
Reseting Database... done
0
New map created with 1128 points for 0 Feature Type 
New map created with 296 points for 1 Feature Type 
Tracking Initlized in 1.99s
The initlized frame ID: 1
Track lost soon after initialisation, reseting...
System Reseting
Reseting Local Mapper... done
Reseting Loop Closing... done
Reseting Database... done
0
New map created with 1062 points for 0 Feature Type 
New map created with 295 points for 1 Feature Type 
Tracking Initlized in 1.45s
The initlized frame ID: 1
Track lost soon after initialisation, reseting...
System Reseting
Reseting Local Mapper... done
Reseting Loop Closing... done
Reseting Database... done
0
New map created with 1086 points for 0 Feature Type 
New map created with 326 points for 1 Feature Type 
Tracking Initlized in 1.76s
The initlized frame ID: 1
Track lost soon after initialisation, reseting...
System Reseting
Reseting Local Mapper... done
Reseting Loop Closing... done
Reseting Database... done
0
New map created with 915 points for 0 Feature Type 
New map created with 351 points for 1 Feature Type 
Tracking Initlized in 1.74s
The initlized frame ID: 1
Track lost soon after initialisation, reseting...
System Reseting
Reseting Local Mapper... done
Reseting Loop Closing... done
Reseting Database... done
0
New map created with 911 points for 0 Feature Type 
New map created with 286 points for 1 Feature Type 
Tracking Initlized in 1.91s
The initlized frame ID: 1
Track lost soon after initialisation, reseting...
System Reseting
Reseting Local Mapper... done
Reseting Loop Closing... done
Reseting Database... done
0
New map created with 805 points for 0 Feature Type 
New map created with 267 points for 1 Feature Type 
Tracking Initlized in 1.80s
The initlized frame ID: 1
The lost frame ID: 2202
The lost frame ID: 2203
The lost frame ID: 2204
The lost frame ID: 2205
The lost frame ID: 2206
The lost frame ID: 2207
The lost frame ID: 2208
The lost frame ID: 2209
The lost frame ID: 2210

Saving camera trajectory to TrajectoryBeforeReset_oxf_akz_spp_r17_seg06_pid1279469_1757514748849.txt ...

trajectory saved!
[Tracking] wrote pre-reset trajectory to TrajectoryBeforeReset_oxf_akz_spp_r17_seg06_pid1279469_1757514748849.txt
[Tracking] LOST for 10 consecutive frames -> reset
System Reseting
Reseting Local Mapper... done
Reseting Loop Closing... done
Reseting Database... done
0
New map created with 92 points for 0 Feature Type 
New map created with 16 points for 1 Feature Type 
Tracking Initlized in 11.92s
The initlized frame ID: 7
Track lost soon after initialisation, reseting...
System Reseting
Reseting Local Mapper... done
Reseting Loop Closing... done
Reseting Database... done
0
New map created with 756 points for 0 Feature Type 
New map created with 262 points for 1 Feature Type 
Tracking Initlized in 2.04s
The initlized frame ID: 1
Track lost soon after initialisation, reseting...
System Reseting
Reseting Local Mapper... done
Reseting Loop Closing... done
Reseting Database... done
0
New map created with 570 points for 0 Feature Type 
New map created with 230 points for 1 Feature Type 
Tracking Initlized in 4.15s
The initlized frame ID: 2
The lost frame ID: 142
The lost frame ID: 143
The lost frame ID: 144
The lost frame ID: 145
The lost frame ID: 146
The lost frame ID: 147
The lost frame ID: 148
The lost frame ID: 149
The lost frame ID: 150

Saving camera trajectory to TrajectoryBeforeReset_oxf_akz_spp_r17_seg07_pid1279469_1757514811553.txt ...

trajectory saved!
[Tracking] wrote pre-reset trajectory to TrajectoryBeforeReset_oxf_akz_spp_r17_seg07_pid1279469_1757514811553.txt
[Tracking] LOST for 10 consecutive frames -> reset
System Reseting
Reseting Local Mapper... done
Reseting Loop Closing... done
Reseting Database... done
0
New map created with 742 points for 0 Feature Type 
New map created with 323 points for 1 Feature Type 
Tracking Initlized in 2.23s
The initlized frame ID: 1
System::StopViewer()
System::StopViewer() done

Saving correlation status...

========== Global Summary ==========
Frames: 7139
avg_CorrEdges: 1.43465
avg_match_A: 129.397
avg_match_B: 266.739
global_RI_MNR: 0.0110872
global_RI_GNR: 0.00772221
global_RI_DICE: 0.00724323

========== Per-Channel Summary ==========
   chA   chB     avgCorr        avgA        avgB   avgRI_MNR   avgRI_GNR  avgRI_DICE
     0     1     1.43465     129.397     266.739   0.0151247  0.00875734  0.00761037

Correlation status saved!

System Shutdown
-------

median tracking time: 0.337761
mean tracking time: 0.342577

Saving camera trajectory to result17.txt ...

trajectory saved!
All done

========== Performance Summary (ms) ==========
name                                mean      median        rmse         min         max       count
Lost Count                         1.000       1.000       0.000       1.000       1.000           7
Tracking                          19.820      17.795      15.559       2.225     729.812        7232
Total Init                     99190.765   99190.765       0.000   99190.765   99190.765           1
Pipeline                         341.531     337.664      46.004     164.926    1069.278        7513
SuperPoint Extract               311.918     309.889      36.455     145.009     685.126        7513
Reset Count                        1.000       1.000       0.000       1.000       1.000          24
Correlation                        0.308       0.261       0.246       0.004       8.531        7141
AKAZE Extract                    172.247     171.336      30.443      77.894     280.016        7513
