Registering ORBextractor...
Registering AKAZEextractor...
Registering BRISKextractor...
Registering SIFTextractor...
Registering KAZEextractor...
Registering SuperPointExtractor...

ORB-SLAM2 Copyright (C) 2014-2016 Raul Mur-Artal, University of Zaragoza.
This program comes with ABSOLUTELY NO WARRANTY;
This is free software, and you are welcome to redistribute it
under certain conditions. See LICENSE.txt.

Input sensor was set to: Monocular

Loading Vocabulary : /home/howard/Refactored_ORB_SLAM2/Install/var/lib/orbslam2/voc/akaze_cv.fbow
This could take a while...
Loading AKAZE Vocabulary in FBoW.
AKAZE Vocabulary loaded in 0.004904s


Loading Vocabulary : /home/howard/Refactored_ORB_SLAM2/Install/var/lib/orbslam2/voc/kaze_cv.fbow
This could take a while...
Loading KAZE Vocabulary in FBoW.
KAZE Vocabulary loaded in 0.014845s


Camera Parameters: 
- fx: 983.044
- fy: 983.044
- cx: 643.647
- cy: 493.379
- k1: 0
- k2: 0
- p1: 0
- p2: 0
- fps: 16
- color order: RGB (ignored if grayscale)

[Feature 0] AKAZE Extractor Parameters: 
 ( TH_LOW: 100, TH_HIGH: 200 )
- Number of Features: 2000
- Scale Levels: 4
- Scale Factor: 1.2
- Threshold: 0.0001
- Num of Octaves: 4
- Num of Octave Layers: 4

[Feature 1] KAZE Extractor Parameters: 
 ( TH_LOW: 0.5, TH_HIGH: 1 )
- Number of Features : 2000
- Scale Levels       : 4
- Scale Factor       : 1.2
- Threshold          : 0.001
- nOctaves           : 4
- nOctaveLayers      : 4
- Extended (128‑dim) : 0
- Upright            : 0

-------
Start processing sequence ...
Images in the sequence: 7513

1
New map created with 441 points for 0 Feature Type 
New map created with 301 points for 1 Feature Type 
Tracking Initlized in 423.54s
The initlized frame ID: 139
The lost frame ID: 645
The lost frame ID: 647
The lost frame ID: 658
The lost frame ID: 830
The lost frame ID: 831
The lost frame ID: 832
The lost frame ID: 833
The lost frame ID: 834
The lost frame ID: 835
The lost frame ID: 836
The lost frame ID: 837
The lost frame ID: 838

Saving camera trajectory to TrajectoryBeforeReset_oxf_akz_kaz_r08_seg01_pid2264435_1757527452089.txt ...

trajectory saved!
[Tracking] wrote pre-reset trajectory to TrajectoryBeforeReset_oxf_akz_kaz_r08_seg01_pid2264435_1757527452089.txt
[Tracking] LOST for 10 consecutive frames -> reset
System Reseting
Reseting Local Mapper... done
Reseting Loop Closing... done
Reseting Database... done
0
New map created with 507 points for 0 Feature Type 
New map created with 299 points for 1 Feature Type 
Tracking Initlized in 6.06s
The initlized frame ID: 2
The lost frame ID: 639
The lost frame ID: 640
The lost frame ID: 641
The lost frame ID: 642
The lost frame ID: 643
The lost frame ID: 644
The lost frame ID: 645
The lost frame ID: 646
The lost frame ID: 647

Saving camera trajectory to TrajectoryBeforeReset_oxf_akz_kaz_r08_seg02_pid2264435_1757527811753.txt ...

trajectory saved!
[Tracking] wrote pre-reset trajectory to TrajectoryBeforeReset_oxf_akz_kaz_r08_seg02_pid2264435_1757527811753.txt
[Tracking] LOST for 10 consecutive frames -> reset
System Reseting
Reseting Local Mapper... done
Reseting Loop Closing... done
Reseting Database... done
0
New map created with 459 points for 0 Feature Type 
New map created with 349 points for 1 Feature Type 
Tracking Initlized in 9.21s
The initlized frame ID: 3
Track lost soon after initialisation, reseting...
System Reseting
Reseting Local Mapper... done
Reseting Loop Closing... done
Reseting Database... done
0
New map created with 711 points for 0 Feature Type 
New map created with 464 points for 1 Feature Type 
Tracking Initlized in 8.92s
The initlized frame ID: 3
Track lost soon after initialisation, reseting...
System Reseting
Reseting Local Mapper... done
Reseting Loop Closing... done
Reseting Database... done
0
New map created with 1006 points for 0 Feature Type 
New map created with 736 points for 1 Feature Type 
Tracking Initlized in 12.10s
The initlized frame ID: 4
Track lost soon after initialisation, reseting...
System Reseting
Reseting Local Mapper... done
Reseting Loop Closing... done
Reseting Database... done
0
New map created with 1204 points for 0 Feature Type 
New map created with 881 points for 1 Feature Type 
Tracking Initlized in 9.74s
The initlized frame ID: 3
Track lost soon after initialisation, reseting...
System Reseting
Reseting Local Mapper... done
Reseting Loop Closing... done
Reseting Database... done
0
New map created with 1030 points for 0 Feature Type 
New map created with 723 points for 1 Feature Type 
Tracking Initlized in 6.51s
The initlized frame ID: 2
The lost frame ID: 1522
The lost frame ID: 1620
The lost frame ID: 1650
The lost frame ID: 1651
The lost frame ID: 1843
The lost frame ID: 1863
The lost frame ID: 1866
The lost frame ID: 1867
The lost frame ID: 1869
The lost frame ID: 1870
The lost frame ID: 1872
The lost frame ID: 1874
The lost frame ID: 1876
The lost frame ID: 1881
The lost frame ID: 2040
The lost frame ID: 2041
The lost frame ID: 2045
The lost frame ID: 2047
The lost frame ID: 2052
The lost frame ID: 2053
The lost frame ID: 2187
The lost frame ID: 2190
The lost frame ID: 2205
The lost frame ID: 2308
The lost frame ID: 2313
The lost frame ID: 2315
The lost frame ID: 2324
The lost frame ID: 2327
The lost frame ID: 2328
The lost frame ID: 2329
The lost frame ID: 2336
The lost frame ID: 2348
The lost frame ID: 2360
The lost frame ID: 2361
The lost frame ID: 2363
The lost frame ID: 2384
The lost frame ID: 2387
The lost frame ID: 2398
The lost frame ID: 2414
The lost frame ID: 2418
The lost frame ID: 2441
The lost frame ID: 2442
The lost frame ID: 2444
The lost frame ID: 2445
The lost frame ID: 2451
The lost frame ID: 2452
The lost frame ID: 2455
The lost frame ID: 2457
The lost frame ID: 2459
The lost frame ID: 2466
The lost frame ID: 2467
The lost frame ID: 2469
The lost frame ID: 2470
The lost frame ID: 2473
The lost frame ID: 2476
The lost frame ID: 2478
The lost frame ID: 2480
The lost frame ID: 2481
The lost frame ID: 2485
The lost frame ID: 2488
The lost frame ID: 2489
The lost frame ID: 2491
The lost frame ID: 2492
The lost frame ID: 2494
The lost frame ID: 2495
The lost frame ID: 2496
The lost frame ID: 2497
The lost frame ID: 2498
The lost frame ID: 2499
The lost frame ID: 2500
The lost frame ID: 2501
The lost frame ID: 2502

Saving camera trajectory to TrajectoryBeforeReset_oxf_akz_kaz_r08_seg03_pid2264435_1757529191455.txt ...

trajectory saved!
[Tracking] wrote pre-reset trajectory to TrajectoryBeforeReset_oxf_akz_kaz_r08_seg03_pid2264435_1757529191455.txt
[Tracking] LOST for 10 consecutive frames -> reset
System Reseting
Reseting Local Mapper... done
Reseting Loop Closing... done
Reseting Database... done
0
New map created with 626 points for 0 Feature Type 
New map created with 453 points for 1 Feature Type 
Tracking Initlized in 2.89s
The initlized frame ID: 1
The lost frame ID: 960
The lost frame ID: 961
The lost frame ID: 962
The lost frame ID: 963
The lost frame ID: 964
The lost frame ID: 3211
The lost frame ID: 3212
The lost frame ID: 3213
The lost frame ID: 3214
The lost frame ID: 3215
The lost frame ID: 3216
The lost frame ID: 3217
The lost frame ID: 3218
The lost frame ID: 3219

Saving camera trajectory to TrajectoryBeforeReset_oxf_akz_kaz_r08_seg04_pid2264435_1757531001162.txt ...

trajectory saved!
[Tracking] wrote pre-reset trajectory to TrajectoryBeforeReset_oxf_akz_kaz_r08_seg04_pid2264435_1757531001162.txt
[Tracking] LOST for 10 consecutive frames -> reset
System Reseting
Reseting Local Mapper... done
Reseting Loop Closing... done
Reseting Database... done
0
New map created with 725 points for 0 Feature Type 
New map created with 503 points for 1 Feature Type 
Tracking Initlized in 21.45s
The initlized frame ID: 8
The lost frame ID: 156
The lost frame ID: 157
The lost frame ID: 158
The lost frame ID: 159
The lost frame ID: 160
The lost frame ID: 161
The lost frame ID: 162
The lost frame ID: 163
The lost frame ID: 164

Saving camera trajectory to TrajectoryBeforeReset_oxf_akz_kaz_r08_seg05_pid2264435_1757531099407.txt ...

trajectory saved!
[Tracking] wrote pre-reset trajectory to TrajectoryBeforeReset_oxf_akz_kaz_r08_seg05_pid2264435_1757531099407.txt
[Tracking] LOST for 10 consecutive frames -> reset
System Reseting
Reseting Local Mapper... done
Reseting Loop Closing... done
Reseting Database... done
0
New map created with 773 points for 0 Feature Type 
New map created with 604 points for 1 Feature Type 
Tracking Initlized in 3.33s
The initlized frame ID: 1
System::StopViewer()
System::StopViewer() done

Saving correlation status...

========== Global Summary ==========
Frames: 7026
avg_CorrEdges: 60.2738
avg_match_A: 157.792
avg_match_B: 259.413
global_RI_MNR: 0.381983
global_RI_GNR: 0.297914
global_RI_DICE: 0.288941

========== Per-Channel Summary ==========
   chA   chB     avgCorr        avgA        avgB   avgRI_MNR   avgRI_GNR  avgRI_DICE
     0     1     60.2738     157.792     259.413    0.337274    0.248761    0.236563

Correlation status saved!

System Shutdown
-------

median tracking time: 0.554998
mean tracking time: 0.557087

Saving camera trajectory to result08.txt ...

trajectory saved!
All done

========== Performance Summary (ms) ==========
name                                mean      median        rmse         min         max       count
Lost Count                         1.000       1.000       0.000       1.000       1.000           5
Tracking                          21.698      19.352      18.144       2.082     884.769        7337
Total Init                    101083.376  101083.376       0.000  101083.376  101083.376           1
Pipeline                         555.881     554.908      54.206     355.490    1435.460        7513
KAZE Extract                     525.225     527.343      45.713     330.808     789.875        7513
Reset Count                        1.000       1.000       0.000       1.000       1.000           9
Correlation                        0.393       0.342       0.369       0.003       9.462        7212
AKAZE Extract                    155.111     150.644      35.508      80.860     341.670        7513
