Registering ORBextractor...
Registering AKAZEextractor...
Registering BRISKextractor...
Registering SIFTextractor...
Registering KAZEextractor...
Registering SuperPointExtractor...

ORB-SLAM2 Copyright (C) 2014-2016 Raul Mur-Artal, University of Zaragoza.
This program comes with ABSOLUTELY NO WARRANTY;
This is free software, and you are welcome to redistribute it
under certain conditions. See LICENSE.txt.

Input sensor was set to: Monocular

Loading Vocabulary : /home/howard/Refactored_ORB_SLAM2/Install/var/lib/orbslam2/voc/akaze_cv.fbow
This could take a while...
Loading AKAZE Vocabulary in FBoW.
AKAZE Vocabulary loaded in 0.005361s


Loading Vocabulary : /home/howard/Refactored_ORB_SLAM2/Install/var/lib/orbslam2/voc/kaze_cv.fbow
This could take a while...
Loading KAZE Vocabulary in FBoW.
KAZE Vocabulary loaded in 0.010958s


Camera Parameters: 
- fx: 983.044
- fy: 983.044
- cx: 643.647
- cy: 493.379
- k1: 0
- k2: 0
- p1: 0
- p2: 0
- fps: 16
- color order: RGB (ignored if grayscale)

[Feature 0] AKAZE Extractor Parameters: 
 ( TH_LOW: 100, TH_HIGH: 200 )
- Number of Features: 2000
- Scale Levels: 4
- Scale Factor: 1.2
- Threshold: 0.0001
- Num of Octaves: 4
- Num of Octave Layers: 4

[Feature 1] KAZE Extractor Parameters: 
 ( TH_LOW: 0.5, TH_HIGH: 1 )
- Number of Features : 2000
- Scale Levels       : 4
- Scale Factor       : 1.2
- Threshold          : 0.001
- nOctaves           : 4
- nOctaveLayers      : 4
- Extended (128‑dim) : 0
- Upright            : 0

-------
Start processing sequence ...
Images in the sequence: 7513

1
New map created with 441 points for 0 Feature Type 
New map created with 301 points for 1 Feature Type 
Tracking Initlized in 403.75s
The initlized frame ID: 139
The lost frame ID: 831
The lost frame ID: 832
The lost frame ID: 833
The lost frame ID: 834
The lost frame ID: 835
The lost frame ID: 836
The lost frame ID: 837
The lost frame ID: 839
The lost frame ID: 1383
The lost frame ID: 1385
The lost frame ID: 1386
The lost frame ID: 1393
The lost frame ID: 1444
The lost frame ID: 1447
The lost frame ID: 1449
The lost frame ID: 1456
The lost frame ID: 1458
The lost frame ID: 1463
The lost frame ID: 1464
The lost frame ID: 1465
The lost frame ID: 1466
The lost frame ID: 1467
The lost frame ID: 1468
The lost frame ID: 1469
The lost frame ID: 1471
The lost frame ID: 1472
The lost frame ID: 1473
The lost frame ID: 1484
The lost frame ID: 1485
The lost frame ID: 1486
The lost frame ID: 1488
The lost frame ID: 1489
The lost frame ID: 1492
The lost frame ID: 1493
The lost frame ID: 1494
The lost frame ID: 1497
The lost frame ID: 1498
The lost frame ID: 1499
The lost frame ID: 1518
The lost frame ID: 1526
The lost frame ID: 1527
The lost frame ID: 1528
The lost frame ID: 1529
The lost frame ID: 1530
The lost frame ID: 1531
The lost frame ID: 1532
The lost frame ID: 1533
The lost frame ID: 1534

Saving camera trajectory to TrajectoryBeforeReset_oxf_akz_kaz_r14_seg01_pid3970297_1757552966035.txt ...

trajectory saved!
[Tracking] wrote pre-reset trajectory to TrajectoryBeforeReset_oxf_akz_kaz_r14_seg01_pid3970297_1757552966035.txt
[Tracking] LOST for 10 consecutive frames -> reset
System Reseting
Reseting Local Mapper... done
Reseting Loop Closing... done
Reseting Database... done
0
New map created with 893 points for 0 Feature Type 
New map created with 706 points for 1 Feature Type 
Tracking Initlized in 3.17s
The initlized frame ID: 1
The lost frame ID: 1280
The lost frame ID: 1285
The lost frame ID: 1286
The lost frame ID: 1287
The lost frame ID: 1288
The lost frame ID: 1470
The lost frame ID: 1471
The lost frame ID: 1475
The lost frame ID: 1480
The lost frame ID: 1482
The lost frame ID: 1484
The lost frame ID: 1485
The lost frame ID: 1486
The lost frame ID: 1487
The lost frame ID: 1488
The lost frame ID: 1489
The lost frame ID: 1490
The lost frame ID: 1491
The lost frame ID: 1492

Saving camera trajectory to TrajectoryBeforeReset_oxf_akz_kaz_r14_seg02_pid3970297_1757553781685.txt ...

trajectory saved!
[Tracking] wrote pre-reset trajectory to TrajectoryBeforeReset_oxf_akz_kaz_r14_seg02_pid3970297_1757553781685.txt
[Tracking] LOST for 10 consecutive frames -> reset
System Reseting
Reseting Local Mapper... done
Reseting Loop Closing... done
Reseting Database... done
0
New map created with 850 points for 0 Feature Type 
New map created with 714 points for 1 Feature Type 
Tracking Initlized in 3.20s
The initlized frame ID: 1
The lost frame ID: 522
The lost frame ID: 523
The lost frame ID: 524
The lost frame ID: 525
The lost frame ID: 526
The lost frame ID: 527
The lost frame ID: 528
The lost frame ID: 529
The lost frame ID: 530

Saving camera trajectory to TrajectoryBeforeReset_oxf_akz_kaz_r14_seg03_pid3970297_1757554069513.txt ...

trajectory saved!
[Tracking] wrote pre-reset trajectory to TrajectoryBeforeReset_oxf_akz_kaz_r14_seg03_pid3970297_1757554069513.txt
[Tracking] LOST for 10 consecutive frames -> reset
System Reseting
Reseting Local Mapper... done
Reseting Loop Closing... done
Reseting Database... done
1
New map created with 659 points for 0 Feature Type 
New map created with 378 points for 1 Feature Type 
Tracking Initlized in 2.79s
The initlized frame ID: 1
Track lost soon after initialisation, reseting...
System Reseting
Reseting Local Mapper... done
Reseting Loop Closing... done
Reseting Database... done
0
New map created with 654 points for 0 Feature Type 
New map created with 362 points for 1 Feature Type 
Tracking Initlized in 2.80s
The initlized frame ID: 1
The lost frame ID: 1408
The lost frame ID: 1409
The lost frame ID: 1410
The lost frame ID: 1411
The lost frame ID: 1412
The lost frame ID: 1413
The lost frame ID: 1414
The lost frame ID: 1415
The lost frame ID: 1416

Saving camera trajectory to TrajectoryBeforeReset_oxf_akz_kaz_r14_seg04_pid3970297_1757554833623.txt ...

trajectory saved!
[Tracking] wrote pre-reset trajectory to TrajectoryBeforeReset_oxf_akz_kaz_r14_seg04_pid3970297_1757554833623.txt
[Tracking] LOST for 10 consecutive frames -> reset
System Reseting
Reseting Local Mapper... done
Reseting Loop Closing... done
Reseting Database... done
0
New map created with 1196 points for 0 Feature Type 
New map created with 455 points for 1 Feature Type 
Tracking Initlized in 2.75s
The initlized frame ID: 1
The lost frame ID: 2243
The lost frame ID: 2244
The lost frame ID: 2245
The lost frame ID: 2246
The lost frame ID: 2247
The lost frame ID: 2248
The lost frame ID: 2249
The lost frame ID: 2250
The lost frame ID: 2251

Saving camera trajectory to TrajectoryBeforeReset_oxf_akz_kaz_r14_seg05_pid3970297_1757556044637.txt ...

trajectory saved!
[Tracking] wrote pre-reset trajectory to TrajectoryBeforeReset_oxf_akz_kaz_r14_seg05_pid3970297_1757556044637.txt
[Tracking] LOST for 10 consecutive frames -> reset
System Reseting
Reseting Local Mapper... done
Reseting Loop Closing... done
Reseting Database... done
0
New map created with 679 points for 0 Feature Type 
New map created with 479 points for 1 Feature Type 
Tracking Initlized in 21.73s
The initlized frame ID: 8
The lost frame ID: 156
The lost frame ID: 157
The lost frame ID: 158
The lost frame ID: 159
The lost frame ID: 160
The lost frame ID: 161
The lost frame ID: 162
The lost frame ID: 163
The lost frame ID: 164

Saving camera trajectory to TrajectoryBeforeReset_oxf_akz_kaz_r14_seg06_pid3970297_1757556136908.txt ...

trajectory saved!
[Tracking] wrote pre-reset trajectory to TrajectoryBeforeReset_oxf_akz_kaz_r14_seg06_pid3970297_1757556136908.txt
[Tracking] LOST for 10 consecutive frames -> reset
System Reseting
Reseting Local Mapper... done
Reseting Loop Closing... done
Reseting Database... done
0
New map created with 765 points for 0 Feature Type 
New map created with 596 points for 1 Feature Type 
Tracking Initlized in 3.16s
The initlized frame ID: 1
System::StopViewer()
System::StopViewer() done

Saving correlation status...

========== Global Summary ==========
Frames: 7189
avg_CorrEdges: 56.9688
avg_match_A: 164.684
avg_match_B: 253.51
global_RI_MNR: 0.345929
global_RI_GNR: 0.278814
global_RI_DICE: 0.272452

========== Per-Channel Summary ==========
   chA   chB     avgCorr        avgA        avgB   avgRI_MNR   avgRI_GNR  avgRI_DICE
     0     1     56.9688     164.684      253.51    0.305483    0.236514     0.22832

Correlation status saved!

System Shutdown
-------

median tracking time: 0.551313
mean tracking time: 0.554515

Saving camera trajectory to result14.txt ...

trajectory saved!
All done

========== Performance Summary (ms) ==========
name                                mean      median        rmse         min         max       count
Lost Count                         1.000       1.000       0.000       1.000       1.000           6
Tracking                          20.021      18.091      11.692       2.431     437.342        7352
Total Init                     96420.919   96420.919       0.000   96420.919   96420.919           1
Pipeline                         553.035     551.232      47.474     375.874    1015.960        7513
KAZE Extract                     524.266     525.212      41.934     364.106     742.069        7513
Reset Count                        1.000       1.000       0.000       1.000       1.000           7
Correlation                        0.429       0.374       0.329       0.003       6.872        7242
AKAZE Extract                    165.734     160.748      36.714      84.682     367.988        7513
