Registering ORBextractor...
Registering AKAZEextractor...
Registering BRISKextractor...
Registering SIFTextractor...
Registering KAZEextractor...
Registering SuperPointExtractor...

ORB-SLAM2 Copyright (C) 2014-2016 Raul Mur-Artal, University of Zaragoza.
This program comes with ABSOLUTELY NO WARRANTY;
This is free software, and you are welcome to redistribute it
under certain conditions. See LICENSE.txt.

Input sensor was set to: Monocular

Loading Vocabulary : /home/howard/Refactored_ORB_SLAM2/Install/var/lib/orbslam2/voc/akaze_cv.fbow
This could take a while...
Loading AKAZE Vocabulary in FBoW.
AKAZE Vocabulary loaded in 0.007135s


Loading Vocabulary : /home/howard/Refactored_ORB_SLAM2/Install/var/lib/orbslam2/voc/kaze_cv.fbow
This could take a while...
Loading KAZE Vocabulary in FBoW.
KAZE Vocabulary loaded in 0.038924s


Camera Parameters: 
- fx: 983.044
- fy: 983.044
- cx: 643.647
- cy: 493.379
- k1: 0
- k2: 0
- p1: 0
- p2: 0
- fps: 16
- color order: RGB (ignored if grayscale)

[Feature 0] AKAZE Extractor Parameters: 
 ( TH_LOW: 100, TH_HIGH: 200 )
- Number of Features: 2000
- Scale Levels: 4
- Scale Factor: 1.2
- Threshold: 0.0001
- Num of Octaves: 4
- Num of Octave Layers: 4

[Feature 1] KAZE Extractor Parameters: 
 ( TH_LOW: 0.5, TH_HIGH: 1 )
- Number of Features : 2000
- Scale Levels       : 4
- Scale Factor       : 1.2
- Threshold          : 0.001
- nOctaves           : 4
- nOctaveLayers      : 4
- Extended (128‑dim) : 0
- Upright            : 0

-------
Start processing sequence ...
Images in the sequence: 7513

1
New map created with 441 points for 0 Feature Type 
New map created with 301 points for 1 Feature Type 
Tracking Initlized in 417.72s
The initlized frame ID: 139
The lost frame ID: 831
The lost frame ID: 832
The lost frame ID: 833
The lost frame ID: 834
The lost frame ID: 835
The lost frame ID: 836
The lost frame ID: 837
The lost frame ID: 839
The lost frame ID: 1482
The lost frame ID: 1483
The lost frame ID: 1484
The lost frame ID: 1485
The lost frame ID: 1486
The lost frame ID: 1487
The lost frame ID: 1488
The lost frame ID: 1492
The lost frame ID: 1493
The lost frame ID: 1494
The lost frame ID: 1496
The lost frame ID: 1498
The lost frame ID: 1499
The lost frame ID: 1500
The lost frame ID: 1501
The lost frame ID: 1502
The lost frame ID: 1503
The lost frame ID: 1504
The lost frame ID: 1505
The lost frame ID: 1506

Saving camera trajectory to TrajectoryBeforeReset_oxf_akz_kaz_r17_seg01_pid648897_1757565659819.txt ...

trajectory saved!
[Tracking] wrote pre-reset trajectory to TrajectoryBeforeReset_oxf_akz_kaz_r17_seg01_pid648897_1757565659819.txt
[Tracking] LOST for 10 consecutive frames -> reset
System Reseting
Reseting Local Mapper... done
Reseting Loop Closing... done
Reseting Database... done
0
New map created with 983 points for 0 Feature Type 
New map created with 712 points for 1 Feature Type 
Tracking Initlized in 6.23s
The initlized frame ID: 2
The lost frame ID: 1444
The lost frame ID: 1455
The lost frame ID: 1458
The lost frame ID: 1463
The lost frame ID: 1464
The lost frame ID: 1465
The lost frame ID: 1467
The lost frame ID: 1470
The lost frame ID: 1471
The lost frame ID: 1473
The lost frame ID: 1476
The lost frame ID: 1480
The lost frame ID: 1484
The lost frame ID: 1491
The lost frame ID: 1503
The lost frame ID: 1504
The lost frame ID: 1515
The lost frame ID: 1517
The lost frame ID: 1519
The lost frame ID: 1520
The lost frame ID: 1521
The lost frame ID: 1523
The lost frame ID: 1525
The lost frame ID: 1526
The lost frame ID: 1528
The lost frame ID: 1529
The lost frame ID: 1530
The lost frame ID: 1533
The lost frame ID: 1534
The lost frame ID: 1535
The lost frame ID: 1537
The lost frame ID: 1540
The lost frame ID: 1541
The lost frame ID: 1542
The lost frame ID: 1543
The lost frame ID: 1544
The lost frame ID: 1545
The lost frame ID: 1546
The lost frame ID: 1548
The lost frame ID: 1549
The lost frame ID: 1550
The lost frame ID: 1551
The lost frame ID: 1552
The lost frame ID: 1553
The lost frame ID: 1554
The lost frame ID: 1555
The lost frame ID: 1557
The lost frame ID: 1558
The lost frame ID: 1559
The lost frame ID: 1560
The lost frame ID: 1563
The lost frame ID: 1564
The lost frame ID: 1565
The lost frame ID: 1571
The lost frame ID: 1573
The lost frame ID: 1575
The lost frame ID: 1577
The lost frame ID: 1579
The lost frame ID: 1581
The lost frame ID: 1585
The lost frame ID: 1594
The lost frame ID: 1596
The lost frame ID: 1597
The lost frame ID: 1599
The lost frame ID: 1600
The lost frame ID: 1601
The lost frame ID: 1602
The lost frame ID: 1603
The lost frame ID: 1604
The lost frame ID: 1605
The lost frame ID: 1606
The lost frame ID: 1609
The lost frame ID: 1610
The lost frame ID: 1611
The lost frame ID: 1614
The lost frame ID: 1615
The lost frame ID: 1616
The lost frame ID: 1617
The lost frame ID: 1618
The lost frame ID: 1619
The lost frame ID: 1620
The lost frame ID: 1621
The lost frame ID: 1622

Saving camera trajectory to TrajectoryBeforeReset_oxf_akz_kaz_r17_seg02_pid648897_1757566548617.txt ...

trajectory saved!
[Tracking] wrote pre-reset trajectory to TrajectoryBeforeReset_oxf_akz_kaz_r17_seg02_pid648897_1757566548617.txt
[Tracking] LOST for 10 consecutive frames -> reset
System Reseting
Reseting Local Mapper... done
Reseting Loop Closing... done
Reseting Database... done
0
New map created with 699 points for 0 Feature Type 
New map created with 497 points for 1 Feature Type 
Tracking Initlized in 3.18s
The initlized frame ID: 1
The lost frame ID: 418
The lost frame ID: 419
The lost frame ID: 420
The lost frame ID: 421
The lost frame ID: 422
The lost frame ID: 423
The lost frame ID: 424
The lost frame ID: 425
The lost frame ID: 426

Saving camera trajectory to TrajectoryBeforeReset_oxf_akz_kaz_r17_seg03_pid648897_1757566799789.txt ...

trajectory saved!
[Tracking] wrote pre-reset trajectory to TrajectoryBeforeReset_oxf_akz_kaz_r17_seg03_pid648897_1757566799789.txt
[Tracking] LOST for 10 consecutive frames -> reset
System Reseting
Reseting Local Mapper... done
Reseting Loop Closing... done
Reseting Database... done
0
New map created with 841 points for 0 Feature Type 
New map created with 535 points for 1 Feature Type 
Tracking Initlized in 31.26s
The initlized frame ID: 10
Track lost soon after initialisation, reseting...
System Reseting
Reseting Local Mapper... done
Reseting Loop Closing... done
Reseting Database... done
0
New map created with 905 points for 0 Feature Type 
New map created with 572 points for 1 Feature Type 
Tracking Initlized in 3.67s
The initlized frame ID: 1
Track lost soon after initialisation, reseting...
System Reseting
Reseting Local Mapper... done
Reseting Loop Closing... done
Reseting Database... done
0
New map created with 994 points for 0 Feature Type 
New map created with 610 points for 1 Feature Type 
Tracking Initlized in 3.47s
The initlized frame ID: 1
Track lost soon after initialisation, reseting...
System Reseting
Reseting Local Mapper... done
Reseting Loop Closing... done
Reseting Database... done
0
New map created with 994 points for 0 Feature Type 
New map created with 606 points for 1 Feature Type 
Tracking Initlized in 3.13s
The initlized frame ID: 1
Track lost soon after initialisation, reseting...
System Reseting
Reseting Local Mapper... done
Reseting Loop Closing... done
Reseting Database... done
0
New map created with 1068 points for 0 Feature Type 
New map created with 665 points for 1 Feature Type 
Tracking Initlized in 2.98s
The initlized frame ID: 1
Track lost soon after initialisation, reseting...
System Reseting
Reseting Local Mapper... done
Reseting Loop Closing... done
Reseting Database... done
0
New map created with 1030 points for 0 Feature Type 
New map created with 647 points for 1 Feature Type 
Tracking Initlized in 3.29s
The initlized frame ID: 1
Track lost soon after initialisation, reseting...
System Reseting
Reseting Local Mapper... done
Reseting Loop Closing... done
Reseting Database... done
0
New map created with 999 points for 0 Feature Type 
New map created with 583 points for 1 Feature Type 
Tracking Initlized in 2.97s
The initlized frame ID: 1
The lost frame ID: 1387
The lost frame ID: 1388
The lost frame ID: 1389
The lost frame ID: 1390
The lost frame ID: 1391
The lost frame ID: 1392
The lost frame ID: 1393
The lost frame ID: 1394
The lost frame ID: 1395

Saving camera trajectory to TrajectoryBeforeReset_oxf_akz_kaz_r17_seg04_pid648897_1757567555945.txt ...

trajectory saved!
[Tracking] wrote pre-reset trajectory to TrajectoryBeforeReset_oxf_akz_kaz_r17_seg04_pid648897_1757567555945.txt
[Tracking] LOST for 10 consecutive frames -> reset
System Reseting
Reseting Local Mapper... done
Reseting Loop Closing... done
Reseting Database... done
0
New map created with 1147 points for 0 Feature Type 
New map created with 462 points for 1 Feature Type 
Tracking Initlized in 2.78s
The initlized frame ID: 1
The lost frame ID: 2242
The lost frame ID: 2243
The lost frame ID: 2244
The lost frame ID: 2245
The lost frame ID: 2246
The lost frame ID: 2247
The lost frame ID: 2248
The lost frame ID: 2249
The lost frame ID: 2250

Saving camera trajectory to TrajectoryBeforeReset_oxf_akz_kaz_r17_seg05_pid648897_1757568681695.txt ...

trajectory saved!
[Tracking] wrote pre-reset trajectory to TrajectoryBeforeReset_oxf_akz_kaz_r17_seg05_pid648897_1757568681695.txt
[Tracking] LOST for 10 consecutive frames -> reset
System Reseting
Reseting Local Mapper... done
Reseting Loop Closing... done
Reseting Database... done
0
New map created with 772 points for 0 Feature Type 
New map created with 555 points for 1 Feature Type 
Tracking Initlized in 20.42s
The initlized frame ID: 8
The lost frame ID: 156
The lost frame ID: 157
The lost frame ID: 158
The lost frame ID: 159
The lost frame ID: 160
The lost frame ID: 161
The lost frame ID: 162
The lost frame ID: 163
The lost frame ID: 164

Saving camera trajectory to TrajectoryBeforeReset_oxf_akz_kaz_r17_seg06_pid648897_1757568770480.txt ...

trajectory saved!
[Tracking] wrote pre-reset trajectory to TrajectoryBeforeReset_oxf_akz_kaz_r17_seg06_pid648897_1757568770480.txt
[Tracking] LOST for 10 consecutive frames -> reset
System Reseting
Reseting Local Mapper... done
Reseting Loop Closing... done
Reseting Database... done
0
New map created with 774 points for 0 Feature Type 
New map created with 600 points for 1 Feature Type 
Tracking Initlized in 3.04s
The initlized frame ID: 1
System::StopViewer()
System::StopViewer() done

Saving correlation status...

========== Global Summary ==========
Frames: 7138
avg_CorrEdges: 60.6503
avg_match_A: 166.419
avg_match_B: 272.688
global_RI_MNR: 0.364444
global_RI_GNR: 0.284707
global_RI_DICE: 0.276244

========== Per-Channel Summary ==========
   chA   chB     avgCorr        avgA        avgB   avgRI_MNR   avgRI_GNR  avgRI_DICE
     0     1     60.6503     166.419     272.688    0.326618    0.254501    0.246055

Correlation status saved!

System Shutdown
-------

median tracking time: 0.509628
mean tracking time: 0.513462

Saving camera trajectory to result17.txt ...

trajectory saved!
All done

========== Performance Summary (ms) ==========
name                                mean      median        rmse         min         max       count
Lost Count                         1.000       1.000       0.000       1.000       1.000           6
Tracking                          18.174      16.428      10.498       1.040     391.121        7332
Total Init                     95302.537   95302.537       0.000   95302.537   95302.537           1
Pipeline                         512.111     509.545      53.474     335.208    1755.024        7513
KAZE Extract                     485.438     486.060      46.836     322.468    1735.535        7513
Reset Count                        1.000       1.000       0.000       1.000       1.000          12
Correlation                        0.415       0.362       0.292       0.003       6.040        7173
AKAZE Extract                    158.004     152.778      36.158      84.364     944.465        7513
