Registering ORBextractor...
Registering AKAZEextractor...
Registering BRISKextractor...
Registering SIFTextractor...
Registering KAZEextractor...
Registering SuperPointExtractor...

ORB-SLAM2 Copyright (C) 2014-2016 Raul Mur-Artal, University of Zaragoza.
This program comes with ABSOLUTELY NO WARRANTY;
This is free software, and you are welcome to redistribute it
under certain conditions. See LICENSE.txt.

Input sensor was set to: Monocular

Loading Vocabulary : /home/howard/Refactored_ORB_SLAM2/Install/var/lib/orbslam2/voc/akaze_cv.fbow
This could take a while...
Loading AKAZE Vocabulary in FBoW.
AKAZE Vocabulary loaded in 0.005703s


Loading Vocabulary : /home/howard/Refactored_ORB_SLAM2/Install/var/lib/orbslam2/voc/kaze_cv.fbow
This could take a while...
Loading KAZE Vocabulary in FBoW.
KAZE Vocabulary loaded in 0.014301s


Camera Parameters: 
- fx: 983.044
- fy: 983.044
- cx: 643.647
- cy: 493.379
- k1: 0
- k2: 0
- p1: 0
- p2: 0
- fps: 16
- color order: RGB (ignored if grayscale)

[Feature 0] AKAZE Extractor Parameters: 
 ( TH_LOW: 100, TH_HIGH: 200 )
- Number of Features: 2000
- Scale Levels: 4
- Scale Factor: 1.2
- Threshold: 0.0001
- Num of Octaves: 4
- Num of Octave Layers: 4

[Feature 1] KAZE Extractor Parameters: 
 ( TH_LOW: 0.5, TH_HIGH: 1 )
- Number of Features : 2000
- Scale Levels       : 4
- Scale Factor       : 1.2
- Threshold          : 0.001
- nOctaves           : 4
- nOctaveLayers      : 4
- Extended (128‑dim) : 0
- Upright            : 0

-------
Start processing sequence ...
Images in the sequence: 7513

1
New map created with 441 points for 0 Feature Type 
New map created with 301 points for 1 Feature Type 
Tracking Initlized in 420.72s
The initlized frame ID: 139
The lost frame ID: 831
The lost frame ID: 832
The lost frame ID: 833
The lost frame ID: 834
The lost frame ID: 835
The lost frame ID: 836
The lost frame ID: 837
The lost frame ID: 1471
The lost frame ID: 1476
The lost frame ID: 1477
The lost frame ID: 1478
The lost frame ID: 1479
The lost frame ID: 1480
The lost frame ID: 1481
The lost frame ID: 1482
The lost frame ID: 1483
The lost frame ID: 1484

Saving camera trajectory to TrajectoryBeforeReset_oxf_akz_kaz_r11_seg01_pid3110047_1757540465644.txt ...

trajectory saved!
[Tracking] wrote pre-reset trajectory to TrajectoryBeforeReset_oxf_akz_kaz_r11_seg01_pid3110047_1757540465644.txt
[Tracking] LOST for 10 consecutive frames -> reset
System Reseting
Reseting Local Mapper... done
Reseting Loop Closing... done
Reseting Database... done
0
New map created with 402 points for 0 Feature Type 
New map created with 355 points for 1 Feature Type 
Tracking Initlized in 12.95s
The initlized frame ID: 4
Track lost soon after initialisation, reseting...
System Reseting
Reseting Local Mapper... done
Reseting Loop Closing... done
Reseting Database... done
0
New map created with 655 points for 0 Feature Type 
New map created with 468 points for 1 Feature Type 
Tracking Initlized in 9.38s
The initlized frame ID: 3
Track lost soon after initialisation, reseting...
System Reseting
Reseting Local Mapper... done
Reseting Loop Closing... done
Reseting Database... done
0
New map created with 940 points for 0 Feature Type 
New map created with 670 points for 1 Feature Type 
Tracking Initlized in 9.27s
The initlized frame ID: 3
The lost frame ID: 1373
The lost frame ID: 1483
The lost frame ID: 1509
The lost frame ID: 1513
The lost frame ID: 1535
The lost frame ID: 1605
The lost frame ID: 1606
The lost frame ID: 1607
The lost frame ID: 1615
The lost frame ID: 1620
The lost frame ID: 1639
The lost frame ID: 1657
The lost frame ID: 1658
The lost frame ID: 1659
The lost frame ID: 1660
The lost frame ID: 1669
The lost frame ID: 1681
The lost frame ID: 1682
The lost frame ID: 1691
The lost frame ID: 1823
The lost frame ID: 1825
The lost frame ID: 1834
The lost frame ID: 1842
The lost frame ID: 1848
The lost frame ID: 1853
The lost frame ID: 1859
The lost frame ID: 1861
The lost frame ID: 1866
The lost frame ID: 1868
The lost frame ID: 1870
The lost frame ID: 1871
The lost frame ID: 1872
The lost frame ID: 1873
The lost frame ID: 1874
The lost frame ID: 1875
The lost frame ID: 1878
The lost frame ID: 1885
The lost frame ID: 1886
The lost frame ID: 1887
The lost frame ID: 1888
The lost frame ID: 1890
The lost frame ID: 1891
The lost frame ID: 1892
The lost frame ID: 1895
The lost frame ID: 1896
The lost frame ID: 1899
The lost frame ID: 1903
The lost frame ID: 2007
The lost frame ID: 2011
The lost frame ID: 2020
The lost frame ID: 2051
The lost frame ID: 2053
The lost frame ID: 2057
The lost frame ID: 2058
The lost frame ID: 2059
The lost frame ID: 2065
The lost frame ID: 2066
The lost frame ID: 2067
The lost frame ID: 2068
The lost frame ID: 2069
The lost frame ID: 2070
The lost frame ID: 2071
The lost frame ID: 2074
The lost frame ID: 2076
The lost frame ID: 2079
The lost frame ID: 2081
The lost frame ID: 2141
The lost frame ID: 2152
The lost frame ID: 2169
The lost frame ID: 2173
The lost frame ID: 2192
The lost frame ID: 2193
The lost frame ID: 2196
The lost frame ID: 2198
The lost frame ID: 2202
The lost frame ID: 2206
The lost frame ID: 2210
The lost frame ID: 2217
The lost frame ID: 2335
The lost frame ID: 2338
The lost frame ID: 2343
The lost frame ID: 2349
The lost frame ID: 2351
The lost frame ID: 2353
The lost frame ID: 2373
The lost frame ID: 2410
The lost frame ID: 2423
The lost frame ID: 2433
The lost frame ID: 2444
The lost frame ID: 2455
The lost frame ID: 2459
The lost frame ID: 2461
The lost frame ID: 2464
The lost frame ID: 2467
The lost frame ID: 2468
The lost frame ID: 2471
The lost frame ID: 2476
The lost frame ID: 2479
The lost frame ID: 2487
The lost frame ID: 2488
The lost frame ID: 2491
The lost frame ID: 2492
The lost frame ID: 2493
The lost frame ID: 2494
The lost frame ID: 2497
The lost frame ID: 2500
The lost frame ID: 2502
The lost frame ID: 2504
The lost frame ID: 2511
The lost frame ID: 2512
The lost frame ID: 2515
The lost frame ID: 2543
The lost frame ID: 2545
The lost frame ID: 2547
The lost frame ID: 2548
The lost frame ID: 2549
The lost frame ID: 2550
The lost frame ID: 2551
The lost frame ID: 2552
The lost frame ID: 2553
The lost frame ID: 2557
The lost frame ID: 2561
The lost frame ID: 2563
The lost frame ID: 2584
The lost frame ID: 2601
The lost frame ID: 2614
The lost frame ID: 2615
The lost frame ID: 2618
The lost frame ID: 2625
The lost frame ID: 2626
The lost frame ID: 2628
The lost frame ID: 2629
The lost frame ID: 2630
The lost frame ID: 2631
The lost frame ID: 2633
The lost frame ID: 2635
The lost frame ID: 2636
The lost frame ID: 2637
The lost frame ID: 2638
The lost frame ID: 2640
The lost frame ID: 2641
The lost frame ID: 2642
The lost frame ID: 2643
The lost frame ID: 2644
The lost frame ID: 2645
The lost frame ID: 2650
The lost frame ID: 2651
The lost frame ID: 2652
The lost frame ID: 2653
The lost frame ID: 2654
The lost frame ID: 2655
The lost frame ID: 2656
The lost frame ID: 2657
The lost frame ID: 2658

Saving camera trajectory to TrajectoryBeforeReset_oxf_akz_kaz_r11_seg02_pid3110047_1757541994415.txt ...

trajectory saved!
[Tracking] wrote pre-reset trajectory to TrajectoryBeforeReset_oxf_akz_kaz_r11_seg02_pid3110047_1757541994415.txt
[Tracking] LOST for 10 consecutive frames -> reset
System Reseting
Reseting Local Mapper... done
Reseting Loop Closing... done
Reseting Database... done
0
New map created with 707 points for 0 Feature Type 
New map created with 257 points for 1 Feature Type 
Tracking Initlized in 2.92s
The initlized frame ID: 1
Track lost soon after initialisation, reseting...
System Reseting
Reseting Local Mapper... done
Reseting Loop Closing... done
Reseting Database... done
0
New map created with 683 points for 0 Feature Type 
New map created with 283 points for 1 Feature Type 
Tracking Initlized in 2.85s
The initlized frame ID: 1
Track lost soon after initialisation, reseting...
System Reseting
Reseting Local Mapper... done
Reseting Loop Closing... done
Reseting Database... done
0
New map created with 663 points for 0 Feature Type 
New map created with 233 points for 1 Feature Type 
Tracking Initlized in 3.02s
The initlized frame ID: 1
The lost frame ID: 810
The lost frame ID: 811
The lost frame ID: 812
The lost frame ID: 813
The lost frame ID: 814
The lost frame ID: 815
The lost frame ID: 817
The lost frame ID: 818
The lost frame ID: 819
The lost frame ID: 820
The lost frame ID: 821
The lost frame ID: 822
The lost frame ID: 823
The lost frame ID: 824
The lost frame ID: 825

Saving camera trajectory to TrajectoryBeforeReset_oxf_akz_kaz_r11_seg03_pid3110047_1757542481988.txt ...

trajectory saved!
[Tracking] wrote pre-reset trajectory to TrajectoryBeforeReset_oxf_akz_kaz_r11_seg03_pid3110047_1757542481988.txt
[Tracking] LOST for 10 consecutive frames -> reset
System Reseting
Reseting Local Mapper... done
Reseting Loop Closing... done
Reseting Database... done
0
New map created with 1191 points for 0 Feature Type 
New map created with 309 points for 1 Feature Type 
Tracking Initlized in 2.84s
The initlized frame ID: 1
Track lost soon after initialisation, reseting...
System Reseting
Reseting Local Mapper... done
Reseting Loop Closing... done
Reseting Database... done
0
New map created with 982 points for 0 Feature Type 
New map created with 275 points for 1 Feature Type 
Tracking Initlized in 2.95s
The initlized frame ID: 1
The lost frame ID: 2231
The lost frame ID: 2232
The lost frame ID: 2233
The lost frame ID: 2234
The lost frame ID: 2235
The lost frame ID: 2236
The lost frame ID: 2237
The lost frame ID: 2238
The lost frame ID: 2239

Saving camera trajectory to TrajectoryBeforeReset_oxf_akz_kaz_r11_seg04_pid3110047_1757543765102.txt ...

trajectory saved!
[Tracking] wrote pre-reset trajectory to TrajectoryBeforeReset_oxf_akz_kaz_r11_seg04_pid3110047_1757543765102.txt
[Tracking] LOST for 10 consecutive frames -> reset
System Reseting
Reseting Local Mapper... done
Reseting Loop Closing... done
Reseting Database... done
0
New map created with 731 points for 0 Feature Type 
New map created with 524 points for 1 Feature Type 
Tracking Initlized in 20.70s
The initlized frame ID: 8
The lost frame ID: 156
The lost frame ID: 157
The lost frame ID: 158
The lost frame ID: 159
The lost frame ID: 160
The lost frame ID: 161
The lost frame ID: 162
The lost frame ID: 163
The lost frame ID: 164

Saving camera trajectory to TrajectoryBeforeReset_oxf_akz_kaz_r11_seg05_pid3110047_1757543865287.txt ...

trajectory saved!
[Tracking] wrote pre-reset trajectory to TrajectoryBeforeReset_oxf_akz_kaz_r11_seg05_pid3110047_1757543865287.txt
[Tracking] LOST for 10 consecutive frames -> reset
System Reseting
Reseting Local Mapper... done
Reseting Loop Closing... done
Reseting Database... done
0
New map created with 779 points for 0 Feature Type 
New map created with 611 points for 1 Feature Type 
Tracking Initlized in 3.61s
The initlized frame ID: 1
System::StopViewer()
System::StopViewer() done

Saving correlation status...

========== Global Summary ==========
Frames: 6674
avg_CorrEdges: 65.3478
avg_match_A: 166.916
avg_match_B: 272.895
global_RI_MNR: 0.391501
global_RI_GNR: 0.306185
global_RI_DICE: 0.297163

========== Per-Channel Summary ==========
   chA   chB     avgCorr        avgA        avgB   avgRI_MNR   avgRI_GNR  avgRI_DICE
     0     1     65.3478     166.916     272.895    0.315931    0.244722    0.236316

Correlation status saved!

System Shutdown
-------

median tracking time: 0.573329
mean tracking time: 0.5802

Saving camera trajectory to result11.txt ...

trajectory saved!
All done

========== Performance Summary (ms) ==========
name                                mean      median        rmse         min         max       count
Lost Count                         1.000       1.000       0.000       1.000       1.000           5
Tracking                          23.760      20.855      15.406       3.092     609.460        7339
Total Init                    103056.519  103056.519       0.000  103056.519  103056.519           1
Pipeline                         579.023     573.273      63.382     375.892    3501.132        7513
KAZE Extract                     545.998     543.762      55.947     365.026    3477.337        7513
Reset Count                        1.000       1.000       0.000       1.000       1.000          10
Correlation                        0.425       0.381       0.366       0.003       7.930        7125
AKAZE Extract                    164.954     160.918      35.605      74.603     477.595        7513
