Registering ORBextractor...
Registering AKAZEextractor...
Registering BRISKextractor...
Registering SIFTextractor...
Registering KAZEextractor...
Registering SuperPointExtractor...

ORB-SLAM2 Copyright (C) 2014-2016 Raul Mur-Artal, University of Zaragoza.
This program comes with ABSOLUTELY NO WARRANTY;
This is free software, and you are welcome to redistribute it
under certain conditions. See LICENSE.txt.

Input sensor was set to: Monocular

Loading Vocabulary : /home/howard/Refactored_ORB_SLAM2/Install/var/lib/orbslam2/voc/akaze_cv.fbow
This could take a while...
Loading AKAZE Vocabulary in FBoW.
AKAZE Vocabulary loaded in 0.004105s


Loading Vocabulary : /home/howard/Refactored_ORB_SLAM2/Install/var/lib/orbslam2/voc/kaze_cv.fbow
This could take a while...
Loading KAZE Vocabulary in FBoW.
KAZE Vocabulary loaded in 0.012407s


Camera Parameters: 
- fx: 983.044
- fy: 983.044
- cx: 643.647
- cy: 493.379
- k1: 0
- k2: 0
- p1: 0
- p2: 0
- fps: 16
- color order: RGB (ignored if grayscale)

[Feature 0] AKAZE Extractor Parameters: 
 ( TH_LOW: 100, TH_HIGH: 200 )
- Number of Features: 2000
- Scale Levels: 4
- Scale Factor: 1.2
- Threshold: 0.0001
- Num of Octaves: 4
- Num of Octave Layers: 4

[Feature 1] KAZE Extractor Parameters: 
 ( TH_LOW: 0.5, TH_HIGH: 1 )
- Number of Features : 2000
- Scale Levels       : 4
- Scale Factor       : 1.2
- Threshold          : 0.001
- nOctaves           : 4
- nOctaveLayers      : 4
- Extended (128‑dim) : 0
- Upright            : 0

-------
Start processing sequence ...
Images in the sequence: 7513

1
New map created with 441 points for 0 Feature Type 
New map created with 301 points for 1 Feature Type 
Tracking Initlized in 407.06s
The initlized frame ID: 139
The lost frame ID: 831
The lost frame ID: 832
The lost frame ID: 833
The lost frame ID: 834
The lost frame ID: 835
The lost frame ID: 836
The lost frame ID: 837
The lost frame ID: 1462
The lost frame ID: 1463
The lost frame ID: 1465
The lost frame ID: 1466
The lost frame ID: 1467
The lost frame ID: 1468
The lost frame ID: 1481
The lost frame ID: 1483
The lost frame ID: 1485
The lost frame ID: 1488
The lost frame ID: 1490
The lost frame ID: 1492
The lost frame ID: 1494
The lost frame ID: 1496
The lost frame ID: 1497
The lost frame ID: 1498
The lost frame ID: 1499
The lost frame ID: 1500
The lost frame ID: 1501
The lost frame ID: 1502
The lost frame ID: 1503
The lost frame ID: 1504

Saving camera trajectory to TrajectoryBeforeReset_oxf_akz_kaz_r19_seg01_pid1238603_1757573429311.txt ...

trajectory saved!
[Tracking] wrote pre-reset trajectory to TrajectoryBeforeReset_oxf_akz_kaz_r19_seg01_pid1238603_1757573429311.txt
[Tracking] LOST for 10 consecutive frames -> reset
System Reseting
Reseting Local Mapper... done
Reseting Loop Closing... done
Reseting Database... done
0
New map created with 1008 points for 0 Feature Type 
New map created with 689 points for 1 Feature Type 
Tracking Initlized in 6.07s
The initlized frame ID: 2
The lost frame ID: 1307
The lost frame ID: 1315
The lost frame ID: 1316
The lost frame ID: 1317
The lost frame ID: 1498
The lost frame ID: 1503
The lost frame ID: 1507
The lost frame ID: 1510
The lost frame ID: 1511
The lost frame ID: 1513
The lost frame ID: 1515
The lost frame ID: 1573
The lost frame ID: 1587
The lost frame ID: 1588
The lost frame ID: 1590
The lost frame ID: 1592
The lost frame ID: 1595
The lost frame ID: 1598
The lost frame ID: 1600
The lost frame ID: 1601
The lost frame ID: 1604
The lost frame ID: 1605
The lost frame ID: 1607
The lost frame ID: 1608
The lost frame ID: 1611
The lost frame ID: 1615
The lost frame ID: 1625
The lost frame ID: 1627
The lost frame ID: 1636
The lost frame ID: 1643
The lost frame ID: 1644
The lost frame ID: 1645
The lost frame ID: 1648
The lost frame ID: 1649
The lost frame ID: 1655
The lost frame ID: 1656
The lost frame ID: 1660
The lost frame ID: 1661
The lost frame ID: 1665
The lost frame ID: 1686
The lost frame ID: 1687
The lost frame ID: 1691
The lost frame ID: 1693
The lost frame ID: 1776
The lost frame ID: 1821
The lost frame ID: 1823
The lost frame ID: 1829
The lost frame ID: 1837
The lost frame ID: 1847
The lost frame ID: 1848
The lost frame ID: 1849
The lost frame ID: 1852
The lost frame ID: 1853
The lost frame ID: 1857
The lost frame ID: 1859
The lost frame ID: 1860
The lost frame ID: 1862
The lost frame ID: 1864
The lost frame ID: 1866
The lost frame ID: 1867
The lost frame ID: 1868
The lost frame ID: 1869
The lost frame ID: 1872
The lost frame ID: 1873
The lost frame ID: 1874
The lost frame ID: 1875
The lost frame ID: 1876
The lost frame ID: 1877
The lost frame ID: 1878
The lost frame ID: 1879
The lost frame ID: 1880

Saving camera trajectory to TrajectoryBeforeReset_oxf_akz_kaz_r19_seg02_pid1238603_1757574371557.txt ...

trajectory saved!
[Tracking] wrote pre-reset trajectory to TrajectoryBeforeReset_oxf_akz_kaz_r19_seg02_pid1238603_1757574371557.txt
[Tracking] LOST for 10 consecutive frames -> reset
System Reseting
Reseting Local Mapper... done
Reseting Loop Closing... done
Reseting Database... done
0
New map created with 483 points for 0 Feature Type 
New map created with 363 points for 1 Feature Type 
Tracking Initlized in 3.24s
The initlized frame ID: 1
The lost frame ID: 164
The lost frame ID: 165
The lost frame ID: 166
The lost frame ID: 167
The lost frame ID: 168
The lost frame ID: 169
The lost frame ID: 170
The lost frame ID: 171
The lost frame ID: 172

Saving camera trajectory to TrajectoryBeforeReset_oxf_akz_kaz_r19_seg03_pid1238603_1757574459321.txt ...

trajectory saved!
[Tracking] wrote pre-reset trajectory to TrajectoryBeforeReset_oxf_akz_kaz_r19_seg03_pid1238603_1757574459321.txt
[Tracking] LOST for 10 consecutive frames -> reset
System Reseting
Reseting Local Mapper... done
Reseting Loop Closing... done
Reseting Database... done
0
New map created with 1264 points for 0 Feature Type 
New map created with 679 points for 1 Feature Type 
Tracking Initlized in 5.48s
The initlized frame ID: 2
The lost frame ID: 422
The lost frame ID: 424
The lost frame ID: 440
The lost frame ID: 1412
The lost frame ID: 1413
The lost frame ID: 1414
The lost frame ID: 1415
The lost frame ID: 1419
The lost frame ID: 1420
The lost frame ID: 1421
The lost frame ID: 1422
The lost frame ID: 1423
The lost frame ID: 1424
The lost frame ID: 1425
The lost frame ID: 1426
The lost frame ID: 1427

Saving camera trajectory to TrajectoryBeforeReset_oxf_akz_kaz_r19_seg04_pid1238603_1757575178699.txt ...

trajectory saved!
[Tracking] wrote pre-reset trajectory to TrajectoryBeforeReset_oxf_akz_kaz_r19_seg04_pid1238603_1757575178699.txt
[Tracking] LOST for 10 consecutive frames -> reset
System Reseting
Reseting Local Mapper... done
Reseting Loop Closing... done
Reseting Database... done
0
New map created with 1189 points for 0 Feature Type 
New map created with 310 points for 1 Feature Type 
Tracking Initlized in 2.61s
The initlized frame ID: 1
Track lost soon after initialisation, reseting...
System Reseting
Reseting Local Mapper... done
Reseting Loop Closing... done
Reseting Database... done
0
New map created with 1202 points for 0 Feature Type 
New map created with 331 points for 1 Feature Type 
Tracking Initlized in 2.66s
The initlized frame ID: 1
The lost frame ID: 2232
The lost frame ID: 2233
The lost frame ID: 2234
The lost frame ID: 2235
The lost frame ID: 2236
The lost frame ID: 2237
The lost frame ID: 2238
The lost frame ID: 2239
The lost frame ID: 2240

Saving camera trajectory to TrajectoryBeforeReset_oxf_akz_kaz_r19_seg05_pid1238603_1757576260530.txt ...

trajectory saved!
[Tracking] wrote pre-reset trajectory to TrajectoryBeforeReset_oxf_akz_kaz_r19_seg05_pid1238603_1757576260530.txt
[Tracking] LOST for 10 consecutive frames -> reset
System Reseting
Reseting Local Mapper... done
Reseting Loop Closing... done
Reseting Database... done
0
New map created with 754 points for 0 Feature Type 
New map created with 548 points for 1 Feature Type 
Tracking Initlized in 20.25s
The initlized frame ID: 8
The lost frame ID: 156
The lost frame ID: 157
The lost frame ID: 158
The lost frame ID: 159
The lost frame ID: 160
The lost frame ID: 161
The lost frame ID: 162
The lost frame ID: 163
The lost frame ID: 164

Saving camera trajectory to TrajectoryBeforeReset_oxf_akz_kaz_r19_seg06_pid1238603_1757576349551.txt ...

trajectory saved!
[Tracking] wrote pre-reset trajectory to TrajectoryBeforeReset_oxf_akz_kaz_r19_seg06_pid1238603_1757576349551.txt
[Tracking] LOST for 10 consecutive frames -> reset
System Reseting
Reseting Local Mapper... done
Reseting Loop Closing... done
Reseting Database... done
0
New map created with 766 points for 0 Feature Type 
New map created with 599 points for 1 Feature Type 
Tracking Initlized in 3.24s
The initlized frame ID: 1
System::StopViewer()
System::StopViewer() done

Saving correlation status...

========== Global Summary ==========
Frames: 7048
avg_CorrEdges: 60.7975
avg_match_A: 159.654
avg_match_B: 262.655
global_RI_MNR: 0.380808
global_RI_GNR: 0.296895
global_RI_DICE: 0.287929

========== Per-Channel Summary ==========
   chA   chB     avgCorr        avgA        avgB   avgRI_MNR   avgRI_GNR  avgRI_DICE
     0     1     60.7975     159.654     262.655    0.335506     0.25622    0.246341

Correlation status saved!

System Shutdown
-------

median tracking time: 0.498156
mean tracking time: 0.503033

Saving camera trajectory to result19.txt ...

trajectory saved!
All done

========== Performance Summary (ms) ==========
name                                mean      median        rmse         min         max       count
Lost Count                         1.000       1.000       0.000       1.000       1.000           6
Tracking                          19.098      17.249      10.402       2.339     321.431        7350
Total Init                     99265.307   99265.307       0.000   99265.307   99265.307           1
Pipeline                         501.998     498.111      52.805     335.106     946.328        7513
KAZE Extract                     474.707     473.989      42.919     325.499     842.399        7513
Reset Count                        1.000       1.000       0.000       1.000       1.000           7
Correlation                        0.392       0.331       0.321       0.003       6.079        7200
AKAZE Extract                    152.153     146.008      35.411      70.885     369.111        7513
