Registering ORBextractor...
Registering AKAZEextractor...
Registering BRISKextractor...
Registering SIFTextractor...
Registering KAZEextractor...
Registering SuperPointExtractor...

ORB-SLAM2 Copyright (C) 2014-2016 Raul Mur-Artal, University of Zaragoza.
This program comes with ABSOLUTELY NO WARRANTY;
This is free software, and you are welcome to redistribute it
under certain conditions. See LICENSE.txt.

Input sensor was set to: Monocular

Loading Vocabulary : /home/howard/Refactored_ORB_SLAM2/Install/var/lib/orbslam2/voc/akaze_cv.fbow
This could take a while...
Loading AKAZE Vocabulary in FBoW.
AKAZE Vocabulary loaded in 0.004690s


Loading Vocabulary : /home/howard/Refactored_ORB_SLAM2/Install/var/lib/orbslam2/voc/kaze_cv.fbow
This could take a while...
Loading KAZE Vocabulary in FBoW.
KAZE Vocabulary loaded in 0.027137s


Camera Parameters: 
- fx: 983.044
- fy: 983.044
- cx: 643.647
- cy: 493.379
- k1: 0
- k2: 0
- p1: 0
- p2: 0
- fps: 16
- color order: RGB (ignored if grayscale)

[Feature 0] AKAZE Extractor Parameters: 
 ( TH_LOW: 100, TH_HIGH: 200 )
- Number of Features: 2000
- Scale Levels: 4
- Scale Factor: 1.2
- Threshold: 0.0001
- Num of Octaves: 4
- Num of Octave Layers: 4

[Feature 1] KAZE Extractor Parameters: 
 ( TH_LOW: 0.5, TH_HIGH: 1 )
- Number of Features : 2000
- Scale Levels       : 4
- Scale Factor       : 1.2
- Threshold          : 0.001
- nOctaves           : 4
- nOctaveLayers      : 4
- Extended (128‑dim) : 0
- Upright            : 0

-------
Start processing sequence ...
Images in the sequence: 7513

1
New map created with 441 points for 0 Feature Type 
New map created with 301 points for 1 Feature Type 
Tracking Initlized in 407.62s
The initlized frame ID: 139
The lost frame ID: 831
The lost frame ID: 832
The lost frame ID: 833
The lost frame ID: 834
The lost frame ID: 835
The lost frame ID: 836
The lost frame ID: 837
The lost frame ID: 1471
The lost frame ID: 1472
The lost frame ID: 1473
The lost frame ID: 1475
The lost frame ID: 1476
The lost frame ID: 1477
The lost frame ID: 1478
The lost frame ID: 1479
The lost frame ID: 1480
The lost frame ID: 1481
The lost frame ID: 1482
The lost frame ID: 1483

Saving camera trajectory to TrajectoryBeforeReset_oxf_akz_kaz_r13_seg01_pid3689465_1757548801596.txt ...

trajectory saved!
[Tracking] wrote pre-reset trajectory to TrajectoryBeforeReset_oxf_akz_kaz_r13_seg01_pid3689465_1757548801596.txt
[Tracking] LOST for 10 consecutive frames -> reset
System Reseting
Reseting Local Mapper... done
Reseting Loop Closing... done
Reseting Database... done
0
New map created with 445 points for 0 Feature Type 
New map created with 330 points for 1 Feature Type 
Tracking Initlized in 5.97s
The initlized frame ID: 2
The lost frame ID: 1327
The lost frame ID: 1378
The lost frame ID: 1520
The lost frame ID: 1524
The lost frame ID: 1525
The lost frame ID: 1526
The lost frame ID: 1529
The lost frame ID: 1530
The lost frame ID: 1531
The lost frame ID: 1532
The lost frame ID: 1534
The lost frame ID: 1536
The lost frame ID: 1538
The lost frame ID: 1539
The lost frame ID: 1540
The lost frame ID: 1541
The lost frame ID: 1542
The lost frame ID: 1544
The lost frame ID: 1545
The lost frame ID: 1548
The lost frame ID: 1552
The lost frame ID: 1553
The lost frame ID: 1554
The lost frame ID: 1555
The lost frame ID: 1557
The lost frame ID: 1558
The lost frame ID: 1560
The lost frame ID: 1561
The lost frame ID: 1562
The lost frame ID: 1563
The lost frame ID: 1564
The lost frame ID: 1565
The lost frame ID: 1566
The lost frame ID: 1567
The lost frame ID: 1568

Saving camera trajectory to TrajectoryBeforeReset_oxf_akz_kaz_r13_seg02_pid3689465_1757549690874.txt ...

trajectory saved!
[Tracking] wrote pre-reset trajectory to TrajectoryBeforeReset_oxf_akz_kaz_r13_seg02_pid3689465_1757549690874.txt
[Tracking] LOST for 10 consecutive frames -> reset
System Reseting
Reseting Local Mapper... done
Reseting Loop Closing... done
Reseting Database... done
0
New map created with 926 points for 0 Feature Type 
New map created with 638 points for 1 Feature Type 
Tracking Initlized in 3.56s
The initlized frame ID: 1
The lost frame ID: 497
The lost frame ID: 499
The lost frame ID: 500
The lost frame ID: 501
The lost frame ID: 502
The lost frame ID: 503
The lost frame ID: 504
The lost frame ID: 505
The lost frame ID: 506
The lost frame ID: 507

Saving camera trajectory to TrajectoryBeforeReset_oxf_akz_kaz_r13_seg03_pid3689465_1757549979799.txt ...

trajectory saved!
[Tracking] wrote pre-reset trajectory to TrajectoryBeforeReset_oxf_akz_kaz_r13_seg03_pid3689465_1757549979799.txt
[Tracking] LOST for 10 consecutive frames -> reset
System Reseting
Reseting Local Mapper... done
Reseting Loop Closing... done
Reseting Database... done
0
New map created with 546 points for 0 Feature Type 
New map created with 316 points for 1 Feature Type 
Tracking Initlized in 2.98s
The initlized frame ID: 1
The lost frame ID: 1410
The lost frame ID: 1411
The lost frame ID: 1412
The lost frame ID: 1413
The lost frame ID: 1414
The lost frame ID: 1416
The lost frame ID: 1417
The lost frame ID: 1418
The lost frame ID: 1419
The lost frame ID: 1420
The lost frame ID: 1421
The lost frame ID: 1422
The lost frame ID: 1423
The lost frame ID: 1424

Saving camera trajectory to TrajectoryBeforeReset_oxf_akz_kaz_r13_seg04_pid3689465_1757550757614.txt ...

trajectory saved!
[Tracking] wrote pre-reset trajectory to TrajectoryBeforeReset_oxf_akz_kaz_r13_seg04_pid3689465_1757550757614.txt
[Tracking] LOST for 10 consecutive frames -> reset
System Reseting
Reseting Local Mapper... done
Reseting Loop Closing... done
Reseting Database... done
0
New map created with 1176 points for 0 Feature Type 
New map created with 321 points for 1 Feature Type 
Tracking Initlized in 2.78s
The initlized frame ID: 1
Track lost soon after initialisation, reseting...
System Reseting
Reseting Local Mapper... done
Reseting Loop Closing... done
Reseting Database... done
0
New map created with 1243 points for 0 Feature Type 
New map created with 339 points for 1 Feature Type 
Tracking Initlized in 2.93s
The initlized frame ID: 1
Track lost soon after initialisation, reseting...
System Reseting
Reseting Local Mapper... done
Reseting Loop Closing... done
Reseting Database... done
0
New map created with 1065 points for 0 Feature Type 
New map created with 431 points for 1 Feature Type 
Tracking Initlized in 3.01s
The initlized frame ID: 1
Track lost soon after initialisation, reseting...
System Reseting
Reseting Local Mapper... done
Reseting Loop Closing... done
Reseting Database... done
0
New map created with 1139 points for 0 Feature Type 
New map created with 571 points for 1 Feature Type 
Tracking Initlized in 3.10s
The initlized frame ID: 1
The lost frame ID: 2227
The lost frame ID: 2228
The lost frame ID: 2229
The lost frame ID: 2230
The lost frame ID: 2231
The lost frame ID: 2232
The lost frame ID: 2233
The lost frame ID: 2234
The lost frame ID: 2235

Saving camera trajectory to TrajectoryBeforeReset_oxf_akz_kaz_r13_seg05_pid3689465_1757551978026.txt ...

trajectory saved!
[Tracking] wrote pre-reset trajectory to TrajectoryBeforeReset_oxf_akz_kaz_r13_seg05_pid3689465_1757551978026.txt
[Tracking] LOST for 10 consecutive frames -> reset
System Reseting
Reseting Local Mapper... done
Reseting Loop Closing... done
Reseting Database... done
0
New map created with 704 points for 0 Feature Type 
New map created with 522 points for 1 Feature Type 
Tracking Initlized in 21.44s
The initlized frame ID: 8
The lost frame ID: 156
The lost frame ID: 157
The lost frame ID: 158
The lost frame ID: 159
The lost frame ID: 160
The lost frame ID: 161
The lost frame ID: 162
The lost frame ID: 163
The lost frame ID: 164

Saving camera trajectory to TrajectoryBeforeReset_oxf_akz_kaz_r13_seg06_pid3689465_1757552066390.txt ...

trajectory saved!
[Tracking] wrote pre-reset trajectory to TrajectoryBeforeReset_oxf_akz_kaz_r13_seg06_pid3689465_1757552066390.txt
[Tracking] LOST for 10 consecutive frames -> reset
System Reseting
Reseting Local Mapper... done
Reseting Loop Closing... done
Reseting Database... done
0
New map created with 754 points for 0 Feature Type 
New map created with 606 points for 1 Feature Type 
Tracking Initlized in 3.40s
The initlized frame ID: 1
System::StopViewer()
System::StopViewer() done

Saving correlation status...

========== Global Summary ==========
Frames: 7183
avg_CorrEdges: 60.3234
avg_match_A: 164.803
avg_match_B: 270.244
global_RI_MNR: 0.366032
global_RI_GNR: 0.285841
global_RI_DICE: 0.277319

========== Per-Channel Summary ==========
   chA   chB     avgCorr        avgA        avgB   avgRI_MNR   avgRI_GNR  avgRI_DICE
     0     1     60.3234     164.803     270.244    0.323057    0.252179    0.243983

Correlation status saved!

System Shutdown
-------

median tracking time: 0.559916
mean tracking time: 0.563293

Saving camera trajectory to result13.txt ...

trajectory saved!
All done

========== Performance Summary (ms) ==========
name                                mean      median        rmse         min         max       count
Lost Count                         1.000       1.000       0.000       1.000       1.000           6
Tracking                          20.850      18.872      12.730       1.682     407.717        7347
Total Init                     99449.719   99449.719       0.000   99449.719   99449.719           1
Pipeline                         561.787     559.859      49.393     310.386     975.035        7513
KAZE Extract                     531.709     531.942      42.373     289.383     821.936        7513
Reset Count                        1.000       1.000       0.000       1.000       1.000           9
Correlation                        0.462       0.400       0.335       0.003       4.847        7242
AKAZE Extract                    170.532     164.744      37.870      84.504     365.785        7513
