Registering ORBextractor...
Registering AKAZEextractor...
Registering BRISKextractor...
Registering SIFTextractor...
Registering KAZEextractor...
Registering SuperPointExtractor...

ORB-SLAM2 Copyright (C) 2014-2016 Raul Mur-Artal, University of Zaragoza.
This program comes with ABSOLUTELY NO WARRANTY;
This is free software, and you are welcome to redistribute it
under certain conditions. See LICENSE.txt.

Input sensor was set to: Monocular

Loading Vocabulary : /home/howard/Refactored_ORB_SLAM2/Install/var/lib/orbslam2/voc/akaze_cv.fbow
This could take a while...
Loading AKAZE Vocabulary in FBoW.
AKAZE Vocabulary loaded in 0.004153s


Loading Vocabulary : /home/howard/Refactored_ORB_SLAM2/Install/var/lib/orbslam2/voc/kaze_cv.fbow
This could take a while...
Loading KAZE Vocabulary in FBoW.
KAZE Vocabulary loaded in 0.014103s


Camera Parameters: 
- fx: 983.044
- fy: 983.044
- cx: 643.647
- cy: 493.379
- k1: 0
- k2: 0
- p1: 0
- p2: 0
- fps: 16
- color order: RGB (ignored if grayscale)

[Feature 0] AKAZE Extractor Parameters: 
 ( TH_LOW: 100, TH_HIGH: 200 )
- Number of Features: 2000
- Scale Levels: 4
- Scale Factor: 1.2
- Threshold: 0.0001
- Num of Octaves: 4
- Num of Octave Layers: 4

[Feature 1] KAZE Extractor Parameters: 
 ( TH_LOW: 0.5, TH_HIGH: 1 )
- Number of Features : 2000
- Scale Levels       : 4
- Scale Factor       : 1.2
- Threshold          : 0.001
- nOctaves           : 4
- nOctaveLayers      : 4
- Extended (128‑dim) : 0
- Upright            : 0

-------
Start processing sequence ...
Images in the sequence: 7513

1
New map created with 441 points for 0 Feature Type 
New map created with 301 points for 1 Feature Type 
Tracking Initlized in 407.94s
The initlized frame ID: 139
The lost frame ID: 831
The lost frame ID: 832
The lost frame ID: 833
The lost frame ID: 834
The lost frame ID: 835
The lost frame ID: 836
The lost frame ID: 837
The lost frame ID: 1479
The lost frame ID: 1481
The lost frame ID: 1482
The lost frame ID: 1483
The lost frame ID: 1484
The lost frame ID: 1485
The lost frame ID: 1486
The lost frame ID: 1487
The lost frame ID: 1488
The lost frame ID: 1489

Saving camera trajectory to TrajectoryBeforeReset_oxf_akz_kaz_r15_seg01_pid53238_1757557028305.txt ...

trajectory saved!
[Tracking] wrote pre-reset trajectory to TrajectoryBeforeReset_oxf_akz_kaz_r15_seg01_pid53238_1757557028305.txt
[Tracking] LOST for 10 consecutive frames -> reset
System Reseting
Reseting Local Mapper... done
Reseting Loop Closing... done
Reseting Database... done
0
New map created with 603 points for 0 Feature Type 
New map created with 433 points for 1 Feature Type 
Tracking Initlized in 9.48s
The initlized frame ID: 3
Track lost soon after initialisation, reseting...
System Reseting
Reseting Local Mapper... done
Reseting Loop Closing... done
Reseting Database... done
0
New map created with 719 points for 0 Feature Type 
New map created with 496 points for 1 Feature Type 
Tracking Initlized in 9.19s
The initlized frame ID: 3
The lost frame ID: 1327
The lost frame ID: 1509
The lost frame ID: 1512
The lost frame ID: 1513
The lost frame ID: 1515
The lost frame ID: 1516
The lost frame ID: 1517
The lost frame ID: 1518
The lost frame ID: 1526
The lost frame ID: 1535
The lost frame ID: 1536
The lost frame ID: 1537
The lost frame ID: 1538
The lost frame ID: 1539
The lost frame ID: 1540
The lost frame ID: 1542
The lost frame ID: 1543
The lost frame ID: 1544
The lost frame ID: 1610
The lost frame ID: 1625
The lost frame ID: 1631
The lost frame ID: 1649
The lost frame ID: 1650
The lost frame ID: 1651
The lost frame ID: 1653
The lost frame ID: 1654
The lost frame ID: 1655
The lost frame ID: 1656
The lost frame ID: 1657
The lost frame ID: 1658
The lost frame ID: 1660
The lost frame ID: 1661
The lost frame ID: 1662
The lost frame ID: 1663
The lost frame ID: 1665
The lost frame ID: 1666
The lost frame ID: 1668
The lost frame ID: 1669
The lost frame ID: 1673
The lost frame ID: 1675
The lost frame ID: 1677
The lost frame ID: 1678
The lost frame ID: 1679
The lost frame ID: 1704
The lost frame ID: 1731
The lost frame ID: 1793
The lost frame ID: 1818
The lost frame ID: 1822
The lost frame ID: 1832
The lost frame ID: 1858
The lost frame ID: 1860
The lost frame ID: 1864
The lost frame ID: 1866
The lost frame ID: 1868
The lost frame ID: 1870
The lost frame ID: 1872
The lost frame ID: 1873
The lost frame ID: 1874
The lost frame ID: 1875
The lost frame ID: 1876
The lost frame ID: 1877
The lost frame ID: 1878
The lost frame ID: 1879
The lost frame ID: 1880

Saving camera trajectory to TrajectoryBeforeReset_oxf_akz_kaz_r15_seg02_pid53238_1757558122074.txt ...

trajectory saved!
[Tracking] wrote pre-reset trajectory to TrajectoryBeforeReset_oxf_akz_kaz_r15_seg02_pid53238_1757558122074.txt
[Tracking] LOST for 10 consecutive frames -> reset
System Reseting
Reseting Local Mapper... done
Reseting Loop Closing... done
Reseting Database... done
0
New map created with 683 points for 0 Feature Type 
New map created with 503 points for 1 Feature Type 
Tracking Initlized in 3.79s
The initlized frame ID: 1
The lost frame ID: 174
The lost frame ID: 175
The lost frame ID: 176
The lost frame ID: 177
The lost frame ID: 178
The lost frame ID: 179
The lost frame ID: 180
The lost frame ID: 181
The lost frame ID: 182

Saving camera trajectory to TrajectoryBeforeReset_oxf_akz_kaz_r15_seg03_pid53238_1757558228986.txt ...

trajectory saved!
[Tracking] wrote pre-reset trajectory to TrajectoryBeforeReset_oxf_akz_kaz_r15_seg03_pid53238_1757558228986.txt
[Tracking] LOST for 10 consecutive frames -> reset
System Reseting
Reseting Local Mapper... done
Reseting Loop Closing... done
Reseting Database... done
0
New map created with 1143 points for 0 Feature Type 
New map created with 645 points for 1 Feature Type 
Tracking Initlized in 5.73s
The initlized frame ID: 2
Track lost soon after initialisation, reseting...
System Reseting
Reseting Local Mapper... done
Reseting Loop Closing... done
Reseting Database... done
0
New map created with 1019 points for 0 Feature Type 
New map created with 651 points for 1 Feature Type 
Tracking Initlized in 2.89s
The initlized frame ID: 1
The lost frame ID: 722
The lost frame ID: 723
The lost frame ID: 724
The lost frame ID: 726
The lost frame ID: 727
The lost frame ID: 728
The lost frame ID: 730
The lost frame ID: 731
The lost frame ID: 732
The lost frame ID: 733
The lost frame ID: 734
The lost frame ID: 735
The lost frame ID: 736
The lost frame ID: 737
The lost frame ID: 738

Saving camera trajectory to TrajectoryBeforeReset_oxf_akz_kaz_r15_seg04_pid53238_1757558658013.txt ...

trajectory saved!
[Tracking] wrote pre-reset trajectory to TrajectoryBeforeReset_oxf_akz_kaz_r15_seg04_pid53238_1757558658013.txt
[Tracking] LOST for 10 consecutive frames -> reset
System Reseting
Reseting Local Mapper... done
Reseting Loop Closing... done
Reseting Database... done
0
New map created with 761 points for 0 Feature Type 
New map created with 609 points for 1 Feature Type 
Tracking Initlized in 3.31s
The initlized frame ID: 1
The lost frame ID: 641
The lost frame ID: 647
The lost frame ID: 649
The lost frame ID: 650
The lost frame ID: 651
The lost frame ID: 652
The lost frame ID: 653
The lost frame ID: 657
The lost frame ID: 658
The lost frame ID: 661
The lost frame ID: 664
The lost frame ID: 666
The lost frame ID: 668
The lost frame ID: 671
The lost frame ID: 2900
The lost frame ID: 2901
The lost frame ID: 2902
The lost frame ID: 2903
The lost frame ID: 2904
The lost frame ID: 2905
The lost frame ID: 2906
The lost frame ID: 2907
The lost frame ID: 2908

Saving camera trajectory to TrajectoryBeforeReset_oxf_akz_kaz_r15_seg05_pid53238_1757560236003.txt ...

trajectory saved!
[Tracking] wrote pre-reset trajectory to TrajectoryBeforeReset_oxf_akz_kaz_r15_seg05_pid53238_1757560236003.txt
[Tracking] LOST for 10 consecutive frames -> reset
System Reseting
Reseting Local Mapper... done
Reseting Loop Closing... done
Reseting Database... done
0
New map created with 731 points for 0 Feature Type 
New map created with 517 points for 1 Feature Type 
Tracking Initlized in 21.85s
The initlized frame ID: 8
The lost frame ID: 156
The lost frame ID: 157
The lost frame ID: 158
The lost frame ID: 159
The lost frame ID: 160
The lost frame ID: 161
The lost frame ID: 162
The lost frame ID: 163
The lost frame ID: 164

Saving camera trajectory to TrajectoryBeforeReset_oxf_akz_kaz_r15_seg06_pid53238_1757560337562.txt ...

trajectory saved!
[Tracking] wrote pre-reset trajectory to TrajectoryBeforeReset_oxf_akz_kaz_r15_seg06_pid53238_1757560337562.txt
[Tracking] LOST for 10 consecutive frames -> reset
System Reseting
Reseting Local Mapper... done
Reseting Loop Closing... done
Reseting Database... done
0
New map created with 774 points for 0 Feature Type 
New map created with 601 points for 1 Feature Type 
Tracking Initlized in 3.41s
The initlized frame ID: 1
System::StopViewer()
System::StopViewer() done

Saving correlation status...

========== Global Summary ==========
Frames: 7039
avg_CorrEdges: 60.9048
avg_match_A: 163.568
avg_match_B: 270.914
global_RI_MNR: 0.372352
global_RI_GNR: 0.289326
global_RI_DICE: 0.280356

========== Per-Channel Summary ==========
   chA   chB     avgCorr        avgA        avgB   avgRI_MNR   avgRI_GNR  avgRI_DICE
     0     1     60.9048     163.568     270.914    0.317328    0.245358    0.236762

Correlation status saved!

System Shutdown
-------

median tracking time: 0.569552
mean tracking time: 0.574718

Saving camera trajectory to result15.txt ...

trajectory saved!
All done

========== Performance Summary (ms) ==========
name                                mean      median        rmse         min         max       count
Lost Count                         1.000       1.000       0.000       1.000       1.000           6
Tracking                          21.454      19.405      13.935       2.279     658.779        7345
Total Init                     99178.237   99178.237       0.000   99178.237   99178.237           1
Pipeline                         573.324     569.543      54.352     312.515    1235.609        7513
KAZE Extract                     542.679     541.092      47.292     302.213     753.705        7513
Reset Count                        1.000       1.000       0.000       1.000       1.000           8
Correlation                        0.438       0.390       0.355       0.003       8.946        7200
AKAZE Extract                    168.216     164.129      36.121      83.565     365.880        7513
