Registering ORBextractor...
Registering AKAZEextractor...
Registering BRISKextractor...
Registering SIFTextractor...
Registering KAZEextractor...
Registering SuperPointExtractor...
Loading images...
Loaded 3682 images.
Creating SLAM system...

ORB-SLAM2 Copyright (C) 2014-2016 Raul Mur-Artal, University of Zaragoza.
This program comes with ABSOLUTELY NO WARRANTY;
This is free software, and you are welcome to redistribute it
under certain conditions. See LICENSE.txt.

Input sensor was set to: Monocular

Loading Vocabulary : /home/howard/Refactored_ORB_SLAM2/Install/var/lib/orbslam2/voc/orb_mur.fbow
This could take a while...
Loading ORB Vocabulary in FBoW.
ORB Vocabulary loaded in 0.008754s


Loading Vocabulary : /home/howard/Refactored_ORB_SLAM2/Install/var/lib/orbslam2/voc/superpoint.fbow
This could take a while...
Loading SuperPoint Vocabulary in FBoW.
SuperPoint Vocabulary loaded in 0.007481s


Camera Parameters: 
- fx: 458.654
- fy: 457.296
- cx: 367.215
- cy: 248.375
- k1: -0.283408
- k2: 0.0739591
- p1: 0.00019359
- p2: 1.76187e-05
- fps: 20
- color order: RGB (ignored if grayscale)

[Feature 0] ORB Extractor Parameters: 
 ( TH_LOW: 50, TH_HIGH: 100 )
- Number of Features: 1000
- Scale Levels: 8
- Scale Factor: 1.2
- Initial Fast Threshold: 20
- Minimum Fast Threshold: 7

[Feature 1] SuperPoint Extractor Parameters: 
 ( TH_LOW: 0.7, TH_HIGH: 0.9 )
- Number of Features: 1000
- Scale Levels: 4
- Scale Factor: 1.2
- Use CUDA: 1
- Use NMS: 1
- iniTh: 0.08
- minTh: 0.04

-------
Start processing sequence ...
Images in the sequence: 3682

1
New map created with 125 points for 0 Feature Type 
New map created with 279 points for 1 Feature Type 
Tracking Initlized in 1.24s
The initlized frame ID: 2
System::StopViewer()
System::StopViewer() done
Viewer thread finished.
Viewer started, waiting for thread.
Tracking thread joined...

Saving correlation status...

========== Global Summary ==========
Frames: 3679
avg_CorrEdges: 21.0487
avg_match_A: 175.11
avg_match_B: 336.97
global_RI_MNR: 0.120202
global_RI_GNR: 0.0866509
global_RI_DICE: 0.0822084

========== Per-Channel Summary ==========
   chA   chB     avgCorr        avgA        avgB   avgRI_MNR   avgRI_GNR  avgRI_DICE
     0     1     21.0487      175.11      336.97    0.118402    0.084393   0.0796751

Correlation status saved!

-------

median tracking time: 0.0939458
mean tracking time: 0.108017

Saving keyframe trajectory to KeyFrameTrajectory.txt ...

trajectory saved!

========== Performance Summary (ms) ==========
name                                mean      median        rmse         min         max       count
Tracking                          13.770      11.383       7.213       2.293      31.856        3679
Correlation                        0.188       0.190       0.046       0.071       0.384        3679
Total Init                       228.388     228.388       0.000     228.388     228.388           1
Pipeline                         108.014      93.939      36.992      57.766     250.135        3682
SuperPoint Extract                92.498      81.646      30.353      48.110     247.616        3682
ORB Extract                        7.892       7.916       0.954       4.652      11.384        3682
