Registering ORBextractor...
Registering AKAZEextractor...
Registering BRISKextractor...
Registering SIFTextractor...
Registering KAZEextractor...
Loading images...
Loaded 2273 images.
Creating SLAM system...

ORB-SLAM2 Copyright (C) 2014-2016 Raul Mur-Artal, University of Zaragoza.
This program comes with ABSOLUTELY NO WARRANTY;
This is free software, and you are welcome to redistribute it
under certain conditions. See LICENSE.txt.

Input sensor was set to: Monocular

Loading Vocabulary : /home/ucacsjj/Proj/UCL/Projects/PM-SLAM/Install/var/lib/orbslam2/voc/orb_mur.fbow
This could take a while...
Loading ORB Vocabulary in FBoW.
ORB Vocabulary loaded in 0.039364s


Camera Parameters: 
- fx: 458.654
- fy: 457.296
- cx: 367.215
- cy: 248.375
- k1: -0.283408
- k2: 0.0739591
- p1: 0.00019359
- p2: 1.76187e-05
- fps: 20
- color order: RGB (ignored if grayscale)

[Feature 0] ORB Extractor Parameters: 
 ( TH_LOW: 50, TH_HIGH: 100 )
- Number of Features: 1000
- Scale Levels: 8
- Scale Factor: 1.2
- Initial Fast Threshold: 20
- Minimum Fast Threshold: 7

-------
Start processing sequence ...
Images in the sequence: 2273

Viewer started, waiting for thread.
0
New map created with 119 points for 0 Feature Type 
Tracking Initlized in 12.13s
The initlized frame ID: 81
The lost frame ID: 2248
The lost frame ID: 2253
The lost frame ID: 2254
The lost frame ID: 2255
The lost frame ID: 2256
The lost frame ID: 2257
The lost frame ID: 2258
The lost frame ID: 2259
The lost frame ID: 2260
The lost frame ID: 2261
The lost frame ID: 2262
The lost frame ID: 2263
The lost frame ID: 2264
The lost frame ID: 2265
The lost frame ID: 2266
The lost frame ID: 2267
The lost frame ID: 2268
The lost frame ID: 2269
The lost frame ID: 2270
The lost frame ID: 2271
The lost frame ID: 2272
System::StopViewer()
System::StopViewer() done
Tracking thread joined...

Saving correlation status...

Correlation status saved!

-------

median tracking time: 0.0384626
mean tracking time: 0.0393057

Saving camera trajectory to Trajectory.txt ...

trajectory saved!

========== Performance Summary (ms) ==========
name                                mean      median        rmse         min         max       count
Tracking                          11.490      10.965       4.946       1.905      54.208        2191
Correlation                        0.000       0.000       0.000       0.000       0.017        2169
Total Init                      5210.750    5210.750       0.000    5210.750    5210.750           1
Pipeline                          39.300      38.456      11.324      16.489     107.766        2273
ORB Extract                       23.921      24.160       7.310       8.947      45.911        2273
