Registering ORBextractor...
Registering AKAZEextractor...
Registering BRISKextractor...
Registering SIFTextractor...
Registering KAZEextractor...
Registering SuperPointExtractor...

ORB-SLAM2 Copyright (C) 2014-2016 Raul Mur-Artal, University of Zaragoza.
This program comes with ABSOLUTELY NO WARRANTY;
This is free software, and you are welcome to redistribute it
under certain conditions. See LICENSE.txt.

Input sensor was set to: Monocular

Loading Vocabulary : /home/howard/Refactored_ORB_SLAM2/Install/var/lib/orbslam2/voc/akaze_cv.fbow
This could take a while...
Loading AKAZE Vocabulary in FBoW.
AKAZE Vocabulary loaded in 0.003822s


Loading Vocabulary : /home/howard/Refactored_ORB_SLAM2/Install/var/lib/orbslam2/voc/brisk_cv.fbow
This could take a while...
Loading BRISK Vocabulary in FBoW.
BRISK Vocabulary loaded in 0.003567s


Camera Parameters: 
- fx: 983.044
- fy: 983.044
- cx: 643.647
- cy: 493.379
- k1: 0
- k2: 0
- p1: 0
- p2: 0
- fps: 16
- color order: RGB (ignored if grayscale)

[Feature 0] AKAZE Extractor Parameters: 
 ( TH_LOW: 100, TH_HIGH: 200 )
- Number of Features: 2000
- Scale Levels: 4
- Scale Factor: 1.2
- Threshold: 0.0001
- Num of Octaves: 4
- Num of Octave Layers: 4

[Feature 1] BRISK Extractor Parameters: 
 ( TH_LOW: 150, TH_HIGH: 250 )
- Number of Features: 2000
- Scale Levels: 6
- Scale Factor: 1.414
- Threshold: 50
- Num of Octaves: 3
- Pattern Scale: 1

-------
Start processing sequence ...
Images in the sequence: 7513

0
New map created with 488 points for 0 Feature Type 
New map created with 143 points for 1 Feature Type 
Tracking Initlized in 144.19s
The initlized frame ID: 141
The lost frame ID: 781
The lost frame ID: 782
The lost frame ID: 783
The lost frame ID: 784
The lost frame ID: 785
The lost frame ID: 786
The lost frame ID: 787
The lost frame ID: 788
The lost frame ID: 789

Saving camera trajectory to TrajectoryBeforeReset_oxf_akz_bsk_r03_seg01_pid3706640_1757473220690.txt ...

trajectory saved!
[Tracking] wrote pre-reset trajectory to TrajectoryBeforeReset_oxf_akz_bsk_r03_seg01_pid3706640_1757473220690.txt
[Tracking] LOST for 10 consecutive frames -> reset
System Reseting
Reseting Local Mapper... done
Reseting Loop Closing... done
Reseting Database... done
0
New map created with 1157 points for 0 Feature Type 
New map created with 92 points for 1 Feature Type 
Tracking Initlized in 0.93s
The initlized frame ID: 1
The lost frame ID: 40
The lost frame ID: 41
The lost frame ID: 42
The lost frame ID: 43
The lost frame ID: 44
The lost frame ID: 45
The lost frame ID: 46
The lost frame ID: 47
The lost frame ID: 48

Saving camera trajectory to TrajectoryBeforeReset_oxf_akz_bsk_r03_seg02_pid3706640_1757473232946.txt ...

trajectory saved!
[Tracking] wrote pre-reset trajectory to TrajectoryBeforeReset_oxf_akz_bsk_r03_seg02_pid3706640_1757473232946.txt
[Tracking] LOST for 10 consecutive frames -> reset
System Reseting
Reseting Local Mapper... done
Reseting Loop Closing... done
Reseting Database... done
0
New map created with 481 points for 0 Feature Type 
New map created with 80 points for 1 Feature Type 
Tracking Initlized in 1.91s
The initlized frame ID: 2
The lost frame ID: 625
The lost frame ID: 626
The lost frame ID: 627
The lost frame ID: 628
The lost frame ID: 629
The lost frame ID: 630
The lost frame ID: 631
The lost frame ID: 632
The lost frame ID: 633

Saving camera trajectory to TrajectoryBeforeReset_oxf_akz_bsk_r03_seg03_pid3706640_1757473383845.txt ...

trajectory saved!
[Tracking] wrote pre-reset trajectory to TrajectoryBeforeReset_oxf_akz_bsk_r03_seg03_pid3706640_1757473383845.txt
[Tracking] LOST for 10 consecutive frames -> reset
System Reseting
Reseting Local Mapper... done
Reseting Loop Closing... done
Reseting Database... done
0
New map created with 455 points for 0 Feature Type 
New map created with 156 points for 1 Feature Type 
Tracking Initlized in 2.17s
The initlized frame ID: 2
The lost frame ID: 1287
The lost frame ID: 1289
The lost frame ID: 1290
The lost frame ID: 1292
The lost frame ID: 1293
The lost frame ID: 1295
The lost frame ID: 1296
The lost frame ID: 1298
The lost frame ID: 1300
The lost frame ID: 1302
The lost frame ID: 1304
The lost frame ID: 1305
The lost frame ID: 1306
The lost frame ID: 1307
The lost frame ID: 1308
The lost frame ID: 1309
The lost frame ID: 1310
The lost frame ID: 1314
The lost frame ID: 1317
The lost frame ID: 1319
The lost frame ID: 1320
The lost frame ID: 1324
The lost frame ID: 1325
The lost frame ID: 1327
The lost frame ID: 1328
The lost frame ID: 1329
The lost frame ID: 1330
The lost frame ID: 1331
The lost frame ID: 1332
The lost frame ID: 1333
The lost frame ID: 1334
The lost frame ID: 1335

Saving camera trajectory to TrajectoryBeforeReset_oxf_akz_bsk_r03_seg04_pid3706640_1757473719876.txt ...

trajectory saved!
[Tracking] wrote pre-reset trajectory to TrajectoryBeforeReset_oxf_akz_bsk_r03_seg04_pid3706640_1757473719876.txt
[Tracking] LOST for 10 consecutive frames -> reset
System Reseting
Reseting Local Mapper... done
Reseting Loop Closing... done
Reseting Database... done
0
New map created with 660 points for 0 Feature Type 
New map created with 197 points for 1 Feature Type 
Tracking Initlized in 1.06s
The initlized frame ID: 1
The lost frame ID: 140
The lost frame ID: 141
The lost frame ID: 142
The lost frame ID: 143
The lost frame ID: 144
The lost frame ID: 145
The lost frame ID: 146
The lost frame ID: 147
The lost frame ID: 148

Saving camera trajectory to TrajectoryBeforeReset_oxf_akz_bsk_r03_seg05_pid3706640_1757473760563.txt ...

trajectory saved!
[Tracking] wrote pre-reset trajectory to TrajectoryBeforeReset_oxf_akz_bsk_r03_seg05_pid3706640_1757473760563.txt
[Tracking] LOST for 10 consecutive frames -> reset
System Reseting
Reseting Local Mapper... done
Reseting Loop Closing... done
Reseting Database... done
0
New map created with 500 points for 0 Feature Type 
New map created with 111 points for 1 Feature Type 
Tracking Initlized in 1.23s
The initlized frame ID: 1
The lost frame ID: 592
The lost frame ID: 593
The lost frame ID: 594
The lost frame ID: 595
The lost frame ID: 596
The lost frame ID: 597
The lost frame ID: 598
The lost frame ID: 599
The lost frame ID: 600

Saving camera trajectory to TrajectoryBeforeReset_oxf_akz_bsk_r03_seg06_pid3706640_1757473914402.txt ...

trajectory saved!
[Tracking] wrote pre-reset trajectory to TrajectoryBeforeReset_oxf_akz_bsk_r03_seg06_pid3706640_1757473914402.txt
[Tracking] LOST for 10 consecutive frames -> reset
System Reseting
Reseting Local Mapper... done
Reseting Loop Closing... done
Reseting Database... done
0
New map created with 603 points for 0 Feature Type 
New map created with 32 points for 1 Feature Type 
Tracking Initlized in 0.81s
The initlized frame ID: 1
The lost frame ID: 21
The lost frame ID: 22
The lost frame ID: 23
The lost frame ID: 24
The lost frame ID: 25
The lost frame ID: 26
The lost frame ID: 27
The lost frame ID: 28
The lost frame ID: 29

Saving camera trajectory to TrajectoryBeforeReset_oxf_akz_bsk_r03_seg07_pid3706640_1757473920564.txt ...

trajectory saved!
[Tracking] wrote pre-reset trajectory to TrajectoryBeforeReset_oxf_akz_bsk_r03_seg07_pid3706640_1757473920564.txt
[Tracking] LOST for 10 consecutive frames -> reset
System Reseting
Reseting Local Mapper... done
Reseting Loop Closing... done
Reseting Database... done
0
New map created with 1041 points for 0 Feature Type 
New map created with 53 points for 1 Feature Type 
Tracking Initlized in 1.01s
The initlized frame ID: 1
The lost frame ID: 1381
The lost frame ID: 1382
The lost frame ID: 1383
The lost frame ID: 1384
The lost frame ID: 1385
The lost frame ID: 1386
The lost frame ID: 1387
The lost frame ID: 1388
The lost frame ID: 1389

Saving camera trajectory to TrajectoryBeforeReset_oxf_akz_bsk_r03_seg08_pid3706640_1757474261975.txt ...

trajectory saved!
[Tracking] wrote pre-reset trajectory to TrajectoryBeforeReset_oxf_akz_bsk_r03_seg08_pid3706640_1757474261975.txt
[Tracking] LOST for 10 consecutive frames -> reset
System Reseting
Reseting Local Mapper... done
Reseting Loop Closing... done
Reseting Database... done
0
New map created with 1280 points for 0 Feature Type 
New map created with 106 points for 1 Feature Type 
Tracking Initlized in 1.00s
The initlized frame ID: 1
The lost frame ID: 2243
The lost frame ID: 2244
The lost frame ID: 2245
The lost frame ID: 2246
The lost frame ID: 2247
The lost frame ID: 2248
The lost frame ID: 2249
The lost frame ID: 2250
The lost frame ID: 2251

Saving camera trajectory to TrajectoryBeforeReset_oxf_akz_bsk_r03_seg09_pid3706640_1757474809057.txt ...

trajectory saved!
[Tracking] wrote pre-reset trajectory to TrajectoryBeforeReset_oxf_akz_bsk_r03_seg09_pid3706640_1757474809057.txt
[Tracking] LOST for 10 consecutive frames -> reset
System Reseting
Reseting Local Mapper... done
Reseting Loop Closing... done
Reseting Database... done
0
New map created with 735 points for 0 Feature Type 
New map created with 181 points for 1 Feature Type 
Tracking Initlized in 6.15s
The initlized frame ID: 8
The lost frame ID: 155
The lost frame ID: 156
The lost frame ID: 157
The lost frame ID: 158
The lost frame ID: 159
The lost frame ID: 160
The lost frame ID: 161
The lost frame ID: 162
The lost frame ID: 163

Saving camera trajectory to TrajectoryBeforeReset_oxf_akz_bsk_r03_seg10_pid3706640_1757474854984.txt ...

trajectory saved!
[Tracking] wrote pre-reset trajectory to TrajectoryBeforeReset_oxf_akz_bsk_r03_seg10_pid3706640_1757474854984.txt
[Tracking] LOST for 10 consecutive frames -> reset
System Reseting
Reseting Local Mapper... done
Reseting Loop Closing... done
Reseting Database... done
0
New map created with 723 points for 0 Feature Type 
New map created with 180 points for 1 Feature Type 
Tracking Initlized in 1.32s
The initlized frame ID: 1
System::StopViewer()
System::StopViewer() done

Saving correlation status...

========== Global Summary ==========
Frames: 7217
avg_CorrEdges: 9.11293
avg_match_A: 147.444
avg_match_B: 148.864
global_RI_MNR: 0.0618062
global_RI_GNR: 0.0615105
global_RI_DICE: 0.0615098

========== Per-Channel Summary ==========
   chA   chB     avgCorr        avgA        avgB   avgRI_MNR   avgRI_GNR  avgRI_DICE
     0     1     9.11293     147.444     148.864   0.0651059   0.0547272    0.053574

Correlation status saved!

System Shutdown
-------

median tracking time: 0.227499
mean tracking time: 0.232384

Saving camera trajectory to result03.txt ...

trajectory saved!
All done

========== Performance Summary (ms) ==========
name                                mean      median        rmse         min         max       count
Lost Count                         1.000       1.000       0.000       1.000       1.000          10
Tracking                          16.861      15.024      11.751       1.113     512.037        7342
Total Init                     57984.586   57984.586       0.000   57984.586   57984.586           1
Pipeline                         230.925     227.403      44.331     105.470     712.148        7513
Reset Count                        1.000       1.000       0.000       1.000       1.000          10
Correlation                        0.374       0.301       0.376       0.010       8.633        7219
AKAZE Extract                    203.147     201.808      34.729      92.855     388.824        7513
BRISK Extract                     67.441      56.588      35.166       4.327     221.670        7513
