Registering ORBextractor...
Registering AKAZEextractor...
Registering BRISKextractor...
Registering SIFTextractor...
Registering KAZEextractor...
Registering SuperPointExtractor...

ORB-SLAM2 Copyright (C) 2014-2016 Raul Mur-Artal, University of Zaragoza.
This program comes with ABSOLUTELY NO WARRANTY;
This is free software, and you are welcome to redistribute it
under certain conditions. See LICENSE.txt.

Input sensor was set to: Monocular

Loading Vocabulary : /home/howard/Refactored_ORB_SLAM2/Install/var/lib/orbslam2/voc/akaze_cv.fbow
This could take a while...
Loading AKAZE Vocabulary in FBoW.
AKAZE Vocabulary loaded in 0.005893s


Loading Vocabulary : /home/howard/Refactored_ORB_SLAM2/Install/var/lib/orbslam2/voc/brisk_cv.fbow
This could take a while...
Loading BRISK Vocabulary in FBoW.
BRISK Vocabulary loaded in 0.009290s


Camera Parameters: 
- fx: 983.044
- fy: 983.044
- cx: 643.647
- cy: 493.379
- k1: 0
- k2: 0
- p1: 0
- p2: 0
- fps: 16
- color order: RGB (ignored if grayscale)

[Feature 0] AKAZE Extractor Parameters: 
 ( TH_LOW: 100, TH_HIGH: 200 )
- Number of Features: 2000
- Scale Levels: 4
- Scale Factor: 1.2
- Threshold: 0.0001
- Num of Octaves: 4
- Num of Octave Layers: 4

[Feature 1] BRISK Extractor Parameters: 
 ( TH_LOW: 150, TH_HIGH: 250 )
- Number of Features: 2000
- Scale Levels: 6
- Scale Factor: 1.414
- Threshold: 50
- Num of Octaves: 3
- Pattern Scale: 1

-------
Start processing sequence ...
Images in the sequence: 7513

0
New map created with 488 points for 0 Feature Type 
New map created with 143 points for 1 Feature Type 
Tracking Initlized in 130.45s
The initlized frame ID: 141
The lost frame ID: 831
The lost frame ID: 832
The lost frame ID: 833
The lost frame ID: 834
The lost frame ID: 835
The lost frame ID: 836
The lost frame ID: 837
The lost frame ID: 838
The lost frame ID: 839
The lost frame ID: 1478
The lost frame ID: 1479
The lost frame ID: 1480
The lost frame ID: 1482
The lost frame ID: 1483
The lost frame ID: 1484
The lost frame ID: 1485
The lost frame ID: 1486
The lost frame ID: 1487
The lost frame ID: 1488
The lost frame ID: 1489
The lost frame ID: 1493
The lost frame ID: 1494
The lost frame ID: 1495
The lost frame ID: 1496
The lost frame ID: 1497
The lost frame ID: 1498
The lost frame ID: 1499
The lost frame ID: 1500
The lost frame ID: 1501

Saving camera trajectory to TrajectoryBeforeReset_oxf_akz_bsk_r01_seg01_pid3411927_1757469859205.txt ...

trajectory saved!
[Tracking] wrote pre-reset trajectory to TrajectoryBeforeReset_oxf_akz_bsk_r01_seg01_pid3411927_1757469859205.txt
[Tracking] LOST for 10 consecutive frames -> reset
System Reseting
Reseting Local Mapper... done
Reseting Loop Closing... done
Reseting Database... done
0
New map created with 1058 points for 0 Feature Type 
New map created with 362 points for 1 Feature Type 
Tracking Initlized in 3.42s
The initlized frame ID: 3
The lost frame ID: 1258
The lost frame ID: 1259
The lost frame ID: 1260
The lost frame ID: 1261
The lost frame ID: 1262
The lost frame ID: 1263
The lost frame ID: 1264
The lost frame ID: 1265
The lost frame ID: 1266
The lost frame ID: 1268
The lost frame ID: 1269
The lost frame ID: 1270
The lost frame ID: 1271
The lost frame ID: 1272
The lost frame ID: 1273
The lost frame ID: 1274
The lost frame ID: 1275
The lost frame ID: 1276

Saving camera trajectory to TrajectoryBeforeReset_oxf_akz_bsk_r01_seg02_pid3411927_1757470159816.txt ...

trajectory saved!
[Tracking] wrote pre-reset trajectory to TrajectoryBeforeReset_oxf_akz_bsk_r01_seg02_pid3411927_1757470159816.txt
[Tracking] LOST for 10 consecutive frames -> reset
System Reseting
Reseting Local Mapper... done
Reseting Loop Closing... done
Reseting Database... done
0
New map created with 407 points for 0 Feature Type 
New map created with 138 points for 1 Feature Type 
Tracking Initlized in 1.14s
The initlized frame ID: 1
The lost frame ID: 170
The lost frame ID: 171
The lost frame ID: 173
The lost frame ID: 174
The lost frame ID: 175
The lost frame ID: 176
The lost frame ID: 177
The lost frame ID: 178
The lost frame ID: 179
The lost frame ID: 180
The lost frame ID: 181

Saving camera trajectory to TrajectoryBeforeReset_oxf_akz_bsk_r01_seg03_pid3411927_1757470207835.txt ...

trajectory saved!
[Tracking] wrote pre-reset trajectory to TrajectoryBeforeReset_oxf_akz_bsk_r01_seg03_pid3411927_1757470207835.txt
[Tracking] LOST for 10 consecutive frames -> reset
System Reseting
Reseting Local Mapper... done
Reseting Loop Closing... done
Reseting Database... done
0
New map created with 497 points for 0 Feature Type 
New map created with 90 points for 1 Feature Type 
Tracking Initlized in 1.22s
The initlized frame ID: 1
The lost frame ID: 589
The lost frame ID: 590
The lost frame ID: 591
The lost frame ID: 592
The lost frame ID: 593
The lost frame ID: 594
The lost frame ID: 595
The lost frame ID: 596
The lost frame ID: 597

Saving camera trajectory to TrajectoryBeforeReset_oxf_akz_bsk_r01_seg04_pid3411927_1757470354773.txt ...

trajectory saved!
[Tracking] wrote pre-reset trajectory to TrajectoryBeforeReset_oxf_akz_bsk_r01_seg04_pid3411927_1757470354773.txt
[Tracking] LOST for 10 consecutive frames -> reset
System Reseting
Reseting Local Mapper... done
Reseting Loop Closing... done
Reseting Database... done
0
New map created with 1204 points for 0 Feature Type 
New map created with 112 points for 1 Feature Type 
Tracking Initlized in 1.68s
The initlized frame ID: 2
Track lost soon after initialisation, reseting...
System Reseting
Reseting Local Mapper... done
Reseting Loop Closing... done
Reseting Database... done
0
New map created with 707 points for 0 Feature Type 
New map created with 67 points for 1 Feature Type 
Tracking Initlized in 0.97s
The initlized frame ID: 1
The lost frame ID: 864
The lost frame ID: 867
The lost frame ID: 868
The lost frame ID: 871
The lost frame ID: 873
The lost frame ID: 874
The lost frame ID: 875
The lost frame ID: 876
The lost frame ID: 877
The lost frame ID: 878
The lost frame ID: 879
The lost frame ID: 880
The lost frame ID: 881

Saving camera trajectory to TrajectoryBeforeReset_oxf_akz_bsk_r01_seg05_pid3411927_1757470560928.txt ...

trajectory saved!
[Tracking] wrote pre-reset trajectory to TrajectoryBeforeReset_oxf_akz_bsk_r01_seg05_pid3411927_1757470560928.txt
[Tracking] LOST for 10 consecutive frames -> reset
System Reseting
Reseting Local Mapper... done
Reseting Loop Closing... done
Reseting Database... done
0
New map created with 709 points for 0 Feature Type 
New map created with 220 points for 1 Feature Type 
Tracking Initlized in 1.16s
The initlized frame ID: 1
The lost frame ID: 260
The lost frame ID: 261
The lost frame ID: 262
The lost frame ID: 263
The lost frame ID: 264
The lost frame ID: 265
The lost frame ID: 266
The lost frame ID: 267
The lost frame ID: 268

Saving camera trajectory to TrajectoryBeforeReset_oxf_akz_bsk_r01_seg06_pid3411927_1757470626988.txt ...

trajectory saved!
[Tracking] wrote pre-reset trajectory to TrajectoryBeforeReset_oxf_akz_bsk_r01_seg06_pid3411927_1757470626988.txt
[Tracking] LOST for 10 consecutive frames -> reset
System Reseting
Reseting Local Mapper... done
Reseting Loop Closing... done
Reseting Database... done
0
New map created with 693 points for 0 Feature Type 
New map created with 293 points for 1 Feature Type 
Tracking Initlized in 2.17s
The initlized frame ID: 2
The lost frame ID: 249
The lost frame ID: 250
The lost frame ID: 251
The lost frame ID: 252
The lost frame ID: 253
The lost frame ID: 254
The lost frame ID: 255
The lost frame ID: 256
The lost frame ID: 257

Saving camera trajectory to TrajectoryBeforeReset_oxf_akz_bsk_r01_seg07_pid3411927_1757470679535.txt ...

trajectory saved!
[Tracking] wrote pre-reset trajectory to TrajectoryBeforeReset_oxf_akz_bsk_r01_seg07_pid3411927_1757470679535.txt
[Tracking] LOST for 10 consecutive frames -> reset
System Reseting
Reseting Local Mapper... done
Reseting Loop Closing... done
Reseting Database... done
0
New map created with 2128 points for 0 Feature Type 
New map created with 18 points for 1 Feature Type 
Tracking Initlized in 2.51s
The initlized frame ID: 4
Track lost soon after initialisation, reseting...
System Reseting
Reseting Local Mapper... done
Reseting Loop Closing... done
Reseting Database... done
0
New map created with 1205 points for 0 Feature Type 
New map created with 94 points for 1 Feature Type 
Tracking Initlized in 0.95s
The initlized frame ID: 1
The lost frame ID: 1356
The lost frame ID: 1357
The lost frame ID: 1358
The lost frame ID: 1359
The lost frame ID: 1360
The lost frame ID: 1361
The lost frame ID: 1362
The lost frame ID: 1363
The lost frame ID: 1364

Saving camera trajectory to TrajectoryBeforeReset_oxf_akz_bsk_r01_seg08_pid3411927_1757470986246.txt ...

trajectory saved!
[Tracking] wrote pre-reset trajectory to TrajectoryBeforeReset_oxf_akz_bsk_r01_seg08_pid3411927_1757470986246.txt
[Tracking] LOST for 10 consecutive frames -> reset
System Reseting
Reseting Local Mapper... done
Reseting Loop Closing... done
Reseting Database... done
0
New map created with 765 points for 0 Feature Type 
New map created with 98 points for 1 Feature Type 
Tracking Initlized in 1.98s
The initlized frame ID: 2
Track lost soon after initialisation, reseting...
System Reseting
Reseting Local Mapper... done
Reseting Loop Closing... done
Reseting Database... done
0
New map created with 661 points for 0 Feature Type 
New map created with 82 points for 1 Feature Type 
Tracking Initlized in 3.75s
The initlized frame ID: 4
The lost frame ID: 868
The lost frame ID: 869
The lost frame ID: 870
The lost frame ID: 871
The lost frame ID: 872
The lost frame ID: 873
The lost frame ID: 874
The lost frame ID: 875
The lost frame ID: 876

Saving camera trajectory to TrajectoryBeforeReset_oxf_akz_bsk_r01_seg09_pid3411927_1757471196410.txt ...

trajectory saved!
[Tracking] wrote pre-reset trajectory to TrajectoryBeforeReset_oxf_akz_bsk_r01_seg09_pid3411927_1757471196410.txt
[Tracking] LOST for 10 consecutive frames -> reset
System Reseting
Reseting Local Mapper... done
Reseting Loop Closing... done
Reseting Database... done
0
New map created with 718 points for 0 Feature Type 
New map created with 172 points for 1 Feature Type 
Tracking Initlized in 5.93s
The initlized frame ID: 8
The lost frame ID: 155
The lost frame ID: 156
The lost frame ID: 157
The lost frame ID: 158
The lost frame ID: 159
The lost frame ID: 160
The lost frame ID: 161
The lost frame ID: 162
The lost frame ID: 163

Saving camera trajectory to TrajectoryBeforeReset_oxf_akz_bsk_r01_seg10_pid3411927_1757471229805.txt ...

trajectory saved!
[Tracking] wrote pre-reset trajectory to TrajectoryBeforeReset_oxf_akz_bsk_r01_seg10_pid3411927_1757471229805.txt
[Tracking] LOST for 10 consecutive frames -> reset
System Reseting
Reseting Local Mapper... done
Reseting Loop Closing... done
Reseting Database... done
0
New map created with 713 points for 0 Feature Type 
New map created with 184 points for 1 Feature Type 
Tracking Initlized in 1.12s
The initlized frame ID: 1
System::StopViewer()
System::StopViewer() done

Saving correlation status...

========== Global Summary ==========
Frames: 7186
avg_CorrEdges: 8.40398
avg_match_A: 133.717
avg_match_B: 136.585
global_RI_MNR: 0.0628488
global_RI_GNR: 0.0621856
global_RI_DICE: 0.0621821

========== Per-Channel Summary ==========
   chA   chB     avgCorr        avgA        avgB   avgRI_MNR   avgRI_GNR  avgRI_DICE
     0     1     8.40398     133.717     136.585   0.0619636   0.0523089   0.0512134

Correlation status saved!

System Shutdown
-------

median tracking time: 0.212686
mean tracking time: 0.216913

Saving camera trajectory to result01.txt ...

trajectory saved!
All done

========== Performance Summary (ms) ==========
name                                mean      median        rmse         min         max       count
Lost Count                         1.000       1.000       0.000       1.000       1.000          10
Tracking                          15.166      13.364       9.737       1.846     306.847        7327
Total Init                     46790.301   46790.301       0.000   46790.301   46790.301           1
Pipeline                         215.456     212.577      41.044     107.177     542.034        7513
Reset Count                        1.000       1.000       0.000       1.000       1.000          13
Correlation                        0.347       0.275       0.340       0.004      10.372        7189
AKAZE Extract                    189.893     187.984      35.479      84.631     324.801        7513
BRISK Extract                     64.933      55.294      33.330       4.643     209.528        7513
