Registering ORBextractor...
Registering AKAZEextractor...
Registering BRISKextractor...
Registering SIFTextractor...
Registering KAZEextractor...
Registering SuperPointExtractor...

ORB-SLAM2 Copyright (C) 2014-2016 Raul Mur-Artal, University of Zaragoza.
This program comes with ABSOLUTELY NO WARRANTY;
This is free software, and you are welcome to redistribute it
under certain conditions. See LICENSE.txt.

Input sensor was set to: Monocular

Loading Vocabulary : /home/howard/Refactored_ORB_SLAM2/Install/var/lib/orbslam2/voc/akaze_cv.fbow
This could take a while...
Loading AKAZE Vocabulary in FBoW.
AKAZE Vocabulary loaded in 0.004355s


Loading Vocabulary : /home/howard/Refactored_ORB_SLAM2/Install/var/lib/orbslam2/voc/brisk_cv.fbow
This could take a while...
Loading BRISK Vocabulary in FBoW.
BRISK Vocabulary loaded in 0.003294s


Camera Parameters: 
- fx: 983.044
- fy: 983.044
- cx: 643.647
- cy: 493.379
- k1: 0
- k2: 0
- p1: 0
- p2: 0
- fps: 16
- color order: RGB (ignored if grayscale)

[Feature 0] AKAZE Extractor Parameters: 
 ( TH_LOW: 100, TH_HIGH: 200 )
- Number of Features: 2000
- Scale Levels: 4
- Scale Factor: 1.2
- Threshold: 0.0001
- Num of Octaves: 4
- Num of Octave Layers: 4

[Feature 1] BRISK Extractor Parameters: 
 ( TH_LOW: 150, TH_HIGH: 250 )
- Number of Features: 2000
- Scale Levels: 6
- Scale Factor: 1.414
- Threshold: 50
- Num of Octaves: 3
- Pattern Scale: 1

-------
Start processing sequence ...
Images in the sequence: 7513

0
New map created with 488 points for 0 Feature Type 
New map created with 143 points for 1 Feature Type 
Tracking Initlized in 124.13s
The initlized frame ID: 141
The lost frame ID: 831
The lost frame ID: 832
The lost frame ID: 833
The lost frame ID: 834
The lost frame ID: 835
The lost frame ID: 836
The lost frame ID: 837
The lost frame ID: 838
The lost frame ID: 839
The lost frame ID: 1478
The lost frame ID: 1479
The lost frame ID: 1480
The lost frame ID: 1481
The lost frame ID: 1482
The lost frame ID: 1483
The lost frame ID: 1484
The lost frame ID: 1485
The lost frame ID: 1486

Saving camera trajectory to TrajectoryBeforeReset_oxf_akz_bsk_r19_seg01_pid3484748_1757604680701.txt ...

trajectory saved!
[Tracking] wrote pre-reset trajectory to TrajectoryBeforeReset_oxf_akz_bsk_r19_seg01_pid3484748_1757604680701.txt
[Tracking] LOST for 10 consecutive frames -> reset
System Reseting
Reseting Local Mapper... done
Reseting Loop Closing... done
Reseting Database... done
0
New map created with 484 points for 0 Feature Type 
New map created with 130 points for 1 Feature Type 
Tracking Initlized in 2.83s
The initlized frame ID: 3
The lost frame ID: 251
The lost frame ID: 252
The lost frame ID: 253
The lost frame ID: 254
The lost frame ID: 255
The lost frame ID: 256
The lost frame ID: 257
The lost frame ID: 258
The lost frame ID: 259

Saving camera trajectory to TrajectoryBeforeReset_oxf_akz_bsk_r19_seg02_pid3484748_1757604732090.txt ...

trajectory saved!
[Tracking] wrote pre-reset trajectory to TrajectoryBeforeReset_oxf_akz_bsk_r19_seg02_pid3484748_1757604732090.txt
[Tracking] LOST for 10 consecutive frames -> reset
System Reseting
Reseting Local Mapper... done
Reseting Loop Closing... done
Reseting Database... done
0
New map created with 613 points for 0 Feature Type 
New map created with 172 points for 1 Feature Type 
Tracking Initlized in 1.92s
The initlized frame ID: 2
The lost frame ID: 50
The lost frame ID: 51
The lost frame ID: 52
The lost frame ID: 53
The lost frame ID: 54
The lost frame ID: 55
The lost frame ID: 56
The lost frame ID: 57
The lost frame ID: 58

Saving camera trajectory to TrajectoryBeforeReset_oxf_akz_bsk_r19_seg03_pid3484748_1757604743287.txt ...

trajectory saved!
[Tracking] wrote pre-reset trajectory to TrajectoryBeforeReset_oxf_akz_bsk_r19_seg03_pid3484748_1757604743287.txt
[Tracking] LOST for 10 consecutive frames -> reset
System Reseting
Reseting Local Mapper... done
Reseting Loop Closing... done
Reseting Database... done
0
New map created with 737 points for 0 Feature Type 
New map created with 78 points for 1 Feature Type 
Tracking Initlized in 0.87s
The initlized frame ID: 1
The lost frame ID: 954
The lost frame ID: 955
The lost frame ID: 956
The lost frame ID: 957
The lost frame ID: 958
The lost frame ID: 960
The lost frame ID: 962
The lost frame ID: 966
The lost frame ID: 967
The lost frame ID: 969
The lost frame ID: 972
The lost frame ID: 973
The lost frame ID: 974
The lost frame ID: 976
The lost frame ID: 977
The lost frame ID: 981
The lost frame ID: 984
The lost frame ID: 985
The lost frame ID: 986
The lost frame ID: 988
The lost frame ID: 990
The lost frame ID: 991
The lost frame ID: 992
The lost frame ID: 994
The lost frame ID: 995
The lost frame ID: 996
The lost frame ID: 997
The lost frame ID: 998
The lost frame ID: 1000
The lost frame ID: 1001
The lost frame ID: 1002
The lost frame ID: 1003
The lost frame ID: 1004
The lost frame ID: 1005
The lost frame ID: 1006
The lost frame ID: 1007
The lost frame ID: 1008

Saving camera trajectory to TrajectoryBeforeReset_oxf_akz_bsk_r19_seg04_pid3484748_1757604933481.txt ...

trajectory saved!
[Tracking] wrote pre-reset trajectory to TrajectoryBeforeReset_oxf_akz_bsk_r19_seg04_pid3484748_1757604933481.txt
[Tracking] LOST for 10 consecutive frames -> reset
System Reseting
Reseting Local Mapper... done
Reseting Loop Closing... done
Reseting Database... done
0
New map created with 674 points for 0 Feature Type 
New map created with 213 points for 1 Feature Type 
Tracking Initlized in 1.14s
The initlized frame ID: 1
The lost frame ID: 126
The lost frame ID: 128
The lost frame ID: 129
The lost frame ID: 130
The lost frame ID: 131
The lost frame ID: 132
The lost frame ID: 133
The lost frame ID: 134
The lost frame ID: 135
The lost frame ID: 136

Saving camera trajectory to TrajectoryBeforeReset_oxf_akz_bsk_r19_seg05_pid3484748_1757604957270.txt ...

trajectory saved!
[Tracking] wrote pre-reset trajectory to TrajectoryBeforeReset_oxf_akz_bsk_r19_seg05_pid3484748_1757604957270.txt
[Tracking] LOST for 10 consecutive frames -> reset
System Reseting
Reseting Local Mapper... done
Reseting Loop Closing... done
Reseting Database... done
0
New map created with 422 points for 0 Feature Type 
New map created with 107 points for 1 Feature Type 
Tracking Initlized in 1.10s
The initlized frame ID: 1
The lost frame ID: 53
The lost frame ID: 54
The lost frame ID: 55
The lost frame ID: 56
The lost frame ID: 57
The lost frame ID: 58
The lost frame ID: 59
The lost frame ID: 61
The lost frame ID: 62
The lost frame ID: 63
The lost frame ID: 64
The lost frame ID: 65
The lost frame ID: 66
The lost frame ID: 67
The lost frame ID: 68
The lost frame ID: 69

Saving camera trajectory to TrajectoryBeforeReset_oxf_akz_bsk_r19_seg06_pid3484748_1757604970091.txt ...

trajectory saved!
[Tracking] wrote pre-reset trajectory to TrajectoryBeforeReset_oxf_akz_bsk_r19_seg06_pid3484748_1757604970091.txt
[Tracking] LOST for 10 consecutive frames -> reset
System Reseting
Reseting Local Mapper... done
Reseting Loop Closing... done
Reseting Database... done
0
New map created with 855 points for 0 Feature Type 
New map created with 175 points for 1 Feature Type 
Tracking Initlized in 1.05s
The initlized frame ID: 1
The lost frame ID: 143
The lost frame ID: 144
The lost frame ID: 145
The lost frame ID: 146
The lost frame ID: 147
The lost frame ID: 148
The lost frame ID: 149
The lost frame ID: 150
The lost frame ID: 151

Saving camera trajectory to TrajectoryBeforeReset_oxf_akz_bsk_r19_seg07_pid3484748_1757605003217.txt ...

trajectory saved!
[Tracking] wrote pre-reset trajectory to TrajectoryBeforeReset_oxf_akz_bsk_r19_seg07_pid3484748_1757605003217.txt
[Tracking] LOST for 10 consecutive frames -> reset
System Reseting
Reseting Local Mapper... done
Reseting Loop Closing... done
Reseting Database... done
0
New map created with 554 points for 0 Feature Type 
New map created with 75 points for 1 Feature Type 
Tracking Initlized in 1.02s
The initlized frame ID: 1
The lost frame ID: 374
The lost frame ID: 375
The lost frame ID: 376
The lost frame ID: 377
The lost frame ID: 378
The lost frame ID: 379
The lost frame ID: 380
The lost frame ID: 381
The lost frame ID: 382

Saving camera trajectory to TrajectoryBeforeReset_oxf_akz_bsk_r19_seg08_pid3484748_1757605073741.txt ...

trajectory saved!
[Tracking] wrote pre-reset trajectory to TrajectoryBeforeReset_oxf_akz_bsk_r19_seg08_pid3484748_1757605073741.txt
[Tracking] LOST for 10 consecutive frames -> reset
System Reseting
Reseting Local Mapper... done
Reseting Loop Closing... done
Reseting Database... done
0
New map created with 694 points for 0 Feature Type 
New map created with 67 points for 1 Feature Type 
Tracking Initlized in 5.33s
The initlized frame ID: 7
The lost frame ID: 1414
The lost frame ID: 1415
The lost frame ID: 1416
The lost frame ID: 1417
The lost frame ID: 1418
The lost frame ID: 1419
The lost frame ID: 1420
The lost frame ID: 1421
The lost frame ID: 1422

Saving camera trajectory to TrajectoryBeforeReset_oxf_akz_bsk_r19_seg09_pid3484748_1757605339435.txt ...

trajectory saved!
[Tracking] wrote pre-reset trajectory to TrajectoryBeforeReset_oxf_akz_bsk_r19_seg09_pid3484748_1757605339435.txt
[Tracking] LOST for 10 consecutive frames -> reset
System Reseting
Reseting Local Mapper... done
Reseting Loop Closing... done
Reseting Database... done
0
New map created with 1128 points for 0 Feature Type 
New map created with 119 points for 1 Feature Type 
Tracking Initlized in 0.84s
The initlized frame ID: 1
The lost frame ID: 1354
The lost frame ID: 1355
The lost frame ID: 1356
The lost frame ID: 1357
The lost frame ID: 1358
The lost frame ID: 1359
The lost frame ID: 1360
The lost frame ID: 1361
The lost frame ID: 1362

Saving camera trajectory to TrajectoryBeforeReset_oxf_akz_bsk_r19_seg10_pid3484748_1757605580914.txt ...

trajectory saved!
[Tracking] wrote pre-reset trajectory to TrajectoryBeforeReset_oxf_akz_bsk_r19_seg10_pid3484748_1757605580914.txt
[Tracking] LOST for 10 consecutive frames -> reset
System Reseting
Reseting Local Mapper... done
Reseting Loop Closing... done
Reseting Database... done
0
New map created with 761 points for 0 Feature Type 
New map created with 113 points for 1 Feature Type 
Tracking Initlized in 1.59s
The initlized frame ID: 2
Track lost soon after initialisation, reseting...
System Reseting
Reseting Local Mapper... done
Reseting Loop Closing... done
Reseting Database... done
0
New map created with 758 points for 0 Feature Type 
New map created with 105 points for 1 Feature Type 
Tracking Initlized in 1.72s
The initlized frame ID: 2
Track lost soon after initialisation, reseting...
System Reseting
Reseting Local Mapper... done
Reseting Loop Closing... done
Reseting Database... done
0
New map created with 677 points for 0 Feature Type 
New map created with 91 points for 1 Feature Type 
Tracking Initlized in 1.63s
The initlized frame ID: 2
Track lost soon after initialisation, reseting...
System Reseting
Reseting Local Mapper... done
Reseting Loop Closing... done
Reseting Database... done
0
New map created with 701 points for 0 Feature Type 
New map created with 98 points for 1 Feature Type 
Tracking Initlized in 0.84s
The initlized frame ID: 1
Track lost soon after initialisation, reseting...
System Reseting
Reseting Local Mapper... done
Reseting Loop Closing... done
Reseting Database... done
0
New map created with 643 points for 0 Feature Type 
New map created with 64 points for 1 Feature Type 
Tracking Initlized in 0.88s
The initlized frame ID: 1
Track lost soon after initialisation, reseting...
System Reseting
Reseting Local Mapper... done
Reseting Loop Closing... done
Reseting Database... done
0
New map created with 618 points for 0 Feature Type 
New map created with 54 points for 1 Feature Type 
Tracking Initlized in 0.78s
The initlized frame ID: 1
Track lost soon after initialisation, reseting...
System Reseting
Reseting Local Mapper... done
Reseting Loop Closing... done
Reseting Database... done
0
New map created with 552 points for 0 Feature Type 
New map created with 40 points for 1 Feature Type 
Tracking Initlized in 1.50s
The initlized frame ID: 2
Track lost soon after initialisation, reseting...
System Reseting
Reseting Local Mapper... done
Reseting Loop Closing... done
Reseting Database... done
0
New map created with 643 points for 0 Feature Type 
New map created with 41 points for 1 Feature Type 
Tracking Initlized in 1.50s
The initlized frame ID: 2
Track lost soon after initialisation, reseting...
System Reseting
Reseting Local Mapper... done
Reseting Loop Closing... done
Reseting Database... done
0
New map created with 699 points for 0 Feature Type 
New map created with 48 points for 1 Feature Type 
Tracking Initlized in 1.71s
The initlized frame ID: 2
The lost frame ID: 849
The lost frame ID: 850
The lost frame ID: 851
The lost frame ID: 852
The lost frame ID: 853
The lost frame ID: 854
The lost frame ID: 855
The lost frame ID: 856
The lost frame ID: 857

Saving camera trajectory to TrajectoryBeforeReset_oxf_akz_bsk_r19_seg11_pid3484748_1757605732901.txt ...

trajectory saved!
[Tracking] wrote pre-reset trajectory to TrajectoryBeforeReset_oxf_akz_bsk_r19_seg11_pid3484748_1757605732901.txt
[Tracking] LOST for 10 consecutive frames -> reset
System Reseting
Reseting Local Mapper... done
Reseting Loop Closing... done
Reseting Database... done
0
New map created with 804 points for 0 Feature Type 
New map created with 229 points for 1 Feature Type 
Tracking Initlized in 5.40s
The initlized frame ID: 9
The lost frame ID: 100
The lost frame ID: 101
The lost frame ID: 102
The lost frame ID: 103
The lost frame ID: 104
The lost frame ID: 105
The lost frame ID: 106
The lost frame ID: 107
The lost frame ID: 108

Saving camera trajectory to TrajectoryBeforeReset_oxf_akz_bsk_r19_seg12_pid3484748_1757605754923.txt ...

trajectory saved!
[Tracking] wrote pre-reset trajectory to TrajectoryBeforeReset_oxf_akz_bsk_r19_seg12_pid3484748_1757605754923.txt
[Tracking] LOST for 10 consecutive frames -> reset
System Reseting
Reseting Local Mapper... done
Reseting Loop Closing... done
Reseting Database... done
0
New map created with 1470 points for 0 Feature Type 
New map created with 413 points for 1 Feature Type 
Tracking Initlized in 1.14s
The initlized frame ID: 1
The lost frame ID: 45
The lost frame ID: 46
The lost frame ID: 47
The lost frame ID: 48
The lost frame ID: 49
The lost frame ID: 50
The lost frame ID: 51
The lost frame ID: 52
The lost frame ID: 53

Saving camera trajectory to TrajectoryBeforeReset_oxf_akz_bsk_r19_seg13_pid3484748_1757605760870.txt ...

trajectory saved!
[Tracking] wrote pre-reset trajectory to TrajectoryBeforeReset_oxf_akz_bsk_r19_seg13_pid3484748_1757605760870.txt
[Tracking] LOST for 10 consecutive frames -> reset
System Reseting
Reseting Local Mapper... done
Reseting Loop Closing... done
Reseting Database... done
0
New map created with 751 points for 0 Feature Type 
New map created with 199 points for 1 Feature Type 
Tracking Initlized in 1.09s
The initlized frame ID: 1
The lost frame ID: 30
The lost frame ID: 31
The lost frame ID: 32
The lost frame ID: 33
The lost frame ID: 34
The lost frame ID: 35
The lost frame ID: 36
The lost frame ID: 37
The lost frame ID: 38

Saving camera trajectory to TrajectoryBeforeReset_oxf_akz_bsk_r19_seg14_pid3484748_1757605769014.txt ...

trajectory saved!
[Tracking] wrote pre-reset trajectory to TrajectoryBeforeReset_oxf_akz_bsk_r19_seg14_pid3484748_1757605769014.txt
[Tracking] LOST for 10 consecutive frames -> reset
System Reseting
Reseting Local Mapper... done
Reseting Loop Closing... done
Reseting Database... done
0
New map created with 857 points for 0 Feature Type 
New map created with 243 points for 1 Feature Type 
Tracking Initlized in 1.02s
The initlized frame ID: 1
The lost frame ID: 24
System::StopViewer()
System::StopViewer() done

Saving correlation status...

========== Global Summary ==========
Frames: 7104
avg_CorrEdges: 6.84755
avg_match_A: 122.809
avg_match_B: 118.036
global_RI_MNR: 0.0580125
global_RI_GNR: 0.0568741
global_RI_DICE: 0.0568629

========== Per-Channel Summary ==========
   chA   chB     avgCorr        avgA        avgB   avgRI_MNR   avgRI_GNR  avgRI_DICE
     0     1     6.84755     122.809     118.036   0.0553216   0.0457147   0.0445554

Correlation status saved!

System Shutdown
-------

median tracking time: 0.165337
mean tracking time: 0.168988

Saving camera trajectory to result19.txt ...

trajectory saved!
All done

========== Performance Summary (ms) ==========
name                                mean      median        rmse         min         max       count
Lost Count                         1.000       1.000       0.000       1.000       1.000          14
Tracking                          10.818       9.161      10.489       1.802     455.481        7304
Total Init                     45435.308   45435.308       0.000   45435.308   45435.308           1
Pipeline                         167.800     165.148      34.357      89.324     632.109        7513
Reset Count                        1.000       1.000       0.000       1.000       1.000          22
Correlation                        0.247       0.208       0.174       0.003       5.282        7109
AKAZE Extract                    147.900     147.779      24.515      78.468     233.119        7513
BRISK Extract                     54.211      44.612      30.842       3.571     180.352        7513
