Registering ORBextractor...
Registering AKAZEextractor...
Registering BRISKextractor...
Registering SIFTextractor...
Registering KAZEextractor...
Registering SuperPointExtractor...

ORB-SLAM2 Copyright (C) 2014-2016 Raul Mur-Artal, University of Zaragoza.
This program comes with ABSOLUTELY NO WARRANTY;
This is free software, and you are welcome to redistribute it
under certain conditions. See LICENSE.txt.

Input sensor was set to: Monocular

Loading Vocabulary : /home/howard/Refactored_ORB_SLAM2/Install/var/lib/orbslam2/voc/akaze_cv.fbow
This could take a while...
Loading AKAZE Vocabulary in FBoW.
AKAZE Vocabulary loaded in 0.010511s


Loading Vocabulary : /home/howard/Refactored_ORB_SLAM2/Install/var/lib/orbslam2/voc/brisk_cv.fbow
This could take a while...
Loading BRISK Vocabulary in FBoW.
BRISK Vocabulary loaded in 0.006068s


Camera Parameters: 
- fx: 983.044
- fy: 983.044
- cx: 643.647
- cy: 493.379
- k1: 0
- k2: 0
- p1: 0
- p2: 0
- fps: 16
- color order: RGB (ignored if grayscale)

[Feature 0] AKAZE Extractor Parameters: 
 ( TH_LOW: 100, TH_HIGH: 200 )
- Number of Features: 2000
- Scale Levels: 4
- Scale Factor: 1.2
- Threshold: 0.0001
- Num of Octaves: 4
- Num of Octave Layers: 4

[Feature 1] BRISK Extractor Parameters: 
 ( TH_LOW: 150, TH_HIGH: 250 )
- Number of Features: 2000
- Scale Levels: 6
- Scale Factor: 1.414
- Threshold: 50
- Num of Octaves: 3
- Pattern Scale: 1

-------
Start processing sequence ...
Images in the sequence: 7513

0
New map created with 488 points for 0 Feature Type 
New map created with 143 points for 1 Feature Type 
Tracking Initlized in 140.20s
The initlized frame ID: 141
The lost frame ID: 830
The lost frame ID: 831
The lost frame ID: 832
The lost frame ID: 833
The lost frame ID: 834
The lost frame ID: 835
The lost frame ID: 836
The lost frame ID: 837
The lost frame ID: 838

Saving camera trajectory to TrajectoryBeforeReset_oxf_akz_bsk_r11_seg01_pid2440058_1757591706611.txt ...

trajectory saved!
[Tracking] wrote pre-reset trajectory to TrajectoryBeforeReset_oxf_akz_bsk_r11_seg01_pid2440058_1757591706611.txt
[Tracking] LOST for 10 consecutive frames -> reset
System Reseting
Reseting Local Mapper... done
Reseting Loop Closing... done
Reseting Database... done
0
New map created with 513 points for 0 Feature Type 
New map created with 85 points for 1 Feature Type 
Tracking Initlized in 1.91s
The initlized frame ID: 2
The lost frame ID: 626
The lost frame ID: 627
The lost frame ID: 628
The lost frame ID: 629
The lost frame ID: 630
The lost frame ID: 631
The lost frame ID: 632
The lost frame ID: 633
The lost frame ID: 634

Saving camera trajectory to TrajectoryBeforeReset_oxf_akz_bsk_r11_seg02_pid2440058_1757591853900.txt ...

trajectory saved!
[Tracking] wrote pre-reset trajectory to TrajectoryBeforeReset_oxf_akz_bsk_r11_seg02_pid2440058_1757591853900.txt
[Tracking] LOST for 10 consecutive frames -> reset
System Reseting
Reseting Local Mapper... done
Reseting Loop Closing... done
Reseting Database... done
0
New map created with 532 points for 0 Feature Type 
New map created with 223 points for 1 Feature Type 
Tracking Initlized in 1.94s
The initlized frame ID: 2
The lost frame ID: 434
The lost frame ID: 435
The lost frame ID: 436
The lost frame ID: 437
The lost frame ID: 438
The lost frame ID: 439
The lost frame ID: 440
The lost frame ID: 441
The lost frame ID: 442

Saving camera trajectory to TrajectoryBeforeReset_oxf_akz_bsk_r11_seg03_pid2440058_1757591954612.txt ...

trajectory saved!
[Tracking] wrote pre-reset trajectory to TrajectoryBeforeReset_oxf_akz_bsk_r11_seg03_pid2440058_1757591954612.txt
[Tracking] LOST for 10 consecutive frames -> reset
System Reseting
Reseting Local Mapper... done
Reseting Loop Closing... done
Reseting Database... done
0
New map created with 888 points for 0 Feature Type 
New map created with 161 points for 1 Feature Type 
Tracking Initlized in 0.90s
The initlized frame ID: 1
Track lost soon after initialisation, reseting...
System Reseting
Reseting Local Mapper... done
Reseting Loop Closing... done
Reseting Database... done
0
New map created with 941 points for 0 Feature Type 
New map created with 233 points for 1 Feature Type 
Tracking Initlized in 0.84s
The initlized frame ID: 1
The lost frame ID: 838
The lost frame ID: 840
The lost frame ID: 841
The lost frame ID: 842
The lost frame ID: 843
The lost frame ID: 846
The lost frame ID: 851
The lost frame ID: 854
The lost frame ID: 857
The lost frame ID: 858
The lost frame ID: 862
The lost frame ID: 868
The lost frame ID: 870
The lost frame ID: 871
The lost frame ID: 875
The lost frame ID: 876
The lost frame ID: 877
The lost frame ID: 878
The lost frame ID: 879
The lost frame ID: 880
The lost frame ID: 881
The lost frame ID: 882
The lost frame ID: 883

Saving camera trajectory to TrajectoryBeforeReset_oxf_akz_bsk_r11_seg04_pid2440058_1757592149818.txt ...

trajectory saved!
[Tracking] wrote pre-reset trajectory to TrajectoryBeforeReset_oxf_akz_bsk_r11_seg04_pid2440058_1757592149818.txt
[Tracking] LOST for 10 consecutive frames -> reset
System Reseting
Reseting Local Mapper... done
Reseting Loop Closing... done
Reseting Database... done
0
New map created with 706 points for 0 Feature Type 
New map created with 201 points for 1 Feature Type 
Tracking Initlized in 1.08s
The initlized frame ID: 1
The lost frame ID: 143
The lost frame ID: 144
The lost frame ID: 145
The lost frame ID: 146
The lost frame ID: 147
The lost frame ID: 148
The lost frame ID: 149
The lost frame ID: 150
The lost frame ID: 151

Saving camera trajectory to TrajectoryBeforeReset_oxf_akz_bsk_r11_seg05_pid2440058_1757592188104.txt ...

trajectory saved!
[Tracking] wrote pre-reset trajectory to TrajectoryBeforeReset_oxf_akz_bsk_r11_seg05_pid2440058_1757592188104.txt
[Tracking] LOST for 10 consecutive frames -> reset
System Reseting
Reseting Local Mapper... done
Reseting Loop Closing... done
Reseting Database... done
0
New map created with 488 points for 0 Feature Type 
New map created with 111 points for 1 Feature Type 
Tracking Initlized in 1.14s
The initlized frame ID: 1
The lost frame ID: 592
The lost frame ID: 593
The lost frame ID: 594
The lost frame ID: 595
The lost frame ID: 596
The lost frame ID: 597
The lost frame ID: 598
The lost frame ID: 599
The lost frame ID: 600

Saving camera trajectory to TrajectoryBeforeReset_oxf_akz_bsk_r11_seg06_pid2440058_1757592331069.txt ...

trajectory saved!
[Tracking] wrote pre-reset trajectory to TrajectoryBeforeReset_oxf_akz_bsk_r11_seg06_pid2440058_1757592331069.txt
[Tracking] LOST for 10 consecutive frames -> reset
System Reseting
Reseting Local Mapper... done
Reseting Loop Closing... done
Reseting Database... done
0
New map created with 1174 points for 0 Feature Type 
New map created with 105 points for 1 Feature Type 
Tracking Initlized in 1.76s
The initlized frame ID: 2
Track lost soon after initialisation, reseting...
System Reseting
Reseting Local Mapper... done
Reseting Loop Closing... done
Reseting Database... done
0
New map created with 896 points for 0 Feature Type 
New map created with 128 points for 1 Feature Type 
Tracking Initlized in 1.05s
The initlized frame ID: 1
Track lost soon after initialisation, reseting...
System Reseting
Reseting Local Mapper... done
Reseting Loop Closing... done
Reseting Database... done
0
New map created with 843 points for 0 Feature Type 
New map created with 119 points for 1 Feature Type 
Tracking Initlized in 0.94s
The initlized frame ID: 1
Track lost soon after initialisation, reseting...
System Reseting
Reseting Local Mapper... done
Reseting Loop Closing... done
Reseting Database... done
0
New map created with 1004 points for 0 Feature Type 
New map created with 119 points for 1 Feature Type 
Tracking Initlized in 0.87s
The initlized frame ID: 1
The lost frame ID: 1401
The lost frame ID: 1402
The lost frame ID: 1403
The lost frame ID: 1404
The lost frame ID: 1405
The lost frame ID: 1406
The lost frame ID: 1407
The lost frame ID: 1408
The lost frame ID: 1409

Saving camera trajectory to TrajectoryBeforeReset_oxf_akz_bsk_r11_seg07_pid2440058_1757592661628.txt ...

trajectory saved!
[Tracking] wrote pre-reset trajectory to TrajectoryBeforeReset_oxf_akz_bsk_r11_seg07_pid2440058_1757592661628.txt
[Tracking] LOST for 10 consecutive frames -> reset
System Reseting
Reseting Local Mapper... done
Reseting Loop Closing... done
Reseting Database... done
0
New map created with 1189 points for 0 Feature Type 
New map created with 106 points for 1 Feature Type 
Tracking Initlized in 1.05s
The initlized frame ID: 1
The lost frame ID: 1657
The lost frame ID: 1658
The lost frame ID: 1659
The lost frame ID: 1660
The lost frame ID: 1661
The lost frame ID: 1662
The lost frame ID: 1663
The lost frame ID: 1664
The lost frame ID: 1665

Saving camera trajectory to TrajectoryBeforeReset_oxf_akz_bsk_r11_seg08_pid2440058_1757593021364.txt ...

trajectory saved!
[Tracking] wrote pre-reset trajectory to TrajectoryBeforeReset_oxf_akz_bsk_r11_seg08_pid2440058_1757593021364.txt
[Tracking] LOST for 10 consecutive frames -> reset
System Reseting
Reseting Local Mapper... done
Reseting Loop Closing... done
Reseting Database... done
0
New map created with 646 points for 0 Feature Type 
New map created with 14 points for 1 Feature Type 
Tracking Initlized in 0.87s
The initlized frame ID: 1
The lost frame ID: 577
The lost frame ID: 578
The lost frame ID: 579
The lost frame ID: 580
The lost frame ID: 581
The lost frame ID: 582
The lost frame ID: 583
The lost frame ID: 584
The lost frame ID: 585

Saving camera trajectory to TrajectoryBeforeReset_oxf_akz_bsk_r11_seg09_pid2440058_1757593146515.txt ...

trajectory saved!
[Tracking] wrote pre-reset trajectory to TrajectoryBeforeReset_oxf_akz_bsk_r11_seg09_pid2440058_1757593146515.txt
[Tracking] LOST for 10 consecutive frames -> reset
System Reseting
Reseting Local Mapper... done
Reseting Loop Closing... done
Reseting Database... done
0
New map created with 740 points for 0 Feature Type 
New map created with 156 points for 1 Feature Type 
Tracking Initlized in 5.59s
The initlized frame ID: 8
The lost frame ID: 154
The lost frame ID: 155
The lost frame ID: 156
The lost frame ID: 157
The lost frame ID: 158
The lost frame ID: 159
The lost frame ID: 160
The lost frame ID: 161
The lost frame ID: 162

Saving camera trajectory to TrajectoryBeforeReset_oxf_akz_bsk_r11_seg10_pid2440058_1757593177696.txt ...

trajectory saved!
[Tracking] wrote pre-reset trajectory to TrajectoryBeforeReset_oxf_akz_bsk_r11_seg10_pid2440058_1757593177696.txt
[Tracking] LOST for 10 consecutive frames -> reset
System Reseting
Reseting Local Mapper... done
Reseting Loop Closing... done
Reseting Database... done
0
New map created with 715 points for 0 Feature Type 
New map created with 167 points for 1 Feature Type 
Tracking Initlized in 1.13s
The initlized frame ID: 1
System::StopViewer()
System::StopViewer() done

Saving correlation status...

========== Global Summary ==========
Frames: 7212
avg_CorrEdges: 6.93691
avg_match_A: 127.427
avg_match_B: 125.26
global_RI_MNR: 0.0553802
global_RI_GNR: 0.0549071
global_RI_DICE: 0.0549051

========== Per-Channel Summary ==========
   chA   chB     avgCorr        avgA        avgB   avgRI_MNR   avgRI_GNR  avgRI_DICE
     0     1     6.93691     127.427      125.26   0.0583437   0.0484535    0.047296

Correlation status saved!

System Shutdown
-------

median tracking time: 0.209496
mean tracking time: 0.213013

Saving camera trajectory to result11.txt ...

trajectory saved!
All done

========== Performance Summary (ms) ==========
name                                mean      median        rmse         min         max       count
Lost Count                         1.000       1.000       0.000       1.000       1.000          10
Tracking                          14.006      12.316      11.856       1.634     708.899        7333
Total Init                     50735.897   50735.897       0.000   50735.897   50735.897           1
Pipeline                         211.622     209.384      40.142      94.479     922.875        7513
Reset Count                        1.000       1.000       0.000       1.000       1.000          14
Correlation                        0.325       0.273       0.279       0.005       8.379        7215
AKAZE Extract                    187.876     187.818      31.836      77.782     302.498        7513
BRISK Extract                     62.808      52.821      33.505       3.442     192.023        7513
