Registering ORBextractor...
Registering AKAZEextractor...
Registering BRISKextractor...
Registering SIFTextractor...
Registering KAZEextractor...
Registering SuperPointExtractor...

ORB-SLAM2 Copyright (C) 2014-2016 Raul Mur-Artal, University of Zaragoza.
This program comes with ABSOLUTELY NO WARRANTY;
This is free software, and you are welcome to redistribute it
under certain conditions. See LICENSE.txt.

Input sensor was set to: Monocular

Loading Vocabulary : /home/howard/Refactored_ORB_SLAM2/Install/var/lib/orbslam2/voc/orb_mur.fbow
This could take a while...
Loading ORB Vocabulary in FBoW.
ORB Vocabulary loaded in 0.023303s


Loading Vocabulary : /home/howard/Refactored_ORB_SLAM2/Install/var/lib/orbslam2/voc/akaze_cv.fbow
This could take a while...
Loading AKAZE Vocabulary in FBoW.
AKAZE Vocabulary loaded in 0.006069s


Camera Parameters: 
- fx: 983.044
- fy: 983.044
- cx: 643.647
- cy: 493.379
- k1: 0
- k2: 0
- p1: 0
- p2: 0
- fps: 16
- color order: RGB (ignored if grayscale)

[Feature 0] ORB Extractor Parameters: 
 ( TH_LOW: 50, TH_HIGH: 100 )
- Number of Features: 2000
- Scale Levels: 8
- Scale Factor: 1.2
- Initial Fast Threshold: 20
- Minimum Fast Threshold: 7

[Feature 1] AKAZE Extractor Parameters: 
 ( TH_LOW: 100, TH_HIGH: 200 )
- Number of Features: 2000
- Scale Levels: 4
- Scale Factor: 1.2
- Threshold: 0.0001
- Num of Octaves: 4
- Num of Octave Layers: 4

-------
Start processing sequence ...
Images in the sequence: 7513

1
New map created with 107 points for 0 Feature Type 
New map created with 818 points for 1 Feature Type 
Tracking Initlized in 119.91s
The initlized frame ID: 147
The lost frame ID: 831
The lost frame ID: 832
The lost frame ID: 833
The lost frame ID: 834
The lost frame ID: 835
The lost frame ID: 836
The lost frame ID: 837
The lost frame ID: 838
The lost frame ID: 839

Saving camera trajectory to TrajectoryBeforeReset_oxf_orb_akz_r06_seg01_pid968440_1757439910374.txt ...

trajectory saved!
[Tracking] wrote pre-reset trajectory to TrajectoryBeforeReset_oxf_orb_akz_r06_seg01_pid968440_1757439910374.txt
[Tracking] LOST for 10 consecutive frames -> reset
System Reseting
Reseting Local Mapper... done
Reseting Loop Closing... done
Reseting Database... done
1
New map created with 126 points for 0 Feature Type 
New map created with 1030 points for 1 Feature Type 
Tracking Initlized in 0.90s
The initlized frame ID: 1
The lost frame ID: 622
The lost frame ID: 623
The lost frame ID: 624
The lost frame ID: 625
The lost frame ID: 626
The lost frame ID: 627
The lost frame ID: 628
The lost frame ID: 629
The lost frame ID: 630

Saving camera trajectory to TrajectoryBeforeReset_oxf_orb_akz_r06_seg02_pid968440_1757440021229.txt ...

trajectory saved!
[Tracking] wrote pre-reset trajectory to TrajectoryBeforeReset_oxf_orb_akz_r06_seg02_pid968440_1757440021229.txt
[Tracking] LOST for 10 consecutive frames -> reset
System Reseting
Reseting Local Mapper... done
Reseting Loop Closing... done
Reseting Database... done
1
New map created with 97 points for 0 Feature Type 
New map created with 682 points for 1 Feature Type 
Tracking Initlized in 0.85s
The initlized frame ID: 1
Track lost soon after initialisation, reseting...
System Reseting
Reseting Local Mapper... done
Reseting Loop Closing... done
Reseting Database... done
1
New map created with 35 points for 0 Feature Type 
New map created with 409 points for 1 Feature Type 
Tracking Initlized in 1.80s
The initlized frame ID: 2
Track lost soon after initialisation, reseting...
System Reseting
Reseting Local Mapper... done
Reseting Loop Closing... done
Reseting Database... done
1
New map created with 79 points for 0 Feature Type 
New map created with 613 points for 1 Feature Type 
Tracking Initlized in 1.60s
The initlized frame ID: 2
Track lost soon after initialisation, reseting...
System Reseting
Reseting Local Mapper... done
Reseting Loop Closing... done
Reseting Database... done
1
New map created with 53 points for 0 Feature Type 
New map created with 419 points for 1 Feature Type 
Tracking Initlized in 1.70s
The initlized frame ID: 2
The lost frame ID: 262
The lost frame ID: 1278
The lost frame ID: 1279
The lost frame ID: 1280
The lost frame ID: 1281
The lost frame ID: 1282
The lost frame ID: 1283
The lost frame ID: 1284
The lost frame ID: 1285
The lost frame ID: 1286

Saving camera trajectory to TrajectoryBeforeReset_oxf_orb_akz_r06_seg03_pid968440_1757440254278.txt ...

trajectory saved!
[Tracking] wrote pre-reset trajectory to TrajectoryBeforeReset_oxf_orb_akz_r06_seg03_pid968440_1757440254278.txt
[Tracking] LOST for 10 consecutive frames -> reset
System Reseting
Reseting Local Mapper... done
Reseting Loop Closing... done
Reseting Database... done
1
New map created with 99 points for 0 Feature Type 
New map created with 579 points for 1 Feature Type 
Tracking Initlized in 0.89s
The initlized frame ID: 1
The lost frame ID: 180
The lost frame ID: 181
The lost frame ID: 182
The lost frame ID: 183
The lost frame ID: 184
The lost frame ID: 185
The lost frame ID: 186
The lost frame ID: 187
The lost frame ID: 188

Saving camera trajectory to TrajectoryBeforeReset_oxf_orb_akz_r06_seg04_pid968440_1757440289156.txt ...

trajectory saved!
[Tracking] wrote pre-reset trajectory to TrajectoryBeforeReset_oxf_orb_akz_r06_seg04_pid968440_1757440289156.txt
[Tracking] LOST for 10 consecutive frames -> reset
System Reseting
Reseting Local Mapper... done
Reseting Loop Closing... done
Reseting Database... done
1
New map created with 88 points for 0 Feature Type 
New map created with 498 points for 1 Feature Type 
Tracking Initlized in 0.93s
The initlized frame ID: 1
The lost frame ID: 594
The lost frame ID: 595
The lost frame ID: 596
The lost frame ID: 597
The lost frame ID: 598
The lost frame ID: 599
The lost frame ID: 600
The lost frame ID: 601
The lost frame ID: 602

Saving camera trajectory to TrajectoryBeforeReset_oxf_orb_akz_r06_seg05_pid968440_1757440392792.txt ...

trajectory saved!
[Tracking] wrote pre-reset trajectory to TrajectoryBeforeReset_oxf_orb_akz_r06_seg05_pid968440_1757440392792.txt
[Tracking] LOST for 10 consecutive frames -> reset
System Reseting
Reseting Local Mapper... done
Reseting Loop Closing... done
Reseting Database... done
1
New map created with 77 points for 0 Feature Type 
New map created with 538 points for 1 Feature Type 
Tracking Initlized in 1.06s
The initlized frame ID: 1
The lost frame ID: 1410
The lost frame ID: 1411
The lost frame ID: 1412
The lost frame ID: 1413
The lost frame ID: 1414
The lost frame ID: 1415
The lost frame ID: 1416
The lost frame ID: 1417
The lost frame ID: 1418

Saving camera trajectory to TrajectoryBeforeReset_oxf_orb_akz_r06_seg06_pid968440_1757440654046.txt ...

trajectory saved!
[Tracking] wrote pre-reset trajectory to TrajectoryBeforeReset_oxf_orb_akz_r06_seg06_pid968440_1757440654046.txt
[Tracking] LOST for 10 consecutive frames -> reset
System Reseting
Reseting Local Mapper... done
Reseting Loop Closing... done
Reseting Database... done
1
New map created with 169 points for 0 Feature Type 
New map created with 1199 points for 1 Feature Type 
Tracking Initlized in 0.86s
The initlized frame ID: 1
The lost frame ID: 2242
The lost frame ID: 2243
The lost frame ID: 2244
The lost frame ID: 2245
The lost frame ID: 2246
The lost frame ID: 2247
The lost frame ID: 2248
The lost frame ID: 2249
The lost frame ID: 2250

Saving camera trajectory to TrajectoryBeforeReset_oxf_orb_akz_r06_seg07_pid968440_1757441065523.txt ...

trajectory saved!
[Tracking] wrote pre-reset trajectory to TrajectoryBeforeReset_oxf_orb_akz_r06_seg07_pid968440_1757441065523.txt
[Tracking] LOST for 10 consecutive frames -> reset
System Reseting
Reseting Local Mapper... done
Reseting Loop Closing... done
Reseting Database... done
1
New map created with 84 points for 0 Feature Type 
New map created with 748 points for 1 Feature Type 
Tracking Initlized in 5.02s
The initlized frame ID: 8
The lost frame ID: 156
The lost frame ID: 157
The lost frame ID: 158
The lost frame ID: 159
The lost frame ID: 160
The lost frame ID: 161
The lost frame ID: 162
The lost frame ID: 163
The lost frame ID: 164

Saving camera trajectory to TrajectoryBeforeReset_oxf_orb_akz_r06_seg08_pid968440_1757441098343.txt ...

trajectory saved!
[Tracking] wrote pre-reset trajectory to TrajectoryBeforeReset_oxf_orb_akz_r06_seg08_pid968440_1757441098343.txt
[Tracking] LOST for 10 consecutive frames -> reset
System Reseting
Reseting Local Mapper... done
Reseting Loop Closing... done
Reseting Database... done
0
New map created with 103 points for 0 Feature Type 
New map created with 733 points for 1 Feature Type 
Tracking Initlized in 0.95s
The initlized frame ID: 1
System::StopViewer()
System::StopViewer() done

Saving correlation status...

========== Global Summary ==========
Frames: 7249
avg_CorrEdges: 4.01559
avg_match_A: 84.2271
avg_match_B: 141.197
global_RI_MNR: 0.0476757
global_RI_GNR: 0.0368223
global_RI_DICE: 0.035627

========== Per-Channel Summary ==========
   chA   chB     avgCorr        avgA        avgB   avgRI_MNR   avgRI_GNR  avgRI_DICE
     0     1     4.01559     84.2271     141.197    0.042802   0.0331289   0.0319011

Correlation status saved!

System Shutdown
-------

median tracking time: 0.163212
mean tracking time: 0.167871

Saving camera trajectory to result06.txt ...

trajectory saved!
All done

========== Performance Summary (ms) ==========
name                                mean      median        rmse         min         max       count
Lost Count                         1.000       1.000       0.000       1.000       1.000           8
Tracking                          10.177       9.022       9.367       0.544     648.438        7333
Total Init                     41026.904   41026.904       0.000   41026.904   41026.904           1
Pipeline                         167.126     163.169      28.490      99.468     810.536        7513
Reset Count                        1.000       1.000       0.000       1.000       1.000          11
Correlation                        0.206       0.174       0.151       0.034       5.876        7249
AKAZE Extract                    149.627     146.799      21.802      89.416     229.450        7513
ORB Extract                       32.769      31.447       7.548       7.936      78.777        7513
