Registering ORBextractor...
Registering AKAZEextractor...
Registering BRISKextractor...
Registering SIFTextractor...
Registering KAZEextractor...
Registering SuperPointExtractor...

ORB-SLAM2 Copyright (C) 2014-2016 Raul Mur-Artal, University of Zaragoza.
This program comes with ABSOLUTELY NO WARRANTY;
This is free software, and you are welcome to redistribute it
under certain conditions. See LICENSE.txt.

Input sensor was set to: Monocular

Loading Vocabulary : /home/howard/Refactored_ORB_SLAM2/Install/var/lib/orbslam2/voc/orb_mur.fbow
This could take a while...
Loading ORB Vocabulary in FBoW.
ORB Vocabulary loaded in 0.014242s


Loading Vocabulary : /home/howard/Refactored_ORB_SLAM2/Install/var/lib/orbslam2/voc/akaze_cv.fbow
This could take a while...
Loading AKAZE Vocabulary in FBoW.
AKAZE Vocabulary loaded in 0.002886s


Camera Parameters: 
- fx: 983.044
- fy: 983.044
- cx: 643.647
- cy: 493.379
- k1: 0
- k2: 0
- p1: 0
- p2: 0
- fps: 16
- color order: RGB (ignored if grayscale)

[Feature 0] ORB Extractor Parameters: 
 ( TH_LOW: 50, TH_HIGH: 100 )
- Number of Features: 2000
- Scale Levels: 8
- Scale Factor: 1.2
- Initial Fast Threshold: 20
- Minimum Fast Threshold: 7

[Feature 1] AKAZE Extractor Parameters: 
 ( TH_LOW: 100, TH_HIGH: 200 )
- Number of Features: 1000
- Scale Levels: 4
- Scale Factor: 1.2
- Threshold: 0.001
- Num of Octaves: 4
- Num of Octave Layers: 4

-------
Start processing sequence ...
Images in the sequence: 7513

1
New map created with 24 points for 0 Feature Type 
New map created with 130 points for 1 Feature Type 
Tracking Initlized in 92.08s
The initlized frame ID: 141
The lost frame ID: 831
The lost frame ID: 832
The lost frame ID: 833
The lost frame ID: 834
The lost frame ID: 835
The lost frame ID: 836
The lost frame ID: 837
The lost frame ID: 838
The lost frame ID: 839

Saving camera trajectory to TrajectoryBeforeReset_oxf_orb_akz_r14_seg01_pid27834_1757382921472.txt ...

trajectory saved!
[Tracking] wrote pre-reset trajectory to TrajectoryBeforeReset_oxf_orb_akz_r14_seg01_pid27834_1757382921472.txt
[Tracking] LOST for 10 consecutive frames -> reset
System Reseting
Reseting Local Mapper... done
Reseting Loop Closing... done
Reseting Database... done
1
New map created with 94 points for 0 Feature Type 
New map created with 498 points for 1 Feature Type 
Tracking Initlized in 1.26s
The initlized frame ID: 2
The lost frame ID: 640
The lost frame ID: 641
The lost frame ID: 642
The lost frame ID: 643
The lost frame ID: 644
The lost frame ID: 645
The lost frame ID: 646
The lost frame ID: 647
The lost frame ID: 648

Saving camera trajectory to TrajectoryBeforeReset_oxf_orb_akz_r14_seg02_pid27834_1757383022673.txt ...

trajectory saved!
[Tracking] wrote pre-reset trajectory to TrajectoryBeforeReset_oxf_orb_akz_r14_seg02_pid27834_1757383022673.txt
[Tracking] LOST for 10 consecutive frames -> reset
System Reseting
Reseting Local Mapper... done
Reseting Loop Closing... done
Reseting Database... done
1
New map created with 75 points for 0 Feature Type 
New map created with 224 points for 1 Feature Type 
Tracking Initlized in 1.93s
The initlized frame ID: 3
The lost frame ID: 1271
The lost frame ID: 1272
The lost frame ID: 1273
The lost frame ID: 1274
The lost frame ID: 1275
The lost frame ID: 1276
The lost frame ID: 1277
The lost frame ID: 1278
The lost frame ID: 1279

Saving camera trajectory to TrajectoryBeforeReset_oxf_orb_akz_r14_seg03_pid27834_1757383218381.txt ...

trajectory saved!
[Tracking] wrote pre-reset trajectory to TrajectoryBeforeReset_oxf_orb_akz_r14_seg03_pid27834_1757383218381.txt
[Tracking] LOST for 10 consecutive frames -> reset
System Reseting
Reseting Local Mapper... done
Reseting Loop Closing... done
Reseting Database... done
1
New map created with 55 points for 0 Feature Type 
New map created with 253 points for 1 Feature Type 
Tracking Initlized in 1.47s
The initlized frame ID: 2
The lost frame ID: 180
The lost frame ID: 181
The lost frame ID: 182
The lost frame ID: 183
The lost frame ID: 184
The lost frame ID: 185
The lost frame ID: 186
The lost frame ID: 187
The lost frame ID: 188

Saving camera trajectory to TrajectoryBeforeReset_oxf_orb_akz_r14_seg04_pid27834_1757383249401.txt ...

trajectory saved!
[Tracking] wrote pre-reset trajectory to TrajectoryBeforeReset_oxf_orb_akz_r14_seg04_pid27834_1757383249401.txt
[Tracking] LOST for 10 consecutive frames -> reset
System Reseting
Reseting Local Mapper... done
Reseting Loop Closing... done
Reseting Database... done
1
New map created with 70 points for 0 Feature Type 
New map created with 123 points for 1 Feature Type 
Tracking Initlized in 1.52s
The initlized frame ID: 2
The lost frame ID: 593
The lost frame ID: 594
The lost frame ID: 595
The lost frame ID: 596
The lost frame ID: 597
The lost frame ID: 598
The lost frame ID: 599
The lost frame ID: 600
The lost frame ID: 601

Saving camera trajectory to TrajectoryBeforeReset_oxf_orb_akz_r14_seg05_pid27834_1757383343118.txt ...

trajectory saved!
[Tracking] wrote pre-reset trajectory to TrajectoryBeforeReset_oxf_orb_akz_r14_seg05_pid27834_1757383343118.txt
[Tracking] LOST for 10 consecutive frames -> reset
System Reseting
Reseting Local Mapper... done
Reseting Loop Closing... done
Reseting Database... done
1
New map created with 77 points for 0 Feature Type 
New map created with 486 points for 1 Feature Type 
Tracking Initlized in 1.77s
The initlized frame ID: 3
The lost frame ID: 1409
The lost frame ID: 1410
The lost frame ID: 1411
The lost frame ID: 1412
The lost frame ID: 1413
The lost frame ID: 1414
The lost frame ID: 1415
The lost frame ID: 1416
The lost frame ID: 1417

Saving camera trajectory to TrajectoryBeforeReset_oxf_orb_akz_r14_seg06_pid27834_1757383564606.txt ...

trajectory saved!
[Tracking] wrote pre-reset trajectory to TrajectoryBeforeReset_oxf_orb_akz_r14_seg06_pid27834_1757383564606.txt
[Tracking] LOST for 10 consecutive frames -> reset
System Reseting
Reseting Local Mapper... done
Reseting Loop Closing... done
Reseting Database... done
0
New map created with 153 points for 0 Feature Type 
New map created with 609 points for 1 Feature Type 
Tracking Initlized in 1.28s
The initlized frame ID: 2
The lost frame ID: 2244
The lost frame ID: 2245
The lost frame ID: 2246
The lost frame ID: 2247
The lost frame ID: 2248
The lost frame ID: 2249
The lost frame ID: 2250
The lost frame ID: 2251
The lost frame ID: 2252

Saving camera trajectory to TrajectoryBeforeReset_oxf_orb_akz_r14_seg07_pid27834_1757383918752.txt ...

trajectory saved!
[Tracking] wrote pre-reset trajectory to TrajectoryBeforeReset_oxf_orb_akz_r14_seg07_pid27834_1757383918752.txt
[Tracking] LOST for 10 consecutive frames -> reset
System Reseting
Reseting Local Mapper... done
Reseting Loop Closing... done
Reseting Database... done
1
New map created with 87 points for 0 Feature Type 
New map created with 336 points for 1 Feature Type 
Tracking Initlized in 6.05s
The initlized frame ID: 10
The lost frame ID: 154
The lost frame ID: 155
The lost frame ID: 156
The lost frame ID: 157
The lost frame ID: 158
The lost frame ID: 159
The lost frame ID: 160
The lost frame ID: 161
The lost frame ID: 162

Saving camera trajectory to TrajectoryBeforeReset_oxf_orb_akz_r14_seg08_pid27834_1757383947019.txt ...

trajectory saved!
[Tracking] wrote pre-reset trajectory to TrajectoryBeforeReset_oxf_orb_akz_r14_seg08_pid27834_1757383947019.txt
[Tracking] LOST for 10 consecutive frames -> reset
System Reseting
Reseting Local Mapper... done
Reseting Loop Closing... done
Reseting Database... done
1
New map created with 95 points for 0 Feature Type 
New map created with 328 points for 1 Feature Type 
Tracking Initlized in 0.69s
The initlized frame ID: 1
System::StopViewer()
System::StopViewer() done

Saving correlation status...

========== Global Summary ==========
Frames: 7258
avg_CorrEdges: 4.18917
avg_match_A: 110.32
avg_match_B: 98.4143
global_RI_MNR: 0.0425667
global_RI_GNR: 0.0402042
global_RI_DICE: 0.0401387

========== Per-Channel Summary ==========
   chA   chB     avgCorr        avgA        avgB   avgRI_MNR   avgRI_GNR  avgRI_DICE
     0     1     4.18917      110.32     98.4143   0.0423734   0.0362891   0.0356801

Correlation status saved!

System Shutdown
-------

median tracking time: 0.133622
mean tracking time: 0.135829

Saving camera trajectory to result14.txt ...

trajectory saved!
All done

========== Performance Summary (ms) ==========
name                                mean      median        rmse         min         max       count
Lost Count                         1.000       1.000       0.000       1.000       1.000           8
Tracking                           8.606       7.504       8.523       0.866     550.961        7338
Total Init                     27315.786   27315.786       0.000   27315.786   27315.786           1
Pipeline                         135.117     133.554      23.466      77.519     684.967        7513
Reset Count                        1.000       1.000       0.000       1.000       1.000           8
Correlation                        0.187       0.155       0.197       0.030       8.358        7258
AKAZE Extract                    120.935     118.947      20.640      68.739     217.363        7513
ORB Extract                       30.897      29.196       7.983       7.837      77.203        7513
