Registering ORBextractor...
Registering AKAZEextractor...
Registering BRISKextractor...
Registering SIFTextractor...
Registering KAZEextractor...
Registering SuperPointExtractor...

ORB-SLAM2 Copyright (C) 2014-2016 Raul Mur-Artal, University of Zaragoza.
This program comes with ABSOLUTELY NO WARRANTY;
This is free software, and you are welcome to redistribute it
under certain conditions. See LICENSE.txt.

Input sensor was set to: Monocular

Loading Vocabulary : /home/howard/Refactored_ORB_SLAM2/Install/var/lib/orbslam2/voc/orb_mur.fbow
This could take a while...
Loading ORB Vocabulary in FBoW.
ORB Vocabulary loaded in 0.040476s


Loading Vocabulary : /home/howard/Refactored_ORB_SLAM2/Install/var/lib/orbslam2/voc/akaze_cv.fbow
This could take a while...
Loading AKAZE Vocabulary in FBoW.
AKAZE Vocabulary loaded in 0.004880s


Camera Parameters: 
- fx: 983.044
- fy: 983.044
- cx: 643.647
- cy: 493.379
- k1: 0
- k2: 0
- p1: 0
- p2: 0
- fps: 16
- color order: RGB (ignored if grayscale)

[Feature 0] ORB Extractor Parameters: 
 ( TH_LOW: 50, TH_HIGH: 100 )
- Number of Features: 2000
- Scale Levels: 8
- Scale Factor: 1.2
- Initial Fast Threshold: 20
- Minimum Fast Threshold: 7

[Feature 1] AKAZE Extractor Parameters: 
 ( TH_LOW: 100, TH_HIGH: 200 )
- Number of Features: 2000
- Scale Levels: 4
- Scale Factor: 1.2
- Threshold: 0.0001
- Num of Octaves: 4
- Num of Octave Layers: 4

-------
Start processing sequence ...
Images in the sequence: 7513

1
New map created with 106 points for 0 Feature Type 
New map created with 796 points for 1 Feature Type 
Tracking Initlized in 123.74s
The initlized frame ID: 147
The lost frame ID: 831
The lost frame ID: 832
The lost frame ID: 833
The lost frame ID: 834
The lost frame ID: 835
The lost frame ID: 836
The lost frame ID: 837
The lost frame ID: 838
The lost frame ID: 839

Saving camera trajectory to TrajectoryBeforeReset_oxf_orb_akz_r15_seg01_pid2007139_1757453097245.txt ...

trajectory saved!
[Tracking] wrote pre-reset trajectory to TrajectoryBeforeReset_oxf_orb_akz_r15_seg01_pid2007139_1757453097245.txt
[Tracking] LOST for 10 consecutive frames -> reset
System Reseting
Reseting Local Mapper... done
Reseting Loop Closing... done
Reseting Database... done
1
New map created with 128 points for 0 Feature Type 
New map created with 1017 points for 1 Feature Type 
Tracking Initlized in 0.87s
The initlized frame ID: 1
The lost frame ID: 641
The lost frame ID: 642
The lost frame ID: 643
The lost frame ID: 644
The lost frame ID: 645
The lost frame ID: 646
The lost frame ID: 647
The lost frame ID: 648
The lost frame ID: 649

Saving camera trajectory to TrajectoryBeforeReset_oxf_orb_akz_r15_seg02_pid2007139_1757453227096.txt ...

trajectory saved!
[Tracking] wrote pre-reset trajectory to TrajectoryBeforeReset_oxf_orb_akz_r15_seg02_pid2007139_1757453227096.txt
[Tracking] LOST for 10 consecutive frames -> reset
System Reseting
Reseting Local Mapper... done
Reseting Loop Closing... done
Reseting Database... done
1
New map created with 79 points for 0 Feature Type 
New map created with 610 points for 1 Feature Type 
Tracking Initlized in 2.79s
The initlized frame ID: 3
Track lost soon after initialisation, reseting...
System Reseting
Reseting Local Mapper... done
Reseting Loop Closing... done
Reseting Database... done
1
New map created with 86 points for 0 Feature Type 
New map created with 663 points for 1 Feature Type 
Tracking Initlized in 2.77s
The initlized frame ID: 3
The lost frame ID: 1265
The lost frame ID: 1266
The lost frame ID: 1267
The lost frame ID: 1268
The lost frame ID: 1269
The lost frame ID: 1270
The lost frame ID: 1271
The lost frame ID: 1272
The lost frame ID: 1273

Saving camera trajectory to TrajectoryBeforeReset_oxf_orb_akz_r15_seg03_pid2007139_1757453490942.txt ...

trajectory saved!
[Tracking] wrote pre-reset trajectory to TrajectoryBeforeReset_oxf_orb_akz_r15_seg03_pid2007139_1757453490942.txt
[Tracking] LOST for 10 consecutive frames -> reset
System Reseting
Reseting Local Mapper... done
Reseting Loop Closing... done
Reseting Database... done
1
New map created with 100 points for 0 Feature Type 
New map created with 586 points for 1 Feature Type 
Tracking Initlized in 0.89s
The initlized frame ID: 1
The lost frame ID: 180
The lost frame ID: 181
The lost frame ID: 182
The lost frame ID: 183
The lost frame ID: 184
The lost frame ID: 185
The lost frame ID: 186
The lost frame ID: 187
The lost frame ID: 188

Saving camera trajectory to TrajectoryBeforeReset_oxf_orb_akz_r15_seg04_pid2007139_1757453530635.txt ...

trajectory saved!
[Tracking] wrote pre-reset trajectory to TrajectoryBeforeReset_oxf_orb_akz_r15_seg04_pid2007139_1757453530635.txt
[Tracking] LOST for 10 consecutive frames -> reset
System Reseting
Reseting Local Mapper... done
Reseting Loop Closing... done
Reseting Database... done
1
New map created with 92 points for 0 Feature Type 
New map created with 505 points for 1 Feature Type 
Tracking Initlized in 1.23s
The initlized frame ID: 1
The lost frame ID: 594
The lost frame ID: 595
The lost frame ID: 596
The lost frame ID: 597
The lost frame ID: 598
The lost frame ID: 599
The lost frame ID: 600
The lost frame ID: 601
The lost frame ID: 602

Saving camera trajectory to TrajectoryBeforeReset_oxf_orb_akz_r15_seg05_pid2007139_1757453661697.txt ...

trajectory saved!
[Tracking] wrote pre-reset trajectory to TrajectoryBeforeReset_oxf_orb_akz_r15_seg05_pid2007139_1757453661697.txt
[Tracking] LOST for 10 consecutive frames -> reset
System Reseting
Reseting Local Mapper... done
Reseting Loop Closing... done
Reseting Database... done
1
New map created with 83 points for 0 Feature Type 
New map created with 559 points for 1 Feature Type 
Tracking Initlized in 0.88s
The initlized frame ID: 1
The lost frame ID: 1410
The lost frame ID: 1411
The lost frame ID: 1412
The lost frame ID: 1413
The lost frame ID: 1414
The lost frame ID: 1415
The lost frame ID: 1416
The lost frame ID: 1417
The lost frame ID: 1418

Saving camera trajectory to TrajectoryBeforeReset_oxf_orb_akz_r15_seg06_pid2007139_1757453951123.txt ...

trajectory saved!
[Tracking] wrote pre-reset trajectory to TrajectoryBeforeReset_oxf_orb_akz_r15_seg06_pid2007139_1757453951123.txt
[Tracking] LOST for 10 consecutive frames -> reset
System Reseting
Reseting Local Mapper... done
Reseting Loop Closing... done
Reseting Database... done
1
New map created with 166 points for 0 Feature Type 
New map created with 1159 points for 1 Feature Type 
Tracking Initlized in 0.92s
The initlized frame ID: 1
The lost frame ID: 2242
The lost frame ID: 2243
The lost frame ID: 2244
The lost frame ID: 2245
The lost frame ID: 2246
The lost frame ID: 2247
The lost frame ID: 2248
The lost frame ID: 2249
The lost frame ID: 2250

Saving camera trajectory to TrajectoryBeforeReset_oxf_orb_akz_r15_seg07_pid2007139_1757454409872.txt ...

trajectory saved!
[Tracking] wrote pre-reset trajectory to TrajectoryBeforeReset_oxf_orb_akz_r15_seg07_pid2007139_1757454409872.txt
[Tracking] LOST for 10 consecutive frames -> reset
System Reseting
Reseting Local Mapper... done
Reseting Loop Closing... done
Reseting Database... done
1
New map created with 74 points for 0 Feature Type 
New map created with 620 points for 1 Feature Type 
Tracking Initlized in 5.43s
The initlized frame ID: 8
The lost frame ID: 154
The lost frame ID: 155
The lost frame ID: 156
The lost frame ID: 157
The lost frame ID: 158
The lost frame ID: 159
The lost frame ID: 160
The lost frame ID: 161
The lost frame ID: 162

Saving camera trajectory to TrajectoryBeforeReset_oxf_orb_akz_r15_seg08_pid2007139_1757454448364.txt ...

trajectory saved!
[Tracking] wrote pre-reset trajectory to TrajectoryBeforeReset_oxf_orb_akz_r15_seg08_pid2007139_1757454448364.txt
[Tracking] LOST for 10 consecutive frames -> reset
System Reseting
Reseting Local Mapper... done
Reseting Loop Closing... done
Reseting Database... done
1
New map created with 96 points for 0 Feature Type 
New map created with 766 points for 1 Feature Type 
Tracking Initlized in 0.96s
The initlized frame ID: 1
System::StopViewer()
System::StopViewer() done

Saving correlation status...

========== Global Summary ==========
Frames: 7255
avg_CorrEdges: 3.86354
avg_match_A: 84.1644
avg_match_B: 141.434
global_RI_MNR: 0.0459047
global_RI_GNR: 0.0354115
global_RI_DICE: 0.0342515

========== Per-Channel Summary ==========
   chA   chB     avgCorr        avgA        avgB   avgRI_MNR   avgRI_GNR  avgRI_DICE
     0     1     3.86354     84.1644     141.434   0.0423064   0.0325797   0.0313322

Correlation status saved!

System Shutdown
-------

median tracking time: 0.187059
mean tracking time: 0.191658

Saving camera trajectory to result15.txt ...

trajectory saved!
All done

========== Performance Summary (ms) ==========
name                                mean      median        rmse         min         max       count
Lost Count                         1.000       1.000       0.000       1.000       1.000           8
Tracking                          11.479       9.979      10.597       1.901     637.488        7336
Total Init                     44993.044   44993.044       0.000   44993.044   44993.044           1
Pipeline                         190.901     187.017      35.937     104.205     848.165        7513
Reset Count                        1.000       1.000       0.000       1.000       1.000           9
Correlation                        0.231       0.187       0.243       0.041       6.855        7255
AKAZE Extract                    170.824     167.988      29.690      94.670     307.642        7513
ORB Extract                       36.000      34.476       9.290       9.996      85.420        7513
