Registering ORBextractor...
Registering AKAZEextractor...
Registering BRISKextractor...
Registering SIFTextractor...
Registering KAZEextractor...
Registering SuperPointExtractor...

ORB-SLAM2 Copyright (C) 2014-2016 Raul Mur-Artal, University of Zaragoza.
This program comes with ABSOLUTELY NO WARRANTY;
This is free software, and you are welcome to redistribute it
under certain conditions. See LICENSE.txt.

Input sensor was set to: Monocular

Loading Vocabulary : /home/howard/PM-SLAM/Install/var/lib/orbslam2/voc/brisk_cv.fbow
This could take a while...
Loading BRISK Vocabulary in FBoW.
BRISK Vocabulary loaded in 0.003435s


Loading Vocabulary : /home/howard/PM-SLAM/Install/var/lib/orbslam2/voc/kaze_cv.fbow
This could take a while...
Loading KAZE Vocabulary in FBoW.
KAZE Vocabulary loaded in 0.009020s


Camera Parameters: 
- fx: 718.856
- fy: 718.856
- cx: 607.193
- cy: 185.216
- k1: 0
- k2: 0
- p1: 0
- p2: 0
- fps: 10
- color order: RGB (ignored if grayscale)

[Feature 0] BRISK Extractor Parameters: 
 ( TH_LOW: 150, TH_HIGH: 250 )
- Number of Features: 2000
- Scale Levels: 6
- Scale Factor: 1.414
- Threshold: 50
- Num of Octaves: 3
- Pattern Scale: 1

[Feature 1] KAZE Extractor Parameters: 
 ( TH_LOW: 0.5, TH_HIGH: 1 )
- Number of Features : 2000
- Scale Levels       : 4
- Scale Factor       : 1.2
- Threshold          : 0.001
- nOctaves           : 4
- nOctaveLayers      : 4
- Extended (128‑dim) : 0
- Upright            : 0

-------
Start processing sequence ...
Images in the sequence: 4541

0
New map created with 468 points for 0 Feature Type 
New map created with 584 points for 1 Feature Type 
Tracking Initlized in 1.33s
The initlized frame ID: 1
[LoopClosing] Sim3 choosed on channel 1
Loop detected!
Local Mapping STOP
Local Mapping RELEASE
Starting Global Bundle Adjustment
Global Bundle Adjustment finished
Updating map ...
Local Mapping STOP
Local Mapping RELEASE
Map updated!
[LoopClosing] Sim3 choosed on channel 1
Loop detected!
Local Mapping STOP
Local Mapping RELEASE
Starting Global Bundle Adjustment
Global Bundle Adjustment finished
Updating map ...
Local Mapping STOP
Local Mapping RELEASE
Map updated!
[LoopClosing] Sim3 choosed on channel 1
Loop detected!
Local Mapping STOP
Local Mapping RELEASE
Starting Global Bundle Adjustment
Global Bundle Adjustment finished
Updating map ...
Local Mapping STOP
Local Mapping RELEASE
Map updated!
[LoopClosing] Sim3 choosed on channel 1
Loop detected!
Local Mapping STOP
Local Mapping RELEASE
Starting Global Bundle Adjustment
Global Bundle Adjustment finished
Updating map ...
Local Mapping STOP
Local Mapping RELEASE
Map updated!
System::StopViewer()
System::StopViewer() done
Viewer thread finished.
Viewer started, waiting for thread.
System::StopViewer()
System::StopViewer() done
Tracking thread joined...

Saving correlation status...

========== Global Summary ==========
Frames: 4539
avg_CorrEdges: 11.7947
avg_match_A: 149.032
avg_match_B: 243.883
global_RI_MNR: 0.0791418
global_RI_GNR: 0.0618664
global_RI_DICE: 0.0600367

========== Per-Channel Summary ==========
   chA   chB     avgCorr        avgA        avgB   avgRI_MNR   avgRI_GNR  avgRI_DICE
     0     1     11.7947     149.032     243.883   0.0581486   0.0454467    0.043957

Correlation status saved!

-------

median tracking time: 0.198789
mean tracking time: 0.201447

Saving camera trajectory to result17.txt ...

trajectory saved!

========== Performance Summary (ms) ==========
name                                mean      median        rmse         min         max       count
Tracking                          20.891      14.143      14.642       3.084      90.478        4539
Correlation                        0.244       0.202       0.133       0.059       1.541        4539
Total Init                       375.695     375.695       0.000     375.695     375.695           1
Pipeline                         201.440     198.776      33.038     154.042    1406.951        4541
KAZE Extract                     177.211     174.791      15.580     143.753     293.939        4541
BRISK Extract                     27.084      25.361      11.060       6.094      98.933        4541
