Registering ORBextractor...
Registering AKAZEextractor...
Registering BRISKextractor...
Registering SIFTextractor...
Registering KAZEextractor...
Registering SuperPointExtractor...
Loading images...
Loaded 3682 images.
Creating SLAM system...

ORB-SLAM2 Copyright (C) 2014-2016 Raul Mur-Artal, University of Zaragoza.
This program comes with ABSOLUTELY NO WARRANTY;
This is free software, and you are welcome to redistribute it
under certain conditions. See LICENSE.txt.

Input sensor was set to: Monocular

Loading Vocabulary : /home/howard/Refactored_ORB_SLAM2/Install/var/lib/orbslam2/voc/kaze_cv.fbow
This could take a while...
Loading KAZE Vocabulary in FBoW.
KAZE Vocabulary loaded in 0.008819s


Loading Vocabulary : /home/howard/Refactored_ORB_SLAM2/Install/var/lib/orbslam2/voc/superpoint.fbow
This could take a while...
Loading SuperPoint Vocabulary in FBoW.
SuperPoint Vocabulary loaded in 0.008901s


Camera Parameters: 
- fx: 458.654
- fy: 457.296
- cx: 367.215
- cy: 248.375
- k1: -0.283408
- k2: 0.0739591
- p1: 0.00019359
- p2: 1.76187e-05
- fps: 20
- color order: RGB (ignored if grayscale)

[Feature 0] KAZE Extractor Parameters: 
 ( TH_LOW: 0.5, TH_HIGH: 1 )
- Number of Features : 1000
- Scale Levels       : 4
- Scale Factor       : 1.2
- Threshold          : 0.0005
- nOctaves           : 4
- nOctaveLayers      : 4
- Extended (128‑dim) : 0
- Upright            : 0

[Feature 1] SuperPoint Extractor Parameters: 
 ( TH_LOW: 0.7, TH_HIGH: 0.9 )
- Number of Features: 1000
- Scale Levels: 4
- Scale Factor: 1.2
- Use CUDA: 1
- Use NMS: 1
- iniTh: 0.08
- minTh: 0.04

-------
Start processing sequence ...
Images in the sequence: 3682

0
New map created with 506 points for 0 Feature Type 
New map created with 170 points for 1 Feature Type 
Tracking Initlized in 1.48s
The initlized frame ID: 1
System::StopViewer()
System::StopViewer() done
Viewer thread finished.
Viewer started, waiting for thread.
Tracking thread joined...

Saving correlation status...

========== Global Summary ==========
Frames: 3680
avg_CorrEdges: 8.59348
avg_match_A: 298.445
avg_match_B: 355.831
global_RI_MNR: 0.0287942
global_RI_GNR: 0.0263703
global_RI_DICE: 0.0262686

========== Per-Channel Summary ==========
   chA   chB     avgCorr        avgA        avgB   avgRI_MNR   avgRI_GNR  avgRI_DICE
     0     1     8.59348     298.445     355.831   0.0296617   0.0262169   0.0259551

Correlation status saved!

-------

median tracking time: 0.146813
mean tracking time: 0.158215

Saving camera trajectory to Trajectory.txt ...

trajectory saved!

========== Performance Summary (ms) ==========
name                                mean      median        rmse         min         max       count
Tracking                          19.430      15.898       9.300       2.872      50.279        3680
Correlation                        0.277       0.273       0.053       0.056       0.587        3680
Total Init                       229.113     229.113       0.000     229.113     229.113           1
Pipeline                         158.212     146.804      27.242     113.609     333.059        3682
SuperPoint Extract               119.443     114.242      29.963      59.328     316.880        3682
KAZE Extract                     120.549     121.067      10.208      83.019     226.540        3682
