Registering ORBextractor...
Registering AKAZEextractor...
Registering BRISKextractor...
Registering SIFTextractor...
Registering KAZEextractor...
Registering SuperPointExtractor...

ORB-SLAM2 Copyright (C) 2014-2016 Raul Mur-Artal, University of Zaragoza.
This program comes with ABSOLUTELY NO WARRANTY;
This is free software, and you are welcome to redistribute it
under certain conditions. See LICENSE.txt.

Input sensor was set to: Monocular

Loading Vocabulary : /home/howard/Refactored_ORB_SLAM2/Install/var/lib/orbslam2/voc/orb_mur.fbow
This could take a while...
Loading ORB Vocabulary in FBoW.
ORB Vocabulary loaded in 0.034672s


Loading Vocabulary : /home/howard/Refactored_ORB_SLAM2/Install/var/lib/orbslam2/voc/sift_cv.fbow
This could take a while...
Loading SIFT Vocabulary in FBoW.
SIFT Vocabulary loaded in 0.047915s


Camera Parameters: 
- fx: 983.044
- fy: 983.044
- cx: 643.647
- cy: 493.379
- k1: 0
- k2: 0
- p1: 0
- p2: 0
- fps: 16
- color order: RGB (ignored if grayscale)

[Feature 0] ORB Extractor Parameters: 
 ( TH_LOW: 50, TH_HIGH: 100 )
- Number of Features: 2000
- Scale Levels: 8
- Scale Factor: 1.2
- Initial Fast Threshold: 20
- Minimum Fast Threshold: 7

[Feature 1] SIFT Extractor Parameters: 
 ( TH_LOW: 300, TH_HIGH: 500 )
- Number of Features  : 2000
- Scale Levels        : 1
- Scale Factor        : 1
- Contrast Threshold  : 0.01
- Edge Threshold      : 5
- nOctaves            : 3
- Sigma               : 1.6

-------
Start processing sequence ...
Images in the sequence: 7513

1
New map created with 101 points for 0 Feature Type 
New map created with 990 points for 1 Feature Type 
Tracking Initlized in 119.45s
The initlized frame ID: 153
The lost frame ID: 832
The lost frame ID: 833
The lost frame ID: 834
The lost frame ID: 835
The lost frame ID: 836
The lost frame ID: 837
The lost frame ID: 838
The lost frame ID: 839
The lost frame ID: 843
The lost frame ID: 844
The lost frame ID: 845
The lost frame ID: 846
The lost frame ID: 847
The lost frame ID: 848
The lost frame ID: 849
The lost frame ID: 850
The lost frame ID: 851
The lost frame ID: 853
The lost frame ID: 854
The lost frame ID: 856
The lost frame ID: 857
The lost frame ID: 858
The lost frame ID: 859
The lost frame ID: 860
The lost frame ID: 862
The lost frame ID: 863
The lost frame ID: 864
The lost frame ID: 865
The lost frame ID: 866
The lost frame ID: 867
The lost frame ID: 868
The lost frame ID: 869
The lost frame ID: 870

Saving camera trajectory to TrajectoryBeforeReset_oxf_orb_sft_r09_seg01_pid2402290_1757457508310.txt ...

trajectory saved!
[Tracking] wrote pre-reset trajectory to TrajectoryBeforeReset_oxf_orb_sft_r09_seg01_pid2402290_1757457508310.txt
[Tracking] LOST for 10 consecutive frames -> reset
System Reseting
Reseting Local Mapper... done
Reseting Loop Closing... done
Reseting Database... done
1
New map created with 122 points for 0 Feature Type 
New map created with 1118 points for 1 Feature Type 
Tracking Initlized in 1.03s
The initlized frame ID: 1
The lost frame ID: 874
The lost frame ID: 875
The lost frame ID: 876
The lost frame ID: 877
The lost frame ID: 883
The lost frame ID: 884
The lost frame ID: 885
The lost frame ID: 887
The lost frame ID: 888
The lost frame ID: 889
The lost frame ID: 890
The lost frame ID: 891
The lost frame ID: 892
The lost frame ID: 893
The lost frame ID: 894
The lost frame ID: 895

Saving camera trajectory to TrajectoryBeforeReset_oxf_orb_sft_r09_seg02_pid2402290_1757457663328.txt ...

trajectory saved!
[Tracking] wrote pre-reset trajectory to TrajectoryBeforeReset_oxf_orb_sft_r09_seg02_pid2402290_1757457663328.txt
[Tracking] LOST for 10 consecutive frames -> reset
System Reseting
Reseting Local Mapper... done
Reseting Loop Closing... done
Reseting Database... done
1
New map created with 55 points for 0 Feature Type 
New map created with 541 points for 1 Feature Type 
Tracking Initlized in 2.60s
The initlized frame ID: 3
Track lost soon after initialisation, reseting...
System Reseting
Reseting Local Mapper... done
Reseting Loop Closing... done
Reseting Database... done
0
New map created with 107 points for 0 Feature Type 
New map created with 536 points for 1 Feature Type 
Tracking Initlized in 0.89s
The initlized frame ID: 1
Track lost soon after initialisation, reseting...
System Reseting
Reseting Local Mapper... done
Reseting Loop Closing... done
Reseting Database... done
1
New map created with 65 points for 0 Feature Type 
New map created with 668 points for 1 Feature Type 
Tracking Initlized in 2.48s
The initlized frame ID: 3
The lost frame ID: 766
The lost frame ID: 767
The lost frame ID: 768
The lost frame ID: 769
The lost frame ID: 770
The lost frame ID: 771
The lost frame ID: 772
The lost frame ID: 773
The lost frame ID: 774

Saving camera trajectory to TrajectoryBeforeReset_oxf_orb_sft_r09_seg03_pid2402290_1757457822619.txt ...

trajectory saved!
[Tracking] wrote pre-reset trajectory to TrajectoryBeforeReset_oxf_orb_sft_r09_seg03_pid2402290_1757457822619.txt
[Tracking] LOST for 10 consecutive frames -> reset
System Reseting
Reseting Local Mapper... done
Reseting Loop Closing... done
Reseting Database... done
1
New map created with 104 points for 0 Feature Type 
New map created with 708 points for 1 Feature Type 
Tracking Initlized in 0.96s
The initlized frame ID: 1
The lost frame ID: 209
The lost frame ID: 210
The lost frame ID: 211
The lost frame ID: 212
The lost frame ID: 213
The lost frame ID: 214
The lost frame ID: 215
The lost frame ID: 216
The lost frame ID: 217

Saving camera trajectory to TrajectoryBeforeReset_oxf_orb_sft_r09_seg04_pid2402290_1757457862468.txt ...

trajectory saved!
[Tracking] wrote pre-reset trajectory to TrajectoryBeforeReset_oxf_orb_sft_r09_seg04_pid2402290_1757457862468.txt
[Tracking] LOST for 10 consecutive frames -> reset
System Reseting
Reseting Local Mapper... done
Reseting Loop Closing... done
Reseting Database... done
1
New map created with 96 points for 0 Feature Type 
New map created with 410 points for 1 Feature Type 
Tracking Initlized in 0.95s
The initlized frame ID: 1
The lost frame ID: 178
The lost frame ID: 179
The lost frame ID: 180
The lost frame ID: 181
The lost frame ID: 182
The lost frame ID: 183
The lost frame ID: 184
The lost frame ID: 185
The lost frame ID: 186

Saving camera trajectory to TrajectoryBeforeReset_oxf_orb_sft_r09_seg05_pid2402290_1757457903352.txt ...

trajectory saved!
[Tracking] wrote pre-reset trajectory to TrajectoryBeforeReset_oxf_orb_sft_r09_seg05_pid2402290_1757457903352.txt
[Tracking] LOST for 10 consecutive frames -> reset
System Reseting
Reseting Local Mapper... done
Reseting Loop Closing... done
Reseting Database... done
1
New map created with 68 points for 0 Feature Type 
New map created with 315 points for 1 Feature Type 
Tracking Initlized in 1.92s
The initlized frame ID: 2
The lost frame ID: 520
The lost frame ID: 521
The lost frame ID: 522
The lost frame ID: 523
The lost frame ID: 524
The lost frame ID: 525
The lost frame ID: 526
The lost frame ID: 527
The lost frame ID: 528

Saving camera trajectory to TrajectoryBeforeReset_oxf_orb_sft_r09_seg06_pid2402290_1757458010663.txt ...

trajectory saved!
[Tracking] wrote pre-reset trajectory to TrajectoryBeforeReset_oxf_orb_sft_r09_seg06_pid2402290_1757458010663.txt
[Tracking] LOST for 10 consecutive frames -> reset
System Reseting
Reseting Local Mapper... done
Reseting Loop Closing... done
Reseting Database... done
1
New map created with 103 points for 0 Feature Type 
New map created with 486 points for 1 Feature Type 
Tracking Initlized in 1.71s
The initlized frame ID: 2
The lost frame ID: 63
The lost frame ID: 64
The lost frame ID: 65
The lost frame ID: 66
The lost frame ID: 67
The lost frame ID: 68
The lost frame ID: 69
The lost frame ID: 70
The lost frame ID: 71

Saving camera trajectory to TrajectoryBeforeReset_oxf_orb_sft_r09_seg07_pid2402290_1757458027371.txt ...

trajectory saved!
[Tracking] wrote pre-reset trajectory to TrajectoryBeforeReset_oxf_orb_sft_r09_seg07_pid2402290_1757458027371.txt
[Tracking] LOST for 10 consecutive frames -> reset
System Reseting
Reseting Local Mapper... done
Reseting Loop Closing... done
Reseting Database... done
1
New map created with 134 points for 0 Feature Type 
New map created with 1006 points for 1 Feature Type 
Tracking Initlized in 10.62s
The initlized frame ID: 13
The lost frame ID: 1414
The lost frame ID: 1415
The lost frame ID: 1416
The lost frame ID: 1417
The lost frame ID: 1418
The lost frame ID: 1419
The lost frame ID: 1420
The lost frame ID: 1421
The lost frame ID: 1422

Saving camera trajectory to TrajectoryBeforeReset_oxf_orb_sft_r09_seg08_pid2402290_1757458260438.txt ...

trajectory saved!
[Tracking] wrote pre-reset trajectory to TrajectoryBeforeReset_oxf_orb_sft_r09_seg08_pid2402290_1757458260438.txt
[Tracking] LOST for 10 consecutive frames -> reset
System Reseting
Reseting Local Mapper... done
Reseting Loop Closing... done
Reseting Database... done
1
New map created with 168 points for 0 Feature Type 
New map created with 1531 points for 1 Feature Type 
Tracking Initlized in 0.91s
The initlized frame ID: 1
The lost frame ID: 2242
The lost frame ID: 2243
The lost frame ID: 2244
The lost frame ID: 2245
The lost frame ID: 2246
The lost frame ID: 2247
The lost frame ID: 2248
The lost frame ID: 2249
The lost frame ID: 2250

Saving camera trajectory to TrajectoryBeforeReset_oxf_orb_sft_r09_seg09_pid2402290_1757458622865.txt ...

trajectory saved!
[Tracking] wrote pre-reset trajectory to TrajectoryBeforeReset_oxf_orb_sft_r09_seg09_pid2402290_1757458622865.txt
[Tracking] LOST for 10 consecutive frames -> reset
System Reseting
Reseting Local Mapper... done
Reseting Loop Closing... done
Reseting Database... done
1
New map created with 78 points for 0 Feature Type 
New map created with 549 points for 1 Feature Type 
Tracking Initlized in 7.77s
The initlized frame ID: 11
The lost frame ID: 151
The lost frame ID: 152
The lost frame ID: 153
The lost frame ID: 154
The lost frame ID: 155
The lost frame ID: 156
The lost frame ID: 157
The lost frame ID: 158
The lost frame ID: 159

Saving camera trajectory to TrajectoryBeforeReset_oxf_orb_sft_r09_seg10_pid2402290_1757458653679.txt ...

trajectory saved!
[Tracking] wrote pre-reset trajectory to TrajectoryBeforeReset_oxf_orb_sft_r09_seg10_pid2402290_1757458653679.txt
[Tracking] LOST for 10 consecutive frames -> reset
System Reseting
Reseting Local Mapper... done
Reseting Loop Closing... done
Reseting Database... done
1
New map created with 14 points for 0 Feature Type 
New map created with 191 points for 1 Feature Type 
Tracking Initlized in 1.80s
The initlized frame ID: 2
System::StopViewer()
System::StopViewer() done

Saving correlation status...

========== Global Summary ==========
Frames: 7172
avg_CorrEdges: 3.76478
avg_match_A: 64.5541
avg_match_B: 104.458
global_RI_MNR: 0.0583198
global_RI_GNR: 0.0458466
global_RI_DICE: 0.0445504

========== Per-Channel Summary ==========
   chA   chB     avgCorr        avgA        avgB   avgRI_MNR   avgRI_GNR  avgRI_DICE
     0     1     3.76478     64.5541     104.458   0.0577779   0.0445525   0.0427874

Correlation status saved!

System Shutdown
-------

median tracking time: 0.156189
mean tracking time: 0.163964

Saving camera trajectory to result09.txt ...

trajectory saved!
All done

========== Performance Summary (ms) ==========
name                                mean      median        rmse         min         max       count
Lost Count                         1.000       1.000       0.000       1.000       1.000          10
Tracking                           8.377       6.883       9.064       0.815     409.830        7306
Reset Count                        1.000       1.000       0.000       1.000       1.000          12
Correlation                        0.170       0.141       0.261       0.005      12.900        7173
Total Init                     47383.337   47383.337       0.000   47383.337   47383.337           1
Pipeline                         163.389     156.153      42.043      89.588     591.355        7513
SIFT Extract                     147.917     142.948      33.209      80.194     297.428        7513
ORB Extract                       33.897      32.244       9.030       8.394      93.858        7513
