Registering ORBextractor...
Registering AKAZEextractor...
Registering BRISKextractor...
Registering SIFTextractor...
Registering KAZEextractor...
Registering SuperPointExtractor...

ORB-SLAM2 Copyright (C) 2014-2016 Raul Mur-Artal, University of Zaragoza.
This program comes with ABSOLUTELY NO WARRANTY;
This is free software, and you are welcome to redistribute it
under certain conditions. See LICENSE.txt.

Input sensor was set to: Monocular

Loading Vocabulary : /home/howard/Refactored_ORB_SLAM2/Install/var/lib/orbslam2/voc/orb_mur.fbow
This could take a while...
Loading ORB Vocabulary in FBoW.
ORB Vocabulary loaded in 0.026035s


Loading Vocabulary : /home/howard/Refactored_ORB_SLAM2/Install/var/lib/orbslam2/voc/sift_cv.fbow
This could take a while...
Loading SIFT Vocabulary in FBoW.
SIFT Vocabulary loaded in 0.025884s


Camera Parameters: 
- fx: 983.044
- fy: 983.044
- cx: 643.647
- cy: 493.379
- k1: 0
- k2: 0
- p1: 0
- p2: 0
- fps: 16
- color order: RGB (ignored if grayscale)

[Feature 0] ORB Extractor Parameters: 
 ( TH_LOW: 50, TH_HIGH: 100 )
- Number of Features: 2000
- Scale Levels: 8
- Scale Factor: 1.2
- Initial Fast Threshold: 20
- Minimum Fast Threshold: 7

[Feature 1] SIFT Extractor Parameters: 
 ( TH_LOW: 300, TH_HIGH: 500 )
- Number of Features  : 1000
- Scale Levels        : 1
- Scale Factor        : 1
- Contrast Threshold  : 0.001
- Edge Threshold      : 5
- nOctaves            : 3
- Sigma               : 1.6

-------
Start processing sequence ...
Images in the sequence: 7513

1
New map created with 135 points for 0 Feature Type 
New map created with 585 points for 1 Feature Type 
Tracking Initlized in 80.64s
The initlized frame ID: 138
The lost frame ID: 831
The lost frame ID: 832
The lost frame ID: 833
The lost frame ID: 834
The lost frame ID: 835
The lost frame ID: 836
The lost frame ID: 837
The lost frame ID: 838
The lost frame ID: 839

Saving camera trajectory to TrajectoryBeforeReset_oxf_orb_sft_r05_seg01_pid2177986_1757406966787.txt ...

trajectory saved!
[Tracking] wrote pre-reset trajectory to TrajectoryBeforeReset_oxf_orb_sft_r05_seg01_pid2177986_1757406966787.txt
[Tracking] LOST for 10 consecutive frames -> reset
System Reseting
Reseting Local Mapper... done
Reseting Loop Closing... done
Reseting Database... done
0
New map created with 110 points for 0 Feature Type 
New map created with 595 points for 1 Feature Type 
Tracking Initlized in 1.19s
The initlized frame ID: 2
The lost frame ID: 641
The lost frame ID: 642
The lost frame ID: 643
The lost frame ID: 644
The lost frame ID: 645
The lost frame ID: 646
The lost frame ID: 647
The lost frame ID: 648
The lost frame ID: 649

Saving camera trajectory to TrajectoryBeforeReset_oxf_orb_sft_r05_seg02_pid2177986_1757407049661.txt ...

trajectory saved!
[Tracking] wrote pre-reset trajectory to TrajectoryBeforeReset_oxf_orb_sft_r05_seg02_pid2177986_1757407049661.txt
[Tracking] LOST for 10 consecutive frames -> reset
System Reseting
Reseting Local Mapper... done
Reseting Loop Closing... done
Reseting Database... done
1
New map created with 62 points for 0 Feature Type 
New map created with 477 points for 1 Feature Type 
Tracking Initlized in 4.08s
The initlized frame ID: 7
The lost frame ID: 248
The lost frame ID: 249
The lost frame ID: 250
The lost frame ID: 251
The lost frame ID: 252
The lost frame ID: 253
The lost frame ID: 254
The lost frame ID: 255
The lost frame ID: 256

Saving camera trajectory to TrajectoryBeforeReset_oxf_orb_sft_r05_seg03_pid2177986_1757407084929.txt ...

trajectory saved!
[Tracking] wrote pre-reset trajectory to TrajectoryBeforeReset_oxf_orb_sft_r05_seg03_pid2177986_1757407084929.txt
[Tracking] LOST for 10 consecutive frames -> reset
System Reseting
Reseting Local Mapper... done
Reseting Loop Closing... done
Reseting Database... done
1
New map created with 63 points for 0 Feature Type 
New map created with 344 points for 1 Feature Type 
Tracking Initlized in 1.14s
The initlized frame ID: 2
The lost frame ID: 1013
The lost frame ID: 1014
The lost frame ID: 1015
The lost frame ID: 1016
The lost frame ID: 1017
The lost frame ID: 1018
The lost frame ID: 1019
The lost frame ID: 1020
The lost frame ID: 1021

Saving camera trajectory to TrajectoryBeforeReset_oxf_orb_sft_r05_seg04_pid2177986_1757407238456.txt ...

trajectory saved!
[Tracking] wrote pre-reset trajectory to TrajectoryBeforeReset_oxf_orb_sft_r05_seg04_pid2177986_1757407238456.txt
[Tracking] LOST for 10 consecutive frames -> reset
System Reseting
Reseting Local Mapper... done
Reseting Loop Closing... done
Reseting Database... done
1
New map created with 60 points for 0 Feature Type 
New map created with 188 points for 1 Feature Type 
Tracking Initlized in 1.29s
The initlized frame ID: 2
The lost frame ID: 180
The lost frame ID: 181
The lost frame ID: 182
The lost frame ID: 183
The lost frame ID: 184
The lost frame ID: 185
The lost frame ID: 186
The lost frame ID: 187
The lost frame ID: 188

Saving camera trajectory to TrajectoryBeforeReset_oxf_orb_sft_r05_seg05_pid2177986_1757407268588.txt ...

trajectory saved!
[Tracking] wrote pre-reset trajectory to TrajectoryBeforeReset_oxf_orb_sft_r05_seg05_pid2177986_1757407268588.txt
[Tracking] LOST for 10 consecutive frames -> reset
System Reseting
Reseting Local Mapper... done
Reseting Loop Closing... done
Reseting Database... done
1
New map created with 71 points for 0 Feature Type 
New map created with 139 points for 1 Feature Type 
Tracking Initlized in 1.32s
The initlized frame ID: 2
The lost frame ID: 518
The lost frame ID: 519
The lost frame ID: 520
The lost frame ID: 521
The lost frame ID: 522
The lost frame ID: 523
The lost frame ID: 524
The lost frame ID: 525
The lost frame ID: 526

Saving camera trajectory to TrajectoryBeforeReset_oxf_orb_sft_r05_seg06_pid2177986_1757407344347.txt ...

trajectory saved!
[Tracking] wrote pre-reset trajectory to TrajectoryBeforeReset_oxf_orb_sft_r05_seg06_pid2177986_1757407344347.txt
[Tracking] LOST for 10 consecutive frames -> reset
System Reseting
Reseting Local Mapper... done
Reseting Loop Closing... done
Reseting Database... done
1
New map created with 94 points for 0 Feature Type 
New map created with 267 points for 1 Feature Type 
Tracking Initlized in 1.89s
The initlized frame ID: 3
The lost frame ID: 67
The lost frame ID: 68
The lost frame ID: 69
The lost frame ID: 70
The lost frame ID: 71
The lost frame ID: 72
The lost frame ID: 73
The lost frame ID: 74
The lost frame ID: 75

Saving camera trajectory to TrajectoryBeforeReset_oxf_orb_sft_r05_seg07_pid2177986_1757407355976.txt ...

trajectory saved!
[Tracking] wrote pre-reset trajectory to TrajectoryBeforeReset_oxf_orb_sft_r05_seg07_pid2177986_1757407355976.txt
[Tracking] LOST for 10 consecutive frames -> reset
System Reseting
Reseting Local Mapper... done
Reseting Loop Closing... done
Reseting Database... done
1
New map created with 69 points for 0 Feature Type 
New map created with 467 points for 1 Feature Type 
Tracking Initlized in 1.86s
The initlized frame ID: 3
The lost frame ID: 1410
The lost frame ID: 1411
The lost frame ID: 1412
The lost frame ID: 1413
The lost frame ID: 1414
The lost frame ID: 1415
The lost frame ID: 1416
The lost frame ID: 1417
The lost frame ID: 1418

Saving camera trajectory to TrajectoryBeforeReset_oxf_orb_sft_r05_seg08_pid2177986_1757407541249.txt ...

trajectory saved!
[Tracking] wrote pre-reset trajectory to TrajectoryBeforeReset_oxf_orb_sft_r05_seg08_pid2177986_1757407541249.txt
[Tracking] LOST for 10 consecutive frames -> reset
System Reseting
Reseting Local Mapper... done
Reseting Loop Closing... done
Reseting Database... done
1
New map created with 171 points for 0 Feature Type 
New map created with 681 points for 1 Feature Type 
Tracking Initlized in 0.59s
The initlized frame ID: 1
The lost frame ID: 2242
The lost frame ID: 2243
The lost frame ID: 2244
The lost frame ID: 2245
The lost frame ID: 2246
The lost frame ID: 2247
The lost frame ID: 2248
The lost frame ID: 2249
The lost frame ID: 2250

Saving camera trajectory to TrajectoryBeforeReset_oxf_orb_sft_r05_seg09_pid2177986_1757407832167.txt ...

trajectory saved!
[Tracking] wrote pre-reset trajectory to TrajectoryBeforeReset_oxf_orb_sft_r05_seg09_pid2177986_1757407832167.txt
[Tracking] LOST for 10 consecutive frames -> reset
System Reseting
Reseting Local Mapper... done
Reseting Loop Closing... done
Reseting Database... done
1
New map created with 21 points for 0 Feature Type 
New map created with 152 points for 1 Feature Type 
Tracking Initlized in 5.22s
The initlized frame ID: 10
The lost frame ID: 150
The lost frame ID: 151
The lost frame ID: 152
The lost frame ID: 153
The lost frame ID: 154
The lost frame ID: 155
The lost frame ID: 156
The lost frame ID: 157
The lost frame ID: 158

Saving camera trajectory to TrajectoryBeforeReset_oxf_orb_sft_r05_seg10_pid2177986_1757407855648.txt ...

trajectory saved!
[Tracking] wrote pre-reset trajectory to TrajectoryBeforeReset_oxf_orb_sft_r05_seg10_pid2177986_1757407855648.txt
[Tracking] LOST for 10 consecutive frames -> reset
System Reseting
Reseting Local Mapper... done
Reseting Loop Closing... done
Reseting Database... done
0
New map created with 112 points for 0 Feature Type 
New map created with 340 points for 1 Feature Type 
Tracking Initlized in 0.72s
The initlized frame ID: 1
System::StopViewer()
System::StopViewer() done

Saving correlation status...

========== Global Summary ==========
Frames: 7231
avg_CorrEdges: 5.23441
avg_match_A: 97.6662
avg_match_B: 88.2878
global_RI_MNR: 0.059288
global_RI_GNR: 0.0563696
global_RI_DICE: 0.0562979

========== Per-Channel Summary ==========
   chA   chB     avgCorr        avgA        avgB   avgRI_MNR   avgRI_GNR  avgRI_DICE
     0     1     5.23441     97.6662     88.2878   0.0626882   0.0530075    0.051965

Correlation status saved!

System Shutdown
-------

median tracking time: 0.112576
mean tracking time: 0.116692

Saving camera trajectory to result05.txt ...

trajectory saved!
All done

========== Performance Summary (ms) ==========
name                                mean      median        rmse         min         max       count
Lost Count                         1.000       1.000       0.000       1.000       1.000          10
Tracking                           6.448       5.830       3.633       1.059     141.315        7331
Reset Count                        1.000       1.000       0.000       1.000       1.000          10
Correlation                        0.141       0.126       0.071       0.036       1.359        7231
Total Init                     26271.689   26271.689       0.000   26271.689   26271.689           1
Pipeline                         116.128     112.534      21.524      75.004     280.544        7513
SIFT Extract                     105.758     102.709      19.028      69.849     191.753        7513
ORB Extract                       26.647      25.342       6.548       7.300      68.552        7513
