Registering ORBextractor...
Registering AKAZEextractor...
Registering BRISKextractor...
Registering SIFTextractor...
Registering KAZEextractor...
Registering SuperPointExtractor...

ORB-SLAM2 Copyright (C) 2014-2016 Raul Mur-Artal, University of Zaragoza.
This program comes with ABSOLUTELY NO WARRANTY;
This is free software, and you are welcome to redistribute it
under certain conditions. See LICENSE.txt.

Input sensor was set to: Monocular

Loading Vocabulary : /home/howard/Refactored_ORB_SLAM2/Install/var/lib/orbslam2/voc/orb_mur.fbow
This could take a while...
Loading ORB Vocabulary in FBoW.
ORB Vocabulary loaded in 0.020928s


Loading Vocabulary : /home/howard/Refactored_ORB_SLAM2/Install/var/lib/orbslam2/voc/sift_cv.fbow
This could take a while...
Loading SIFT Vocabulary in FBoW.
SIFT Vocabulary loaded in 0.028471s


Camera Parameters: 
- fx: 983.044
- fy: 983.044
- cx: 643.647
- cy: 493.379
- k1: 0
- k2: 0
- p1: 0
- p2: 0
- fps: 16
- color order: RGB (ignored if grayscale)

[Feature 0] ORB Extractor Parameters: 
 ( TH_LOW: 50, TH_HIGH: 100 )
- Number of Features: 2000
- Scale Levels: 8
- Scale Factor: 1.2
- Initial Fast Threshold: 20
- Minimum Fast Threshold: 7

[Feature 1] SIFT Extractor Parameters: 
 ( TH_LOW: 300, TH_HIGH: 500 )
- Number of Features  : 2000
- Scale Levels        : 1
- Scale Factor        : 1
- Contrast Threshold  : 0.01
- Edge Threshold      : 5
- nOctaves            : 3
- Sigma               : 1.6

-------
Start processing sequence ...
Images in the sequence: 7513

1
New map created with 97 points for 0 Feature Type 
New map created with 1037 points for 1 Feature Type 
Tracking Initlized in 119.99s
The initlized frame ID: 153
The lost frame ID: 831
The lost frame ID: 832
The lost frame ID: 833
The lost frame ID: 834
The lost frame ID: 835
The lost frame ID: 836
The lost frame ID: 837
The lost frame ID: 838
The lost frame ID: 839

Saving camera trajectory to TrajectoryBeforeReset_oxf_orb_sft_r08_seg01_pid2271145_1757456058417.txt ...

trajectory saved!
[Tracking] wrote pre-reset trajectory to TrajectoryBeforeReset_oxf_orb_sft_r08_seg01_pid2271145_1757456058417.txt
[Tracking] LOST for 10 consecutive frames -> reset
System Reseting
Reseting Local Mapper... done
Reseting Loop Closing... done
Reseting Database... done
1
New map created with 129 points for 0 Feature Type 
New map created with 1084 points for 1 Feature Type 
Tracking Initlized in 1.01s
The initlized frame ID: 1
The lost frame ID: 1702
The lost frame ID: 1703
The lost frame ID: 1704
The lost frame ID: 1705
The lost frame ID: 1706
The lost frame ID: 1707
The lost frame ID: 1708
The lost frame ID: 1709
The lost frame ID: 1710

Saving camera trajectory to TrajectoryBeforeReset_oxf_orb_sft_r08_seg02_pid2271145_1757456375963.txt ...

trajectory saved!
[Tracking] wrote pre-reset trajectory to TrajectoryBeforeReset_oxf_orb_sft_r08_seg02_pid2271145_1757456375963.txt
[Tracking] LOST for 10 consecutive frames -> reset
System Reseting
Reseting Local Mapper... done
Reseting Loop Closing... done
Reseting Database... done
1
New map created with 102 points for 0 Feature Type 
New map created with 682 points for 1 Feature Type 
Tracking Initlized in 0.93s
The initlized frame ID: 1
The lost frame ID: 209
The lost frame ID: 210
The lost frame ID: 211
The lost frame ID: 212
The lost frame ID: 213
The lost frame ID: 214
The lost frame ID: 215
The lost frame ID: 216
The lost frame ID: 217

Saving camera trajectory to TrajectoryBeforeReset_oxf_orb_sft_r08_seg03_pid2271145_1757456415354.txt ...

trajectory saved!
[Tracking] wrote pre-reset trajectory to TrajectoryBeforeReset_oxf_orb_sft_r08_seg03_pid2271145_1757456415354.txt
[Tracking] LOST for 10 consecutive frames -> reset
System Reseting
Reseting Local Mapper... done
Reseting Loop Closing... done
Reseting Database... done
1
New map created with 101 points for 0 Feature Type 
New map created with 416 points for 1 Feature Type 
Tracking Initlized in 0.90s
The initlized frame ID: 1
The lost frame ID: 179
The lost frame ID: 180
The lost frame ID: 181
The lost frame ID: 182
The lost frame ID: 183
The lost frame ID: 184
The lost frame ID: 185
The lost frame ID: 186
The lost frame ID: 187

Saving camera trajectory to TrajectoryBeforeReset_oxf_orb_sft_r08_seg04_pid2271145_1757456454696.txt ...

trajectory saved!
[Tracking] wrote pre-reset trajectory to TrajectoryBeforeReset_oxf_orb_sft_r08_seg04_pid2271145_1757456454696.txt
[Tracking] LOST for 10 consecutive frames -> reset
System Reseting
Reseting Local Mapper... done
Reseting Loop Closing... done
Reseting Database... done
1
New map created with 87 points for 0 Feature Type 
New map created with 360 points for 1 Feature Type 
Tracking Initlized in 1.03s
The initlized frame ID: 1
The lost frame ID: 591
The lost frame ID: 592
The lost frame ID: 593
The lost frame ID: 594
The lost frame ID: 595
The lost frame ID: 596
The lost frame ID: 597
The lost frame ID: 598
The lost frame ID: 599

Saving camera trajectory to TrajectoryBeforeReset_oxf_orb_sft_r08_seg05_pid2271145_1757456563777.txt ...

trajectory saved!
[Tracking] wrote pre-reset trajectory to TrajectoryBeforeReset_oxf_orb_sft_r08_seg05_pid2271145_1757456563777.txt
[Tracking] LOST for 10 consecutive frames -> reset
System Reseting
Reseting Local Mapper... done
Reseting Loop Closing... done
Reseting Database... done
1
New map created with 1 points for 0 Feature Type 
New map created with 61 points for 1 Feature Type 
Wrong initialization, reseting...
System Reseting
Reseting Local Mapper... done
Reseting Loop Closing... done
Reseting Database... done
1
New map created with 115 points for 0 Feature Type 
New map created with 706 points for 1 Feature Type 
Tracking Initlized in 1.10s
The initlized frame ID: 1
The lost frame ID: 1407
The lost frame ID: 1408
The lost frame ID: 1409
The lost frame ID: 1410
The lost frame ID: 1411
The lost frame ID: 1412
The lost frame ID: 1413
The lost frame ID: 1414
The lost frame ID: 1415

Saving camera trajectory to TrajectoryBeforeReset_oxf_orb_sft_r08_seg06_pid2271145_1757456810009.txt ...

trajectory saved!
[Tracking] wrote pre-reset trajectory to TrajectoryBeforeReset_oxf_orb_sft_r08_seg06_pid2271145_1757456810009.txt
[Tracking] LOST for 10 consecutive frames -> reset
System Reseting
Reseting Local Mapper... done
Reseting Loop Closing... done
Reseting Database... done
1
New map created with 165 points for 0 Feature Type 
New map created with 1514 points for 1 Feature Type 
Tracking Initlized in 0.92s
The initlized frame ID: 1
The lost frame ID: 2227
The lost frame ID: 2228
The lost frame ID: 2229
The lost frame ID: 2230
The lost frame ID: 2231
The lost frame ID: 2232
The lost frame ID: 2233
The lost frame ID: 2234
The lost frame ID: 2235

Saving camera trajectory to TrajectoryBeforeReset_oxf_orb_sft_r08_seg07_pid2271145_1757457264603.txt ...

trajectory saved!
[Tracking] wrote pre-reset trajectory to TrajectoryBeforeReset_oxf_orb_sft_r08_seg07_pid2271145_1757457264603.txt
[Tracking] LOST for 10 consecutive frames -> reset
System Reseting
Reseting Local Mapper... done
Reseting Loop Closing... done
Reseting Database... done
1
New map created with 35 points for 0 Feature Type 
New map created with 430 points for 1 Feature Type 
Tracking Initlized in 2.88s
The initlized frame ID: 3
Track lost soon after initialisation, reseting...
System Reseting
Reseting Local Mapper... done
Reseting Loop Closing... done
Reseting Database... done
1
New map created with 82 points for 0 Feature Type 
New map created with 662 points for 1 Feature Type 
Tracking Initlized in 1.18s
The initlized frame ID: 1
Track lost soon after initialisation, reseting...
System Reseting
Reseting Local Mapper... done
Reseting Loop Closing... done
Reseting Database... done
1
New map created with 84 points for 0 Feature Type 
New map created with 551 points for 1 Feature Type 
Tracking Initlized in 11.67s
The initlized frame ID: 18
The lost frame ID: 163
The lost frame ID: 164
The lost frame ID: 165
The lost frame ID: 166
The lost frame ID: 167
The lost frame ID: 168
The lost frame ID: 169
The lost frame ID: 170
The lost frame ID: 171

Saving camera trajectory to TrajectoryBeforeReset_oxf_orb_sft_r08_seg08_pid2271145_1757457301029.txt ...

trajectory saved!
[Tracking] wrote pre-reset trajectory to TrajectoryBeforeReset_oxf_orb_sft_r08_seg08_pid2271145_1757457301029.txt
[Tracking] LOST for 10 consecutive frames -> reset
System Reseting
Reseting Local Mapper... done
Reseting Loop Closing... done
Reseting Database... done
0
New map created with 102 points for 0 Feature Type 
New map created with 639 points for 1 Feature Type 
Tracking Initlized in 1.09s
The initlized frame ID: 1
System::StopViewer()
System::StopViewer() done

Saving correlation status...

========== Global Summary ==========
Frames: 7231
avg_CorrEdges: 4.039
avg_match_A: 64.8363
avg_match_B: 105.448
global_RI_MNR: 0.0622954
global_RI_GNR: 0.048848
global_RI_DICE: 0.0474384

========== Per-Channel Summary ==========
   chA   chB     avgCorr        avgA        avgB   avgRI_MNR   avgRI_GNR  avgRI_DICE
     0     1       4.039     64.8363     105.448   0.0595194   0.0457057   0.0438592

Correlation status saved!

System Shutdown
-------

median tracking time: 0.172881
mean tracking time: 0.176728

Saving camera trajectory to result08.txt ...

trajectory saved!
All done

========== Performance Summary (ms) ==========
name                                mean      median        rmse         min         max       count
Lost Count                         1.000       1.000       0.000       1.000       1.000           8
Tracking                           9.025       7.662       9.268       1.646     355.731        7313
Reset Count                        1.000       1.000       0.000       1.000       1.000          11
Correlation                        0.180       0.149       0.186       0.042       6.162        7231
Total Init                     49340.442   49340.442       0.000   49340.442   49340.442           1
Pipeline                         176.182     172.802      38.574      91.671     506.054        7513
SIFT Extract                     159.735     158.123      29.258      86.091     294.675        7513
ORB Extract                       35.631      34.342       9.049       8.249      94.084        7513
