Registering ORBextractor...
Registering AKAZEextractor...
Registering BRISKextractor...
Registering SIFTextractor...
Registering KAZEextractor...
Registering SuperPointExtractor...

ORB-SLAM2 Copyright (C) 2014-2016 Raul Mur-Artal, University of Zaragoza.
This program comes with ABSOLUTELY NO WARRANTY;
This is free software, and you are welcome to redistribute it
under certain conditions. See LICENSE.txt.

Input sensor was set to: Monocular

Loading Vocabulary : /home/howard/Refactored_ORB_SLAM2/Install/var/lib/orbslam2/voc/orb_mur.fbow
This could take a while...
Loading ORB Vocabulary in FBoW.
ORB Vocabulary loaded in 0.035424s


Loading Vocabulary : /home/howard/Refactored_ORB_SLAM2/Install/var/lib/orbslam2/voc/sift_cv.fbow
This could take a while...
Loading SIFT Vocabulary in FBoW.
SIFT Vocabulary loaded in 0.034545s


Camera Parameters: 
- fx: 983.044
- fy: 983.044
- cx: 643.647
- cy: 493.379
- k1: 0
- k2: 0
- p1: 0
- p2: 0
- fps: 16
- color order: RGB (ignored if grayscale)

[Feature 0] ORB Extractor Parameters: 
 ( TH_LOW: 50, TH_HIGH: 100 )
- Number of Features: 2000
- Scale Levels: 8
- Scale Factor: 1.2
- Initial Fast Threshold: 20
- Minimum Fast Threshold: 7

[Feature 1] SIFT Extractor Parameters: 
 ( TH_LOW: 300, TH_HIGH: 500 )
- Number of Features  : 2000
- Scale Levels        : 1
- Scale Factor        : 1
- Contrast Threshold  : 0.01
- Edge Threshold      : 5
- nOctaves            : 3
- Sigma               : 1.6

-------
Start processing sequence ...
Images in the sequence: 7513

1
New map created with 101 points for 0 Feature Type 
New map created with 990 points for 1 Feature Type 
Tracking Initlized in 116.79s
The initlized frame ID: 153
The lost frame ID: 634
The lost frame ID: 635
The lost frame ID: 636
The lost frame ID: 637
The lost frame ID: 638
The lost frame ID: 639
The lost frame ID: 640
The lost frame ID: 641
The lost frame ID: 642

Saving camera trajectory to TrajectoryBeforeReset_oxf_orb_sft_r11_seg01_pid2639390_1757460038396.txt ...

trajectory saved!
[Tracking] wrote pre-reset trajectory to TrajectoryBeforeReset_oxf_orb_sft_r11_seg01_pid2639390_1757460038396.txt
[Tracking] LOST for 10 consecutive frames -> reset
System Reseting
Reseting Local Mapper... done
Reseting Loop Closing... done
Reseting Database... done
1
New map created with 37 points for 0 Feature Type 
New map created with 480 points for 1 Feature Type 
Tracking Initlized in 1.80s
The initlized frame ID: 2
The lost frame ID: 188
The lost frame ID: 189
The lost frame ID: 190
The lost frame ID: 191
The lost frame ID: 192
The lost frame ID: 193
The lost frame ID: 194
The lost frame ID: 195
The lost frame ID: 196

Saving camera trajectory to TrajectoryBeforeReset_oxf_orb_sft_r11_seg02_pid2639390_1757460074668.txt ...

trajectory saved!
[Tracking] wrote pre-reset trajectory to TrajectoryBeforeReset_oxf_orb_sft_r11_seg02_pid2639390_1757460074668.txt
[Tracking] LOST for 10 consecutive frames -> reset
System Reseting
Reseting Local Mapper... done
Reseting Loop Closing... done
Reseting Database... done
1
New map created with 128 points for 0 Feature Type 
New map created with 1082 points for 1 Feature Type 
Tracking Initlized in 0.99s
The initlized frame ID: 1
The lost frame ID: 642
The lost frame ID: 643
The lost frame ID: 644
The lost frame ID: 645
The lost frame ID: 646
The lost frame ID: 647
The lost frame ID: 648
The lost frame ID: 649
The lost frame ID: 650

Saving camera trajectory to TrajectoryBeforeReset_oxf_orb_sft_r11_seg03_pid2639390_1757460179077.txt ...

trajectory saved!
[Tracking] wrote pre-reset trajectory to TrajectoryBeforeReset_oxf_orb_sft_r11_seg03_pid2639390_1757460179077.txt
[Tracking] LOST for 10 consecutive frames -> reset
System Reseting
Reseting Local Mapper... done
Reseting Loop Closing... done
Reseting Database... done
1
New map created with 77 points for 0 Feature Type 
New map created with 865 points for 1 Feature Type 
Tracking Initlized in 3.22s
The initlized frame ID: 4
The lost frame ID: 251
The lost frame ID: 257
The lost frame ID: 258
The lost frame ID: 259
The lost frame ID: 260
The lost frame ID: 261
The lost frame ID: 262
The lost frame ID: 263
The lost frame ID: 264
The lost frame ID: 265

Saving camera trajectory to TrajectoryBeforeReset_oxf_orb_sft_r11_seg04_pid2639390_1757460218808.txt ...

trajectory saved!
[Tracking] wrote pre-reset trajectory to TrajectoryBeforeReset_oxf_orb_sft_r11_seg04_pid2639390_1757460218808.txt
[Tracking] LOST for 10 consecutive frames -> reset
System Reseting
Reseting Local Mapper... done
Reseting Loop Closing... done
Reseting Database... done
0
New map created with 118 points for 0 Feature Type 
New map created with 594 points for 1 Feature Type 
Tracking Initlized in 0.77s
The initlized frame ID: 1
The lost frame ID: 785
The lost frame ID: 786
The lost frame ID: 787
The lost frame ID: 788
The lost frame ID: 789
The lost frame ID: 790
The lost frame ID: 791
The lost frame ID: 792
The lost frame ID: 793

Saving camera trajectory to TrajectoryBeforeReset_oxf_orb_sft_r11_seg05_pid2639390_1757460343851.txt ...

trajectory saved!
[Tracking] wrote pre-reset trajectory to TrajectoryBeforeReset_oxf_orb_sft_r11_seg05_pid2639390_1757460343851.txt
[Tracking] LOST for 10 consecutive frames -> reset
System Reseting
Reseting Local Mapper... done
Reseting Loop Closing... done
Reseting Database... done
1
New map created with 100 points for 0 Feature Type 
New map created with 674 points for 1 Feature Type 
Tracking Initlized in 0.75s
The initlized frame ID: 1
The lost frame ID: 208
The lost frame ID: 209
The lost frame ID: 210
The lost frame ID: 211
The lost frame ID: 212
The lost frame ID: 213
The lost frame ID: 214
The lost frame ID: 215
The lost frame ID: 216

Saving camera trajectory to TrajectoryBeforeReset_oxf_orb_sft_r11_seg06_pid2639390_1757460383487.txt ...

trajectory saved!
[Tracking] wrote pre-reset trajectory to TrajectoryBeforeReset_oxf_orb_sft_r11_seg06_pid2639390_1757460383487.txt
[Tracking] LOST for 10 consecutive frames -> reset
System Reseting
Reseting Local Mapper... done
Reseting Loop Closing... done
Reseting Database... done
1
New map created with 90 points for 0 Feature Type 
New map created with 397 points for 1 Feature Type 
Tracking Initlized in 0.93s
The initlized frame ID: 1
The lost frame ID: 181
The lost frame ID: 182
The lost frame ID: 183
The lost frame ID: 184
The lost frame ID: 185
The lost frame ID: 186
The lost frame ID: 187
The lost frame ID: 188
The lost frame ID: 189

Saving camera trajectory to TrajectoryBeforeReset_oxf_orb_sft_r11_seg07_pid2639390_1757460408613.txt ...

trajectory saved!
[Tracking] wrote pre-reset trajectory to TrajectoryBeforeReset_oxf_orb_sft_r11_seg07_pid2639390_1757460408613.txt
[Tracking] LOST for 10 consecutive frames -> reset
System Reseting
Reseting Local Mapper... done
Reseting Loop Closing... done
Reseting Database... done
1
New map created with 99 points for 0 Feature Type 
New map created with 364 points for 1 Feature Type 
Tracking Initlized in 0.93s
The initlized frame ID: 1
The lost frame ID: 160
The lost frame ID: 161
The lost frame ID: 162
The lost frame ID: 163
The lost frame ID: 164
The lost frame ID: 165
The lost frame ID: 166
The lost frame ID: 167
The lost frame ID: 168

Saving camera trajectory to TrajectoryBeforeReset_oxf_orb_sft_r11_seg08_pid2639390_1757460439467.txt ...

trajectory saved!
[Tracking] wrote pre-reset trajectory to TrajectoryBeforeReset_oxf_orb_sft_r11_seg08_pid2639390_1757460439467.txt
[Tracking] LOST for 10 consecutive frames -> reset
System Reseting
Reseting Local Mapper... done
Reseting Loop Closing... done
Reseting Database... done
1
New map created with 90 points for 0 Feature Type 
New map created with 444 points for 1 Feature Type 
Tracking Initlized in 0.99s
The initlized frame ID: 1
The lost frame ID: 426
The lost frame ID: 427
The lost frame ID: 428
The lost frame ID: 429
The lost frame ID: 430
The lost frame ID: 431
The lost frame ID: 432
The lost frame ID: 433
The lost frame ID: 434

Saving camera trajectory to TrajectoryBeforeReset_oxf_orb_sft_r11_seg09_pid2639390_1757460508400.txt ...

trajectory saved!
[Tracking] wrote pre-reset trajectory to TrajectoryBeforeReset_oxf_orb_sft_r11_seg09_pid2639390_1757460508400.txt
[Tracking] LOST for 10 consecutive frames -> reset
System Reseting
Reseting Local Mapper... done
Reseting Loop Closing... done
Reseting Database... done
1
New map created with 106 points for 0 Feature Type 
New map created with 791 points for 1 Feature Type 
Tracking Initlized in 0.92s
The initlized frame ID: 1
Track lost soon after initialisation, reseting...
System Reseting
Reseting Local Mapper... done
Reseting Loop Closing... done
Reseting Database... done
1
New map created with 127 points for 0 Feature Type 
New map created with 987 points for 1 Feature Type 
Tracking Initlized in 0.84s
The initlized frame ID: 1
Track lost soon after initialisation, reseting...
System Reseting
Reseting Local Mapper... done
Reseting Loop Closing... done
Reseting Database... done
1
New map created with 124 points for 0 Feature Type 
New map created with 970 points for 1 Feature Type 
Tracking Initlized in 1.05s
The initlized frame ID: 1
Track lost soon after initialisation, reseting...
System Reseting
Reseting Local Mapper... done
Reseting Loop Closing... done
Reseting Database... done
1
New map created with 119 points for 0 Feature Type 
New map created with 990 points for 1 Feature Type 
Tracking Initlized in 0.88s
The initlized frame ID: 1
Track lost soon after initialisation, reseting...
System Reseting
Reseting Local Mapper... done
Reseting Loop Closing... done
Reseting Database... done
1
New map created with 116 points for 0 Feature Type 
New map created with 1104 points for 1 Feature Type 
Tracking Initlized in 0.92s
The initlized frame ID: 1
The lost frame ID: 1397
The lost frame ID: 1398
The lost frame ID: 1399
The lost frame ID: 1400
The lost frame ID: 1401
The lost frame ID: 1402
The lost frame ID: 1403
The lost frame ID: 1404
The lost frame ID: 1405

Saving camera trajectory to TrajectoryBeforeReset_oxf_orb_sft_r11_seg10_pid2639390_1757460750889.txt ...

trajectory saved!
[Tracking] wrote pre-reset trajectory to TrajectoryBeforeReset_oxf_orb_sft_r11_seg10_pid2639390_1757460750889.txt
[Tracking] LOST for 10 consecutive frames -> reset
System Reseting
Reseting Local Mapper... done
Reseting Loop Closing... done
Reseting Database... done
1
New map created with 167 points for 0 Feature Type 
New map created with 1524 points for 1 Feature Type 
Tracking Initlized in 0.91s
The initlized frame ID: 1
The lost frame ID: 2242
The lost frame ID: 2243
The lost frame ID: 2244
The lost frame ID: 2245
The lost frame ID: 2246
The lost frame ID: 2247
The lost frame ID: 2248
The lost frame ID: 2249
The lost frame ID: 2250

Saving camera trajectory to TrajectoryBeforeReset_oxf_orb_sft_r11_seg11_pid2639390_1757461106744.txt ...

trajectory saved!
[Tracking] wrote pre-reset trajectory to TrajectoryBeforeReset_oxf_orb_sft_r11_seg11_pid2639390_1757461106744.txt
[Tracking] LOST for 10 consecutive frames -> reset
System Reseting
Reseting Local Mapper... done
Reseting Loop Closing... done
Reseting Database... done
1
New map created with 89 points for 0 Feature Type 
New map created with 606 points for 1 Feature Type 
Tracking Initlized in 7.03s
The initlized frame ID: 11
The lost frame ID: 66
The lost frame ID: 67
The lost frame ID: 68
The lost frame ID: 69
The lost frame ID: 70
The lost frame ID: 71
The lost frame ID: 72
The lost frame ID: 73
The lost frame ID: 74

Saving camera trajectory to TrajectoryBeforeReset_oxf_orb_sft_r11_seg12_pid2639390_1757461120860.txt ...

trajectory saved!
[Tracking] wrote pre-reset trajectory to TrajectoryBeforeReset_oxf_orb_sft_r11_seg12_pid2639390_1757461120860.txt
[Tracking] LOST for 10 consecutive frames -> reset
System Reseting
Reseting Local Mapper... done
Reseting Loop Closing... done
Reseting Database... done
1
New map created with 83 points for 0 Feature Type 
New map created with 698 points for 1 Feature Type 
Tracking Initlized in 0.98s
The initlized frame ID: 1
The lost frame ID: 76
The lost frame ID: 77
The lost frame ID: 78
The lost frame ID: 79
The lost frame ID: 80
The lost frame ID: 81
The lost frame ID: 82
The lost frame ID: 83
The lost frame ID: 84

Saving camera trajectory to TrajectoryBeforeReset_oxf_orb_sft_r11_seg13_pid2639390_1757461136027.txt ...

trajectory saved!
[Tracking] wrote pre-reset trajectory to TrajectoryBeforeReset_oxf_orb_sft_r11_seg13_pid2639390_1757461136027.txt
[Tracking] LOST for 10 consecutive frames -> reset
System Reseting
Reseting Local Mapper... done
Reseting Loop Closing... done
Reseting Database... done
1
New map created with 13 points for 0 Feature Type 
New map created with 165 points for 1 Feature Type 
Tracking Initlized in 1.62s
The initlized frame ID: 2
System::StopViewer()
System::StopViewer() done

Saving correlation status...

========== Global Summary ==========
Frames: 7172
avg_CorrEdges: 3.80884
avg_match_A: 64.9013
avg_match_B: 107.293
global_RI_MNR: 0.0586867
global_RI_GNR: 0.0456438
global_RI_DICE: 0.044239

========== Per-Channel Summary ==========
   chA   chB     avgCorr        avgA        avgB   avgRI_MNR   avgRI_GNR  avgRI_DICE
     0     1     3.80884     64.9013     107.293   0.0572385    0.044066   0.0422917

Correlation status saved!

System Shutdown
-------

median tracking time: 0.144226
mean tracking time: 0.15173

Saving camera trajectory to result11.txt ...

trajectory saved!
All done

========== Performance Summary (ms) ==========
name                                mean      median        rmse         min         max       count
Lost Count                         1.000       1.000       0.000       1.000       1.000          13
Tracking                           8.375       7.062       7.616       0.709     337.216        7310
Reset Count                        1.000       1.000       0.000       1.000       1.000          17
Correlation                        0.164       0.139       0.134       0.004       4.692        7175
Total Init                     47204.497   47204.497       0.000   47204.497   47204.497           1
Pipeline                         151.158     144.127      37.522      77.848     575.087        7513
SIFT Extract                     136.153     131.702      26.663      73.629     259.920        7513
ORB Extract                       32.777      31.441       7.832       9.255      76.028        7513
