Registering ORBextractor...
Registering AKAZEextractor...
Registering BRISKextractor...
Registering SIFTextractor...
Registering KAZEextractor...
Registering SuperPointExtractor...

ORB-SLAM2 Copyright (C) 2014-2016 Raul Mur-Artal, University of Zaragoza.
This program comes with ABSOLUTELY NO WARRANTY;
This is free software, and you are welcome to redistribute it
under certain conditions. See LICENSE.txt.

Input sensor was set to: Monocular

Loading Vocabulary : /home/howard/Refactored_ORB_SLAM2/Install/var/lib/orbslam2/voc/akaze_cv.fbow
This could take a while...
Loading AKAZE Vocabulary in FBoW.
AKAZE Vocabulary loaded in 0.002085s


Loading Vocabulary : /home/howard/Refactored_ORB_SLAM2/Install/var/lib/orbslam2/voc/kaze_cv.fbow
This could take a while...
Loading KAZE Vocabulary in FBoW.
KAZE Vocabulary loaded in 0.006077s


Camera Parameters: 
- fx: 707.091
- fy: 707.091
- cx: 601.887
- cy: 183.11
- k1: 0
- k2: 0
- p1: 0
- p2: 0
- fps: 10
- color order: RGB (ignored if grayscale)

[Feature 0] AKAZE Extractor Parameters: 
 ( TH_LOW: 100, TH_HIGH: 200 )
- Number of Features: 2000
- Scale Levels: 4
- Scale Factor: 1.2
- Threshold: 0.0001
- Num of Octaves: 4
- Num of Octave Layers: 4

[Feature 1] KAZE Extractor Parameters: 
 ( TH_LOW: 0.5, TH_HIGH: 1 )
- Number of Features : 2000
- Scale Levels       : 4
- Scale Factor       : 1.2
- Threshold          : 0.001
- nOctaves           : 4
- nOctaveLayers      : 4
- Extended (128‑dim) : 0
- Upright            : 0

-------
Start processing sequence ...
Images in the sequence: 1101

0
New map created with 1120 points for 0 Feature Type 
New map created with 247 points for 1 Feature Type 
Tracking Initlized in 5.17s
The initlized frame ID: 4
[LoopClosing] Sim3 choosed on channel 1
Loop detected!
Local Mapping STOP
Local Mapping RELEASE
Starting Global Bundle Adjustment
Global Bundle Adjustment finished
Updating map ...
Local Mapping STOP
Local Mapping RELEASE
Map updated!
System::StopViewer()
System::StopViewer() done
Viewer thread finished.
Viewer started, waiting for thread.
System::StopViewer()
System::StopViewer() done
Tracking thread joined...

Saving correlation status...

========== Global Summary ==========
Frames: 1096
avg_CorrEdges: 31.6487
avg_match_A: 133.322
avg_match_B: 227.739
global_RI_MNR: 0.237385
global_RI_GNR: 0.18163
global_RI_DICE: 0.175309

========== Per-Channel Summary ==========
   chA   chB     avgCorr        avgA        avgB   avgRI_MNR   avgRI_GNR  avgRI_DICE
     0     1     31.6487     133.322     227.739    0.199387    0.149141    0.142448

Correlation status saved!

-------

median tracking time: 0.123597
mean tracking time: 0.125109

Saving camera trajectory to result15.txt ...

trajectory saved!

========== Performance Summary (ms) ==========
name                                mean      median        rmse         min         max       count
Tracking                           6.941       6.501       2.407       3.197      19.650        1096
Total Init                      1188.324    1188.324       0.000    1188.324    1188.324           1
Pipeline                         125.104     123.592      14.053     107.239     325.273        1101
KAZE Extract                     116.133     115.361       7.491     101.006     210.554        1101
Correlation                        0.169       0.152       0.072       0.053       0.524        1096
AKAZE Extract                     34.202      30.742       8.801      25.064      66.302        1101
