Registering ORBextractor...
Registering AKAZEextractor...
Registering BRISKextractor...
Registering SIFTextractor...
Registering KAZEextractor...
Registering SuperPointExtractor...

ORB-SLAM2 Copyright (C) 2014-2016 Raul Mur-Artal, University of Zaragoza.
This program comes with ABSOLUTELY NO WARRANTY;
This is free software, and you are welcome to redistribute it
under certain conditions. See LICENSE.txt.

Input sensor was set to: Monocular

Loading Vocabulary : /home/howard/Refactored_ORB_SLAM2/Install/var/lib/orbslam2/voc/kaze_cv.fbow
This could take a while...
Loading KAZE Vocabulary in FBoW.
KAZE Vocabulary loaded in 0.014778s


Loading Vocabulary : /home/howard/Refactored_ORB_SLAM2/Install/var/lib/orbslam2/voc/superpoint.fbow
This could take a while...
Loading SuperPoint Vocabulary in FBoW.
SuperPoint Vocabulary loaded in 0.024056s


Camera Parameters: 
- fx: 983.044
- fy: 983.044
- cx: 643.647
- cy: 493.379
- k1: 0
- k2: 0
- p1: 0
- p2: 0
- fps: 16
- color order: RGB (ignored if grayscale)

[Feature 0] KAZE Extractor Parameters: 
 ( TH_LOW: 0.5, TH_HIGH: 1 )
- Number of Features : 2000
- Scale Levels       : 4
- Scale Factor       : 1.2
- Threshold          : 0.001
- nOctaves           : 4
- nOctaveLayers      : 4
- Extended (128‑dim) : 0
- Upright            : 0

[Feature 1] SuperPoint Extractor Parameters: 
 ( TH_LOW: 0.7, TH_HIGH: 0.9 )
- Number of Features: 2000
- Scale Levels: 4
- Scale Factor: 1.2
- Use CUDA: 1
- Use NMS: 1
- iniTh: 0.08
- minTh: 0.04

-------
Start processing sequence ...
Images in the sequence: 7513

0
New map created with 727 points for 0 Feature Type 
New map created with 388 points for 1 Feature Type 
Tracking Initlized in 677.97s
The initlized frame ID: 206
The lost frame ID: 833
The lost frame ID: 834
The lost frame ID: 835
The lost frame ID: 836
The lost frame ID: 837
The lost frame ID: 2389
The lost frame ID: 2390
The lost frame ID: 2391
The lost frame ID: 2392
The lost frame ID: 2393
The lost frame ID: 2394
The lost frame ID: 2395
The lost frame ID: 2396
The lost frame ID: 2397

Saving camera trajectory to TrajectoryBeforeReset_oxf_kaz_spp_r03_seg01_pid400243_1757618337835.txt ...

trajectory saved!
[Tracking] wrote pre-reset trajectory to TrajectoryBeforeReset_oxf_kaz_spp_r03_seg01_pid400243_1757618337835.txt
[Tracking] LOST for 10 consecutive frames -> reset
System Reseting
Reseting Local Mapper... done
Reseting Loop Closing... done
Reseting Database... done
1
New map created with 583 points for 0 Feature Type 
New map created with 221 points for 1 Feature Type 
Tracking Initlized in 12.66s
The initlized frame ID: 4
The lost frame ID: 1155
The lost frame ID: 1156
The lost frame ID: 1157
The lost frame ID: 1160
The lost frame ID: 1162
The lost frame ID: 1163
The lost frame ID: 1164
The lost frame ID: 1165
The lost frame ID: 1166
The lost frame ID: 1167
The lost frame ID: 1168
The lost frame ID: 1169
The lost frame ID: 1170

Saving camera trajectory to TrajectoryBeforeReset_oxf_kaz_spp_r03_seg02_pid400243_1757619101418.txt ...

trajectory saved!
[Tracking] wrote pre-reset trajectory to TrajectoryBeforeReset_oxf_kaz_spp_r03_seg02_pid400243_1757619101418.txt
[Tracking] LOST for 10 consecutive frames -> reset
System Reseting
Reseting Local Mapper... done
Reseting Loop Closing... done
Reseting Database... done
0
New map created with 590 points for 0 Feature Type 
New map created with 342 points for 1 Feature Type 
Tracking Initlized in 3.57s
The initlized frame ID: 1
The lost frame ID: 1402
The lost frame ID: 1403
The lost frame ID: 1404
The lost frame ID: 1405
The lost frame ID: 1406
The lost frame ID: 1407
The lost frame ID: 1408
The lost frame ID: 1409
The lost frame ID: 2730
The lost frame ID: 2736
The lost frame ID: 2740
The lost frame ID: 2745
The lost frame ID: 2748
The lost frame ID: 3272
The lost frame ID: 3273
The lost frame ID: 3274
The lost frame ID: 3275
The lost frame ID: 3276
The lost frame ID: 3277
The lost frame ID: 3278
The lost frame ID: 3279
The lost frame ID: 3280

Saving camera trajectory to TrajectoryBeforeReset_oxf_kaz_spp_r03_seg03_pid400243_1757621038993.txt ...

trajectory saved!
[Tracking] wrote pre-reset trajectory to TrajectoryBeforeReset_oxf_kaz_spp_r03_seg03_pid400243_1757621038993.txt
[Tracking] LOST for 10 consecutive frames -> reset
System Reseting
Reseting Local Mapper... done
Reseting Loop Closing... done
Reseting Database... done
0
New map created with 660 points for 0 Feature Type 
New map created with 379 points for 1 Feature Type 
Tracking Initlized in 2.77s
The initlized frame ID: 1
The lost frame ID: 375
The lost frame ID: 376
The lost frame ID: 377
The lost frame ID: 378
The lost frame ID: 379
The lost frame ID: 380
The lost frame ID: 381
The lost frame ID: 382
The lost frame ID: 383

Saving camera trajectory to TrajectoryBeforeReset_oxf_kaz_spp_r03_seg04_pid400243_1757621205269.txt ...

trajectory saved!
[Tracking] wrote pre-reset trajectory to TrajectoryBeforeReset_oxf_kaz_spp_r03_seg04_pid400243_1757621205269.txt
[Tracking] LOST for 10 consecutive frames -> reset
System Reseting
Reseting Local Mapper... done
Reseting Loop Closing... done
Reseting Database... done
0
New map created with 903 points for 0 Feature Type 
New map created with 358 points for 1 Feature Type 
Tracking Initlized in 290.55s
The initlized frame ID: 100
The lost frame ID: 153
The lost frame ID: 154
The lost frame ID: 156
The lost frame ID: 158
The lost frame ID: 160
The lost frame ID: 161
The lost frame ID: 162
The lost frame ID: 163
The lost frame ID: 164
The lost frame ID: 165
The lost frame ID: 166
The lost frame ID: 167
The lost frame ID: 168

Saving camera trajectory to TrajectoryBeforeReset_oxf_kaz_spp_r03_seg05_pid400243_1757621284877.txt ...

trajectory saved!
[Tracking] wrote pre-reset trajectory to TrajectoryBeforeReset_oxf_kaz_spp_r03_seg05_pid400243_1757621284877.txt
[Tracking] LOST for 10 consecutive frames -> reset
System Reseting
Reseting Local Mapper... done
Reseting Loop Closing... done
Reseting Database... done
0
New map created with 659 points for 0 Feature Type 
New map created with 326 points for 1 Feature Type 
Tracking Initlized in 2.96s
The initlized frame ID: 1
Track lost soon after initialisation, reseting...
System Reseting
Reseting Local Mapper... done
Reseting Loop Closing... done
Reseting Database... done
0
New map created with 648 points for 0 Feature Type 
New map created with 224 points for 1 Feature Type 
Tracking Initlized in 3.34s
The initlized frame ID: 1
System::StopViewer()
System::StopViewer() done

Saving correlation status...

========== Global Summary ==========
Frames: 7103
avg_CorrEdges: 1.74095
avg_match_A: 147.983
avg_match_B: 227.216
global_RI_MNR: 0.0117646
global_RI_GNR: 0.00949428
global_RI_DICE: 0.00928017

========== Per-Channel Summary ==========
   chA   chB     avgCorr        avgA        avgB   avgRI_MNR   avgRI_GNR  avgRI_DICE
     0     1     1.74095     147.983     227.216   0.0114342  0.00877392  0.00841258

Correlation status saved!

System Shutdown
-------

median tracking time: 0.630556
mean tracking time: 0.62357

Saving camera trajectory to result03.txt ...

trajectory saved!
All done

========== Performance Summary (ms) ==========
name                                mean      median        rmse         min         max       count
Lost Count                         1.000       1.000       0.000       1.000       1.000           5
Tracking                          18.915      15.889      13.864       1.924     582.526        7192
Reset Count                        1.000       1.000       0.000       1.000       1.000           6
Correlation                        0.282       0.233       0.226       0.004       4.705        7115
Total Init                    139433.856  139433.856       0.000  139433.856  139433.856           1
Pipeline                         622.385     630.441     121.644     297.731    1024.345        7513
KAZE Extract                     596.065     601.782     118.567     269.695     945.424        7513
SuperPoint Extract               333.051     330.528      55.333     130.236     828.631        7513
