Registering ORBextractor...
Registering AKAZEextractor...
Registering BRISKextractor...
Registering SIFTextractor...
Registering KAZEextractor...
Registering SuperPointExtractor...

ORB-SLAM2 Copyright (C) 2014-2016 Raul Mur-Artal, University of Zaragoza.
This program comes with ABSOLUTELY NO WARRANTY;
This is free software, and you are welcome to redistribute it
under certain conditions. See LICENSE.txt.

Input sensor was set to: Monocular

Loading Vocabulary : /home/howard/Refactored_ORB_SLAM2/Install/var/lib/orbslam2/voc/kaze_cv.fbow
This could take a while...
Loading KAZE Vocabulary in FBoW.
KAZE Vocabulary loaded in 0.009343s


Loading Vocabulary : /home/howard/Refactored_ORB_SLAM2/Install/var/lib/orbslam2/voc/superpoint.fbow
This could take a while...
Loading SuperPoint Vocabulary in FBoW.
SuperPoint Vocabulary loaded in 0.012153s


Camera Parameters: 
- fx: 983.044
- fy: 983.044
- cx: 643.647
- cy: 493.379
- k1: 0
- k2: 0
- p1: 0
- p2: 0
- fps: 16
- color order: RGB (ignored if grayscale)

[Feature 0] KAZE Extractor Parameters: 
 ( TH_LOW: 0.5, TH_HIGH: 1 )
- Number of Features : 2000
- Scale Levels       : 4
- Scale Factor       : 1.2
- Threshold          : 0.001
- nOctaves           : 4
- nOctaveLayers      : 4
- Extended (128‑dim) : 0
- Upright            : 0

[Feature 1] SuperPoint Extractor Parameters: 
 ( TH_LOW: 0.7, TH_HIGH: 0.9 )
- Number of Features: 2000
- Scale Levels: 4
- Scale Factor: 1.2
- Use CUDA: 1
- Use NMS: 1
- iniTh: 0.08
- minTh: 0.04

-------
Start processing sequence ...
Images in the sequence: 7513

0
New map created with 727 points for 0 Feature Type 
New map created with 388 points for 1 Feature Type 
Tracking Initlized in 503.72s
The initlized frame ID: 206
The lost frame ID: 833
The lost frame ID: 834
The lost frame ID: 835
The lost frame ID: 836
The lost frame ID: 837
The lost frame ID: 1465
The lost frame ID: 1466
The lost frame ID: 1468
The lost frame ID: 1469
The lost frame ID: 1470
The lost frame ID: 1471
The lost frame ID: 1472
The lost frame ID: 1473
The lost frame ID: 1474
The lost frame ID: 1475
The lost frame ID: 1476
The lost frame ID: 1478
The lost frame ID: 1480
The lost frame ID: 1482
The lost frame ID: 1483
The lost frame ID: 1484
The lost frame ID: 1485
The lost frame ID: 1486
The lost frame ID: 1487
The lost frame ID: 1490
The lost frame ID: 1491
The lost frame ID: 1492
The lost frame ID: 1494
The lost frame ID: 1495
The lost frame ID: 1497
The lost frame ID: 1498
The lost frame ID: 1499
The lost frame ID: 1500
The lost frame ID: 1501
The lost frame ID: 1502
The lost frame ID: 1503
The lost frame ID: 1504
The lost frame ID: 1505

Saving camera trajectory to TrajectoryBeforeReset_oxf_kaz_spp_r14_seg01_pid745961_1757665805774.txt ...

trajectory saved!
[Tracking] wrote pre-reset trajectory to TrajectoryBeforeReset_oxf_kaz_spp_r14_seg01_pid745961_1757665805774.txt
[Tracking] LOST for 10 consecutive frames -> reset
System Reseting
Reseting Local Mapper... done
Reseting Loop Closing... done
Reseting Database... done
1
New map created with 594 points for 0 Feature Type 
New map created with 296 points for 1 Feature Type 
Tracking Initlized in 4.93s
The initlized frame ID: 2
The lost frame ID: 2047
The lost frame ID: 2048
The lost frame ID: 2049
The lost frame ID: 2051
The lost frame ID: 2053
The lost frame ID: 2056
The lost frame ID: 2057
The lost frame ID: 2058
The lost frame ID: 2059
The lost frame ID: 2060
The lost frame ID: 2062
The lost frame ID: 2063
The lost frame ID: 2064
The lost frame ID: 2067
The lost frame ID: 2068
The lost frame ID: 2069
The lost frame ID: 2070
The lost frame ID: 2071
The lost frame ID: 2072
The lost frame ID: 2073
The lost frame ID: 2074
The lost frame ID: 2075

Saving camera trajectory to TrajectoryBeforeReset_oxf_kaz_spp_r14_seg02_pid745961_1757666607236.txt ...

trajectory saved!
[Tracking] wrote pre-reset trajectory to TrajectoryBeforeReset_oxf_kaz_spp_r14_seg02_pid745961_1757666607236.txt
[Tracking] LOST for 10 consecutive frames -> reset
System Reseting
Reseting Local Mapper... done
Reseting Loop Closing... done
Reseting Database... done
0
New map created with 642 points for 0 Feature Type 
New map created with 368 points for 1 Feature Type 
Tracking Initlized in 2.51s
The initlized frame ID: 1
The lost frame ID: 695
The lost frame ID: 696
The lost frame ID: 697
The lost frame ID: 698
The lost frame ID: 700
The lost frame ID: 701
The lost frame ID: 704
The lost frame ID: 706
The lost frame ID: 707
The lost frame ID: 708
The lost frame ID: 709
The lost frame ID: 710
The lost frame ID: 711
The lost frame ID: 712
The lost frame ID: 713
The lost frame ID: 714

Saving camera trajectory to TrajectoryBeforeReset_oxf_kaz_spp_r14_seg03_pid745961_1757666839628.txt ...

trajectory saved!
[Tracking] wrote pre-reset trajectory to TrajectoryBeforeReset_oxf_kaz_spp_r14_seg03_pid745961_1757666839628.txt
[Tracking] LOST for 10 consecutive frames -> reset
System Reseting
Reseting Local Mapper... done
Reseting Loop Closing... done
Reseting Database... done
0
New map created with 459 points for 0 Feature Type 
New map created with 288 points for 1 Feature Type 
Tracking Initlized in 2.40s
The initlized frame ID: 1
Track lost soon after initialisation, reseting...
System Reseting
Reseting Local Mapper... done
Reseting Loop Closing... done
Reseting Database... done
0
New map created with 504 points for 0 Feature Type 
New map created with 241 points for 1 Feature Type 
Tracking Initlized in 2.39s
The initlized frame ID: 1
The lost frame ID: 669
The lost frame ID: 670
The lost frame ID: 671
The lost frame ID: 672
The lost frame ID: 673
The lost frame ID: 674
The lost frame ID: 675
The lost frame ID: 678
The lost frame ID: 679
The lost frame ID: 680
The lost frame ID: 681
The lost frame ID: 682
The lost frame ID: 683
The lost frame ID: 684
The lost frame ID: 685
The lost frame ID: 686

Saving camera trajectory to TrajectoryBeforeReset_oxf_kaz_spp_r14_seg04_pid745961_1757667066141.txt ...

trajectory saved!
[Tracking] wrote pre-reset trajectory to TrajectoryBeforeReset_oxf_kaz_spp_r14_seg04_pid745961_1757667066141.txt
[Tracking] LOST for 10 consecutive frames -> reset
System Reseting
Reseting Local Mapper... done
Reseting Loop Closing... done
Reseting Database... done
1
New map created with 233 points for 0 Feature Type 
New map created with 285 points for 1 Feature Type 
Tracking Initlized in 2.27s
The initlized frame ID: 1
Track lost soon after initialisation, reseting...
System Reseting
Reseting Local Mapper... done
Reseting Loop Closing... done
Reseting Database... done
0
New map created with 315 points for 0 Feature Type 
New map created with 334 points for 1 Feature Type 
Tracking Initlized in 2.26s
The initlized frame ID: 1
Track lost soon after initialisation, reseting...
System Reseting
Reseting Local Mapper... done
Reseting Loop Closing... done
Reseting Database... done
0
New map created with 458 points for 0 Feature Type 
New map created with 317 points for 1 Feature Type 
Tracking Initlized in 2.61s
The initlized frame ID: 1
The lost frame ID: 2229
The lost frame ID: 2231
The lost frame ID: 2232
The lost frame ID: 2233
The lost frame ID: 2234
The lost frame ID: 2235
The lost frame ID: 2236
The lost frame ID: 2237
The lost frame ID: 2238
The lost frame ID: 2239

Saving camera trajectory to TrajectoryBeforeReset_oxf_kaz_spp_r14_seg05_pid745961_1757667827541.txt ...

trajectory saved!
[Tracking] wrote pre-reset trajectory to TrajectoryBeforeReset_oxf_kaz_spp_r14_seg05_pid745961_1757667827541.txt
[Tracking] LOST for 10 consecutive frames -> reset
System Reseting
Reseting Local Mapper... done
Reseting Loop Closing... done
Reseting Database... done
0
New map created with 825 points for 0 Feature Type 
New map created with 378 points for 1 Feature Type 
Tracking Initlized in 234.47s
The initlized frame ID: 97
The lost frame ID: 154
The lost frame ID: 155
The lost frame ID: 157
The lost frame ID: 159
The lost frame ID: 161
The lost frame ID: 163
The lost frame ID: 164
The lost frame ID: 165
The lost frame ID: 166
The lost frame ID: 167
The lost frame ID: 168
The lost frame ID: 169
The lost frame ID: 170
The lost frame ID: 171

Saving camera trajectory to TrajectoryBeforeReset_oxf_kaz_spp_r14_seg06_pid745961_1757667894138.txt ...

trajectory saved!
[Tracking] wrote pre-reset trajectory to TrajectoryBeforeReset_oxf_kaz_spp_r14_seg06_pid745961_1757667894138.txt
[Tracking] LOST for 10 consecutive frames -> reset
System Reseting
Reseting Local Mapper... done
Reseting Loop Closing... done
Reseting Database... done
0
New map created with 603 points for 0 Feature Type 
New map created with 199 points for 1 Feature Type 
Tracking Initlized in 2.66s
The initlized frame ID: 1
System::StopViewer()
System::StopViewer() done

Saving correlation status...

========== Global Summary ==========
Frames: 7065
avg_CorrEdges: 2.55442
avg_match_A: 227.472
avg_match_B: 358.989
global_RI_MNR: 0.0112296
global_RI_GNR: 0.00893899
global_RI_DICE: 0.00871132

========== Per-Channel Summary ==========
   chA   chB     avgCorr        avgA        avgB   avgRI_MNR   avgRI_GNR  avgRI_DICE
     0     1     2.55442     227.472     358.989   0.0118596  0.00874271   0.0083051

Correlation status saved!

System Shutdown
-------

median tracking time: 0.337124
mean tracking time: 0.351256

Saving camera trajectory to result14.txt ...

trajectory saved!
All done

========== Performance Summary (ms) ==========
name                                mean      median        rmse         min         max       count
Lost Count                         1.000       1.000       0.000       1.000       1.000           6
Tracking                          15.199      14.559       7.526       2.606     180.740        7191
Reset Count                        1.000       1.000       0.000       1.000       1.000           9
Correlation                        0.243       0.232       0.099       0.005       2.656        7066
Total Init                     83781.298   83781.298       0.000   83781.298   83781.298           1
Pipeline                         350.672     337.051      45.431     221.449     626.666        7513
KAZE Extract                     330.644     315.294      45.416     213.838     613.550        7513
SuperPoint Extract               210.317     205.707      31.824      90.970     373.702        7513
