Registering ORBextractor...
Registering AKAZEextractor...
Registering BRISKextractor...
Registering SIFTextractor...
Registering KAZEextractor...
Loading images...
Loaded 3682 images.
Creating SLAM system...

ORB-SLAM2 Copyright (C) 2014-2016 Raul Mur-Artal, University of Zaragoza.
This program comes with ABSOLUTELY NO WARRANTY;
This is free software, and you are welcome to redistribute it
under certain conditions. See LICENSE.txt.

Input sensor was set to: Monocular

Loading Vocabulary : /home/ucacsjj/Proj/UCL/Projects/PM-SLAM/Install/var/lib/orbslam2/voc/orb_mur.fbow
This could take a while...
Loading ORB Vocabulary in FBoW.
ORB Vocabulary loaded in 0.028654s


Loading Vocabulary : /home/ucacsjj/Proj/UCL/Projects/PM-SLAM/Install/var/lib/orbslam2/voc/kaze_cv.fbow
This could take a while...
Loading KAZE Vocabulary in FBoW.
KAZE Vocabulary loaded in 0.024227s


Camera Parameters: 
- fx: 458.654
- fy: 457.296
- cx: 367.215
- cy: 248.375
- k1: -0.283408
- k2: 0.0739591
- p1: 0.00019359
- p2: 1.76187e-05
- fps: 20
- color order: RGB (ignored if grayscale)

[Feature 0] ORB Extractor Parameters: 
 ( TH_LOW: 50, TH_HIGH: 100 )
- Number of Features: 1000
- Scale Levels: 8
- Scale Factor: 1.2
- Initial Fast Threshold: 20
- Minimum Fast Threshold: 7

[Feature 1] KAZE Extractor Parameters: 
 ( TH_LOW: 0.5, TH_HIGH: 1 )
- Number of Features : 1000
- Scale Levels       : 4
- Scale Factor       : 1.2
- Threshold          : 0.0005
- nOctaves           : 4
- nOctaveLayers      : 4
- Extended (128‑dim) : 0
- Upright            : 0

-------
Start processing sequence ...
Images in the sequence: 3682

Viewer started, waiting for thread.
1
New map created with 138 points for 0 Feature Type 
New map created with 873 points for 1 Feature Type 
Tracking Initlized in 4.09s
The initlized frame ID: 2
System::StopViewer()
System::StopViewer() done
Tracking thread joined...

Saving correlation status...

========== Global Summary ==========
Frames: 3679
avg_CorrEdges: 51.0367
avg_match_A: 186.306
avg_match_B: 369
global_RI_MNR: 0.273941
global_RI_GNR: 0.194651
global_RI_DICE: 0.183815

========== Per-Channel Summary ==========
   chA   chB     avgCorr        avgA        avgB   avgRI_MNR   avgRI_GNR  avgRI_DICE
     0     1     51.0367     186.306         369    0.270785    0.191585    0.180234

Correlation status saved!

-------

median tracking time: 0.332762
mean tracking time: 0.333945

Saving camera trajectory to Trajectory.txt ...

trajectory saved!

========== Performance Summary (ms) ==========
name                                mean      median        rmse         min         max       count
Tracking                          38.648      32.687      19.419       8.642      95.327        3679
Correlation                        0.628       0.574       0.273       0.052       4.915        3679
Total Init                      1036.095    1036.095       0.000    1036.095    1036.095           1
Pipeline                         333.939     332.748      61.506     210.439     675.179        3682
KAZE Extract                     284.468     287.984      43.994     191.241     411.533        3682
ORB Extract                       20.872      20.021       4.823      10.971      47.090        3682
