Registering ORBextractor...
Registering AKAZEextractor...
Registering BRISKextractor...
Registering SIFTextractor...
Registering KAZEextractor...
Loading images...
Loaded 3682 images.
Creating SLAM system...

ORB-SLAM2 Copyright (C) 2014-2016 Raul Mur-Artal, University of Zaragoza.
This program comes with ABSOLUTELY NO WARRANTY;
This is free software, and you are welcome to redistribute it
under certain conditions. See LICENSE.txt.

Input sensor was set to: Monocular

Loading Vocabulary : /home/ucacsjj/Proj/UCL/Projects/PM-SLAM/Install/var/lib/orbslam2/voc/orb_mur.fbow
This could take a while...
Loading ORB Vocabulary in FBoW.
ORB Vocabulary loaded in 0.021403s


Loading Vocabulary : /home/ucacsjj/Proj/UCL/Projects/PM-SLAM/Install/var/lib/orbslam2/voc/kaze_cv.fbow
This could take a while...
Loading KAZE Vocabulary in FBoW.
KAZE Vocabulary loaded in 0.016862s


Camera Parameters: 
- fx: 458.654
- fy: 457.296
- cx: 367.215
- cy: 248.375
- k1: -0.283408
- k2: 0.0739591
- p1: 0.00019359
- p2: 1.76187e-05
- fps: 20
- color order: RGB (ignored if grayscale)

[Feature 0] ORB Extractor Parameters: 
 ( TH_LOW: 50, TH_HIGH: 100 )
- Number of Features: 1000
- Scale Levels: 8
- Scale Factor: 1.2
- Initial Fast Threshold: 20
- Minimum Fast Threshold: 7

[Feature 1] KAZE Extractor Parameters: 
 ( TH_LOW: 0.5, TH_HIGH: 1 )
- Number of Features : 1000
- Scale Levels       : 4
- Scale Factor       : 1.2
- Threshold          : 0.0005
- nOctaves           : 4
- nOctaveLayers      : 4
- Extended (128‑dim) : 0
- Upright            : 0

-------
Start processing sequence ...
Images in the sequence: 3682

Viewer started, waiting for thread.
1
New map created with 138 points for 0 Feature Type 
New map created with 873 points for 1 Feature Type 
Tracking Initlized in 4.40s
The initlized frame ID: 2
System::StopViewer()
System::StopViewer() done
Tracking thread joined...

Saving correlation status...

========== Global Summary ==========
Frames: 3679
avg_CorrEdges: 50.1818
avg_match_A: 182.969
avg_match_B: 363.855
global_RI_MNR: 0.274264
global_RI_GNR: 0.194488
global_RI_DICE: 0.183539

========== Per-Channel Summary ==========
   chA   chB     avgCorr        avgA        avgB   avgRI_MNR   avgRI_GNR  avgRI_DICE
     0     1     50.1818     182.969     363.855     0.26848    0.189997    0.178769

Correlation status saved!

-------

median tracking time: 0.273169
mean tracking time: 0.275911

Saving camera trajectory to Trajectory.txt ...

trajectory saved!

========== Performance Summary (ms) ==========
name                                mean      median        rmse         min         max       count
Tracking                          37.372      31.494      19.006       8.944      89.671        3679
Correlation                        0.628       0.575       0.275       0.178       4.678        3679
Total Init                      1063.626    1063.626       0.000    1063.626    1063.626           1
Pipeline                         275.905     273.160      33.178     216.896     588.237        3682
KAZE Extract                     233.435     230.870      20.359     191.666     388.821        3682
ORB Extract                       20.839      20.089       4.664      10.855      48.174        3682
