Registering ORBextractor...
Registering AKAZEextractor...
Registering BRISKextractor...
Registering SIFTextractor...
Registering KAZEextractor...
Loading images...
Loaded 3682 images.
Creating SLAM system...

ORB-SLAM2 Copyright (C) 2014-2016 Raul Mur-Artal, University of Zaragoza.
This program comes with ABSOLUTELY NO WARRANTY;
This is free software, and you are welcome to redistribute it
under certain conditions. See LICENSE.txt.

Input sensor was set to: Monocular

Loading Vocabulary : /home/ucacsjj/Proj/UCL/Projects/PM-SLAM/Install/var/lib/orbslam2/voc/akaze_cv.fbow
This could take a while...
Loading AKAZE Vocabulary in FBoW.
AKAZE Vocabulary loaded in 0.004112s


Loading Vocabulary : /home/ucacsjj/Proj/UCL/Projects/PM-SLAM/Install/var/lib/orbslam2/voc/brisk_cv.fbow
This could take a while...
Loading BRISK Vocabulary in FBoW.
BRISK Vocabulary loaded in 0.003848s


Camera Parameters: 
- fx: 458.654
- fy: 457.296
- cx: 367.215
- cy: 248.375
- k1: -0.283408
- k2: 0.0739591
- p1: 0.00019359
- p2: 1.76187e-05
- fps: 20
- color order: RGB (ignored if grayscale)

[Feature 0] AKAZE Extractor Parameters: 
 ( TH_LOW: 100, TH_HIGH: 200 )
- Number of Features: 1000
- Scale Levels: 4
- Scale Factor: 1.2
- Threshold: 0.001
- Num of Octaves: 4
- Num of Octave Layers: 4

[Feature 1] BRISK Extractor Parameters: 
 ( TH_LOW: 100, TH_HIGH: 200 )
- Number of Features: 1000
- Scale Levels: 6
- Scale Factor: 1.414
- Threshold: 10
- Num of Octaves: 3
- Pattern Scale: 1

-------
Start processing sequence ...
Images in the sequence: 3682

Viewer started, waiting for thread.
0
New map created with 534 points for 0 Feature Type 
New map created with 162 points for 1 Feature Type 
Tracking Initlized in 1.84s
The initlized frame ID: 2
The lost frame ID: 2777
The lost frame ID: 2778
The lost frame ID: 2779
The lost frame ID: 2780
The lost frame ID: 2781
The lost frame ID: 2782
The lost frame ID: 2783
The lost frame ID: 2784
The lost frame ID: 2785
The lost frame ID: 2786
The lost frame ID: 2788
The lost frame ID: 2789
The lost frame ID: 2790
The lost frame ID: 2791
The lost frame ID: 2792
The lost frame ID: 2793
The lost frame ID: 2794
The lost frame ID: 2795
The lost frame ID: 2796
The lost frame ID: 2797
The lost frame ID: 2798
The lost frame ID: 2799
The lost frame ID: 2800
The lost frame ID: 2801
The lost frame ID: 2802
The lost frame ID: 2803
The lost frame ID: 2804
The lost frame ID: 2805
The lost frame ID: 2806
The lost frame ID: 2807
The lost frame ID: 2808
The lost frame ID: 2809
The lost frame ID: 2810
The lost frame ID: 2811
The lost frame ID: 2812
The lost frame ID: 2813
The lost frame ID: 2814
The lost frame ID: 2815
The lost frame ID: 2816
The lost frame ID: 2817
The lost frame ID: 2818
The lost frame ID: 2819
The lost frame ID: 2820
The lost frame ID: 2821
The lost frame ID: 2823
The lost frame ID: 2824
The lost frame ID: 2825
The lost frame ID: 2826
The lost frame ID: 2827
The lost frame ID: 2828
The lost frame ID: 2829
The lost frame ID: 2830
The lost frame ID: 2831
The lost frame ID: 2832
The lost frame ID: 2833
The lost frame ID: 2834
The lost frame ID: 2835
The lost frame ID: 2836
The lost frame ID: 2837
The lost frame ID: 2838
The lost frame ID: 2839
The lost frame ID: 2840
The lost frame ID: 2841
The lost frame ID: 2842
The lost frame ID: 2843
The lost frame ID: 2844
The lost frame ID: 2845
The lost frame ID: 2846
The lost frame ID: 2847
The lost frame ID: 2848
The lost frame ID: 2849
The lost frame ID: 2850
The lost frame ID: 2851
The lost frame ID: 2852
The lost frame ID: 2853
The lost frame ID: 2854
The lost frame ID: 2855
The lost frame ID: 2856
The lost frame ID: 2857
The lost frame ID: 2858
The lost frame ID: 2859
The lost frame ID: 2860
The lost frame ID: 2861
The lost frame ID: 2862
The lost frame ID: 2863
The lost frame ID: 2864
The lost frame ID: 2865
The lost frame ID: 2866
The lost frame ID: 2867
The lost frame ID: 2868
The lost frame ID: 2869
The lost frame ID: 2870
The lost frame ID: 2871
The lost frame ID: 2872
The lost frame ID: 2873
The lost frame ID: 2874
The lost frame ID: 2875
The lost frame ID: 2876
The lost frame ID: 2877
The lost frame ID: 2878
The lost frame ID: 2879
The lost frame ID: 2880
The lost frame ID: 2881
The lost frame ID: 2882
The lost frame ID: 2883
The lost frame ID: 2884
The lost frame ID: 2885
The lost frame ID: 2886
The lost frame ID: 2887
The lost frame ID: 2888
The lost frame ID: 2889
The lost frame ID: 2890
The lost frame ID: 2891
The lost frame ID: 2892
The lost frame ID: 2893
The lost frame ID: 2894
The lost frame ID: 2895
The lost frame ID: 2896
The lost frame ID: 2897
The lost frame ID: 2898
The lost frame ID: 2899
The lost frame ID: 2900
The lost frame ID: 2901
The lost frame ID: 2902
The lost frame ID: 2903
The lost frame ID: 2904
The lost frame ID: 2905
The lost frame ID: 2906
The lost frame ID: 2907
The lost frame ID: 2908
The lost frame ID: 2909
The lost frame ID: 2910
The lost frame ID: 2911
The lost frame ID: 2912
The lost frame ID: 2913
The lost frame ID: 2914
The lost frame ID: 2915
The lost frame ID: 2916
The lost frame ID: 2917
The lost frame ID: 2918
The lost frame ID: 2919
The lost frame ID: 2920
The lost frame ID: 2921
The lost frame ID: 2922
The lost frame ID: 2923
The lost frame ID: 2924
The lost frame ID: 2925
The lost frame ID: 2926
The lost frame ID: 2927
The lost frame ID: 2928
The lost frame ID: 2929
The lost frame ID: 2930
The lost frame ID: 2931
The lost frame ID: 2932
The lost frame ID: 2933
The lost frame ID: 2934
The lost frame ID: 2935
The lost frame ID: 2936
The lost frame ID: 2937
The lost frame ID: 2938
The lost frame ID: 2939
The lost frame ID: 2940
The lost frame ID: 2941
The lost frame ID: 2942
The lost frame ID: 2943
The lost frame ID: 2944
The lost frame ID: 2945
The lost frame ID: 2946
The lost frame ID: 2947
The lost frame ID: 2948
The lost frame ID: 2949
The lost frame ID: 2950
The lost frame ID: 2951
The lost frame ID: 2952
The lost frame ID: 2953
The lost frame ID: 2954
The lost frame ID: 2955
The lost frame ID: 2956
The lost frame ID: 2957
The lost frame ID: 2958
The lost frame ID: 2959
The lost frame ID: 2960
The lost frame ID: 2961
The lost frame ID: 2962
The lost frame ID: 2963
The lost frame ID: 2964
The lost frame ID: 2965
The lost frame ID: 2966
The lost frame ID: 2967
The lost frame ID: 2968
The lost frame ID: 2969
The lost frame ID: 2970
The lost frame ID: 2971
The lost frame ID: 2972
The lost frame ID: 2973
The lost frame ID: 2974
The lost frame ID: 2975
The lost frame ID: 2976
The lost frame ID: 2977
The lost frame ID: 2978
The lost frame ID: 2979
The lost frame ID: 2980
The lost frame ID: 2981
The lost frame ID: 2982
The lost frame ID: 2983
The lost frame ID: 2984
The lost frame ID: 2985
The lost frame ID: 2986
The lost frame ID: 2987
The lost frame ID: 2988
The lost frame ID: 2989
The lost frame ID: 2990
The lost frame ID: 2991
The lost frame ID: 2992
The lost frame ID: 2993
The lost frame ID: 2994
The lost frame ID: 2995
The lost frame ID: 2996
The lost frame ID: 2997
The lost frame ID: 2998
The lost frame ID: 2999
The lost frame ID: 3000
The lost frame ID: 3001
The lost frame ID: 3002
The lost frame ID: 3003
The lost frame ID: 3004
The lost frame ID: 3005
The lost frame ID: 3006
The lost frame ID: 3007
The lost frame ID: 3008
The lost frame ID: 3009
The lost frame ID: 3010
The lost frame ID: 3011
The lost frame ID: 3012
The lost frame ID: 3013
The lost frame ID: 3014
The lost frame ID: 3015
The lost frame ID: 3016
The lost frame ID: 3017
The lost frame ID: 3018
The lost frame ID: 3019
The lost frame ID: 3020
The lost frame ID: 3021
The lost frame ID: 3022
The lost frame ID: 3023
The lost frame ID: 3024
The lost frame ID: 3025
The lost frame ID: 3026
The lost frame ID: 3027
The lost frame ID: 3028
The lost frame ID: 3029
The lost frame ID: 3030
The lost frame ID: 3031
The lost frame ID: 3032
The lost frame ID: 3033
The lost frame ID: 3034
The lost frame ID: 3035
The lost frame ID: 3036
The lost frame ID: 3037
The lost frame ID: 3038
The lost frame ID: 3039
The lost frame ID: 3040
The lost frame ID: 3041
The lost frame ID: 3042
The lost frame ID: 3043
The lost frame ID: 3044
The lost frame ID: 3045
The lost frame ID: 3046
The lost frame ID: 3047
The lost frame ID: 3048
The lost frame ID: 3049
The lost frame ID: 3050
The lost frame ID: 3051
The lost frame ID: 3052
The lost frame ID: 3053
The lost frame ID: 3054
The lost frame ID: 3055
The lost frame ID: 3056
The lost frame ID: 3057
The lost frame ID: 3058
The lost frame ID: 3059
The lost frame ID: 3060
The lost frame ID: 3061
The lost frame ID: 3062
The lost frame ID: 3063
The lost frame ID: 3064
The lost frame ID: 3065
The lost frame ID: 3066
The lost frame ID: 3067
The lost frame ID: 3068
The lost frame ID: 3069
The lost frame ID: 3070
The lost frame ID: 3071
The lost frame ID: 3072
The lost frame ID: 3073
The lost frame ID: 3074
The lost frame ID: 3075
The lost frame ID: 3076
The lost frame ID: 3077
The lost frame ID: 3078
The lost frame ID: 3079
The lost frame ID: 3080
The lost frame ID: 3081
The lost frame ID: 3082
The lost frame ID: 3083
The lost frame ID: 3084
The lost frame ID: 3085
The lost frame ID: 3086
The lost frame ID: 3087
The lost frame ID: 3088
The lost frame ID: 3089
The lost frame ID: 3090
The lost frame ID: 3091
The lost frame ID: 3092
The lost frame ID: 3093
The lost frame ID: 3094
The lost frame ID: 3095
The lost frame ID: 3096
The lost frame ID: 3097
The lost frame ID: 3098
The lost frame ID: 3099
The lost frame ID: 3100
The lost frame ID: 3101
The lost frame ID: 3102
The lost frame ID: 3103
The lost frame ID: 3104
The lost frame ID: 3105
The lost frame ID: 3106
The lost frame ID: 3107
The lost frame ID: 3108
The lost frame ID: 3109
The lost frame ID: 3110
The lost frame ID: 3111
The lost frame ID: 3112
The lost frame ID: 3113
The lost frame ID: 3114
The lost frame ID: 3115
The lost frame ID: 3116
The lost frame ID: 3117
The lost frame ID: 3118
The lost frame ID: 3119
The lost frame ID: 3120
The lost frame ID: 3121
The lost frame ID: 3122
The lost frame ID: 3123
The lost frame ID: 3124
System::StopViewer()
System::StopViewer() done
Tracking thread joined...

Saving correlation status...

========== Global Summary ==========
Frames: 3332
avg_CorrEdges: 21.8481
avg_match_A: 165.758
avg_match_B: 161.237
global_RI_MNR: 0.135503
global_RI_GNR: 0.133643
global_RI_DICE: 0.13363

========== Per-Channel Summary ==========
   chA   chB     avgCorr        avgA        avgB   avgRI_MNR   avgRI_GNR  avgRI_DICE
     0     1     21.8481     165.758     161.237    0.132345    0.120004    0.119161

Correlation status saved!

-------

median tracking time: 0.212485
mean tracking time: 0.211559

Saving camera trajectory to Trajectory.txt ...

trajectory saved!

========== Performance Summary (ms) ==========
name                                mean      median        rmse         min         max       count
Tracking                          23.663      22.359       8.588       5.727      66.655        3679
Total Init                      1045.095    1045.095       0.000    1045.095    1045.095           1
Pipeline                         211.553     212.473      43.416      65.477     521.095        3682
BRISK Extract                    184.783     184.425      42.737      43.197     344.482        3682
Correlation                        0.455       0.392       0.293       0.009       4.642        3333
AKAZE Extract                     59.234      59.445      10.432      32.598      95.833        3682
