Registering ORBextractor...
Registering AKAZEextractor...
Registering BRISKextractor...
Registering SIFTextractor...
Registering KAZEextractor...
Registering SuperPointExtractor...
Loading images...
Loaded 3682 images.
Creating SLAM system...

ORB-SLAM2 Copyright (C) 2014-2016 Raul Mur-Artal, University of Zaragoza.
This program comes with ABSOLUTELY NO WARRANTY;
This is free software, and you are welcome to redistribute it
under certain conditions. See LICENSE.txt.

Input sensor was set to: Monocular

Loading Vocabulary : /home/howard/Refactored_ORB_SLAM2/Install/var/lib/orbslam2/voc/akaze_cv.fbow
This could take a while...
Loading AKAZE Vocabulary in FBoW.
AKAZE Vocabulary loaded in 0.001941s


Loading Vocabulary : /home/howard/Refactored_ORB_SLAM2/Install/var/lib/orbslam2/voc/brisk_cv.fbow
This could take a while...
Loading BRISK Vocabulary in FBoW.
BRISK Vocabulary loaded in 0.001926s


Camera Parameters: 
- fx: 458.654
- fy: 457.296
- cx: 367.215
- cy: 248.375
- k1: -0.283408
- k2: 0.0739591
- p1: 0.00019359
- p2: 1.76187e-05
- fps: 20
- color order: RGB (ignored if grayscale)

[Feature 0] AKAZE Extractor Parameters: 
 ( TH_LOW: 100, TH_HIGH: 200 )
- Number of Features: 1000
- Scale Levels: 4
- Scale Factor: 1.2
- Threshold: 0.001
- Num of Octaves: 4
- Num of Octave Layers: 4

[Feature 1] BRISK Extractor Parameters: 
 ( TH_LOW: 100, TH_HIGH: 200 )
- Number of Features: 1000
- Scale Levels: 6
- Scale Factor: 1.414
- Threshold: 10
- Num of Octaves: 3
- Pattern Scale: 1

-------
Start processing sequence ...
Images in the sequence: 3682

0
New map created with 534 points for 0 Feature Type 
New map created with 162 points for 1 Feature Type 
Tracking Initlized in 1.00s
The initlized frame ID: 2
The lost frame ID: 1362
The lost frame ID: 1364
The lost frame ID: 1366
The lost frame ID: 1367
The lost frame ID: 1368
The lost frame ID: 1369
The lost frame ID: 1370
The lost frame ID: 1371
The lost frame ID: 1372
The lost frame ID: 1373
The lost frame ID: 1374
The lost frame ID: 1375
The lost frame ID: 1376
The lost frame ID: 1377
The lost frame ID: 1378
The lost frame ID: 1379
The lost frame ID: 1380
The lost frame ID: 1381
The lost frame ID: 1382
The lost frame ID: 1383
The lost frame ID: 1384
The lost frame ID: 1385
The lost frame ID: 1386
The lost frame ID: 1387
The lost frame ID: 1388
The lost frame ID: 1389
The lost frame ID: 1390
The lost frame ID: 1391
The lost frame ID: 1392
The lost frame ID: 1393
The lost frame ID: 1394
The lost frame ID: 1395
The lost frame ID: 1396
The lost frame ID: 1397
The lost frame ID: 1398
The lost frame ID: 1399
The lost frame ID: 1400
The lost frame ID: 1401
The lost frame ID: 1402
The lost frame ID: 1403
The lost frame ID: 1404
The lost frame ID: 1405
The lost frame ID: 1406
The lost frame ID: 1407
The lost frame ID: 1408
The lost frame ID: 1409
The lost frame ID: 1410
The lost frame ID: 1411
The lost frame ID: 1412
The lost frame ID: 1413
The lost frame ID: 1414
The lost frame ID: 1415
The lost frame ID: 1416
The lost frame ID: 1418
The lost frame ID: 1419
The lost frame ID: 1420
The lost frame ID: 1421
The lost frame ID: 1422
The lost frame ID: 1423
The lost frame ID: 1424
The lost frame ID: 1425
The lost frame ID: 1426
The lost frame ID: 1427
The lost frame ID: 1428
The lost frame ID: 1430
The lost frame ID: 1432
The lost frame ID: 1433
The lost frame ID: 1434
The lost frame ID: 1435
The lost frame ID: 1436
The lost frame ID: 1437
The lost frame ID: 1438
The lost frame ID: 1440
The lost frame ID: 1443
The lost frame ID: 1445
The lost frame ID: 1446
The lost frame ID: 1448
The lost frame ID: 1450
The lost frame ID: 1451
The lost frame ID: 1452
The lost frame ID: 1453
The lost frame ID: 1454
The lost frame ID: 1455
The lost frame ID: 1456
The lost frame ID: 1457
The lost frame ID: 1458
The lost frame ID: 1459
The lost frame ID: 1460
The lost frame ID: 1461
The lost frame ID: 1462
The lost frame ID: 1463
The lost frame ID: 1464
The lost frame ID: 1465
The lost frame ID: 1466
The lost frame ID: 1467
The lost frame ID: 1468
The lost frame ID: 1469
The lost frame ID: 1470
The lost frame ID: 1471
The lost frame ID: 1472
The lost frame ID: 1473
The lost frame ID: 1474
The lost frame ID: 1475
The lost frame ID: 1476
The lost frame ID: 1477
The lost frame ID: 1478
The lost frame ID: 1479
The lost frame ID: 1480
The lost frame ID: 1481
The lost frame ID: 1482
The lost frame ID: 1483
The lost frame ID: 1484
The lost frame ID: 1485
The lost frame ID: 1486
The lost frame ID: 1487
The lost frame ID: 1488
The lost frame ID: 1489
The lost frame ID: 1490
The lost frame ID: 1491
The lost frame ID: 1492
The lost frame ID: 1493
The lost frame ID: 1494
The lost frame ID: 1495
The lost frame ID: 1496
The lost frame ID: 1497
The lost frame ID: 1498
The lost frame ID: 1499
The lost frame ID: 1500
The lost frame ID: 1501
The lost frame ID: 1502
The lost frame ID: 1503
The lost frame ID: 1504
The lost frame ID: 1505
The lost frame ID: 1506
The lost frame ID: 1507
The lost frame ID: 1508
The lost frame ID: 1509
The lost frame ID: 1510
The lost frame ID: 1511
The lost frame ID: 1512
The lost frame ID: 1513
The lost frame ID: 1514
The lost frame ID: 1515
The lost frame ID: 1516
The lost frame ID: 1517
The lost frame ID: 1518
The lost frame ID: 1519
The lost frame ID: 1520
The lost frame ID: 1521
The lost frame ID: 1522
The lost frame ID: 1523
The lost frame ID: 1524
The lost frame ID: 1525
The lost frame ID: 1526
The lost frame ID: 1527
The lost frame ID: 1528
The lost frame ID: 1529
The lost frame ID: 1530
The lost frame ID: 1531
The lost frame ID: 1532
The lost frame ID: 1533
The lost frame ID: 1534
The lost frame ID: 1535
The lost frame ID: 1536
The lost frame ID: 1537
The lost frame ID: 1538
The lost frame ID: 1539
The lost frame ID: 1540
The lost frame ID: 1541
The lost frame ID: 1542
The lost frame ID: 1543
The lost frame ID: 1544
The lost frame ID: 1545
The lost frame ID: 1546
The lost frame ID: 1547
The lost frame ID: 1548
The lost frame ID: 1549
The lost frame ID: 1550
The lost frame ID: 1551
The lost frame ID: 1552
The lost frame ID: 1553
The lost frame ID: 1554
The lost frame ID: 1555
The lost frame ID: 1556
The lost frame ID: 1557
The lost frame ID: 1558
The lost frame ID: 1559
The lost frame ID: 1560
The lost frame ID: 1561
The lost frame ID: 1562
The lost frame ID: 1563
The lost frame ID: 1564
The lost frame ID: 1565
The lost frame ID: 1566
The lost frame ID: 1567
The lost frame ID: 1568
The lost frame ID: 1569
The lost frame ID: 1570
The lost frame ID: 1571
The lost frame ID: 1572
The lost frame ID: 1573
The lost frame ID: 1574
The lost frame ID: 1575
The lost frame ID: 1576
The lost frame ID: 1577
The lost frame ID: 1578
The lost frame ID: 1579
The lost frame ID: 1580
The lost frame ID: 1581
The lost frame ID: 1582
The lost frame ID: 1583
The lost frame ID: 1584
The lost frame ID: 1585
The lost frame ID: 1586
The lost frame ID: 1587
The lost frame ID: 1588
The lost frame ID: 1589
The lost frame ID: 1590
The lost frame ID: 1591
The lost frame ID: 1592
The lost frame ID: 1593
The lost frame ID: 1594
The lost frame ID: 1595
The lost frame ID: 1596
The lost frame ID: 1597
The lost frame ID: 1598
The lost frame ID: 1599
The lost frame ID: 1600
The lost frame ID: 1601
The lost frame ID: 1602
The lost frame ID: 1603
The lost frame ID: 1604
The lost frame ID: 1605
The lost frame ID: 1606
The lost frame ID: 1607
The lost frame ID: 1608
The lost frame ID: 1609
The lost frame ID: 1610
The lost frame ID: 1611
The lost frame ID: 1612
The lost frame ID: 1613
The lost frame ID: 1614
The lost frame ID: 1615
The lost frame ID: 1616
The lost frame ID: 1617
The lost frame ID: 1618
The lost frame ID: 1619
The lost frame ID: 1620
The lost frame ID: 1621
The lost frame ID: 1622
The lost frame ID: 1623
The lost frame ID: 1624
The lost frame ID: 1625
The lost frame ID: 1626
The lost frame ID: 1627
The lost frame ID: 1628
The lost frame ID: 1629
The lost frame ID: 1630
The lost frame ID: 1631
The lost frame ID: 1632
The lost frame ID: 1633
The lost frame ID: 1634
The lost frame ID: 1635
The lost frame ID: 1636
The lost frame ID: 1637
The lost frame ID: 1638
The lost frame ID: 1639
The lost frame ID: 1640
The lost frame ID: 1641
The lost frame ID: 1642
The lost frame ID: 1643
The lost frame ID: 1644
The lost frame ID: 1645
The lost frame ID: 1646
The lost frame ID: 1647
The lost frame ID: 1648
The lost frame ID: 1649
The lost frame ID: 1650
The lost frame ID: 1651
The lost frame ID: 1652
The lost frame ID: 1653
The lost frame ID: 1654
The lost frame ID: 1655
The lost frame ID: 1656
The lost frame ID: 1657
The lost frame ID: 1658
The lost frame ID: 1659
The lost frame ID: 1660
The lost frame ID: 1661
The lost frame ID: 1662
The lost frame ID: 1663
The lost frame ID: 1664
The lost frame ID: 1665
The lost frame ID: 1666
The lost frame ID: 1667
The lost frame ID: 1668
The lost frame ID: 1669
The lost frame ID: 1670
The lost frame ID: 1671
The lost frame ID: 1672
The lost frame ID: 1673
The lost frame ID: 1674
The lost frame ID: 1675
The lost frame ID: 1676
The lost frame ID: 1677
The lost frame ID: 1678
The lost frame ID: 1679
The lost frame ID: 1680
The lost frame ID: 1681
The lost frame ID: 1682
The lost frame ID: 1683
The lost frame ID: 1684
The lost frame ID: 1685
The lost frame ID: 1686
The lost frame ID: 1687
The lost frame ID: 1688
The lost frame ID: 1689
The lost frame ID: 1690
The lost frame ID: 1691
The lost frame ID: 1692
The lost frame ID: 1693
The lost frame ID: 1694
The lost frame ID: 1695
The lost frame ID: 1696
The lost frame ID: 1697
The lost frame ID: 1698
The lost frame ID: 1699
The lost frame ID: 1700
The lost frame ID: 1701
The lost frame ID: 1702
The lost frame ID: 1703
The lost frame ID: 1704
The lost frame ID: 1705
The lost frame ID: 1706
The lost frame ID: 1707
The lost frame ID: 1708
The lost frame ID: 1709
The lost frame ID: 1710
The lost frame ID: 1711
The lost frame ID: 1712
The lost frame ID: 1713
The lost frame ID: 1714
The lost frame ID: 1715
The lost frame ID: 1716
The lost frame ID: 1717
The lost frame ID: 1718
The lost frame ID: 1719
The lost frame ID: 1720
The lost frame ID: 1721
The lost frame ID: 1722
The lost frame ID: 1723
The lost frame ID: 1724
The lost frame ID: 1725
The lost frame ID: 1726
The lost frame ID: 1727
The lost frame ID: 1728
The lost frame ID: 1729
The lost frame ID: 1730
The lost frame ID: 1731
The lost frame ID: 1732
The lost frame ID: 1733
The lost frame ID: 1734
The lost frame ID: 1735
The lost frame ID: 1736
The lost frame ID: 1737
The lost frame ID: 1738
The lost frame ID: 1739
The lost frame ID: 1740
The lost frame ID: 1741
The lost frame ID: 1742
The lost frame ID: 1743
The lost frame ID: 1744
The lost frame ID: 1745
The lost frame ID: 1746
The lost frame ID: 1747
The lost frame ID: 1748
The lost frame ID: 1749
The lost frame ID: 1750
The lost frame ID: 1751
The lost frame ID: 1752
The lost frame ID: 1753
The lost frame ID: 1754
The lost frame ID: 1755
The lost frame ID: 1756
The lost frame ID: 1757
The lost frame ID: 1758
The lost frame ID: 1759
The lost frame ID: 1760
The lost frame ID: 1761
The lost frame ID: 1762
The lost frame ID: 1763
The lost frame ID: 1764
The lost frame ID: 1765
The lost frame ID: 1766
The lost frame ID: 1767
The lost frame ID: 1768
The lost frame ID: 1769
The lost frame ID: 1770
The lost frame ID: 1771
The lost frame ID: 1772
The lost frame ID: 1773
The lost frame ID: 1774
The lost frame ID: 1775
The lost frame ID: 1776
The lost frame ID: 1777
The lost frame ID: 1778
The lost frame ID: 1779
The lost frame ID: 1780
The lost frame ID: 1781
The lost frame ID: 1782
The lost frame ID: 1783
The lost frame ID: 1784
The lost frame ID: 1785
The lost frame ID: 1786
The lost frame ID: 1787
The lost frame ID: 1788
The lost frame ID: 1789
The lost frame ID: 1790
The lost frame ID: 1791
The lost frame ID: 1792
The lost frame ID: 1793
The lost frame ID: 1794
The lost frame ID: 1795
The lost frame ID: 1796
The lost frame ID: 1797
The lost frame ID: 1798
The lost frame ID: 1799
The lost frame ID: 1800
The lost frame ID: 1801
The lost frame ID: 1802
The lost frame ID: 1803
The lost frame ID: 1804
The lost frame ID: 1805
The lost frame ID: 1806
The lost frame ID: 1807
The lost frame ID: 1808
The lost frame ID: 1809
The lost frame ID: 1810
The lost frame ID: 1811
The lost frame ID: 1812
The lost frame ID: 1813
The lost frame ID: 1814
The lost frame ID: 1815
The lost frame ID: 1816
The lost frame ID: 1817
The lost frame ID: 1818
The lost frame ID: 1819
The lost frame ID: 1821
The lost frame ID: 1822
The lost frame ID: 1823
The lost frame ID: 1824
The lost frame ID: 1825
The lost frame ID: 1827
The lost frame ID: 1828
The lost frame ID: 1829
The lost frame ID: 1830
The lost frame ID: 1831
The lost frame ID: 1832
The lost frame ID: 1833
The lost frame ID: 1834
The lost frame ID: 1835
The lost frame ID: 1836
The lost frame ID: 1837
The lost frame ID: 1838
The lost frame ID: 1839
The lost frame ID: 1840
The lost frame ID: 1841
The lost frame ID: 1842
The lost frame ID: 1843
The lost frame ID: 1844
The lost frame ID: 1845
The lost frame ID: 1846
The lost frame ID: 1847
The lost frame ID: 1848
The lost frame ID: 1849
The lost frame ID: 1850
The lost frame ID: 1851
The lost frame ID: 1852
The lost frame ID: 1853
The lost frame ID: 1854
The lost frame ID: 1855
The lost frame ID: 1856
The lost frame ID: 1857
The lost frame ID: 1858
The lost frame ID: 1859
The lost frame ID: 1860
The lost frame ID: 1861
The lost frame ID: 1862
The lost frame ID: 1863
The lost frame ID: 1864
The lost frame ID: 1865
The lost frame ID: 1866
The lost frame ID: 1867
The lost frame ID: 1868
The lost frame ID: 1869
The lost frame ID: 1870
The lost frame ID: 1871
The lost frame ID: 1872
The lost frame ID: 1873
The lost frame ID: 1874
The lost frame ID: 1875
The lost frame ID: 1876
The lost frame ID: 1877
The lost frame ID: 1878
The lost frame ID: 1879
The lost frame ID: 1880
The lost frame ID: 1882
The lost frame ID: 1883
The lost frame ID: 1884
The lost frame ID: 1885
The lost frame ID: 1886
The lost frame ID: 1887
The lost frame ID: 1889
The lost frame ID: 1891
The lost frame ID: 1892
The lost frame ID: 1893
The lost frame ID: 1894
The lost frame ID: 1895
The lost frame ID: 1896
The lost frame ID: 1897
The lost frame ID: 1898
The lost frame ID: 1899
The lost frame ID: 1900
The lost frame ID: 1901
The lost frame ID: 1902
The lost frame ID: 1903
The lost frame ID: 1905
The lost frame ID: 1906
The lost frame ID: 1907
The lost frame ID: 1908
The lost frame ID: 1909
The lost frame ID: 1910
The lost frame ID: 1911
The lost frame ID: 1912
The lost frame ID: 1913
The lost frame ID: 1914
The lost frame ID: 1915
The lost frame ID: 1916
The lost frame ID: 1918
The lost frame ID: 1920
The lost frame ID: 1921
The lost frame ID: 1922
The lost frame ID: 1923
The lost frame ID: 1924
The lost frame ID: 1925
The lost frame ID: 1926
The lost frame ID: 1927
The lost frame ID: 1928
The lost frame ID: 1930
The lost frame ID: 1931
The lost frame ID: 1932
The lost frame ID: 1933
The lost frame ID: 1934
The lost frame ID: 1935
The lost frame ID: 1936
The lost frame ID: 1937
The lost frame ID: 1938
The lost frame ID: 1939
The lost frame ID: 1940
The lost frame ID: 1941
The lost frame ID: 1942
The lost frame ID: 1943
The lost frame ID: 1944
The lost frame ID: 1945
The lost frame ID: 1946
The lost frame ID: 1947
The lost frame ID: 1948
The lost frame ID: 1949
The lost frame ID: 1950
The lost frame ID: 1951
The lost frame ID: 1952
The lost frame ID: 1953
The lost frame ID: 1954
The lost frame ID: 1955
The lost frame ID: 1956
The lost frame ID: 1957
The lost frame ID: 1958
The lost frame ID: 1959
The lost frame ID: 1960
The lost frame ID: 1961
The lost frame ID: 1962
The lost frame ID: 1964
The lost frame ID: 1965
The lost frame ID: 1966
The lost frame ID: 1968
The lost frame ID: 1969
The lost frame ID: 1970
The lost frame ID: 1971
The lost frame ID: 1974
The lost frame ID: 1975
The lost frame ID: 1977
The lost frame ID: 1979
The lost frame ID: 1980
The lost frame ID: 1982
The lost frame ID: 1983
The lost frame ID: 1985
The lost frame ID: 1992
The lost frame ID: 1993
The lost frame ID: 1994
The lost frame ID: 1995
The lost frame ID: 1996
The lost frame ID: 1997
The lost frame ID: 1998
The lost frame ID: 2000
The lost frame ID: 2003
The lost frame ID: 2004
The lost frame ID: 2005
The lost frame ID: 2006
The lost frame ID: 2008
The lost frame ID: 2009
The lost frame ID: 2010
The lost frame ID: 2011
The lost frame ID: 2012
The lost frame ID: 2013
The lost frame ID: 2014
The lost frame ID: 2016
The lost frame ID: 2017
The lost frame ID: 2018
The lost frame ID: 2021
The lost frame ID: 2023
The lost frame ID: 2025
The lost frame ID: 2027
The lost frame ID: 2030
The lost frame ID: 2031
The lost frame ID: 2032
The lost frame ID: 2035
The lost frame ID: 2036
The lost frame ID: 2037
The lost frame ID: 2038
The lost frame ID: 2039
The lost frame ID: 2040
The lost frame ID: 2041
The lost frame ID: 2043
The lost frame ID: 2044
The lost frame ID: 2045
The lost frame ID: 2046
The lost frame ID: 2047
The lost frame ID: 2048
The lost frame ID: 2049
The lost frame ID: 2050
The lost frame ID: 2051
The lost frame ID: 2052
The lost frame ID: 2053
The lost frame ID: 2054
The lost frame ID: 2055
The lost frame ID: 2056
The lost frame ID: 2057
The lost frame ID: 2058
The lost frame ID: 2059
The lost frame ID: 2060
The lost frame ID: 2062
The lost frame ID: 2063
The lost frame ID: 2064
The lost frame ID: 2065
The lost frame ID: 2066
The lost frame ID: 2067
The lost frame ID: 2069
The lost frame ID: 2070
The lost frame ID: 2071
The lost frame ID: 2072
The lost frame ID: 2073
The lost frame ID: 2074
The lost frame ID: 2075
The lost frame ID: 2076
The lost frame ID: 2078
The lost frame ID: 2079
The lost frame ID: 2080
The lost frame ID: 2084
The lost frame ID: 2087
The lost frame ID: 2088
The lost frame ID: 2089
The lost frame ID: 2090
The lost frame ID: 2091
The lost frame ID: 2092
The lost frame ID: 2093
The lost frame ID: 2094
The lost frame ID: 2097
The lost frame ID: 2100
The lost frame ID: 2101
The lost frame ID: 2104
The lost frame ID: 2112
The lost frame ID: 2113
The lost frame ID: 2114
The lost frame ID: 2117
The lost frame ID: 2118
The lost frame ID: 2119
The lost frame ID: 2122
The lost frame ID: 2123
The lost frame ID: 2126
The lost frame ID: 2127
The lost frame ID: 2128
The lost frame ID: 2129
The lost frame ID: 2130
The lost frame ID: 2131
The lost frame ID: 2132
The lost frame ID: 2133
The lost frame ID: 2134
The lost frame ID: 2135
The lost frame ID: 2136
The lost frame ID: 2137
The lost frame ID: 2138
The lost frame ID: 2139
The lost frame ID: 2140
The lost frame ID: 2142
The lost frame ID: 2145
The lost frame ID: 2146
The lost frame ID: 2148
The lost frame ID: 2149
The lost frame ID: 2151
The lost frame ID: 2152
The lost frame ID: 2154
The lost frame ID: 2155
The lost frame ID: 2156
The lost frame ID: 2157
The lost frame ID: 2158
The lost frame ID: 2159
The lost frame ID: 2160
The lost frame ID: 2161
The lost frame ID: 2162
The lost frame ID: 2163
The lost frame ID: 2164
The lost frame ID: 2165
The lost frame ID: 2168
The lost frame ID: 2169
The lost frame ID: 2170
The lost frame ID: 2173
The lost frame ID: 2174
The lost frame ID: 2175
The lost frame ID: 2180
The lost frame ID: 2187
The lost frame ID: 2188
The lost frame ID: 2191
The lost frame ID: 2192
The lost frame ID: 2194
The lost frame ID: 2195
The lost frame ID: 2197
The lost frame ID: 2199
The lost frame ID: 2200
The lost frame ID: 2202
The lost frame ID: 2203
The lost frame ID: 2204
The lost frame ID: 2205
The lost frame ID: 2206
The lost frame ID: 2209
The lost frame ID: 2210
The lost frame ID: 2211
The lost frame ID: 2212
The lost frame ID: 2213
The lost frame ID: 2214
The lost frame ID: 2215
The lost frame ID: 2216
The lost frame ID: 2218
The lost frame ID: 2220
The lost frame ID: 2221
The lost frame ID: 2222
The lost frame ID: 2223
The lost frame ID: 2225
The lost frame ID: 2226
The lost frame ID: 2227
The lost frame ID: 2228
The lost frame ID: 2229
The lost frame ID: 2230
The lost frame ID: 2231
The lost frame ID: 2232
The lost frame ID: 2233
The lost frame ID: 2234
The lost frame ID: 2235
The lost frame ID: 2236
The lost frame ID: 2237
The lost frame ID: 2238
The lost frame ID: 2240
The lost frame ID: 2242
The lost frame ID: 2243
The lost frame ID: 2244
The lost frame ID: 2245
The lost frame ID: 2246
The lost frame ID: 2247
The lost frame ID: 2248
The lost frame ID: 2249
The lost frame ID: 2253
The lost frame ID: 2255
The lost frame ID: 2256
The lost frame ID: 2257
The lost frame ID: 2258
The lost frame ID: 2259
The lost frame ID: 2260
The lost frame ID: 2261
The lost frame ID: 2262
The lost frame ID: 2263
The lost frame ID: 2265
The lost frame ID: 2266
The lost frame ID: 2267
The lost frame ID: 2268
The lost frame ID: 2269
The lost frame ID: 2270
The lost frame ID: 2272
The lost frame ID: 2273
The lost frame ID: 2274
The lost frame ID: 2278
The lost frame ID: 2279
The lost frame ID: 2280
The lost frame ID: 2282
The lost frame ID: 2283
The lost frame ID: 2284
The lost frame ID: 2286
The lost frame ID: 2287
The lost frame ID: 2288
The lost frame ID: 2289
The lost frame ID: 2290
The lost frame ID: 2291
The lost frame ID: 2292
The lost frame ID: 2293
The lost frame ID: 2294
The lost frame ID: 2295
The lost frame ID: 2297
The lost frame ID: 2298
The lost frame ID: 2299
The lost frame ID: 2300
The lost frame ID: 2301
The lost frame ID: 2302
The lost frame ID: 2303
The lost frame ID: 2304
The lost frame ID: 2305
The lost frame ID: 2306
The lost frame ID: 2307
The lost frame ID: 2308
The lost frame ID: 2309
The lost frame ID: 2311
The lost frame ID: 2312
The lost frame ID: 2313
The lost frame ID: 2314
The lost frame ID: 2315
The lost frame ID: 2316
The lost frame ID: 2317
The lost frame ID: 2319
The lost frame ID: 2320
The lost frame ID: 2321
The lost frame ID: 2322
The lost frame ID: 2323
The lost frame ID: 2324
The lost frame ID: 2325
The lost frame ID: 2326
The lost frame ID: 2330
The lost frame ID: 2332
The lost frame ID: 2333
The lost frame ID: 2335
The lost frame ID: 2336
The lost frame ID: 2337
The lost frame ID: 2338
The lost frame ID: 2339
The lost frame ID: 2340
The lost frame ID: 2341
The lost frame ID: 2342
The lost frame ID: 2343
The lost frame ID: 2344
The lost frame ID: 2345
The lost frame ID: 2346
The lost frame ID: 2347
The lost frame ID: 2349
The lost frame ID: 2353
The lost frame ID: 2355
The lost frame ID: 2356
The lost frame ID: 2357
The lost frame ID: 2358
The lost frame ID: 2359
The lost frame ID: 2360
The lost frame ID: 2361
The lost frame ID: 2362
The lost frame ID: 2363
The lost frame ID: 2368
The lost frame ID: 2369
The lost frame ID: 2370
The lost frame ID: 2372
The lost frame ID: 2373
The lost frame ID: 2374
The lost frame ID: 2375
The lost frame ID: 2377
The lost frame ID: 2378
The lost frame ID: 2379
The lost frame ID: 2382
The lost frame ID: 2383
The lost frame ID: 2384
The lost frame ID: 2385
The lost frame ID: 2386
The lost frame ID: 2387
The lost frame ID: 2388
The lost frame ID: 2389
The lost frame ID: 2390
The lost frame ID: 2391
The lost frame ID: 2392
The lost frame ID: 2393
The lost frame ID: 2394
The lost frame ID: 2395
The lost frame ID: 2396
The lost frame ID: 2397
The lost frame ID: 2398
The lost frame ID: 2400
The lost frame ID: 2401
The lost frame ID: 2402
The lost frame ID: 2404
The lost frame ID: 2405
The lost frame ID: 2407
The lost frame ID: 2408
The lost frame ID: 2410
The lost frame ID: 2411
The lost frame ID: 2412
The lost frame ID: 2413
The lost frame ID: 2414
The lost frame ID: 2415
The lost frame ID: 2416
The lost frame ID: 2417
The lost frame ID: 2418
The lost frame ID: 2419
The lost frame ID: 2420
The lost frame ID: 2421
The lost frame ID: 2422
The lost frame ID: 2423
The lost frame ID: 2424
The lost frame ID: 2425
The lost frame ID: 2426
The lost frame ID: 2427
The lost frame ID: 2428
The lost frame ID: 2429
The lost frame ID: 2430
The lost frame ID: 2431
The lost frame ID: 2432
The lost frame ID: 2433
The lost frame ID: 2434
The lost frame ID: 2435
The lost frame ID: 2436
The lost frame ID: 2437
The lost frame ID: 2438
The lost frame ID: 2439
The lost frame ID: 2440
The lost frame ID: 2441
The lost frame ID: 2442
The lost frame ID: 2443
The lost frame ID: 2444
The lost frame ID: 2445
The lost frame ID: 2446
The lost frame ID: 2447
The lost frame ID: 2448
The lost frame ID: 2449
The lost frame ID: 2450
The lost frame ID: 2451
The lost frame ID: 2452
The lost frame ID: 2453
The lost frame ID: 2454
The lost frame ID: 2455
The lost frame ID: 2456
The lost frame ID: 2457
The lost frame ID: 2458
The lost frame ID: 2459
The lost frame ID: 2460
The lost frame ID: 2461
The lost frame ID: 2462
The lost frame ID: 2463
The lost frame ID: 2464
The lost frame ID: 2465
The lost frame ID: 2466
The lost frame ID: 2467
The lost frame ID: 2468
The lost frame ID: 2469
The lost frame ID: 2470
The lost frame ID: 2471
The lost frame ID: 2472
The lost frame ID: 2473
The lost frame ID: 2474
The lost frame ID: 2475
The lost frame ID: 2476
The lost frame ID: 2477
The lost frame ID: 2478
The lost frame ID: 2479
The lost frame ID: 2480
The lost frame ID: 2481
The lost frame ID: 2482
The lost frame ID: 2483
The lost frame ID: 2484
The lost frame ID: 2485
The lost frame ID: 2486
The lost frame ID: 2487
The lost frame ID: 2488
The lost frame ID: 2489
The lost frame ID: 2490
The lost frame ID: 2491
The lost frame ID: 2492
The lost frame ID: 2493
The lost frame ID: 2494
The lost frame ID: 2495
The lost frame ID: 2496
The lost frame ID: 2497
The lost frame ID: 2498
The lost frame ID: 2499
The lost frame ID: 2500
The lost frame ID: 2501
The lost frame ID: 2502
The lost frame ID: 2503
The lost frame ID: 2504
The lost frame ID: 2505
The lost frame ID: 2506
The lost frame ID: 2507
The lost frame ID: 2508
The lost frame ID: 2509
The lost frame ID: 2510
The lost frame ID: 2511
The lost frame ID: 2512
The lost frame ID: 2513
The lost frame ID: 2514
The lost frame ID: 2515
The lost frame ID: 2516
The lost frame ID: 2517
The lost frame ID: 2518
The lost frame ID: 2519
The lost frame ID: 2520
The lost frame ID: 2521
The lost frame ID: 2522
The lost frame ID: 2523
The lost frame ID: 2524
The lost frame ID: 2525
The lost frame ID: 2526
The lost frame ID: 2527
The lost frame ID: 2528
The lost frame ID: 2529
The lost frame ID: 2530
The lost frame ID: 2531
The lost frame ID: 2532
The lost frame ID: 2533
The lost frame ID: 2534
The lost frame ID: 2535
The lost frame ID: 2536
The lost frame ID: 2537
The lost frame ID: 2538
The lost frame ID: 2539
The lost frame ID: 2540
The lost frame ID: 2541
The lost frame ID: 2542
The lost frame ID: 2543
The lost frame ID: 2544
The lost frame ID: 2545
The lost frame ID: 2546
The lost frame ID: 2547
The lost frame ID: 2548
The lost frame ID: 2549
The lost frame ID: 2550
The lost frame ID: 2551
The lost frame ID: 2552
The lost frame ID: 2553
The lost frame ID: 2554
The lost frame ID: 2555
The lost frame ID: 2556
The lost frame ID: 2557
The lost frame ID: 2558
The lost frame ID: 2559
The lost frame ID: 2560
The lost frame ID: 2561
The lost frame ID: 2562
The lost frame ID: 2563
The lost frame ID: 2564
The lost frame ID: 2565
The lost frame ID: 2566
The lost frame ID: 2567
The lost frame ID: 2568
The lost frame ID: 2569
The lost frame ID: 2570
The lost frame ID: 2571
The lost frame ID: 2572
The lost frame ID: 2573
The lost frame ID: 2574
The lost frame ID: 2575
The lost frame ID: 2576
The lost frame ID: 2577
The lost frame ID: 2578
The lost frame ID: 2579
The lost frame ID: 2580
The lost frame ID: 2581
The lost frame ID: 2582
The lost frame ID: 2583
The lost frame ID: 2584
The lost frame ID: 2585
The lost frame ID: 2586
The lost frame ID: 2587
The lost frame ID: 2588
The lost frame ID: 2589
The lost frame ID: 2590
The lost frame ID: 2591
The lost frame ID: 2592
The lost frame ID: 2593
The lost frame ID: 2594
The lost frame ID: 2595
The lost frame ID: 2596
The lost frame ID: 2597
The lost frame ID: 2598
The lost frame ID: 2599
The lost frame ID: 2600
The lost frame ID: 2601
The lost frame ID: 2602
The lost frame ID: 2603
The lost frame ID: 2604
The lost frame ID: 2605
The lost frame ID: 2606
The lost frame ID: 2607
The lost frame ID: 2608
The lost frame ID: 2609
The lost frame ID: 2610
The lost frame ID: 2611
The lost frame ID: 2612
The lost frame ID: 2613
The lost frame ID: 2614
The lost frame ID: 2615
The lost frame ID: 2616
The lost frame ID: 2617
The lost frame ID: 2618
The lost frame ID: 2619
The lost frame ID: 2620
The lost frame ID: 2621
The lost frame ID: 2622
The lost frame ID: 2623
The lost frame ID: 2624
The lost frame ID: 2625
The lost frame ID: 2626
The lost frame ID: 2627
The lost frame ID: 2628
The lost frame ID: 2629
The lost frame ID: 2630
The lost frame ID: 2631
The lost frame ID: 2632
The lost frame ID: 2633
The lost frame ID: 2634
The lost frame ID: 2635
The lost frame ID: 2636
The lost frame ID: 2637
The lost frame ID: 2638
The lost frame ID: 2639
The lost frame ID: 2640
The lost frame ID: 2641
The lost frame ID: 2642
The lost frame ID: 2643
The lost frame ID: 2644
The lost frame ID: 2645
The lost frame ID: 2646
The lost frame ID: 2647
The lost frame ID: 2648
The lost frame ID: 2649
The lost frame ID: 2650
The lost frame ID: 2651
The lost frame ID: 2652
The lost frame ID: 2653
The lost frame ID: 2654
The lost frame ID: 2655
The lost frame ID: 2656
The lost frame ID: 2657
The lost frame ID: 2658
The lost frame ID: 2659
The lost frame ID: 2660
The lost frame ID: 2661
The lost frame ID: 2662
The lost frame ID: 2663
The lost frame ID: 2664
The lost frame ID: 2665
The lost frame ID: 2666
The lost frame ID: 2667
The lost frame ID: 2668
The lost frame ID: 2669
The lost frame ID: 2670
The lost frame ID: 2671
The lost frame ID: 2672
The lost frame ID: 2673
The lost frame ID: 2674
The lost frame ID: 2675
The lost frame ID: 2676
The lost frame ID: 2677
The lost frame ID: 2678
The lost frame ID: 2679
The lost frame ID: 2680
The lost frame ID: 2681
The lost frame ID: 2682
The lost frame ID: 2683
The lost frame ID: 2684
The lost frame ID: 2685
The lost frame ID: 2686
The lost frame ID: 2687
The lost frame ID: 2688
The lost frame ID: 2689
The lost frame ID: 2690
The lost frame ID: 2691
The lost frame ID: 2692
The lost frame ID: 2693
The lost frame ID: 2694
The lost frame ID: 2695
The lost frame ID: 2696
The lost frame ID: 2697
The lost frame ID: 2698
The lost frame ID: 2699
The lost frame ID: 2700
The lost frame ID: 2701
The lost frame ID: 2702
The lost frame ID: 2703
The lost frame ID: 2704
The lost frame ID: 2705
The lost frame ID: 2706
The lost frame ID: 2707
The lost frame ID: 2708
The lost frame ID: 2709
The lost frame ID: 2710
The lost frame ID: 2711
The lost frame ID: 2712
The lost frame ID: 2713
The lost frame ID: 2714
The lost frame ID: 2715
The lost frame ID: 2716
The lost frame ID: 2717
The lost frame ID: 2718
The lost frame ID: 2719
The lost frame ID: 2720
The lost frame ID: 2721
The lost frame ID: 2722
The lost frame ID: 2723
The lost frame ID: 2724
The lost frame ID: 2725
The lost frame ID: 2726
The lost frame ID: 2727
The lost frame ID: 2728
The lost frame ID: 2729
The lost frame ID: 2730
The lost frame ID: 2731
The lost frame ID: 2732
The lost frame ID: 2733
The lost frame ID: 2734
The lost frame ID: 2735
The lost frame ID: 2736
The lost frame ID: 2737
The lost frame ID: 2738
The lost frame ID: 2739
The lost frame ID: 2740
The lost frame ID: 2741
The lost frame ID: 2742
The lost frame ID: 2743
The lost frame ID: 2744
The lost frame ID: 2745
The lost frame ID: 2746
The lost frame ID: 2747
The lost frame ID: 2748
The lost frame ID: 2749
The lost frame ID: 2750
The lost frame ID: 2751
The lost frame ID: 2752
The lost frame ID: 2753
The lost frame ID: 2754
The lost frame ID: 2755
The lost frame ID: 2756
The lost frame ID: 2757
The lost frame ID: 2758
The lost frame ID: 2759
The lost frame ID: 2760
The lost frame ID: 2761
The lost frame ID: 2762
The lost frame ID: 2763
The lost frame ID: 2764
The lost frame ID: 2765
The lost frame ID: 2766
The lost frame ID: 2767
The lost frame ID: 2768
The lost frame ID: 2769
The lost frame ID: 2770
The lost frame ID: 2771
The lost frame ID: 2772
The lost frame ID: 2773
The lost frame ID: 2774
The lost frame ID: 2775
The lost frame ID: 2776
The lost frame ID: 2777
The lost frame ID: 2778
The lost frame ID: 2779
The lost frame ID: 2780
The lost frame ID: 2781
The lost frame ID: 2782
The lost frame ID: 2783
The lost frame ID: 2784
The lost frame ID: 2785
The lost frame ID: 2786
The lost frame ID: 2787
The lost frame ID: 2788
The lost frame ID: 2789
The lost frame ID: 2790
The lost frame ID: 2791
The lost frame ID: 2792
The lost frame ID: 2793
The lost frame ID: 2794
The lost frame ID: 2795
The lost frame ID: 2796
The lost frame ID: 2797
The lost frame ID: 2798
The lost frame ID: 2799
The lost frame ID: 2800
The lost frame ID: 2801
The lost frame ID: 2802
The lost frame ID: 2803
The lost frame ID: 2804
The lost frame ID: 2805
The lost frame ID: 2806
The lost frame ID: 2807
The lost frame ID: 2808
The lost frame ID: 2809
The lost frame ID: 2810
The lost frame ID: 2811
The lost frame ID: 2812
The lost frame ID: 2813
The lost frame ID: 2814
The lost frame ID: 2815
The lost frame ID: 2816
The lost frame ID: 2817
The lost frame ID: 2818
The lost frame ID: 2819
The lost frame ID: 2820
The lost frame ID: 2821
The lost frame ID: 2822
The lost frame ID: 2823
The lost frame ID: 2824
The lost frame ID: 2825
The lost frame ID: 2826
The lost frame ID: 2827
The lost frame ID: 2828
The lost frame ID: 2829
The lost frame ID: 2830
The lost frame ID: 2831
The lost frame ID: 2832
The lost frame ID: 2833
The lost frame ID: 2834
The lost frame ID: 2835
The lost frame ID: 2836
The lost frame ID: 2837
The lost frame ID: 2838
The lost frame ID: 2839
The lost frame ID: 2840
The lost frame ID: 2841
The lost frame ID: 2842
The lost frame ID: 2843
The lost frame ID: 2844
The lost frame ID: 2845
The lost frame ID: 2846
The lost frame ID: 2847
The lost frame ID: 2848
The lost frame ID: 2849
The lost frame ID: 2850
The lost frame ID: 2851
The lost frame ID: 2852
The lost frame ID: 2853
The lost frame ID: 2854
The lost frame ID: 2855
The lost frame ID: 2856
The lost frame ID: 2857
The lost frame ID: 2858
The lost frame ID: 2859
The lost frame ID: 2860
The lost frame ID: 2861
The lost frame ID: 2862
The lost frame ID: 2863
The lost frame ID: 2864
The lost frame ID: 2865
The lost frame ID: 2866
The lost frame ID: 2867
The lost frame ID: 2868
The lost frame ID: 2869
The lost frame ID: 2870
The lost frame ID: 2871
The lost frame ID: 2872
The lost frame ID: 2873
The lost frame ID: 2874
The lost frame ID: 2875
The lost frame ID: 2876
The lost frame ID: 2877
The lost frame ID: 2878
The lost frame ID: 2879
The lost frame ID: 2880
The lost frame ID: 2881
The lost frame ID: 2882
The lost frame ID: 2883
The lost frame ID: 2884
The lost frame ID: 2885
The lost frame ID: 2886
The lost frame ID: 2887
The lost frame ID: 2888
The lost frame ID: 2889
The lost frame ID: 2890
The lost frame ID: 2891
The lost frame ID: 2892
The lost frame ID: 2893
The lost frame ID: 2894
The lost frame ID: 2895
The lost frame ID: 2896
The lost frame ID: 2897
The lost frame ID: 2898
The lost frame ID: 2899
The lost frame ID: 2900
The lost frame ID: 2901
The lost frame ID: 2902
The lost frame ID: 2903
The lost frame ID: 2904
The lost frame ID: 2905
The lost frame ID: 2906
The lost frame ID: 2907
The lost frame ID: 2908
The lost frame ID: 2909
The lost frame ID: 2910
The lost frame ID: 2911
The lost frame ID: 2912
The lost frame ID: 2913
The lost frame ID: 2914
The lost frame ID: 2915
The lost frame ID: 2916
The lost frame ID: 2917
The lost frame ID: 2918
The lost frame ID: 2919
The lost frame ID: 2920
The lost frame ID: 2921
The lost frame ID: 2922
The lost frame ID: 2923
The lost frame ID: 2924
The lost frame ID: 2925
The lost frame ID: 2926
The lost frame ID: 2927
The lost frame ID: 2928
The lost frame ID: 2929
The lost frame ID: 2930
The lost frame ID: 2931
The lost frame ID: 2932
The lost frame ID: 2933
The lost frame ID: 2934
The lost frame ID: 2935
The lost frame ID: 2936
The lost frame ID: 2937
The lost frame ID: 2938
The lost frame ID: 2939
The lost frame ID: 2940
The lost frame ID: 2941
The lost frame ID: 2942
The lost frame ID: 2943
The lost frame ID: 2944
The lost frame ID: 2945
The lost frame ID: 2946
The lost frame ID: 2947
The lost frame ID: 2948
The lost frame ID: 2949
The lost frame ID: 2950
The lost frame ID: 2951
The lost frame ID: 2952
The lost frame ID: 2953
The lost frame ID: 2954
The lost frame ID: 2955
The lost frame ID: 2956
The lost frame ID: 2957
The lost frame ID: 2958
The lost frame ID: 2959
The lost frame ID: 2960
The lost frame ID: 2961
The lost frame ID: 2962
The lost frame ID: 2963
The lost frame ID: 2964
The lost frame ID: 2965
The lost frame ID: 2966
The lost frame ID: 2967
The lost frame ID: 2968
The lost frame ID: 2969
The lost frame ID: 2970
The lost frame ID: 2971
The lost frame ID: 2972
The lost frame ID: 2973
The lost frame ID: 2974
The lost frame ID: 2975
The lost frame ID: 2976
The lost frame ID: 2977
The lost frame ID: 2978
The lost frame ID: 2979
The lost frame ID: 2980
The lost frame ID: 2981
The lost frame ID: 2982
The lost frame ID: 2983
The lost frame ID: 2984
The lost frame ID: 2985
The lost frame ID: 2986
The lost frame ID: 2987
The lost frame ID: 2988
The lost frame ID: 2989
The lost frame ID: 2990
The lost frame ID: 2991
The lost frame ID: 2992
The lost frame ID: 2993
The lost frame ID: 2994
The lost frame ID: 2995
The lost frame ID: 2996
The lost frame ID: 2997
The lost frame ID: 2998
The lost frame ID: 2999
The lost frame ID: 3000
The lost frame ID: 3001
The lost frame ID: 3002
The lost frame ID: 3003
The lost frame ID: 3004
The lost frame ID: 3005
The lost frame ID: 3006
The lost frame ID: 3007
The lost frame ID: 3008
The lost frame ID: 3009
The lost frame ID: 3010
The lost frame ID: 3011
The lost frame ID: 3012
The lost frame ID: 3013
The lost frame ID: 3014
The lost frame ID: 3015
The lost frame ID: 3016
The lost frame ID: 3017
The lost frame ID: 3018
The lost frame ID: 3019
The lost frame ID: 3020
The lost frame ID: 3021
The lost frame ID: 3022
The lost frame ID: 3023
The lost frame ID: 3024
The lost frame ID: 3025
The lost frame ID: 3026
The lost frame ID: 3027
The lost frame ID: 3028
The lost frame ID: 3029
The lost frame ID: 3030
The lost frame ID: 3031
The lost frame ID: 3032
The lost frame ID: 3033
The lost frame ID: 3034
The lost frame ID: 3035
The lost frame ID: 3036
The lost frame ID: 3037
The lost frame ID: 3038
The lost frame ID: 3039
The lost frame ID: 3040
The lost frame ID: 3041
The lost frame ID: 3042
The lost frame ID: 3043
The lost frame ID: 3044
The lost frame ID: 3045
The lost frame ID: 3046
The lost frame ID: 3047
The lost frame ID: 3048
The lost frame ID: 3049
The lost frame ID: 3050
The lost frame ID: 3051
The lost frame ID: 3052
The lost frame ID: 3053
The lost frame ID: 3054
The lost frame ID: 3055
The lost frame ID: 3056
The lost frame ID: 3057
The lost frame ID: 3058
The lost frame ID: 3059
The lost frame ID: 3060
The lost frame ID: 3061
The lost frame ID: 3062
The lost frame ID: 3063
The lost frame ID: 3064
The lost frame ID: 3065
The lost frame ID: 3066
The lost frame ID: 3067
The lost frame ID: 3068
The lost frame ID: 3069
The lost frame ID: 3070
The lost frame ID: 3071
The lost frame ID: 3072
The lost frame ID: 3073
The lost frame ID: 3074
System::StopViewer()
System::StopViewer() done
Viewer thread finished.
Viewer started, waiting for thread.
Tracking thread joined...

Saving correlation status...

========== Global Summary ==========
Frames: 2110
avg_CorrEdges: 21.9701
avg_match_A: 164.132
avg_match_B: 155.609
global_RI_MNR: 0.141189
global_RI_GNR: 0.137474
global_RI_DICE: 0.137425

========== Per-Channel Summary ==========
   chA   chB     avgCorr        avgA        avgB   avgRI_MNR   avgRI_GNR  avgRI_DICE
     0     1     21.9701     164.132     155.609    0.129867    0.119293    0.118537

Correlation status saved!

-------

median tracking time: 0.080558
mean tracking time: 0.080592

Saving keyframe trajectory to KeyFrameTrajectory.txt ...

trajectory saved!

========== Performance Summary (ms) ==========
name                                mean      median        rmse         min         max       count
Tracking                           7.984       7.730       2.131       2.205      16.441        3679
Total Init                       332.200     332.200       0.000     332.200     332.200           1
Pipeline                          80.589      80.542      14.648      29.329     168.280        3682
BRISK Extract                     71.334      71.299      14.947      20.205     122.601        3682
Correlation                        0.148       0.152       0.059       0.002       0.412        2111
AKAZE Extract                     20.242      20.169       1.056      16.363      34.262        3682
