Registering ORBextractor...
Registering AKAZEextractor...
Registering BRISKextractor...
Registering SIFTextractor...
Registering KAZEextractor...
Registering SuperPointExtractor...

ORB-SLAM2 Copyright (C) 2014-2016 Raul Mur-Artal, University of Zaragoza.
This program comes with ABSOLUTELY NO WARRANTY;
This is free software, and you are welcome to redistribute it
under certain conditions. See LICENSE.txt.

Input sensor was set to: Monocular

Loading Vocabulary : /home/howard/PM-SLAM/Install/var/lib/orbslam2/voc/orb_mur.fbow
This could take a while...
Loading ORB Vocabulary in FBoW.
ORB Vocabulary loaded in 0.008053s


Loading Vocabulary : /home/howard/PM-SLAM/Install/var/lib/orbslam2/voc/sift_cv.fbow
This could take a while...
Loading SIFT Vocabulary in FBoW.
SIFT Vocabulary loaded in 0.012813s


Camera Parameters: 
- fx: 718.856
- fy: 718.856
- cx: 607.193
- cy: 185.216
- k1: 0
- k2: 0
- p1: 0
- p2: 0
- fps: 10
- color order: RGB (ignored if grayscale)

[Feature 0] ORB Extractor Parameters: 
 ( TH_LOW: 50, TH_HIGH: 100 )
- Number of Features: 2000
- Scale Levels: 8
- Scale Factor: 1.2
- Initial Fast Threshold: 20
- Minimum Fast Threshold: 7

[Feature 1] SIFT Extractor Parameters: 
 ( TH_LOW: 300, TH_HIGH: 500 )
- Number of Features  : 2000
- Scale Levels        : 1
- Scale Factor        : 1
- Contrast Threshold  : 0.01
- Edge Threshold      : 5
- nOctaves            : 3
- Sigma               : 1.6

-------
Start processing sequence ...
Images in the sequence: 1101

1
New map created with 71 points for 0 Feature Type 
New map created with 619 points for 1 Feature Type 
Tracking Initlized in 0.70s
The initlized frame ID: 1
System::StopViewer()
System::StopViewer() done
Viewer thread finished.
Viewer started, waiting for thread.
System::StopViewer()
System::StopViewer() done
Tracking thread joined...

Saving correlation status...

========== Global Summary ==========
Frames: 1099
avg_CorrEdges: 4.29117
avg_match_A: 88.5596
avg_match_B: 92.7425
global_RI_MNR: 0.0484552
global_RI_GNR: 0.0473499
global_RI_DICE: 0.0473373

========== Per-Channel Summary ==========
   chA   chB     avgCorr        avgA        avgB   avgRI_MNR   avgRI_GNR  avgRI_DICE
     0     1     4.29117     88.5596     92.7425   0.0480333   0.0421285    0.041588

Correlation status saved!

-------

median tracking time: 0.0554741
mean tracking time: 0.0577947

Saving camera trajectory to result20.txt ...

trajectory saved!

========== Performance Summary (ms) ==========
name                                mean      median        rmse         min         max       count
Tracking                           7.607       7.858       3.237       2.102      19.097        1099
Correlation                        0.138       0.128       0.053       0.046       0.632        1099
Total Init                       297.746     297.746       0.000     297.746     297.746           1
Pipeline                          57.786      55.467      12.006      37.421     278.967        1101
SIFT Extract                      48.664      46.012      10.320      32.780      89.393        1101
ORB Extract                       13.436      10.826       5.408       8.645      50.240        1101
