Registering ORBextractor...
Registering AKAZEextractor...
Registering BRISKextractor...
Registering SIFTextractor...
Registering KAZEextractor...
Registering SuperPointExtractor...

ORB-SLAM2 Copyright (C) 2014-2016 Raul Mur-Artal, University of Zaragoza.
This program comes with ABSOLUTELY NO WARRANTY;
This is free software, and you are welcome to redistribute it
under certain conditions. See LICENSE.txt.

Input sensor was set to: Monocular

Loading Vocabulary : /home/howard/PM-SLAM/Install/var/lib/orbslam2/voc/orb_mur.fbow
This could take a while...
Loading ORB Vocabulary in FBoW.
ORB Vocabulary loaded in 0.008542s


Loading Vocabulary : /home/howard/PM-SLAM/Install/var/lib/orbslam2/voc/brisk_cv.fbow
This could take a while...
Loading BRISK Vocabulary in FBoW.
BRISK Vocabulary loaded in 0.002647s


Camera Parameters: 
- fx: 718.856
- fy: 718.856
- cx: 607.193
- cy: 185.216
- k1: 0
- k2: 0
- p1: 0
- p2: 0
- fps: 10
- color order: RGB (ignored if grayscale)

[Feature 0] ORB Extractor Parameters: 
 ( TH_LOW: 50, TH_HIGH: 100 )
- Number of Features: 2000
- Scale Levels: 8
- Scale Factor: 1.2
- Initial Fast Threshold: 20
- Minimum Fast Threshold: 7

[Feature 1] BRISK Extractor Parameters: 
 ( TH_LOW: 150, TH_HIGH: 250 )
- Number of Features: 2000
- Scale Levels: 6
- Scale Factor: 1.414
- Threshold: 50
- Num of Octaves: 3
- Pattern Scale: 1

-------
Start processing sequence ...
Images in the sequence: 1101

1
New map created with 24 points for 0 Feature Type 
New map created with 149 points for 1 Feature Type 
Tracking Initlized in 0.55s
The initlized frame ID: 4
System::StopViewer()
System::StopViewer() done
Viewer thread finished.
Viewer started, waiting for thread.
System::StopViewer()
System::StopViewer() done
Tracking thread joined...

Saving correlation status...

========== Global Summary ==========
Frames: 1096
avg_CorrEdges: 15.2208
avg_match_A: 101.799
avg_match_B: 63.9015
global_RI_MNR: 0.238192
global_RI_GNR: 0.188716
global_RI_DICE: 0.183714

========== Per-Channel Summary ==========
   chA   chB     avgCorr        avgA        avgB   avgRI_MNR   avgRI_GNR  avgRI_DICE
     0     1     15.2208     101.799     63.9015    0.258095    0.182995    0.171203

Correlation status saved!

-------

median tracking time: 0.021228
mean tracking time: 0.0249484

Saving camera trajectory to result08.txt ...

trajectory saved!

========== Performance Summary (ms) ==========
name                                mean      median        rmse         min         max       count
Tracking                           7.122       7.090       2.443       2.322      20.867        1096
Correlation                        0.166       0.163       0.063       0.045       0.721        1096
Total Init                       447.426     447.426       0.000     447.426     447.426           1
Pipeline                          24.940      21.221       9.043      14.299      68.862        1101
ORB Extract                       14.645      11.323       6.474       8.554      54.294        1101
BRISK Extract                     12.796       9.642       8.629       4.115      56.307        1101
