Registering ORBextractor...
Registering AKAZEextractor...
Registering BRISKextractor...
Registering SIFTextractor...
Registering KAZEextractor...
Loading images...
Loaded 2273 images.
Creating SLAM system...

ORB-SLAM2 Copyright (C) 2014-2016 Raul Mur-Artal, University of Zaragoza.
This program comes with ABSOLUTELY NO WARRANTY;
This is free software, and you are welcome to redistribute it
under certain conditions. See LICENSE.txt.

Input sensor was set to: Monocular

Loading Vocabulary : /home/ucacsjj/Proj/UCL/Projects/PM-SLAM/Install/var/lib/orbslam2/voc/sift_cv.fbow
This could take a while...
Loading SIFT Vocabulary in FBoW.
SIFT Vocabulary loaded in 0.027100s


Camera Parameters: 
- fx: 458.654
- fy: 457.296
- cx: 367.215
- cy: 248.375
- k1: -0.283408
- k2: 0.0739591
- p1: 0.00019359
- p2: 1.76187e-05
- fps: 20
- color order: RGB (ignored if grayscale)

[Feature 0] SIFT Extractor Parameters: 
 ( TH_LOW: 300, TH_HIGH: 500 )
- Number of Features  : 1000
- Scale Levels        : 1
- Scale Factor        : 1
- Contrast Threshold  : 0.001
- Edge Threshold      : 5
- nOctaves            : 3
- Sigma               : 1.6

-------
Start processing sequence ...
Images in the sequence: 2273

Viewer started, waiting for thread.
0
New map created with 92 points for 0 Feature Type 
Wrong initialization, reseting...
System Reseting
Reseting Local Mapper... done
Reseting Loop Closing... done
Reseting Database... done
0
New map created with 786 points for 0 Feature Type 
Tracking Initlized in 0.59s
The initlized frame ID: 1
The lost frame ID: 1158
The lost frame ID: 1159
The lost frame ID: 1160
The lost frame ID: 1162
The lost frame ID: 1163
The lost frame ID: 1164
The lost frame ID: 1165
The lost frame ID: 1167
The lost frame ID: 1169
The lost frame ID: 1170
The lost frame ID: 1172
The lost frame ID: 1173
The lost frame ID: 1174
The lost frame ID: 1189
The lost frame ID: 1190
The lost frame ID: 1191
The lost frame ID: 1192
The lost frame ID: 1193
The lost frame ID: 1194
The lost frame ID: 1195
The lost frame ID: 1196
The lost frame ID: 1197
The lost frame ID: 1198
The lost frame ID: 1199
The lost frame ID: 1200
The lost frame ID: 1201
The lost frame ID: 1202
The lost frame ID: 1203
The lost frame ID: 1204
The lost frame ID: 1205
The lost frame ID: 1206
The lost frame ID: 1207
The lost frame ID: 1208
The lost frame ID: 1209
The lost frame ID: 1210
The lost frame ID: 1211
The lost frame ID: 1212
The lost frame ID: 1213
The lost frame ID: 1214
The lost frame ID: 1215
The lost frame ID: 1216
The lost frame ID: 1217
The lost frame ID: 1218
The lost frame ID: 1219
The lost frame ID: 1220
The lost frame ID: 1221
The lost frame ID: 1222
The lost frame ID: 1223
The lost frame ID: 1224
The lost frame ID: 1225
The lost frame ID: 1226
The lost frame ID: 1227
The lost frame ID: 1228
The lost frame ID: 1229
The lost frame ID: 1230
The lost frame ID: 1231
The lost frame ID: 1232
The lost frame ID: 1233
The lost frame ID: 1234
The lost frame ID: 1235
The lost frame ID: 1236
The lost frame ID: 1237
The lost frame ID: 1238
The lost frame ID: 1239
The lost frame ID: 1240
The lost frame ID: 1241
The lost frame ID: 1242
The lost frame ID: 1243
The lost frame ID: 1244
The lost frame ID: 1245
The lost frame ID: 1246
The lost frame ID: 1247
The lost frame ID: 1248
The lost frame ID: 1249
The lost frame ID: 1250
The lost frame ID: 1251
The lost frame ID: 1252
The lost frame ID: 1253
The lost frame ID: 1254
The lost frame ID: 1255
The lost frame ID: 1256
The lost frame ID: 1257
The lost frame ID: 1258
The lost frame ID: 1259
The lost frame ID: 1260
The lost frame ID: 1261
The lost frame ID: 1262
The lost frame ID: 1263
The lost frame ID: 1264
The lost frame ID: 1265
The lost frame ID: 1266
The lost frame ID: 1267
The lost frame ID: 1268
The lost frame ID: 1269
The lost frame ID: 1270
The lost frame ID: 1271
The lost frame ID: 1272
The lost frame ID: 1273
The lost frame ID: 1274
The lost frame ID: 1275
The lost frame ID: 1276
The lost frame ID: 1277
The lost frame ID: 1278
The lost frame ID: 1279
The lost frame ID: 1280
The lost frame ID: 1281
The lost frame ID: 1282
The lost frame ID: 1283
The lost frame ID: 1284
The lost frame ID: 1285
The lost frame ID: 1286
The lost frame ID: 1287
The lost frame ID: 1288
The lost frame ID: 1289
The lost frame ID: 1290
The lost frame ID: 1291
The lost frame ID: 1292
The lost frame ID: 1293
The lost frame ID: 1294
The lost frame ID: 1295
The lost frame ID: 1296
The lost frame ID: 1297
The lost frame ID: 1298
The lost frame ID: 1299
The lost frame ID: 1300
The lost frame ID: 1301
The lost frame ID: 1302
The lost frame ID: 1303
The lost frame ID: 1304
The lost frame ID: 1305
The lost frame ID: 1306
The lost frame ID: 1307
The lost frame ID: 1309
[LoopClosing] Sim3 choosed on channel 0
Loop detected!
Local Mapping STOP
Local Mapping RELEASE
Starting Global Bundle Adjustment
Global Bundle Adjustment finished
Updating map ...
Local Mapping STOP
Local Mapping RELEASE
Map updated!
[LoopClosing] Sim3 choosed on channel 0
Loop detected!
Local Mapping STOP
Local Mapping RELEASE
Starting Global Bundle Adjustment
Global Bundle Adjustment finished
Updating map ...
Local Mapping STOP
Local Mapping RELEASE
Map updated!
The lost frame ID: 2162
The lost frame ID: 2164
The lost frame ID: 2169
The lost frame ID: 2170
System::StopViewer()
System::StopViewer() done
Tracking thread joined...

Saving correlation status...

Correlation status saved!

-------

median tracking time: 0.0851437
mean tracking time: 0.096548

Saving camera trajectory to Trajectory.txt ...

trajectory saved!

========== Performance Summary (ms) ==========
name                                mean      median        rmse         min         max       count
Tracking                          13.254      12.334       6.468       2.263      61.338        2187
Correlation                        0.000       0.000       0.000       0.000       0.006        2050
Total Init                     29236.602   29236.602       0.000   29236.602   29236.602           2
Pipeline                          96.543      85.137      53.450      48.312     436.864        2273
SIFT Extract                      71.566      68.672      18.110      41.572     148.595        2273
