Registering ORBextractor...
Registering AKAZEextractor...
Registering BRISKextractor...
Registering SIFTextractor...
Registering KAZEextractor...
Loading images...
Loaded 2273 images.
Creating SLAM system...

ORB-SLAM2 Copyright (C) 2014-2016 Raul Mur-Artal, University of Zaragoza.
This program comes with ABSOLUTELY NO WARRANTY;
This is free software, and you are welcome to redistribute it
under certain conditions. See LICENSE.txt.

Input sensor was set to: Monocular

Loading Vocabulary : /home/ucacsjj/Proj/UCL/Projects/PM-SLAM/Install/var/lib/orbslam2/voc/sift_cv.fbow
This could take a while...
Loading SIFT Vocabulary in FBoW.
SIFT Vocabulary loaded in 0.030052s


Camera Parameters: 
- fx: 458.654
- fy: 457.296
- cx: 367.215
- cy: 248.375
- k1: -0.283408
- k2: 0.0739591
- p1: 0.00019359
- p2: 1.76187e-05
- fps: 20
- color order: RGB (ignored if grayscale)

[Feature 0] SIFT Extractor Parameters: 
 ( TH_LOW: 300, TH_HIGH: 500 )
- Number of Features  : 1000
- Scale Levels        : 1
- Scale Factor        : 1
- Contrast Threshold  : 0.001
- Edge Threshold      : 5
- nOctaves            : 3
- Sigma               : 1.6

-------
Start processing sequence ...
Images in the sequence: 2273

Viewer started, waiting for thread.
0
New map created with 92 points for 0 Feature Type 
Wrong initialization, reseting...
System Reseting
Reseting Local Mapper... done
Reseting Loop Closing... done
Reseting Database... done
0
New map created with 786 points for 0 Feature Type 
Tracking Initlized in 0.57s
The initlized frame ID: 1
The lost frame ID: 1158
The lost frame ID: 1159
The lost frame ID: 1160
The lost frame ID: 1161
The lost frame ID: 1162
The lost frame ID: 1163
The lost frame ID: 1164
The lost frame ID: 1165
The lost frame ID: 1167
The lost frame ID: 1169
The lost frame ID: 1171
The lost frame ID: 1172
The lost frame ID: 1173
[LoopClosing] Sim3 choosed on channel 0
[LoopClosing] Sim3 choosed on channel 0
[LoopClosing] Sim3 choosed on channel 0
[LoopClosing] Sim3 choosed on channel 0
[LoopClosing] Sim3 choosed on channel 0
Loop detected!
Local Mapping STOP
Local Mapping RELEASE
Starting Global Bundle Adjustment
Global Bundle Adjustment finished
Updating map ...
Local Mapping STOP
Local Mapping RELEASE
Map updated!
[LoopClosing] Sim3 choosed on channel 0
Loop detected!
Local Mapping STOP
Local Mapping RELEASE
Starting Global Bundle Adjustment
Global Bundle Adjustment finished
Updating map ...
Local Mapping STOP
Local Mapping RELEASE
Map updated!
The lost frame ID: 2164
The lost frame ID: 2169
The lost frame ID: 2170
The lost frame ID: 2171
The lost frame ID: 2172
The lost frame ID: 2173
The lost frame ID: 2174
The lost frame ID: 2175
The lost frame ID: 2176
The lost frame ID: 2177
The lost frame ID: 2178
The lost frame ID: 2179
The lost frame ID: 2180
The lost frame ID: 2181
The lost frame ID: 2182
The lost frame ID: 2183
The lost frame ID: 2184
System::StopViewer()
System::StopViewer() done
Tracking thread joined...

Saving correlation status...

Correlation status saved!

-------

median tracking time: 0.0855204
mean tracking time: 0.0978746

Saving camera trajectory to Trajectory.txt ...

trajectory saved!

========== Performance Summary (ms) ==========
name                                mean      median        rmse         min         max       count
Tracking                          13.672      12.024      11.327       2.329     218.652        2187
Correlation                        0.000       0.000       0.000       0.000       0.001        2157
Total Init                     30443.279   30443.279       0.000   30443.279   30443.279           2
Pipeline                          97.870      85.516      55.866      49.055     474.167        2273
SIFT Extract                      72.053      69.317      16.842      41.937     147.735        2273
