Registering ORBextractor...
Registering AKAZEextractor...
Registering BRISKextractor...
Registering SIFTextractor...
Registering KAZEextractor...
Loading images...
Loaded 2273 images.
Creating SLAM system...

ORB-SLAM2 Copyright (C) 2014-2016 Raul Mur-Artal, University of Zaragoza.
This program comes with ABSOLUTELY NO WARRANTY;
This is free software, and you are welcome to redistribute it
under certain conditions. See LICENSE.txt.

Input sensor was set to: Monocular

Loading Vocabulary : /home/ucacsjj/Proj/UCL/Projects/PM-SLAM/Install/var/lib/orbslam2/voc/sift_cv.fbow
This could take a while...
Loading SIFT Vocabulary in FBoW.
SIFT Vocabulary loaded in 0.026582s


Camera Parameters: 
- fx: 458.654
- fy: 457.296
- cx: 367.215
- cy: 248.375
- k1: -0.283408
- k2: 0.0739591
- p1: 0.00019359
- p2: 1.76187e-05
- fps: 20
- color order: RGB (ignored if grayscale)

[Feature 0] SIFT Extractor Parameters: 
 ( TH_LOW: 300, TH_HIGH: 500 )
- Number of Features  : 1000
- Scale Levels        : 1
- Scale Factor        : 1
- Contrast Threshold  : 0.001
- Edge Threshold      : 5
- nOctaves            : 3
- Sigma               : 1.6

-------
Start processing sequence ...
Images in the sequence: 2273

Viewer started, waiting for thread.
0
New map created with 92 points for 0 Feature Type 
Wrong initialization, reseting...
System Reseting
Reseting Local Mapper... done
Reseting Loop Closing... done
Reseting Database... done
0
New map created with 786 points for 0 Feature Type 
Tracking Initlized in 0.61s
The initlized frame ID: 1
The lost frame ID: 1162
The lost frame ID: 1163
The lost frame ID: 1164
The lost frame ID: 1165
The lost frame ID: 1167
The lost frame ID: 1169
The lost frame ID: 1172
The lost frame ID: 1173
The lost frame ID: 1188
The lost frame ID: 1189
The lost frame ID: 1190
The lost frame ID: 1191
The lost frame ID: 1192
The lost frame ID: 1193
The lost frame ID: 1194
The lost frame ID: 1195
The lost frame ID: 1196
The lost frame ID: 1197
The lost frame ID: 1198
The lost frame ID: 1199
The lost frame ID: 1200
The lost frame ID: 1201
The lost frame ID: 1202
The lost frame ID: 1203
The lost frame ID: 1204
The lost frame ID: 1205
The lost frame ID: 1206
The lost frame ID: 1207
The lost frame ID: 1208
The lost frame ID: 1209
The lost frame ID: 1210
The lost frame ID: 1211
The lost frame ID: 1212
The lost frame ID: 1213
The lost frame ID: 1214
The lost frame ID: 1215
The lost frame ID: 1216
The lost frame ID: 1217
The lost frame ID: 1218
The lost frame ID: 1219
The lost frame ID: 1220
The lost frame ID: 1221
The lost frame ID: 1222
The lost frame ID: 1223
The lost frame ID: 1224
The lost frame ID: 1225
The lost frame ID: 1226
The lost frame ID: 1227
The lost frame ID: 1228
The lost frame ID: 1229
The lost frame ID: 1230
The lost frame ID: 1231
The lost frame ID: 1232
The lost frame ID: 1233
The lost frame ID: 1234
The lost frame ID: 1235
The lost frame ID: 1236
The lost frame ID: 1237
The lost frame ID: 1238
The lost frame ID: 1239
The lost frame ID: 1240
The lost frame ID: 1241
The lost frame ID: 1242
The lost frame ID: 1243
The lost frame ID: 1244
The lost frame ID: 1245
The lost frame ID: 1246
The lost frame ID: 1247
The lost frame ID: 1248
The lost frame ID: 1249
The lost frame ID: 1250
The lost frame ID: 1251
The lost frame ID: 1252
The lost frame ID: 1253
The lost frame ID: 1254
The lost frame ID: 1255
The lost frame ID: 1256
The lost frame ID: 1257
The lost frame ID: 1258
The lost frame ID: 1259
The lost frame ID: 1260
The lost frame ID: 1261
The lost frame ID: 1262
The lost frame ID: 1263
The lost frame ID: 1264
The lost frame ID: 1265
The lost frame ID: 1266
The lost frame ID: 1267
The lost frame ID: 1268
The lost frame ID: 1269
The lost frame ID: 1270
The lost frame ID: 1271
The lost frame ID: 1272
The lost frame ID: 1273
The lost frame ID: 1274
The lost frame ID: 1275
The lost frame ID: 1276
The lost frame ID: 1277
The lost frame ID: 1278
The lost frame ID: 1279
The lost frame ID: 1280
The lost frame ID: 1281
The lost frame ID: 1282
The lost frame ID: 1283
The lost frame ID: 1284
The lost frame ID: 1285
The lost frame ID: 1286
The lost frame ID: 1287
The lost frame ID: 1288
The lost frame ID: 1289
The lost frame ID: 1290
The lost frame ID: 1291
The lost frame ID: 1292
The lost frame ID: 1293
The lost frame ID: 1294
The lost frame ID: 1295
The lost frame ID: 1296
The lost frame ID: 1297
The lost frame ID: 1298
The lost frame ID: 1299
The lost frame ID: 1300
The lost frame ID: 1301
The lost frame ID: 1302
The lost frame ID: 1303
The lost frame ID: 1304
The lost frame ID: 1305
The lost frame ID: 1306
The lost frame ID: 1307
The lost frame ID: 1308
The lost frame ID: 1309
The lost frame ID: 1310
The lost frame ID: 1311
The lost frame ID: 1312
The lost frame ID: 1313
The lost frame ID: 1314
The lost frame ID: 1315
The lost frame ID: 1316
The lost frame ID: 1317
The lost frame ID: 1318
The lost frame ID: 1319
The lost frame ID: 1320
The lost frame ID: 1321
The lost frame ID: 1322
The lost frame ID: 1323
The lost frame ID: 1324
The lost frame ID: 1325
The lost frame ID: 1326
The lost frame ID: 1327
The lost frame ID: 1328
The lost frame ID: 1329
The lost frame ID: 1330
The lost frame ID: 1331
The lost frame ID: 1332
The lost frame ID: 1333
The lost frame ID: 1334
The lost frame ID: 1335
The lost frame ID: 1336
The lost frame ID: 1337
The lost frame ID: 1338
The lost frame ID: 1339
The lost frame ID: 1340
The lost frame ID: 1341
The lost frame ID: 1342
The lost frame ID: 1343
The lost frame ID: 1344
The lost frame ID: 1345
The lost frame ID: 1346
The lost frame ID: 1347
The lost frame ID: 1348
The lost frame ID: 1349
The lost frame ID: 1350
The lost frame ID: 1351
The lost frame ID: 1352
The lost frame ID: 1353
The lost frame ID: 1354
The lost frame ID: 1355
The lost frame ID: 1356
The lost frame ID: 1357
The lost frame ID: 1358
The lost frame ID: 1359
The lost frame ID: 1360
The lost frame ID: 1361
The lost frame ID: 1362
The lost frame ID: 1363
The lost frame ID: 1364
The lost frame ID: 1365
The lost frame ID: 1366
The lost frame ID: 1367
The lost frame ID: 1368
The lost frame ID: 1369
The lost frame ID: 1370
The lost frame ID: 1371
The lost frame ID: 1372
The lost frame ID: 1373
The lost frame ID: 1374
The lost frame ID: 1375
The lost frame ID: 1376
The lost frame ID: 1377
The lost frame ID: 1378
The lost frame ID: 1379
The lost frame ID: 1380
The lost frame ID: 1381
The lost frame ID: 1382
The lost frame ID: 1383
The lost frame ID: 1384
The lost frame ID: 1385
The lost frame ID: 1386
The lost frame ID: 1387
The lost frame ID: 1388
The lost frame ID: 1389
The lost frame ID: 1390
The lost frame ID: 1391
The lost frame ID: 1392
The lost frame ID: 1393
The lost frame ID: 1394
The lost frame ID: 1395
The lost frame ID: 1396
The lost frame ID: 1397
The lost frame ID: 1398
The lost frame ID: 1399
The lost frame ID: 1400
The lost frame ID: 1401
The lost frame ID: 1402
The lost frame ID: 1403
The lost frame ID: 1404
The lost frame ID: 1405
The lost frame ID: 1406
The lost frame ID: 1407
The lost frame ID: 1408
The lost frame ID: 1409
The lost frame ID: 1410
The lost frame ID: 1411
The lost frame ID: 1412
The lost frame ID: 1413
The lost frame ID: 1414
The lost frame ID: 1415
The lost frame ID: 1416
The lost frame ID: 1417
The lost frame ID: 1418
The lost frame ID: 1419
The lost frame ID: 1420
The lost frame ID: 1421
The lost frame ID: 1422
The lost frame ID: 1423
The lost frame ID: 1424
The lost frame ID: 1425
The lost frame ID: 1426
The lost frame ID: 1427
The lost frame ID: 1428
The lost frame ID: 1429
The lost frame ID: 1430
The lost frame ID: 1431
The lost frame ID: 1432
The lost frame ID: 1433
The lost frame ID: 1434
The lost frame ID: 1435
The lost frame ID: 1436
The lost frame ID: 1437
The lost frame ID: 1438
The lost frame ID: 1439
The lost frame ID: 1440
The lost frame ID: 1441
The lost frame ID: 1442
The lost frame ID: 1443
The lost frame ID: 1444
The lost frame ID: 1445
The lost frame ID: 1446
The lost frame ID: 1447
The lost frame ID: 1448
The lost frame ID: 1449
The lost frame ID: 1450
The lost frame ID: 1451
The lost frame ID: 1452
The lost frame ID: 1453
The lost frame ID: 1454
The lost frame ID: 1455
The lost frame ID: 1456
The lost frame ID: 1457
The lost frame ID: 1458
The lost frame ID: 1459
The lost frame ID: 1460
The lost frame ID: 1461
The lost frame ID: 1462
The lost frame ID: 1463
The lost frame ID: 1464
The lost frame ID: 1465
The lost frame ID: 1466
The lost frame ID: 1467
The lost frame ID: 1468
The lost frame ID: 1469
The lost frame ID: 1470
The lost frame ID: 1471
The lost frame ID: 1472
The lost frame ID: 1473
The lost frame ID: 1474
The lost frame ID: 1475
The lost frame ID: 1476
The lost frame ID: 1477
The lost frame ID: 1478
The lost frame ID: 1479
The lost frame ID: 1480
The lost frame ID: 1481
The lost frame ID: 1482
The lost frame ID: 1483
The lost frame ID: 1484
The lost frame ID: 1485
The lost frame ID: 1486
The lost frame ID: 1487
The lost frame ID: 1488
The lost frame ID: 1489
The lost frame ID: 1490
The lost frame ID: 1491
The lost frame ID: 1492
The lost frame ID: 1493
The lost frame ID: 1494
The lost frame ID: 1495
The lost frame ID: 1496
The lost frame ID: 1497
The lost frame ID: 1498
The lost frame ID: 1499
The lost frame ID: 1500
The lost frame ID: 1501
The lost frame ID: 1502
The lost frame ID: 1503
The lost frame ID: 1504
The lost frame ID: 1505
The lost frame ID: 1506
The lost frame ID: 1507
The lost frame ID: 1508
The lost frame ID: 1509
The lost frame ID: 1510
The lost frame ID: 1511
The lost frame ID: 1512
The lost frame ID: 1513
The lost frame ID: 1514
The lost frame ID: 1515
The lost frame ID: 1516
The lost frame ID: 1517
The lost frame ID: 1518
The lost frame ID: 1519
The lost frame ID: 1520
The lost frame ID: 1521
The lost frame ID: 1522
The lost frame ID: 1523
The lost frame ID: 1524
The lost frame ID: 1525
The lost frame ID: 1526
The lost frame ID: 1527
The lost frame ID: 1528
The lost frame ID: 1529
The lost frame ID: 1530
The lost frame ID: 1531
The lost frame ID: 1532
The lost frame ID: 1533
The lost frame ID: 1534
The lost frame ID: 1535
The lost frame ID: 1536
The lost frame ID: 1537
The lost frame ID: 1538
The lost frame ID: 1539
The lost frame ID: 1540
The lost frame ID: 1541
The lost frame ID: 1542
The lost frame ID: 1543
The lost frame ID: 1544
The lost frame ID: 1545
The lost frame ID: 1546
The lost frame ID: 1547
The lost frame ID: 1548
The lost frame ID: 1549
[LoopClosing] Sim3 choosed on channel 0
Loop detected!
Local Mapping STOP
Local Mapping RELEASE
Starting Global Bundle Adjustment
Global Bundle Adjustment finished
Updating map ...
Local Mapping STOP
Local Mapping RELEASE
Map updated!
The lost frame ID: 2162
The lost frame ID: 2164
The lost frame ID: 2169
The lost frame ID: 2170
The lost frame ID: 2171
The lost frame ID: 2172
The lost frame ID: 2173
The lost frame ID: 2174
The lost frame ID: 2175
The lost frame ID: 2176
The lost frame ID: 2177
The lost frame ID: 2178
The lost frame ID: 2179
The lost frame ID: 2180
The lost frame ID: 2181
The lost frame ID: 2182
The lost frame ID: 2183
The lost frame ID: 2184
System::StopViewer()
System::StopViewer() done
Tracking thread joined...

Saving correlation status...

Correlation status saved!

-------

median tracking time: 0.0874369
mean tracking time: 0.0990372

Saving camera trajectory to Trajectory.txt ...

trajectory saved!

========== Performance Summary (ms) ==========
name                                mean      median        rmse         min         max       count
Tracking                          16.434      14.404      11.350       2.304     170.958        2187
Correlation                        0.000       0.000       0.000       0.000       0.013        1799
Total Init                     29640.989   29640.989       0.000   29640.989   29640.989           2
Pipeline                          99.032      87.432      53.241      47.780     440.773        2273
SIFT Extract                      70.902      67.507      17.799      40.619     151.518        2273
