Registering ORBextractor...
Registering AKAZEextractor...
Registering BRISKextractor...
Registering SIFTextractor...
Registering KAZEextractor...
Registering SuperPointExtractor...

ORB-SLAM2 Copyright (C) 2014-2016 Raul Mur-Artal, University of Zaragoza.
This program comes with ABSOLUTELY NO WARRANTY;
This is free software, and you are welcome to redistribute it
under certain conditions. See LICENSE.txt.

Input sensor was set to: Monocular

Loading Vocabulary : /home/howard/Refactored_ORB_SLAM2/Install/var/lib/orbslam2/voc/akaze_cv.fbow
This could take a while...
Loading AKAZE Vocabulary in FBoW.
AKAZE Vocabulary loaded in 0.007195s


Loading Vocabulary : /home/howard/Refactored_ORB_SLAM2/Install/var/lib/orbslam2/voc/superpoint.fbow
This could take a while...
Loading SuperPoint Vocabulary in FBoW.
SuperPoint Vocabulary loaded in 0.026409s


Camera Parameters: 
- fx: 718.856
- fy: 718.856
- cx: 607.193
- cy: 185.216
- k1: 0
- k2: 0
- p1: 0
- p2: 0
- fps: 10
- color order: RGB (ignored if grayscale)

[Feature 0] AKAZE Extractor Parameters: 
 ( TH_LOW: 100, TH_HIGH: 200 )
- Number of Features: 2000
- Scale Levels: 4
- Scale Factor: 1.2
- Threshold: 0.0001
- Num of Octaves: 4
- Num of Octave Layers: 4

[Feature 1] SuperPoint Extractor Parameters: 
 ( TH_LOW: 0.7, TH_HIGH: 0.9 )
- Number of Features: 2000
- Scale Levels: 4
- Scale Factor: 1.2
- Use CUDA: 1
- Use NMS: 1
- iniTh: 0.08
- minTh: 0.04

-------
Start processing sequence ...
Images in the sequence: 4541

Viewer started, waiting for thread.
0
New map created with 1483 points for 0 Feature Type 
New map created with 291 points for 1 Feature Type 
Tracking Initlized in 1.93s
The initlized frame ID: 1
[LoopClosing] Sim3 choosed on channel 1
Loop detected!
Local Mapping STOP
Local Mapping RELEASE
Starting Global Bundle Adjustment
Global Bundle Adjustment finished
Updating map ...
Local Mapping STOP
Local Mapping RELEASE
Map updated!
[LoopClosing] Sim3 choosed on channel 1
Loop detected!
Local Mapping STOP
Local Mapping RELEASE
Starting Global Bundle Adjustment
Global Bundle Adjustment finished
Updating map ...
Local Mapping STOP
Local Mapping RELEASE
Map updated!
[LoopClosing] Sim3 choosed on channel 1
Loop detected!
Local Mapping STOP
Local Mapping RELEASE
Starting Global Bundle Adjustment
Global Bundle Adjustment finished
Updating map ...
Local Mapping STOP
Local Mapping RELEASE
Map updated!
[LoopClosing] Sim3 choosed on channel 1
Loop detected!
Local Mapping STOP
Starting Global Bundle Adjustment
Local Mapping RELEASE
Global Bundle Adjustment finished
Updating map ...
Local Mapping STOP
Local Mapping RELEASE
Map updated!
System::StopViewer()
System::StopViewer() done
System::StopViewer()
System::StopViewer() done
Tracking thread joined...

Saving correlation status...

========== Global Summary ==========
Frames: 4535
avg_CorrEdges: 0.437486
avg_match_A: 38.1974
avg_match_B: 197.386
global_RI_MNR: 0.0114533
global_RI_GNR: 0.00503837
global_RI_DICE: 0.00371407

========== Per-Channel Summary ==========
   chA   chB     avgCorr        avgA        avgB   avgRI_MNR   avgRI_GNR  avgRI_DICE
     0     1    0.437486     38.1974     197.386   0.0104801  0.00406894  0.00281662

Correlation status saved!

-------

median tracking time: 0.272128
mean tracking time: 0.272198

Saving camera trajectory to result05.txt ...

trajectory saved!

========== Performance Summary (ms) ==========
name                                mean      median        rmse         min         max       count
Tracking                           8.249       6.363       5.774       1.530      60.336        4539
Total Init                       684.686     684.686       0.000     684.686     684.686           1
Pipeline                         272.188     272.121      39.500     110.364     675.109        4541
SuperPoint Extract               255.128     255.445      37.842     104.533     637.256        4541
Correlation                        0.141       0.097       0.374       0.005       8.185        4539
AKAZE Extract                     79.081      77.598      19.646      30.507     163.367        4541
