Registering ORBextractor...
Registering AKAZEextractor...
Registering BRISKextractor...
Registering SIFTextractor...
Registering KAZEextractor...
Registering SuperPointExtractor...

ORB-SLAM2 Copyright (C) 2014-2016 Raul Mur-Artal, University of Zaragoza.
This program comes with ABSOLUTELY NO WARRANTY;
This is free software, and you are welcome to redistribute it
under certain conditions. See LICENSE.txt.

Input sensor was set to: Monocular

Loading Vocabulary : /home/howard/Refactored_ORB_SLAM2/Install/var/lib/orbslam2/voc/sift_cv.fbow
This could take a while...
Loading SIFT Vocabulary in FBoW.
SIFT Vocabulary loaded in 0.049153s


Loading Vocabulary : /home/howard/Refactored_ORB_SLAM2/Install/var/lib/orbslam2/voc/superpoint.fbow
This could take a while...
Loading SuperPoint Vocabulary in FBoW.
SuperPoint Vocabulary loaded in 0.056948s


Camera Parameters: 
- fx: 983.044
- fy: 983.044
- cx: 643.647
- cy: 493.379
- k1: 0
- k2: 0
- p1: 0
- p2: 0
- fps: 16
- color order: RGB (ignored if grayscale)

[Feature 0] SIFT Extractor Parameters: 
 ( TH_LOW: 300, TH_HIGH: 500 )
- Number of Features  : 2000
- Scale Levels        : 1
- Scale Factor        : 1
- Contrast Threshold  : 0.01
- Edge Threshold      : 5
- nOctaves            : 3
- Sigma               : 1.6

[Feature 1] SuperPoint Extractor Parameters: 
 ( TH_LOW: 0.7, TH_HIGH: 0.9 )
- Number of Features: 2000
- Scale Levels: 4
- Scale Factor: 1.2
- Use CUDA: 1
- Use NMS: 1
- iniTh: 0.08
- minTh: 0.04

-------
Start processing sequence ...
Images in the sequence: 7513

0
New map created with 1135 points for 0 Feature Type 
New map created with 353 points for 1 Feature Type 
Tracking Initlized in 384.47s
The initlized frame ID: 218
The lost frame ID: 831
The lost frame ID: 832
The lost frame ID: 833
The lost frame ID: 834
The lost frame ID: 835
The lost frame ID: 836
The lost frame ID: 837
The lost frame ID: 838
The lost frame ID: 839

Saving camera trajectory to TrajectoryBeforeReset_oxf_sft_spp_r07_seg01_pid3180201_1757540980038.txt ...

trajectory saved!
[Tracking] wrote pre-reset trajectory to TrajectoryBeforeReset_oxf_sft_spp_r07_seg01_pid3180201_1757540980038.txt
[Tracking] LOST for 10 consecutive frames -> reset
System Reseting
Reseting Local Mapper... done
Reseting Loop Closing... done
Reseting Database... done
0
New map created with 1124 points for 0 Feature Type 
New map created with 425 points for 1 Feature Type 
Tracking Initlized in 1.90s
The initlized frame ID: 1
The lost frame ID: 549
The lost frame ID: 551
The lost frame ID: 552
The lost frame ID: 553
The lost frame ID: 555
The lost frame ID: 556
The lost frame ID: 557
The lost frame ID: 558
The lost frame ID: 559
The lost frame ID: 560
The lost frame ID: 561
The lost frame ID: 562
The lost frame ID: 563

Saving camera trajectory to TrajectoryBeforeReset_oxf_sft_spp_r07_seg02_pid3180201_1757541184986.txt ...

trajectory saved!
[Tracking] wrote pre-reset trajectory to TrajectoryBeforeReset_oxf_sft_spp_r07_seg02_pid3180201_1757541184986.txt
[Tracking] LOST for 10 consecutive frames -> reset
System Reseting
Reseting Local Mapper... done
Reseting Loop Closing... done
Reseting Database... done
0
New map created with 371 points for 0 Feature Type 
New map created with 88 points for 1 Feature Type 
Tracking Initlized in 5.29s
The initlized frame ID: 3
The lost frame ID: 1356
The lost frame ID: 1357
The lost frame ID: 1358
The lost frame ID: 1359
The lost frame ID: 1360
The lost frame ID: 1361
The lost frame ID: 1362
The lost frame ID: 1363
The lost frame ID: 1364

Saving camera trajectory to TrajectoryBeforeReset_oxf_sft_spp_r07_seg03_pid3180201_1757541681384.txt ...

trajectory saved!
[Tracking] wrote pre-reset trajectory to TrajectoryBeforeReset_oxf_sft_spp_r07_seg03_pid3180201_1757541681384.txt
[Tracking] LOST for 10 consecutive frames -> reset
System Reseting
Reseting Local Mapper... done
Reseting Loop Closing... done
Reseting Database... done
0
New map created with 406 points for 0 Feature Type 
New map created with 296 points for 1 Feature Type 
Tracking Initlized in 2.09s
The initlized frame ID: 1
Track lost soon after initialisation, reseting...
System Reseting
Reseting Local Mapper... done
Reseting Loop Closing... done
Reseting Database... done
0
New map created with 457 points for 0 Feature Type 
New map created with 279 points for 1 Feature Type 
Tracking Initlized in 2.18s
The initlized frame ID: 1
The lost frame ID: 176
The lost frame ID: 177
The lost frame ID: 178
The lost frame ID: 179
The lost frame ID: 180
The lost frame ID: 181
The lost frame ID: 182
The lost frame ID: 183
The lost frame ID: 184

Saving camera trajectory to TrajectoryBeforeReset_oxf_sft_spp_r07_seg04_pid3180201_1757541753267.txt ...

trajectory saved!
[Tracking] wrote pre-reset trajectory to TrajectoryBeforeReset_oxf_sft_spp_r07_seg04_pid3180201_1757541753267.txt
[Tracking] LOST for 10 consecutive frames -> reset
System Reseting
Reseting Local Mapper... done
Reseting Loop Closing... done
Reseting Database... done
0
New map created with 371 points for 0 Feature Type 
New map created with 275 points for 1 Feature Type 
Tracking Initlized in 2.06s
The initlized frame ID: 1
The lost frame ID: 592
The lost frame ID: 593
The lost frame ID: 594
The lost frame ID: 595
The lost frame ID: 596
The lost frame ID: 597
The lost frame ID: 598
The lost frame ID: 599
The lost frame ID: 600

Saving camera trajectory to TrajectoryBeforeReset_oxf_sft_spp_r07_seg05_pid3180201_1757541987043.txt ...

trajectory saved!
[Tracking] wrote pre-reset trajectory to TrajectoryBeforeReset_oxf_sft_spp_r07_seg05_pid3180201_1757541987043.txt
[Tracking] LOST for 10 consecutive frames -> reset
System Reseting
Reseting Local Mapper... done
Reseting Loop Closing... done
Reseting Database... done
0
New map created with 556 points for 0 Feature Type 
New map created with 198 points for 1 Feature Type 
Tracking Initlized in 2.24s
The initlized frame ID: 1
Track lost soon after initialisation, reseting...
System Reseting
Reseting Local Mapper... done
Reseting Loop Closing... done
Reseting Database... done
0
New map created with 731 points for 0 Feature Type 
New map created with 294 points for 1 Feature Type 
Tracking Initlized in 2.03s
The initlized frame ID: 1
The lost frame ID: 16
The lost frame ID: 17
The lost frame ID: 18
The lost frame ID: 19
The lost frame ID: 20
The lost frame ID: 21
The lost frame ID: 22
The lost frame ID: 23
The lost frame ID: 24

Saving camera trajectory to TrajectoryBeforeReset_oxf_sft_spp_r07_seg06_pid3180201_1757541998122.txt ...

trajectory saved!
[Tracking] wrote pre-reset trajectory to TrajectoryBeforeReset_oxf_sft_spp_r07_seg06_pid3180201_1757541998122.txt
[Tracking] LOST for 10 consecutive frames -> reset
System Reseting
Reseting Local Mapper... done
Reseting Loop Closing... done
Reseting Database... done
0
New map created with 1296 points for 0 Feature Type 
New map created with 380 points for 1 Feature Type 
Tracking Initlized in 1.81s
The initlized frame ID: 1
The lost frame ID: 1384
The lost frame ID: 1385
The lost frame ID: 1386
The lost frame ID: 1387
The lost frame ID: 1388
The lost frame ID: 1389
The lost frame ID: 1390
The lost frame ID: 1391
The lost frame ID: 1392

Saving camera trajectory to TrajectoryBeforeReset_oxf_sft_spp_r07_seg07_pid3180201_1757542502107.txt ...

trajectory saved!
[Tracking] wrote pre-reset trajectory to TrajectoryBeforeReset_oxf_sft_spp_r07_seg07_pid3180201_1757542502107.txt
[Tracking] LOST for 10 consecutive frames -> reset
System Reseting
Reseting Local Mapper... done
Reseting Loop Closing... done
Reseting Database... done
0
New map created with 1597 points for 0 Feature Type 
New map created with 361 points for 1 Feature Type 
Tracking Initlized in 2.18s
The initlized frame ID: 1
The lost frame ID: 2242
The lost frame ID: 2243
The lost frame ID: 2244
The lost frame ID: 2245
The lost frame ID: 2246
The lost frame ID: 2247
The lost frame ID: 2248
The lost frame ID: 2249
The lost frame ID: 2250

Saving camera trajectory to TrajectoryBeforeReset_oxf_sft_spp_r07_seg08_pid3180201_1757543337920.txt ...

trajectory saved!
[Tracking] wrote pre-reset trajectory to TrajectoryBeforeReset_oxf_sft_spp_r07_seg08_pid3180201_1757543337920.txt
[Tracking] LOST for 10 consecutive frames -> reset
System Reseting
Reseting Local Mapper... done
Reseting Loop Closing... done
Reseting Database... done
0
New map created with 1301 points for 0 Feature Type 
New map created with 378 points for 1 Feature Type 
Tracking Initlized in 181.71s
The initlized frame ID: 104
The lost frame ID: 154
The lost frame ID: 155
The lost frame ID: 156
The lost frame ID: 157
The lost frame ID: 158
The lost frame ID: 159
The lost frame ID: 160
The lost frame ID: 161
The lost frame ID: 162

Saving camera trajectory to TrajectoryBeforeReset_oxf_sft_spp_r07_seg09_pid3180201_1757543413283.txt ...

trajectory saved!
[Tracking] wrote pre-reset trajectory to TrajectoryBeforeReset_oxf_sft_spp_r07_seg09_pid3180201_1757543413283.txt
[Tracking] LOST for 10 consecutive frames -> reset
System Reseting
Reseting Local Mapper... done
Reseting Loop Closing... done
Reseting Database... done
0
New map created with 618 points for 0 Feature Type 
New map created with 342 points for 1 Feature Type 
Tracking Initlized in 1.99s
The initlized frame ID: 1
System::StopViewer()
System::StopViewer() done

Saving correlation status...

========== Global Summary ==========
Frames: 7070
avg_CorrEdges: 0.794342
avg_match_A: 225.655
avg_match_B: 77.6396
global_RI_MNR: 0.0102311
global_RI_GNR: 0.00600128
global_RI_DICE: 0.00523809

========== Per-Channel Summary ==========
   chA   chB     avgCorr        avgA        avgB   avgRI_MNR   avgRI_GNR  avgRI_DICE
     0     1    0.794342     225.655     77.6396  0.00819195  0.00511531  0.00458437

Correlation status saved!

System Shutdown
-------

median tracking time: 0.360378
mean tracking time: 0.367117

Saving camera trajectory to result07.txt ...

trajectory saved!
All done

========== Performance Summary (ms) ==========
name                                mean      median        rmse         min         max       count
Lost Count                         1.000       1.000       0.000       1.000       1.000           9
Tracking                          16.209      13.841      15.208       1.763     524.607        7167
Reset Count                        1.000       1.000       0.000       1.000       1.000          11
Correlation                        0.308       0.257       0.231       0.007       5.421        7071
Total Init                    104088.491  104088.491       0.000  104088.491  104088.491           1
Pipeline                         365.274     360.329      49.829     186.676     976.058        7513
SuperPoint Extract               337.526     335.825      38.385     128.862     781.494        7513
SIFT Extract                     172.195     173.091      35.524      91.717     312.071        7513
