Registering ORBextractor...
Registering AKAZEextractor...
Registering BRISKextractor...
Registering SIFTextractor...
Registering KAZEextractor...
Registering SuperPointExtractor...

ORB-SLAM2 Copyright (C) 2014-2016 Raul Mur-Artal, University of Zaragoza.
This program comes with ABSOLUTELY NO WARRANTY;
This is free software, and you are welcome to redistribute it
under certain conditions. See LICENSE.txt.

Input sensor was set to: Monocular

Loading Vocabulary : /home/howard/Refactored_ORB_SLAM2/Install/var/lib/orbslam2/voc/sift_cv.fbow
This could take a while...
Loading SIFT Vocabulary in FBoW.
SIFT Vocabulary loaded in 0.052120s


Loading Vocabulary : /home/howard/Refactored_ORB_SLAM2/Install/var/lib/orbslam2/voc/superpoint.fbow
This could take a while...
Loading SuperPoint Vocabulary in FBoW.
SuperPoint Vocabulary loaded in 0.037966s


Camera Parameters: 
- fx: 983.044
- fy: 983.044
- cx: 643.647
- cy: 493.379
- k1: 0
- k2: 0
- p1: 0
- p2: 0
- fps: 16
- color order: RGB (ignored if grayscale)

[Feature 0] SIFT Extractor Parameters: 
 ( TH_LOW: 300, TH_HIGH: 500 )
- Number of Features  : 2000
- Scale Levels        : 1
- Scale Factor        : 1
- Contrast Threshold  : 0.01
- Edge Threshold      : 5
- nOctaves            : 3
- Sigma               : 1.6

[Feature 1] SuperPoint Extractor Parameters: 
 ( TH_LOW: 0.7, TH_HIGH: 0.9 )
- Number of Features: 2000
- Scale Levels: 4
- Scale Factor: 1.2
- Use CUDA: 1
- Use NMS: 1
- iniTh: 0.08
- minTh: 0.04

-------
Start processing sequence ...
Images in the sequence: 7513

0
New map created with 1135 points for 0 Feature Type 
New map created with 353 points for 1 Feature Type 
Tracking Initlized in 368.42s
The initlized frame ID: 218
The lost frame ID: 831
The lost frame ID: 832
The lost frame ID: 833
The lost frame ID: 834
The lost frame ID: 835
The lost frame ID: 836
The lost frame ID: 837
The lost frame ID: 838
The lost frame ID: 839

Saving camera trajectory to TrajectoryBeforeReset_oxf_sft_spp_r08_seg01_pid3372022_1757543769569.txt ...

trajectory saved!
[Tracking] wrote pre-reset trajectory to TrajectoryBeforeReset_oxf_sft_spp_r08_seg01_pid3372022_1757543769569.txt
[Tracking] LOST for 10 consecutive frames -> reset
System Reseting
Reseting Local Mapper... done
Reseting Loop Closing... done
Reseting Database... done
0
New map created with 1085 points for 0 Feature Type 
New map created with 426 points for 1 Feature Type 
Tracking Initlized in 1.88s
The initlized frame ID: 1
The lost frame ID: 547
The lost frame ID: 550
The lost frame ID: 551
The lost frame ID: 552
The lost frame ID: 553
The lost frame ID: 554
The lost frame ID: 555
The lost frame ID: 556
The lost frame ID: 557
The lost frame ID: 558

Saving camera trajectory to TrajectoryBeforeReset_oxf_sft_spp_r08_seg02_pid3372022_1757543967869.txt ...

trajectory saved!
[Tracking] wrote pre-reset trajectory to TrajectoryBeforeReset_oxf_sft_spp_r08_seg02_pid3372022_1757543967869.txt
[Tracking] LOST for 10 consecutive frames -> reset
System Reseting
Reseting Local Mapper... done
Reseting Loop Closing... done
Reseting Database... done
0
New map created with 378 points for 0 Feature Type 
New map created with 59 points for 1 Feature Type 
Tracking Initlized in 4.44s
The initlized frame ID: 3
The lost frame ID: 63
The lost frame ID: 64
The lost frame ID: 65
The lost frame ID: 66
The lost frame ID: 67
The lost frame ID: 68
The lost frame ID: 69
The lost frame ID: 70
The lost frame ID: 71

Saving camera trajectory to TrajectoryBeforeReset_oxf_sft_spp_r08_seg03_pid3372022_1757543991709.txt ...

trajectory saved!
[Tracking] wrote pre-reset trajectory to TrajectoryBeforeReset_oxf_sft_spp_r08_seg03_pid3372022_1757543991709.txt
[Tracking] LOST for 10 consecutive frames -> reset
System Reseting
Reseting Local Mapper... done
Reseting Loop Closing... done
Reseting Database... done
0
New map created with 629 points for 0 Feature Type 
New map created with 235 points for 1 Feature Type 
Tracking Initlized in 3.94s
The initlized frame ID: 2
The lost frame ID: 1289
The lost frame ID: 1290
The lost frame ID: 1291
The lost frame ID: 1292
The lost frame ID: 1293
The lost frame ID: 1294
The lost frame ID: 1295
The lost frame ID: 1296
The lost frame ID: 1297

Saving camera trajectory to TrajectoryBeforeReset_oxf_sft_spp_r08_seg04_pid3372022_1757544456323.txt ...

trajectory saved!
[Tracking] wrote pre-reset trajectory to TrajectoryBeforeReset_oxf_sft_spp_r08_seg04_pid3372022_1757544456323.txt
[Tracking] LOST for 10 consecutive frames -> reset
System Reseting
Reseting Local Mapper... done
Reseting Loop Closing... done
Reseting Database... done
0
New map created with 409 points for 0 Feature Type 
New map created with 314 points for 1 Feature Type 
Tracking Initlized in 2.32s
The initlized frame ID: 1
The lost frame ID: 181
The lost frame ID: 182
The lost frame ID: 183
The lost frame ID: 184
The lost frame ID: 185
The lost frame ID: 186
The lost frame ID: 187
The lost frame ID: 188
The lost frame ID: 189

Saving camera trajectory to TrajectoryBeforeReset_oxf_sft_spp_r08_seg05_pid3372022_1757544529674.txt ...

trajectory saved!
[Tracking] wrote pre-reset trajectory to TrajectoryBeforeReset_oxf_sft_spp_r08_seg05_pid3372022_1757544529674.txt
[Tracking] LOST for 10 consecutive frames -> reset
System Reseting
Reseting Local Mapper... done
Reseting Loop Closing... done
Reseting Database... done
0
New map created with 324 points for 0 Feature Type 
New map created with 275 points for 1 Feature Type 
Tracking Initlized in 2.09s
The initlized frame ID: 1
The lost frame ID: 591
The lost frame ID: 592
The lost frame ID: 593
The lost frame ID: 594
The lost frame ID: 595
The lost frame ID: 596
The lost frame ID: 597
The lost frame ID: 598
The lost frame ID: 599

Saving camera trajectory to TrajectoryBeforeReset_oxf_sft_spp_r08_seg06_pid3372022_1757544766244.txt ...

trajectory saved!
[Tracking] wrote pre-reset trajectory to TrajectoryBeforeReset_oxf_sft_spp_r08_seg06_pid3372022_1757544766244.txt
[Tracking] LOST for 10 consecutive frames -> reset
System Reseting
Reseting Local Mapper... done
Reseting Loop Closing... done
Reseting Database... done
0
New map created with 663 points for 0 Feature Type 
New map created with 222 points for 1 Feature Type 
Tracking Initlized in 1.84s
The initlized frame ID: 1
Track lost soon after initialisation, reseting...
System Reseting
Reseting Local Mapper... done
Reseting Loop Closing... done
Reseting Database... done
0
New map created with 630 points for 0 Feature Type 
New map created with 268 points for 1 Feature Type 
Tracking Initlized in 1.86s
The initlized frame ID: 1
Track lost soon after initialisation, reseting...
System Reseting
Reseting Local Mapper... done
Reseting Loop Closing... done
Reseting Database... done
0
New map created with 898 points for 0 Feature Type 
New map created with 305 points for 1 Feature Type 
Tracking Initlized in 2.11s
The initlized frame ID: 1
Track lost soon after initialisation, reseting...
System Reseting
Reseting Local Mapper... done
Reseting Loop Closing... done
Reseting Database... done
0
New map created with 935 points for 0 Feature Type 
New map created with 367 points for 1 Feature Type 
Tracking Initlized in 2.06s
The initlized frame ID: 1
Track lost soon after initialisation, reseting...
System Reseting
Reseting Local Mapper... done
Reseting Loop Closing... done
Reseting Database... done
0
New map created with 1155 points for 0 Feature Type 
New map created with 411 points for 1 Feature Type 
Tracking Initlized in 1.85s
The initlized frame ID: 1
The lost frame ID: 646
The lost frame ID: 647
The lost frame ID: 657
The lost frame ID: 659
The lost frame ID: 660
The lost frame ID: 661
The lost frame ID: 662
The lost frame ID: 663
The lost frame ID: 669
The lost frame ID: 670
The lost frame ID: 671
The lost frame ID: 672
The lost frame ID: 673
The lost frame ID: 674
The lost frame ID: 675
The lost frame ID: 677
The lost frame ID: 682
The lost frame ID: 684
The lost frame ID: 685
The lost frame ID: 686
The lost frame ID: 687
The lost frame ID: 690
The lost frame ID: 692
The lost frame ID: 693
The lost frame ID: 694
The lost frame ID: 695
The lost frame ID: 696
The lost frame ID: 698
The lost frame ID: 699
The lost frame ID: 700
The lost frame ID: 701
The lost frame ID: 702
The lost frame ID: 703
The lost frame ID: 704
The lost frame ID: 705
The lost frame ID: 706

Saving camera trajectory to TrajectoryBeforeReset_oxf_sft_spp_r08_seg07_pid3372022_1757545020564.txt ...

trajectory saved!
[Tracking] wrote pre-reset trajectory to TrajectoryBeforeReset_oxf_sft_spp_r08_seg07_pid3372022_1757545020564.txt
[Tracking] LOST for 10 consecutive frames -> reset
System Reseting
Reseting Local Mapper... done
Reseting Loop Closing... done
Reseting Database... done
1
New map created with 550 points for 0 Feature Type 
New map created with 309 points for 1 Feature Type 
Tracking Initlized in 2.67s
The initlized frame ID: 1
Track lost soon after initialisation, reseting...
System Reseting
Reseting Local Mapper... done
Reseting Loop Closing... done
Reseting Database... done
0
New map created with 593 points for 0 Feature Type 
New map created with 334 points for 1 Feature Type 
Tracking Initlized in 2.38s
The initlized frame ID: 1
The lost frame ID: 93
The lost frame ID: 94
The lost frame ID: 95
The lost frame ID: 96
The lost frame ID: 97
The lost frame ID: 98
The lost frame ID: 99
The lost frame ID: 100
The lost frame ID: 101

Saving camera trajectory to TrajectoryBeforeReset_oxf_sft_spp_r08_seg08_pid3372022_1757545065030.txt ...

trajectory saved!
[Tracking] wrote pre-reset trajectory to TrajectoryBeforeReset_oxf_sft_spp_r08_seg08_pid3372022_1757545065030.txt
[Tracking] LOST for 10 consecutive frames -> reset
System Reseting
Reseting Local Mapper... done
Reseting Loop Closing... done
Reseting Database... done
0
New map created with 734 points for 0 Feature Type 
New map created with 354 points for 1 Feature Type 
Tracking Initlized in 4.31s
The initlized frame ID: 2
The lost frame ID: 570
The lost frame ID: 573
The lost frame ID: 574
The lost frame ID: 577
The lost frame ID: 578
The lost frame ID: 579
The lost frame ID: 580
The lost frame ID: 581
The lost frame ID: 582
The lost frame ID: 583
The lost frame ID: 584
The lost frame ID: 585

Saving camera trajectory to TrajectoryBeforeReset_oxf_sft_spp_r08_seg09_pid3372022_1757545279218.txt ...

trajectory saved!
[Tracking] wrote pre-reset trajectory to TrajectoryBeforeReset_oxf_sft_spp_r08_seg09_pid3372022_1757545279218.txt
[Tracking] LOST for 10 consecutive frames -> reset
System Reseting
Reseting Local Mapper... done
Reseting Loop Closing... done
Reseting Database... done
0
New map created with 1182 points for 0 Feature Type 
New map created with 394 points for 1 Feature Type 
Tracking Initlized in 1.64s
The initlized frame ID: 1
Track lost soon after initialisation, reseting...
System Reseting
Reseting Local Mapper... done
Reseting Loop Closing... done
Reseting Database... done
0
New map created with 1591 points for 0 Feature Type 
New map created with 356 points for 1 Feature Type 
Tracking Initlized in 2.21s
The initlized frame ID: 1
Track lost soon after initialisation, reseting...
System Reseting
Reseting Local Mapper... done
Reseting Loop Closing... done
Reseting Database... done
0
New map created with 1590 points for 0 Feature Type 
New map created with 339 points for 1 Feature Type 
Tracking Initlized in 2.39s
The initlized frame ID: 1
The lost frame ID: 2238
The lost frame ID: 2239
The lost frame ID: 2240
The lost frame ID: 2241
The lost frame ID: 2242
The lost frame ID: 2243
The lost frame ID: 2244
The lost frame ID: 2245
The lost frame ID: 2246

Saving camera trajectory to TrajectoryBeforeReset_oxf_sft_spp_r08_seg10_pid3372022_1757546100354.txt ...

trajectory saved!
[Tracking] wrote pre-reset trajectory to TrajectoryBeforeReset_oxf_sft_spp_r08_seg10_pid3372022_1757546100354.txt
[Tracking] LOST for 10 consecutive frames -> reset
System Reseting
Reseting Local Mapper... done
Reseting Loop Closing... done
Reseting Database... done
0
New map created with 1216 points for 0 Feature Type 
New map created with 377 points for 1 Feature Type 
Tracking Initlized in 179.50s
The initlized frame ID: 104
The lost frame ID: 152
The lost frame ID: 153
The lost frame ID: 154
The lost frame ID: 155
The lost frame ID: 156
The lost frame ID: 157
The lost frame ID: 158
The lost frame ID: 159
The lost frame ID: 160

Saving camera trajectory to TrajectoryBeforeReset_oxf_sft_spp_r08_seg11_pid3372022_1757546173012.txt ...

trajectory saved!
[Tracking] wrote pre-reset trajectory to TrajectoryBeforeReset_oxf_sft_spp_r08_seg11_pid3372022_1757546173012.txt
[Tracking] LOST for 10 consecutive frames -> reset
System Reseting
Reseting Local Mapper... done
Reseting Loop Closing... done
Reseting Database... done
0
New map created with 538 points for 0 Feature Type 
New map created with 325 points for 1 Feature Type 
Tracking Initlized in 2.17s
The initlized frame ID: 1
System::StopViewer()
System::StopViewer() done

Saving correlation status...

========== Global Summary ==========
Frames: 7002
avg_CorrEdges: 0.778063
avg_match_A: 226.232
avg_match_B: 77.7312
global_RI_MNR: 0.0100097
global_RI_GNR: 0.00586733
global_RI_DICE: 0.00511946

========== Per-Channel Summary ==========
   chA   chB     avgCorr        avgA        avgB   avgRI_MNR   avgRI_GNR  avgRI_DICE
     0     1    0.778063     226.232     77.7312  0.00772291  0.00479829  0.00428838

Correlation status saved!

System Shutdown
-------

median tracking time: 0.35682
mean tracking time: 0.363947

Saving camera trajectory to result08.txt ...

trajectory saved!
All done

========== Performance Summary (ms) ==========
name                                mean      median        rmse         min         max       count
Lost Count                         1.000       1.000       0.000       1.000       1.000          11
Tracking                          17.183      14.142      16.492       1.846     449.518        7151
Reset Count                        1.000       1.000       0.000       1.000       1.000          18
Correlation                        0.311       0.260       0.234       0.004       4.817        7003
Total Init                    102312.332  102312.332       0.000  102312.332  102312.332           1
Pipeline                         362.124     356.742      54.168     180.931    1133.160        7513
SuperPoint Extract               333.044     331.431      40.927     143.900     762.536        7513
SIFT Extract                     166.773     164.157      34.791      91.253     284.097        7513
