Registering ORBextractor...
Registering AKAZEextractor...
Registering BRISKextractor...
Registering SIFTextractor...
Registering KAZEextractor...
Registering SuperPointExtractor...

ORB-SLAM2 Copyright (C) 2014-2016 Raul Mur-Artal, University of Zaragoza.
This program comes with ABSOLUTELY NO WARRANTY;
This is free software, and you are welcome to redistribute it
under certain conditions. See LICENSE.txt.

Input sensor was set to: Monocular

Loading Vocabulary : /home/howard/Refactored_ORB_SLAM2/Install/var/lib/orbslam2/voc/akaze_cv.fbow
This could take a while...
Loading AKAZE Vocabulary in FBoW.
AKAZE Vocabulary loaded in 0.009121s


Camera Parameters: 
- fx: 983.044
- fy: 983.044
- cx: 643.647
- cy: 493.379
- k1: 0
- k2: 0
- p1: 0
- p2: 0
- fps: 16
- color order: RGB (ignored if grayscale)

[Feature 0] AKAZE Extractor Parameters: 
 ( TH_LOW: 100, TH_HIGH: 200 )
- Number of Features: 2000
- Scale Levels: 4
- Scale Factor: 1.2
- Threshold: 0.0001
- Num of Octaves: 4
- Num of Octave Layers: 4

-------
Start processing sequence ...
Images in the sequence: 7513

0
New map created with 405 points for 0 Feature Type 
Tracking Initlized in 108.32s
The initlized frame ID: 140
The lost frame ID: 629
The lost frame ID: 630
The lost frame ID: 631
The lost frame ID: 632
The lost frame ID: 633
The lost frame ID: 634
The lost frame ID: 635
The lost frame ID: 636
The lost frame ID: 637

Saving camera trajectory to TrajectoryBeforeReset_oxf_akz_r06_seg01_pid966032_1757439841983.txt ...

trajectory saved!
[Tracking] wrote pre-reset trajectory to TrajectoryBeforeReset_oxf_akz_r06_seg01_pid966032_1757439841983.txt
[Tracking] LOST for 10 consecutive frames -> reset
System Reseting
Reseting Local Mapper... done
Reseting Loop Closing... done
Reseting Database... done
0
New map created with 654 points for 0 Feature Type 
Tracking Initlized in 2.24s
The initlized frame ID: 3
Track lost soon after initialisation, reseting...
System Reseting
Reseting Local Mapper... done
Reseting Loop Closing... done
Reseting Database... done
0
New map created with 235 points for 0 Feature Type 
Tracking Initlized in 3.03s
The initlized frame ID: 4
The lost frame ID: 187
The lost frame ID: 188
The lost frame ID: 189
The lost frame ID: 190
The lost frame ID: 191
The lost frame ID: 192
The lost frame ID: 193
The lost frame ID: 194
The lost frame ID: 195

Saving camera trajectory to TrajectoryBeforeReset_oxf_akz_r06_seg02_pid966032_1757439879561.txt ...

trajectory saved!
[Tracking] wrote pre-reset trajectory to TrajectoryBeforeReset_oxf_akz_r06_seg02_pid966032_1757439879561.txt
[Tracking] LOST for 10 consecutive frames -> reset
System Reseting
Reseting Local Mapper... done
Reseting Loop Closing... done
Reseting Database... done
0
New map created with 536 points for 0 Feature Type 
Tracking Initlized in 1.53s
The initlized frame ID: 2
The lost frame ID: 639
The lost frame ID: 640
The lost frame ID: 641
The lost frame ID: 642
The lost frame ID: 643
The lost frame ID: 644
The lost frame ID: 645
The lost frame ID: 646
The lost frame ID: 647

Saving camera trajectory to TrajectoryBeforeReset_oxf_akz_r06_seg03_pid966032_1757440002098.txt ...

trajectory saved!
[Tracking] wrote pre-reset trajectory to TrajectoryBeforeReset_oxf_akz_r06_seg03_pid966032_1757440002098.txt
[Tracking] LOST for 10 consecutive frames -> reset
System Reseting
Reseting Local Mapper... done
Reseting Loop Closing... done
Reseting Database... done
0
New map created with 461 points for 0 Feature Type 
Tracking Initlized in 2.45s
The initlized frame ID: 3
Track lost soon after initialisation, reseting...
System Reseting
Reseting Local Mapper... done
Reseting Loop Closing... done
Reseting Database... done
0
New map created with 670 points for 0 Feature Type 
Tracking Initlized in 2.27s
The initlized frame ID: 3
The lost frame ID: 249
The lost frame ID: 250
The lost frame ID: 251
The lost frame ID: 252
The lost frame ID: 253
The lost frame ID: 254
The lost frame ID: 255
The lost frame ID: 256
The lost frame ID: 257

Saving camera trajectory to TrajectoryBeforeReset_oxf_akz_r06_seg04_pid966032_1757440053805.txt ...

trajectory saved!
[Tracking] wrote pre-reset trajectory to TrajectoryBeforeReset_oxf_akz_r06_seg04_pid966032_1757440053805.txt
[Tracking] LOST for 10 consecutive frames -> reset
System Reseting
Reseting Local Mapper... done
Reseting Loop Closing... done
Reseting Database... done
0
New map created with 692 points for 0 Feature Type 
Tracking Initlized in 1.71s
The initlized frame ID: 2
The lost frame ID: 1010
The lost frame ID: 1011
The lost frame ID: 1012
The lost frame ID: 1013
The lost frame ID: 1014
The lost frame ID: 1015
The lost frame ID: 1016
The lost frame ID: 1017
The lost frame ID: 1018

Saving camera trajectory to TrajectoryBeforeReset_oxf_akz_r06_seg05_pid966032_1757440239699.txt ...

trajectory saved!
[Tracking] wrote pre-reset trajectory to TrajectoryBeforeReset_oxf_akz_r06_seg05_pid966032_1757440239699.txt
[Tracking] LOST for 10 consecutive frames -> reset
System Reseting
Reseting Local Mapper... done
Reseting Loop Closing... done
Reseting Database... done
0
New map created with 574 points for 0 Feature Type 
Tracking Initlized in 0.88s
The initlized frame ID: 1
The lost frame ID: 147
The lost frame ID: 148
The lost frame ID: 149
The lost frame ID: 150
The lost frame ID: 151
The lost frame ID: 152
The lost frame ID: 153
The lost frame ID: 154
The lost frame ID: 155

Saving camera trajectory to TrajectoryBeforeReset_oxf_akz_r06_seg06_pid966032_1757440270504.txt ...

trajectory saved!
[Tracking] wrote pre-reset trajectory to TrajectoryBeforeReset_oxf_akz_r06_seg06_pid966032_1757440270504.txt
[Tracking] LOST for 10 consecutive frames -> reset
System Reseting
Reseting Local Mapper... done
Reseting Loop Closing... done
Reseting Database... done
0
New map created with 585 points for 0 Feature Type 
Tracking Initlized in 0.79s
The initlized frame ID: 1
Track lost soon after initialisation, reseting...
System Reseting
Reseting Local Mapper... done
Reseting Loop Closing... done
Reseting Database... done
0
New map created with 516 points for 0 Feature Type 
Tracking Initlized in 0.78s
The initlized frame ID: 1
The lost frame ID: 20
The lost frame ID: 21
The lost frame ID: 22
The lost frame ID: 23
The lost frame ID: 24
The lost frame ID: 25
The lost frame ID: 26
The lost frame ID: 27
The lost frame ID: 28

Saving camera trajectory to TrajectoryBeforeReset_oxf_akz_r06_seg07_pid966032_1757440277262.txt ...

trajectory saved!
[Tracking] wrote pre-reset trajectory to TrajectoryBeforeReset_oxf_akz_r06_seg07_pid966032_1757440277262.txt
[Tracking] LOST for 10 consecutive frames -> reset
System Reseting
Reseting Local Mapper... done
Reseting Loop Closing... done
Reseting Database... done
0
New map created with 488 points for 0 Feature Type 
Tracking Initlized in 0.85s
The initlized frame ID: 1
The lost frame ID: 590
The lost frame ID: 591
The lost frame ID: 592
The lost frame ID: 593
The lost frame ID: 594
The lost frame ID: 595
The lost frame ID: 596
The lost frame ID: 597
The lost frame ID: 598

Saving camera trajectory to TrajectoryBeforeReset_oxf_akz_r06_seg08_pid966032_1757440386053.txt ...

trajectory saved!
[Tracking] wrote pre-reset trajectory to TrajectoryBeforeReset_oxf_akz_r06_seg08_pid966032_1757440386053.txt
[Tracking] LOST for 10 consecutive frames -> reset
System Reseting
Reseting Local Mapper... done
Reseting Loop Closing... done
Reseting Database... done
0
New map created with 872 points for 0 Feature Type 
Tracking Initlized in 5.02s
The initlized frame ID: 7
The lost frame ID: 665
The lost frame ID: 667
The lost frame ID: 676
The lost frame ID: 677
The lost frame ID: 678
The lost frame ID: 679
The lost frame ID: 680
The lost frame ID: 681
The lost frame ID: 682
The lost frame ID: 683
The lost frame ID: 684

Saving camera trajectory to TrajectoryBeforeReset_oxf_akz_r06_seg09_pid966032_1757440504564.txt ...

trajectory saved!
[Tracking] wrote pre-reset trajectory to TrajectoryBeforeReset_oxf_akz_r06_seg09_pid966032_1757440504564.txt
[Tracking] LOST for 10 consecutive frames -> reset
System Reseting
Reseting Local Mapper... done
Reseting Loop Closing... done
Reseting Database... done
0
New map created with 940 points for 0 Feature Type 
Tracking Initlized in 1.62s
The initlized frame ID: 2
The lost frame ID: 727
The lost frame ID: 728
The lost frame ID: 729
The lost frame ID: 730
The lost frame ID: 731
The lost frame ID: 732
The lost frame ID: 733
The lost frame ID: 734
The lost frame ID: 735

Saving camera trajectory to TrajectoryBeforeReset_oxf_akz_r06_seg10_pid966032_1757440634536.txt ...

trajectory saved!
[Tracking] wrote pre-reset trajectory to TrajectoryBeforeReset_oxf_akz_r06_seg10_pid966032_1757440634536.txt
[Tracking] LOST for 10 consecutive frames -> reset
System Reseting
Reseting Local Mapper... done
Reseting Loop Closing... done
Reseting Database... done
0
New map created with 1196 points for 0 Feature Type 
Tracking Initlized in 0.74s
The initlized frame ID: 1
The lost frame ID: 2244
The lost frame ID: 2245
The lost frame ID: 2246
The lost frame ID: 2247
The lost frame ID: 2248
The lost frame ID: 2249
The lost frame ID: 2250
The lost frame ID: 2251
The lost frame ID: 2252

Saving camera trajectory to TrajectoryBeforeReset_oxf_akz_r06_seg11_pid966032_1757441048224.txt ...

trajectory saved!
[Tracking] wrote pre-reset trajectory to TrajectoryBeforeReset_oxf_akz_r06_seg11_pid966032_1757441048224.txt
[Tracking] LOST for 10 consecutive frames -> reset
System Reseting
Reseting Local Mapper... done
Reseting Loop Closing... done
Reseting Database... done
0
New map created with 754 points for 0 Feature Type 
Tracking Initlized in 5.47s
The initlized frame ID: 8
The lost frame ID: 154
The lost frame ID: 155
The lost frame ID: 156
The lost frame ID: 157
The lost frame ID: 158
The lost frame ID: 159
The lost frame ID: 160
The lost frame ID: 161
The lost frame ID: 162

Saving camera trajectory to TrajectoryBeforeReset_oxf_akz_r06_seg12_pid966032_1757441079578.txt ...

trajectory saved!
[Tracking] wrote pre-reset trajectory to TrajectoryBeforeReset_oxf_akz_r06_seg12_pid966032_1757441079578.txt
[Tracking] LOST for 10 consecutive frames -> reset
System Reseting
Reseting Local Mapper... done
Reseting Loop Closing... done
Reseting Database... done
0
New map created with 721 points for 0 Feature Type 
Tracking Initlized in 0.87s
The initlized frame ID: 1
System::StopViewer()
System::StopViewer() done

Saving correlation status...

Correlation status saved!

System Shutdown
-------

median tracking time: 0.164897
mean tracking time: 0.169426

Saving camera trajectory to result06.txt ...

trajectory saved!
All done

========== Performance Summary (ms) ==========
name                                mean      median        rmse         min         max       count
Lost Count                         1.000       1.000       0.000       1.000       1.000          12
Tracking                           8.110       7.247       5.627       1.552     203.614        7317
Total Init                     41072.369   41072.369       0.000   41072.369   41072.369           1
Pipeline                         168.844     164.842      31.644      96.682    1150.894        7513
Reset Count                        1.000       1.000       0.000       1.000       1.000          15
Correlation                        0.001       0.001       0.002       0.000       0.110        7192
AKAZE Extract                    152.850     150.193      22.718      91.525     233.873        7513
