Registering ORBextractor...
Registering AKAZEextractor...
Registering BRISKextractor...
Registering SIFTextractor...
Registering KAZEextractor...
Registering SuperPointExtractor...

ORB-SLAM2 Copyright (C) 2014-2016 Raul Mur-Artal, University of Zaragoza.
This program comes with ABSOLUTELY NO WARRANTY;
This is free software, and you are welcome to redistribute it
under certain conditions. See LICENSE.txt.

Input sensor was set to: Monocular

Loading Vocabulary : /home/howard/Refactored_ORB_SLAM2/Install/var/lib/orbslam2/voc/akaze_cv.fbow
This could take a while...
Loading AKAZE Vocabulary in FBoW.
AKAZE Vocabulary loaded in 0.009628s


Camera Parameters: 
- fx: 983.044
- fy: 983.044
- cx: 643.647
- cy: 493.379
- k1: 0
- k2: 0
- p1: 0
- p2: 0
- fps: 16
- color order: RGB (ignored if grayscale)

[Feature 0] AKAZE Extractor Parameters: 
 ( TH_LOW: 100, TH_HIGH: 200 )
- Number of Features: 1000
- Scale Levels: 4
- Scale Factor: 1.2
- Threshold: 0.001
- Num of Octaves: 4
- Num of Octave Layers: 4

-------
Start processing sequence ...
Images in the sequence: 7513

0
New map created with 453 points for 0 Feature Type 
Tracking Initlized in 88.22s
The initlized frame ID: 152
The lost frame ID: 168
The lost frame ID: 169
The lost frame ID: 170
The lost frame ID: 171
The lost frame ID: 172
The lost frame ID: 173
The lost frame ID: 174
The lost frame ID: 175
The lost frame ID: 176

Saving camera trajectory to TrajectoryBeforeReset_oxf_akz_r01_seg01_pid2608_1757334852708.txt ...

trajectory saved!
[Tracking] wrote pre-reset trajectory to TrajectoryBeforeReset_oxf_akz_r01_seg01_pid2608_1757334852708.txt
[Tracking] LOST for 10 consecutive frames -> reset
System Reseting
Reseting Local Mapper... done
Reseting Loop Closing... done
Reseting Database... done
0
New map created with 365 points for 0 Feature Type 
Tracking Initlized in 1.74s
The initlized frame ID: 3
The lost frame ID: 652
The lost frame ID: 653
The lost frame ID: 654
The lost frame ID: 655
The lost frame ID: 656
The lost frame ID: 657
The lost frame ID: 658
The lost frame ID: 659
The lost frame ID: 660

Saving camera trajectory to TrajectoryBeforeReset_oxf_akz_r01_seg02_pid2608_1757334941200.txt ...

trajectory saved!
[Tracking] wrote pre-reset trajectory to TrajectoryBeforeReset_oxf_akz_r01_seg02_pid2608_1757334941200.txt
[Tracking] LOST for 10 consecutive frames -> reset
System Reseting
Reseting Local Mapper... done
Reseting Loop Closing... done
Reseting Database... done
0
New map created with 459 points for 0 Feature Type 
Tracking Initlized in 2.72s
The initlized frame ID: 5
The lost frame ID: 336
The lost frame ID: 337
The lost frame ID: 338
The lost frame ID: 339
The lost frame ID: 340
The lost frame ID: 341
The lost frame ID: 342
The lost frame ID: 343
The lost frame ID: 344

Saving camera trajectory to TrajectoryBeforeReset_oxf_akz_r01_seg03_pid2608_1757334990228.txt ...

trajectory saved!
[Tracking] wrote pre-reset trajectory to TrajectoryBeforeReset_oxf_akz_r01_seg03_pid2608_1757334990228.txt
[Tracking] LOST for 10 consecutive frames -> reset
System Reseting
Reseting Local Mapper... done
Reseting Loop Closing... done
Reseting Database... done
0
New map created with 386 points for 0 Feature Type 
Tracking Initlized in 1.74s
The initlized frame ID: 3
The lost frame ID: 92
The lost frame ID: 93
The lost frame ID: 94
The lost frame ID: 95
The lost frame ID: 96
The lost frame ID: 97
The lost frame ID: 98
The lost frame ID: 99
The lost frame ID: 100

Saving camera trajectory to TrajectoryBeforeReset_oxf_akz_r01_seg04_pid2608_1757335004852.txt ...

trajectory saved!
[Tracking] wrote pre-reset trajectory to TrajectoryBeforeReset_oxf_akz_r01_seg04_pid2608_1757335004852.txt
[Tracking] LOST for 10 consecutive frames -> reset
System Reseting
Reseting Local Mapper... done
Reseting Loop Closing... done
Reseting Database... done
0
New map created with 319 points for 0 Feature Type 
Tracking Initlized in 1.15s
The initlized frame ID: 2
The lost frame ID: 104
The lost frame ID: 105
The lost frame ID: 106
The lost frame ID: 194
The lost frame ID: 195
The lost frame ID: 196
The lost frame ID: 197
The lost frame ID: 198
The lost frame ID: 199
The lost frame ID: 200
The lost frame ID: 201
The lost frame ID: 202

Saving camera trajectory to TrajectoryBeforeReset_oxf_akz_r01_seg05_pid2608_1757335032798.txt ...

trajectory saved!
[Tracking] wrote pre-reset trajectory to TrajectoryBeforeReset_oxf_akz_r01_seg05_pid2608_1757335032798.txt
[Tracking] LOST for 10 consecutive frames -> reset
System Reseting
Reseting Local Mapper... done
Reseting Loop Closing... done
Reseting Database... done
0
New map created with 299 points for 0 Feature Type 
Tracking Initlized in 4.25s
The initlized frame ID: 8
The lost frame ID: 251
The lost frame ID: 252
The lost frame ID: 253
The lost frame ID: 254
The lost frame ID: 255
The lost frame ID: 256
The lost frame ID: 257
The lost frame ID: 258
The lost frame ID: 259

Saving camera trajectory to TrajectoryBeforeReset_oxf_akz_r01_seg06_pid2608_1757335066977.txt ...

trajectory saved!
[Tracking] wrote pre-reset trajectory to TrajectoryBeforeReset_oxf_akz_r01_seg06_pid2608_1757335066977.txt
[Tracking] LOST for 10 consecutive frames -> reset
System Reseting
Reseting Local Mapper... done
Reseting Loop Closing... done
Reseting Database... done
0
New map created with 317 points for 0 Feature Type 
Tracking Initlized in 1.24s
The initlized frame ID: 2
The lost frame ID: 292
The lost frame ID: 293
The lost frame ID: 294
The lost frame ID: 295
The lost frame ID: 296
The lost frame ID: 297
The lost frame ID: 298
The lost frame ID: 299
The lost frame ID: 300

Saving camera trajectory to TrajectoryBeforeReset_oxf_akz_r01_seg07_pid2608_1757335109255.txt ...

trajectory saved!
[Tracking] wrote pre-reset trajectory to TrajectoryBeforeReset_oxf_akz_r01_seg07_pid2608_1757335109255.txt
[Tracking] LOST for 10 consecutive frames -> reset
System Reseting
Reseting Local Mapper... done
Reseting Loop Closing... done
Reseting Database... done
0
New map created with 463 points for 0 Feature Type 
Tracking Initlized in 0.57s
The initlized frame ID: 1
The lost frame ID: 348
The lost frame ID: 349
The lost frame ID: 350
The lost frame ID: 351
The lost frame ID: 352
The lost frame ID: 353
The lost frame ID: 354
The lost frame ID: 355
The lost frame ID: 356

Saving camera trajectory to TrajectoryBeforeReset_oxf_akz_r01_seg08_pid2608_1757335157251.txt ...

trajectory saved!
[Tracking] wrote pre-reset trajectory to TrajectoryBeforeReset_oxf_akz_r01_seg08_pid2608_1757335157251.txt
[Tracking] LOST for 10 consecutive frames -> reset
System Reseting
Reseting Local Mapper... done
Reseting Loop Closing... done
Reseting Database... done
0
New map created with 389 points for 0 Feature Type 
Tracking Initlized in 1.75s
The initlized frame ID: 3
The lost frame ID: 136
The lost frame ID: 137
The lost frame ID: 138
The lost frame ID: 139
The lost frame ID: 140
The lost frame ID: 141
The lost frame ID: 142
The lost frame ID: 143
The lost frame ID: 144

Saving camera trajectory to TrajectoryBeforeReset_oxf_akz_r01_seg09_pid2608_1757335178832.txt ...

trajectory saved!
[Tracking] wrote pre-reset trajectory to TrajectoryBeforeReset_oxf_akz_r01_seg09_pid2608_1757335178832.txt
[Tracking] LOST for 10 consecutive frames -> reset
System Reseting
Reseting Local Mapper... done
Reseting Loop Closing... done
Reseting Database... done
0
New map created with 377 points for 0 Feature Type 
Tracking Initlized in 1.19s
The initlized frame ID: 2
The lost frame ID: 208
The lost frame ID: 209
The lost frame ID: 210
The lost frame ID: 211
The lost frame ID: 212
The lost frame ID: 213
The lost frame ID: 214
The lost frame ID: 215
The lost frame ID: 216

Saving camera trajectory to TrajectoryBeforeReset_oxf_akz_r01_seg10_pid2608_1757335206514.txt ...

trajectory saved!
[Tracking] wrote pre-reset trajectory to TrajectoryBeforeReset_oxf_akz_r01_seg10_pid2608_1757335206514.txt
[Tracking] LOST for 10 consecutive frames -> reset
System Reseting
Reseting Local Mapper... done
Reseting Loop Closing... done
Reseting Database... done
0
New map created with 195 points for 0 Feature Type 
Tracking Initlized in 1.21s
The initlized frame ID: 2
The lost frame ID: 11
The lost frame ID: 12
The lost frame ID: 13
The lost frame ID: 14
The lost frame ID: 15
The lost frame ID: 16
The lost frame ID: 17
The lost frame ID: 18
The lost frame ID: 19

Saving camera trajectory to TrajectoryBeforeReset_oxf_akz_r01_seg11_pid2608_1757335209349.txt ...

trajectory saved!
[Tracking] wrote pre-reset trajectory to TrajectoryBeforeReset_oxf_akz_r01_seg11_pid2608_1757335209349.txt
[Tracking] LOST for 10 consecutive frames -> reset
System Reseting
Reseting Local Mapper... done
Reseting Loop Closing... done
Reseting Database... done
0
New map created with 315 points for 0 Feature Type 
Tracking Initlized in 0.56s
The initlized frame ID: 1
The lost frame ID: 16
The lost frame ID: 17
The lost frame ID: 18
The lost frame ID: 19
The lost frame ID: 20
The lost frame ID: 21
The lost frame ID: 22
The lost frame ID: 23
The lost frame ID: 24

Saving camera trajectory to TrajectoryBeforeReset_oxf_akz_r01_seg12_pid2608_1757335215493.txt ...

trajectory saved!
[Tracking] wrote pre-reset trajectory to TrajectoryBeforeReset_oxf_akz_r01_seg12_pid2608_1757335215493.txt
[Tracking] LOST for 10 consecutive frames -> reset
System Reseting
Reseting Local Mapper... done
Reseting Loop Closing... done
Reseting Database... done
0
New map created with 264 points for 0 Feature Type 
Tracking Initlized in 0.65s
The initlized frame ID: 1
The lost frame ID: 11
The lost frame ID: 12
The lost frame ID: 13
The lost frame ID: 14
The lost frame ID: 15
The lost frame ID: 16
The lost frame ID: 17
The lost frame ID: 18
The lost frame ID: 19

Saving camera trajectory to TrajectoryBeforeReset_oxf_akz_r01_seg13_pid2608_1757335218138.txt ...

trajectory saved!
[Tracking] wrote pre-reset trajectory to TrajectoryBeforeReset_oxf_akz_r01_seg13_pid2608_1757335218138.txt
[Tracking] LOST for 10 consecutive frames -> reset
System Reseting
Reseting Local Mapper... done
Reseting Loop Closing... done
Reseting Database... done
0
New map created with 308 points for 0 Feature Type 
Tracking Initlized in 0.60s
The initlized frame ID: 1
The lost frame ID: 7
The lost frame ID: 8
The lost frame ID: 9
The lost frame ID: 10
The lost frame ID: 11
The lost frame ID: 12
The lost frame ID: 13
The lost frame ID: 14
The lost frame ID: 15

Saving camera trajectory to TrajectoryBeforeReset_oxf_akz_r01_seg14_pid2608_1757335220240.txt ...

trajectory saved!
[Tracking] wrote pre-reset trajectory to TrajectoryBeforeReset_oxf_akz_r01_seg14_pid2608_1757335220240.txt
[Tracking] LOST for 10 consecutive frames -> reset
System Reseting
Reseting Local Mapper... done
Reseting Loop Closing... done
Reseting Database... done
0
New map created with 276 points for 0 Feature Type 
Tracking Initlized in 0.56s
The initlized frame ID: 1
The lost frame ID: 67
The lost frame ID: 68
The lost frame ID: 69
The lost frame ID: 70
The lost frame ID: 71
The lost frame ID: 72
The lost frame ID: 73
The lost frame ID: 74
The lost frame ID: 75

Saving camera trajectory to TrajectoryBeforeReset_oxf_akz_r01_seg15_pid2608_1757335229473.txt ...

trajectory saved!
[Tracking] wrote pre-reset trajectory to TrajectoryBeforeReset_oxf_akz_r01_seg15_pid2608_1757335229473.txt
[Tracking] LOST for 10 consecutive frames -> reset
System Reseting
Reseting Local Mapper... done
Reseting Loop Closing... done
Reseting Database... done
0
New map created with 273 points for 0 Feature Type 
Tracking Initlized in 1.15s
The initlized frame ID: 2
The lost frame ID: 12
The lost frame ID: 13
The lost frame ID: 14
The lost frame ID: 15
The lost frame ID: 16
The lost frame ID: 17
The lost frame ID: 18
The lost frame ID: 19
The lost frame ID: 20

Saving camera trajectory to TrajectoryBeforeReset_oxf_akz_r01_seg16_pid2608_1757335232275.txt ...

trajectory saved!
[Tracking] wrote pre-reset trajectory to TrajectoryBeforeReset_oxf_akz_r01_seg16_pid2608_1757335232275.txt
[Tracking] LOST for 10 consecutive frames -> reset
System Reseting
Reseting Local Mapper... done
Reseting Loop Closing... done
Reseting Database... done
0
New map created with 193 points for 0 Feature Type 
Tracking Initlized in 5.07s
The initlized frame ID: 9
Track lost soon after initialisation, reseting...
System Reseting
Reseting Local Mapper... done
Reseting Loop Closing... done
Reseting Database... done
0
New map created with 131 points for 0 Feature Type 
Tracking Initlized in 1.16s
The initlized frame ID: 2
Track lost soon after initialisation, reseting...
System Reseting
Reseting Local Mapper... done
Reseting Loop Closing... done
Reseting Database... done
0
New map created with 173 points for 0 Feature Type 
Tracking Initlized in 1.25s
The initlized frame ID: 2
Track lost soon after initialisation, reseting...
System Reseting
Reseting Local Mapper... done
Reseting Loop Closing... done
Reseting Database... done
0
New map created with 214 points for 0 Feature Type 
Tracking Initlized in 1.18s
The initlized frame ID: 2
Track lost soon after initialisation, reseting...
System Reseting
Reseting Local Mapper... done
Reseting Loop Closing... done
Reseting Database... done
0
New map created with 245 points for 0 Feature Type 
Tracking Initlized in 0.58s
The initlized frame ID: 1
The lost frame ID: 15
The lost frame ID: 16
The lost frame ID: 17
The lost frame ID: 18
The lost frame ID: 19
The lost frame ID: 20
The lost frame ID: 21
The lost frame ID: 22
The lost frame ID: 23

Saving camera trajectory to TrajectoryBeforeReset_oxf_akz_r01_seg17_pid2608_1757335240449.txt ...

trajectory saved!
[Tracking] wrote pre-reset trajectory to TrajectoryBeforeReset_oxf_akz_r01_seg17_pid2608_1757335240449.txt
[Tracking] LOST for 10 consecutive frames -> reset
System Reseting
Reseting Local Mapper... done
Reseting Loop Closing... done
Reseting Database... done
0
New map created with 306 points for 0 Feature Type 
Tracking Initlized in 0.72s
The initlized frame ID: 1
The lost frame ID: 415
The lost frame ID: 416
The lost frame ID: 417
The lost frame ID: 418
The lost frame ID: 419
The lost frame ID: 420
The lost frame ID: 421
The lost frame ID: 422
The lost frame ID: 423

Saving camera trajectory to TrajectoryBeforeReset_oxf_akz_r01_seg18_pid2608_1757335305782.txt ...

trajectory saved!
[Tracking] wrote pre-reset trajectory to TrajectoryBeforeReset_oxf_akz_r01_seg18_pid2608_1757335305782.txt
[Tracking] LOST for 10 consecutive frames -> reset
System Reseting
Reseting Local Mapper... done
Reseting Loop Closing... done
Reseting Database... done
0
New map created with 272 points for 0 Feature Type 
Tracking Initlized in 1.29s
The initlized frame ID: 2
The lost frame ID: 113
The lost frame ID: 114
The lost frame ID: 115
The lost frame ID: 116
The lost frame ID: 117
The lost frame ID: 118
The lost frame ID: 119
The lost frame ID: 120
The lost frame ID: 121

Saving camera trajectory to TrajectoryBeforeReset_oxf_akz_r01_seg19_pid2608_1757335329364.txt ...

trajectory saved!
[Tracking] wrote pre-reset trajectory to TrajectoryBeforeReset_oxf_akz_r01_seg19_pid2608_1757335329364.txt
[Tracking] LOST for 10 consecutive frames -> reset
System Reseting
Reseting Local Mapper... done
Reseting Loop Closing... done
Reseting Database... done
0
New map created with 475 points for 0 Feature Type 
Tracking Initlized in 6.72s
The initlized frame ID: 13
The lost frame ID: 488
The lost frame ID: 489
The lost frame ID: 490
The lost frame ID: 491
The lost frame ID: 492
The lost frame ID: 493
The lost frame ID: 494
The lost frame ID: 495
The lost frame ID: 496

Saving camera trajectory to TrajectoryBeforeReset_oxf_akz_r01_seg20_pid2608_1757335402130.txt ...

trajectory saved!
[Tracking] wrote pre-reset trajectory to TrajectoryBeforeReset_oxf_akz_r01_seg20_pid2608_1757335402130.txt
[Tracking] LOST for 10 consecutive frames -> reset
System Reseting
Reseting Local Mapper... done
Reseting Loop Closing... done
Reseting Database... done
0
New map created with 80 points for 0 Feature Type 
Wrong initialization, reseting...
System Reseting
Reseting Local Mapper... done
Reseting Loop Closing... done
Reseting Database... done
0
New map created with 95 points for 0 Feature Type 
Wrong initialization, reseting...
System Reseting
Reseting Local Mapper... done
Reseting Loop Closing... done
Reseting Database... done
0
New map created with 212 points for 0 Feature Type 
Tracking Initlized in 1.65s
The initlized frame ID: 3
The lost frame ID: 171
The lost frame ID: 172
The lost frame ID: 173
The lost frame ID: 174
The lost frame ID: 175
The lost frame ID: 176
The lost frame ID: 177
The lost frame ID: 178
The lost frame ID: 179

Saving camera trajectory to TrajectoryBeforeReset_oxf_akz_r01_seg21_pid2608_1757335429285.txt ...

trajectory saved!
[Tracking] wrote pre-reset trajectory to TrajectoryBeforeReset_oxf_akz_r01_seg21_pid2608_1757335429285.txt
[Tracking] LOST for 10 consecutive frames -> reset
System Reseting
Reseting Local Mapper... done
Reseting Loop Closing... done
Reseting Database... done
0
New map created with 434 points for 0 Feature Type 
Tracking Initlized in 1.16s
The initlized frame ID: 2
The lost frame ID: 63
The lost frame ID: 64
The lost frame ID: 65
The lost frame ID: 66
The lost frame ID: 67
The lost frame ID: 68
The lost frame ID: 69
The lost frame ID: 70
The lost frame ID: 71

Saving camera trajectory to TrajectoryBeforeReset_oxf_akz_r01_seg22_pid2608_1757335440301.txt ...

trajectory saved!
[Tracking] wrote pre-reset trajectory to TrajectoryBeforeReset_oxf_akz_r01_seg22_pid2608_1757335440301.txt
[Tracking] LOST for 10 consecutive frames -> reset
System Reseting
Reseting Local Mapper... done
Reseting Loop Closing... done
Reseting Database... done
0
New map created with 318 points for 0 Feature Type 
Tracking Initlized in 0.54s
The initlized frame ID: 1
Track lost soon after initialisation, reseting...
System Reseting
Reseting Local Mapper... done
Reseting Loop Closing... done
Reseting Database... done
0
New map created with 311 points for 0 Feature Type 
Tracking Initlized in 1.28s
The initlized frame ID: 2
The lost frame ID: 13
The lost frame ID: 14
The lost frame ID: 15
The lost frame ID: 16
The lost frame ID: 17
The lost frame ID: 18
The lost frame ID: 19
The lost frame ID: 20
The lost frame ID: 21

Saving camera trajectory to TrajectoryBeforeReset_oxf_akz_r01_seg23_pid2608_1757335445356.txt ...

trajectory saved!
[Tracking] wrote pre-reset trajectory to TrajectoryBeforeReset_oxf_akz_r01_seg23_pid2608_1757335445356.txt
[Tracking] LOST for 10 consecutive frames -> reset
System Reseting
Reseting Local Mapper... done
Reseting Loop Closing... done
Reseting Database... done
0
New map created with 354 points for 0 Feature Type 
Tracking Initlized in 0.67s
The initlized frame ID: 1
Track lost soon after initialisation, reseting...
System Reseting
Reseting Local Mapper... done
Reseting Loop Closing... done
Reseting Database... done
0
New map created with 356 points for 0 Feature Type 
Tracking Initlized in 1.22s
The initlized frame ID: 2
The lost frame ID: 29
The lost frame ID: 30
The lost frame ID: 31
The lost frame ID: 32
The lost frame ID: 33
The lost frame ID: 34
The lost frame ID: 35
The lost frame ID: 36
The lost frame ID: 37

Saving camera trajectory to TrajectoryBeforeReset_oxf_akz_r01_seg24_pid2608_1757335453566.txt ...

trajectory saved!
[Tracking] wrote pre-reset trajectory to TrajectoryBeforeReset_oxf_akz_r01_seg24_pid2608_1757335453566.txt
[Tracking] LOST for 10 consecutive frames -> reset
System Reseting
Reseting Local Mapper... done
Reseting Loop Closing... done
Reseting Database... done
0
New map created with 342 points for 0 Feature Type 
Tracking Initlized in 1.25s
The initlized frame ID: 2
Track lost soon after initialisation, reseting...
System Reseting
Reseting Local Mapper... done
Reseting Loop Closing... done
Reseting Database... done
0
New map created with 288 points for 0 Feature Type 
Tracking Initlized in 1.28s
The initlized frame ID: 2
Track lost soon after initialisation, reseting...
System Reseting
Reseting Local Mapper... done
Reseting Loop Closing... done
Reseting Database... done
0
New map created with 198 points for 0 Feature Type 
Tracking Initlized in 1.71s
The initlized frame ID: 3
The lost frame ID: 551
The lost frame ID: 552
The lost frame ID: 553
The lost frame ID: 554
The lost frame ID: 555
The lost frame ID: 556
The lost frame ID: 557
The lost frame ID: 558
The lost frame ID: 559

Saving camera trajectory to TrajectoryBeforeReset_oxf_akz_r01_seg25_pid2608_1757335541010.txt ...

trajectory saved!
[Tracking] wrote pre-reset trajectory to TrajectoryBeforeReset_oxf_akz_r01_seg25_pid2608_1757335541010.txt
[Tracking] LOST for 10 consecutive frames -> reset
System Reseting
Reseting Local Mapper... done
Reseting Loop Closing... done
Reseting Database... done
0
New map created with 588 points for 0 Feature Type 
Tracking Initlized in 1.10s
The initlized frame ID: 2
The lost frame ID: 2234
The lost frame ID: 2235
The lost frame ID: 2236
The lost frame ID: 2237
The lost frame ID: 2238
The lost frame ID: 2239
The lost frame ID: 2240
The lost frame ID: 2241
The lost frame ID: 2242

Saving camera trajectory to TrajectoryBeforeReset_oxf_akz_r01_seg26_pid2608_1757335836988.txt ...

trajectory saved!
[Tracking] wrote pre-reset trajectory to TrajectoryBeforeReset_oxf_akz_r01_seg26_pid2608_1757335836988.txt
[Tracking] LOST for 10 consecutive frames -> reset
System Reseting
Reseting Local Mapper... done
Reseting Loop Closing... done
Reseting Database... done
0
New map created with 250 points for 0 Feature Type 
Tracking Initlized in 9.81s
The initlized frame ID: 20
The lost frame ID: 69
The lost frame ID: 70
The lost frame ID: 71
The lost frame ID: 72
The lost frame ID: 73
The lost frame ID: 74
The lost frame ID: 75
The lost frame ID: 76
The lost frame ID: 77

Saving camera trajectory to TrajectoryBeforeReset_oxf_akz_r01_seg27_pid2608_1757335851100.txt ...

trajectory saved!
[Tracking] wrote pre-reset trajectory to TrajectoryBeforeReset_oxf_akz_r01_seg27_pid2608_1757335851100.txt
[Tracking] LOST for 10 consecutive frames -> reset
System Reseting
Reseting Local Mapper... done
Reseting Loop Closing... done
Reseting Database... done
0
New map created with 301 points for 0 Feature Type 
Tracking Initlized in 0.61s
The initlized frame ID: 1
The lost frame ID: 82
The lost frame ID: 83
The lost frame ID: 84
The lost frame ID: 85
The lost frame ID: 86
The lost frame ID: 87
The lost frame ID: 88
The lost frame ID: 89
The lost frame ID: 90

Saving camera trajectory to TrajectoryBeforeReset_oxf_akz_r01_seg28_pid2608_1757335864015.txt ...

trajectory saved!
[Tracking] wrote pre-reset trajectory to TrajectoryBeforeReset_oxf_akz_r01_seg28_pid2608_1757335864015.txt
[Tracking] LOST for 10 consecutive frames -> reset
System Reseting
Reseting Local Mapper... done
Reseting Loop Closing... done
Reseting Database... done
0
New map created with 357 points for 0 Feature Type 
Tracking Initlized in 0.65s
The initlized frame ID: 1
Track lost soon after initialisation, reseting...
System Reseting
Reseting Local Mapper... done
Reseting Loop Closing... done
Reseting Database... done
0
New map created with 336 points for 0 Feature Type 
Tracking Initlized in 0.62s
The initlized frame ID: 1
The lost frame ID: 9
The lost frame ID: 10
The lost frame ID: 11
The lost frame ID: 12
The lost frame ID: 13
The lost frame ID: 14
The lost frame ID: 15
The lost frame ID: 16
The lost frame ID: 17

Saving camera trajectory to TrajectoryBeforeReset_oxf_akz_r01_seg29_pid2608_1757335867026.txt ...

trajectory saved!
[Tracking] wrote pre-reset trajectory to TrajectoryBeforeReset_oxf_akz_r01_seg29_pid2608_1757335867026.txt
[Tracking] LOST for 10 consecutive frames -> reset
System Reseting
Reseting Local Mapper... done
Reseting Loop Closing... done
Reseting Database... done
0
New map created with 270 points for 0 Feature Type 
Tracking Initlized in 1.24s
The initlized frame ID: 2
The lost frame ID: 15
The lost frame ID: 16
The lost frame ID: 17
The lost frame ID: 18
The lost frame ID: 19
The lost frame ID: 20
The lost frame ID: 21
The lost frame ID: 22
The lost frame ID: 23

Saving camera trajectory to TrajectoryBeforeReset_oxf_akz_r01_seg30_pid2608_1757335870079.txt ...

trajectory saved!
[Tracking] wrote pre-reset trajectory to TrajectoryBeforeReset_oxf_akz_r01_seg30_pid2608_1757335870079.txt
[Tracking] LOST for 10 consecutive frames -> reset
System Reseting
Reseting Local Mapper... done
Reseting Loop Closing... done
Reseting Database... done
0
New map created with 344 points for 0 Feature Type 
Tracking Initlized in 1.28s
The initlized frame ID: 2
System::StopViewer()
System::StopViewer() done

Saving correlation status...

Correlation status saved!

System Shutdown
-------

median tracking time: 0.111183
mean tracking time: 0.114352

Saving camera trajectory to result01.txt ...

trajectory saved!
All done

========== Performance Summary (ms) ==========
name                                mean      median        rmse         min         max       count
Lost Count                         1.000       1.000       0.000       1.000       1.000          30
Tracking                           3.596       3.119       3.787       0.760     263.339        7189
Total Init                     27685.333   27685.333       0.000   27685.333   27685.333           1
Pipeline                         114.066     111.091      21.005      66.356     375.469        7513
Reset Count                        1.000       1.000       0.000       1.000       1.000          41
Correlation                        0.000       0.000       0.001       0.000       0.017        6877
AKAZE Extract                    105.788     103.082      19.217      60.605     201.376        7513
