Registering ORBextractor...
Registering AKAZEextractor...
Registering BRISKextractor...
Registering SIFTextractor...
Registering KAZEextractor...
Registering SuperPointExtractor...

ORB-SLAM2 Copyright (C) 2014-2016 Raul Mur-Artal, University of Zaragoza.
This program comes with ABSOLUTELY NO WARRANTY;
This is free software, and you are welcome to redistribute it
under certain conditions. See LICENSE.txt.

Input sensor was set to: Monocular

Loading Vocabulary : /home/howard/Refactored_ORB_SLAM2/Install/var/lib/orbslam2/voc/akaze_cv.fbow
This could take a while...
Loading AKAZE Vocabulary in FBoW.
AKAZE Vocabulary loaded in 0.006734s


Camera Parameters: 
- fx: 983.044
- fy: 983.044
- cx: 643.647
- cy: 493.379
- k1: 0
- k2: 0
- p1: 0
- p2: 0
- fps: 16
- color order: RGB (ignored if grayscale)

[Feature 0] AKAZE Extractor Parameters: 
 ( TH_LOW: 100, TH_HIGH: 200 )
- Number of Features: 2000
- Scale Levels: 4
- Scale Factor: 1.2
- Threshold: 0.0001
- Num of Octaves: 4
- Num of Octave Layers: 4

-------
Start processing sequence ...
Images in the sequence: 7513

0
New map created with 405 points for 0 Feature Type 
Tracking Initlized in 111.25s
The initlized frame ID: 140
The lost frame ID: 830
The lost frame ID: 831
The lost frame ID: 832
The lost frame ID: 833
The lost frame ID: 834
The lost frame ID: 835
The lost frame ID: 836
The lost frame ID: 837
The lost frame ID: 838

Saving camera trajectory to TrajectoryBeforeReset_oxf_akz_r14_seg01_pid1848187_1757451309924.txt ...

trajectory saved!
[Tracking] wrote pre-reset trajectory to TrajectoryBeforeReset_oxf_akz_r14_seg01_pid1848187_1757451309924.txt
[Tracking] LOST for 10 consecutive frames -> reset
System Reseting
Reseting Local Mapper... done
Reseting Loop Closing... done
Reseting Database... done
0
New map created with 499 points for 0 Feature Type 
Tracking Initlized in 1.52s
The initlized frame ID: 2
The lost frame ID: 622
The lost frame ID: 623
The lost frame ID: 624
The lost frame ID: 625
The lost frame ID: 626
The lost frame ID: 627
The lost frame ID: 628
The lost frame ID: 629
The lost frame ID: 630

Saving camera trajectory to TrajectoryBeforeReset_oxf_akz_r14_seg02_pid1848187_1757451442180.txt ...

trajectory saved!
[Tracking] wrote pre-reset trajectory to TrajectoryBeforeReset_oxf_akz_r14_seg02_pid1848187_1757451442180.txt
[Tracking] LOST for 10 consecutive frames -> reset
System Reseting
Reseting Local Mapper... done
Reseting Loop Closing... done
Reseting Database... done
0
New map created with 858 points for 0 Feature Type 
Tracking Initlized in 0.78s
The initlized frame ID: 1
Track lost soon after initialisation, reseting...
System Reseting
Reseting Local Mapper... done
Reseting Loop Closing... done
Reseting Database... done
0
New map created with 575 points for 0 Feature Type 
Tracking Initlized in 1.68s
The initlized frame ID: 2
The lost frame ID: 1282
The lost frame ID: 1283
The lost frame ID: 1284
The lost frame ID: 1285
The lost frame ID: 1286
The lost frame ID: 1287
The lost frame ID: 1288
The lost frame ID: 1289
The lost frame ID: 1290

Saving camera trajectory to TrajectoryBeforeReset_oxf_akz_r14_seg03_pid1848187_1757451718145.txt ...

trajectory saved!
[Tracking] wrote pre-reset trajectory to TrajectoryBeforeReset_oxf_akz_r14_seg03_pid1848187_1757451718145.txt
[Tracking] LOST for 10 consecutive frames -> reset
System Reseting
Reseting Local Mapper... done
Reseting Loop Closing... done
Reseting Database... done
0
New map created with 583 points for 0 Feature Type 
Tracking Initlized in 0.86s
The initlized frame ID: 1
The lost frame ID: 14
The lost frame ID: 15
The lost frame ID: 16
The lost frame ID: 17
The lost frame ID: 18
The lost frame ID: 19
The lost frame ID: 20
The lost frame ID: 21
The lost frame ID: 22

Saving camera trajectory to TrajectoryBeforeReset_oxf_akz_r14_seg04_pid1848187_1757451724303.txt ...

trajectory saved!
[Tracking] wrote pre-reset trajectory to TrajectoryBeforeReset_oxf_akz_r14_seg04_pid1848187_1757451724303.txt
[Tracking] LOST for 10 consecutive frames -> reset
System Reseting
Reseting Local Mapper... done
Reseting Loop Closing... done
Reseting Database... done
0
New map created with 670 points for 0 Feature Type 
Tracking Initlized in 0.82s
The initlized frame ID: 1
The lost frame ID: 124
The lost frame ID: 125
The lost frame ID: 126
The lost frame ID: 127
The lost frame ID: 128
The lost frame ID: 129
The lost frame ID: 130
The lost frame ID: 131
The lost frame ID: 132

Saving camera trajectory to TrajectoryBeforeReset_oxf_akz_r14_seg05_pid1848187_1757451751767.txt ...

trajectory saved!
[Tracking] wrote pre-reset trajectory to TrajectoryBeforeReset_oxf_akz_r14_seg05_pid1848187_1757451751767.txt
[Tracking] LOST for 10 consecutive frames -> reset
System Reseting
Reseting Local Mapper... done
Reseting Loop Closing... done
Reseting Database... done
0
New map created with 565 points for 0 Feature Type 
Tracking Initlized in 0.93s
The initlized frame ID: 1
Track lost soon after initialisation, reseting...
System Reseting
Reseting Local Mapper... done
Reseting Loop Closing... done
Reseting Database... done
0
New map created with 524 points for 0 Feature Type 
Tracking Initlized in 0.78s
The initlized frame ID: 1
The lost frame ID: 18
The lost frame ID: 19
The lost frame ID: 20
The lost frame ID: 21
The lost frame ID: 22
The lost frame ID: 23
The lost frame ID: 24
The lost frame ID: 25
The lost frame ID: 26

Saving camera trajectory to TrajectoryBeforeReset_oxf_akz_r14_seg06_pid1848187_1757451758900.txt ...

trajectory saved!
[Tracking] wrote pre-reset trajectory to TrajectoryBeforeReset_oxf_akz_r14_seg06_pid1848187_1757451758900.txt
[Tracking] LOST for 10 consecutive frames -> reset
System Reseting
Reseting Local Mapper... done
Reseting Loop Closing... done
Reseting Database... done
0
New map created with 485 points for 0 Feature Type 
Tracking Initlized in 0.84s
The initlized frame ID: 1
The lost frame ID: 592
The lost frame ID: 593
The lost frame ID: 594
The lost frame ID: 595
The lost frame ID: 596
The lost frame ID: 597
The lost frame ID: 598
The lost frame ID: 599
The lost frame ID: 600

Saving camera trajectory to TrajectoryBeforeReset_oxf_akz_r14_seg07_pid1848187_1757451884224.txt ...

trajectory saved!
[Tracking] wrote pre-reset trajectory to TrajectoryBeforeReset_oxf_akz_r14_seg07_pid1848187_1757451884224.txt
[Tracking] LOST for 10 consecutive frames -> reset
System Reseting
Reseting Local Mapper... done
Reseting Loop Closing... done
Reseting Database... done
0
New map created with 718 points for 0 Feature Type 
Tracking Initlized in 4.99s
The initlized frame ID: 7
The lost frame ID: 1406
The lost frame ID: 1407
The lost frame ID: 1408
The lost frame ID: 1409
The lost frame ID: 1410
The lost frame ID: 1411
The lost frame ID: 1412
The lost frame ID: 1413
The lost frame ID: 1414

Saving camera trajectory to TrajectoryBeforeReset_oxf_akz_r14_seg08_pid1848187_1757452169480.txt ...

trajectory saved!
[Tracking] wrote pre-reset trajectory to TrajectoryBeforeReset_oxf_akz_r14_seg08_pid1848187_1757452169480.txt
[Tracking] LOST for 10 consecutive frames -> reset
System Reseting
Reseting Local Mapper... done
Reseting Loop Closing... done
Reseting Database... done
0
New map created with 2121 points for 0 Feature Type 
Tracking Initlized in 2.52s
The initlized frame ID: 4
The lost frame ID: 2250
The lost frame ID: 2251
The lost frame ID: 2252
The lost frame ID: 2253
The lost frame ID: 2254
The lost frame ID: 2255
The lost frame ID: 2256
The lost frame ID: 2257
The lost frame ID: 2258

Saving camera trajectory to TrajectoryBeforeReset_oxf_akz_r14_seg09_pid1848187_1757452614396.txt ...

trajectory saved!
[Tracking] wrote pre-reset trajectory to TrajectoryBeforeReset_oxf_akz_r14_seg09_pid1848187_1757452614396.txt
[Tracking] LOST for 10 consecutive frames -> reset
System Reseting
Reseting Local Mapper... done
Reseting Loop Closing... done
Reseting Database... done
0
New map created with 685 points for 0 Feature Type 
Tracking Initlized in 4.82s
The initlized frame ID: 8
The lost frame ID: 151
The lost frame ID: 152
The lost frame ID: 153
The lost frame ID: 154
The lost frame ID: 155
The lost frame ID: 156
The lost frame ID: 157
The lost frame ID: 158
The lost frame ID: 159

Saving camera trajectory to TrajectoryBeforeReset_oxf_akz_r14_seg10_pid1848187_1757452649022.txt ...

trajectory saved!
[Tracking] wrote pre-reset trajectory to TrajectoryBeforeReset_oxf_akz_r14_seg10_pid1848187_1757452649022.txt
[Tracking] LOST for 10 consecutive frames -> reset
System Reseting
Reseting Local Mapper... done
Reseting Loop Closing... done
Reseting Database... done
0
New map created with 303 points for 0 Feature Type 
Tracking Initlized in 0.87s
The initlized frame ID: 1
System::StopViewer()
System::StopViewer() done

Saving correlation status...

Correlation status saved!

System Shutdown
-------

median tracking time: 0.182907
mean tracking time: 0.188205

Saving camera trajectory to result14.txt ...

trajectory saved!
All done

========== Performance Summary (ms) ==========
name                                mean      median        rmse         min         max       count
Lost Count                         1.000       1.000       0.000       1.000       1.000          10
Tracking                           9.381       8.212      11.426       1.113     738.940        7330
Total Init                     44323.060   44323.060       0.000   44323.060   44323.060           1
Pipeline                         187.536     182.833      37.748      95.066     900.929        7513
Reset Count                        1.000       1.000       0.000       1.000       1.000          12
Correlation                        0.001       0.001       0.001       0.000       0.021        7228
AKAZE Extract                    169.464     166.189      30.772      81.296     320.716        7513
