Registering ORBextractor...
Registering AKAZEextractor...
Registering BRISKextractor...
Registering SIFTextractor...
Registering KAZEextractor...
Registering SuperPointExtractor...

ORB-SLAM2 Copyright (C) 2014-2016 Raul Mur-Artal, University of Zaragoza.
This program comes with ABSOLUTELY NO WARRANTY;
This is free software, and you are welcome to redistribute it
under certain conditions. See LICENSE.txt.

Input sensor was set to: Monocular

Loading Vocabulary : /home/howard/Refactored_ORB_SLAM2/Install/var/lib/orbslam2/voc/akaze_cv.fbow
This could take a while...
Loading AKAZE Vocabulary in FBoW.
AKAZE Vocabulary loaded in 0.005474s


Camera Parameters: 
- fx: 983.044
- fy: 983.044
- cx: 643.647
- cy: 493.379
- k1: 0
- k2: 0
- p1: 0
- p2: 0
- fps: 16
- color order: RGB (ignored if grayscale)

[Feature 0] AKAZE Extractor Parameters: 
 ( TH_LOW: 100, TH_HIGH: 200 )
- Number of Features: 2000
- Scale Levels: 4
- Scale Factor: 1.2
- Threshold: 0.0001
- Num of Octaves: 4
- Num of Octave Layers: 4

-------
Start processing sequence ...
Images in the sequence: 7513

0
New map created with 405 points for 0 Feature Type 
Tracking Initlized in 110.01s
The initlized frame ID: 140
The lost frame ID: 830
The lost frame ID: 831
The lost frame ID: 832
The lost frame ID: 833
The lost frame ID: 834
The lost frame ID: 835
The lost frame ID: 836
The lost frame ID: 837
The lost frame ID: 838

Saving camera trajectory to TrajectoryBeforeReset_oxf_akz_r18_seg01_pid2405511_1757457525338.txt ...

trajectory saved!
[Tracking] wrote pre-reset trajectory to TrajectoryBeforeReset_oxf_akz_r18_seg01_pid2405511_1757457525338.txt
[Tracking] LOST for 10 consecutive frames -> reset
System Reseting
Reseting Local Mapper... done
Reseting Loop Closing... done
Reseting Database... done
0
New map created with 499 points for 0 Feature Type 
Tracking Initlized in 1.54s
The initlized frame ID: 2
The lost frame ID: 629
The lost frame ID: 630
The lost frame ID: 633
The lost frame ID: 634
The lost frame ID: 635
The lost frame ID: 636
The lost frame ID: 637
The lost frame ID: 638
The lost frame ID: 639
The lost frame ID: 640
The lost frame ID: 641

Saving camera trajectory to TrajectoryBeforeReset_oxf_akz_r18_seg02_pid2405511_1757457652353.txt ...

trajectory saved!
[Tracking] wrote pre-reset trajectory to TrajectoryBeforeReset_oxf_akz_r18_seg02_pid2405511_1757457652353.txt
[Tracking] LOST for 10 consecutive frames -> reset
System Reseting
Reseting Local Mapper... done
Reseting Loop Closing... done
Reseting Database... done
0
New map created with 332 points for 0 Feature Type 
Tracking Initlized in 1.38s
The initlized frame ID: 2
The lost frame ID: 261
The lost frame ID: 262
The lost frame ID: 263
The lost frame ID: 264
The lost frame ID: 265
The lost frame ID: 266
The lost frame ID: 267
The lost frame ID: 268
The lost frame ID: 269

Saving camera trajectory to TrajectoryBeforeReset_oxf_akz_r18_seg03_pid2405511_1757457708211.txt ...

trajectory saved!
[Tracking] wrote pre-reset trajectory to TrajectoryBeforeReset_oxf_akz_r18_seg03_pid2405511_1757457708211.txt
[Tracking] LOST for 10 consecutive frames -> reset
System Reseting
Reseting Local Mapper... done
Reseting Loop Closing... done
Reseting Database... done
0
New map created with 741 points for 0 Feature Type 
Tracking Initlized in 1.84s
The initlized frame ID: 2
The lost frame ID: 792
The lost frame ID: 793
The lost frame ID: 794
The lost frame ID: 795
The lost frame ID: 796
The lost frame ID: 797
The lost frame ID: 798
The lost frame ID: 799
The lost frame ID: 800

Saving camera trajectory to TrajectoryBeforeReset_oxf_akz_r18_seg04_pid2405511_1757457874091.txt ...

trajectory saved!
[Tracking] wrote pre-reset trajectory to TrajectoryBeforeReset_oxf_akz_r18_seg04_pid2405511_1757457874091.txt
[Tracking] LOST for 10 consecutive frames -> reset
System Reseting
Reseting Local Mapper... done
Reseting Loop Closing... done
Reseting Database... done
0
New map created with 1037 points for 0 Feature Type 
Tracking Initlized in 0.81s
The initlized frame ID: 1
The lost frame ID: 208
The lost frame ID: 209
The lost frame ID: 210
The lost frame ID: 211
The lost frame ID: 212
The lost frame ID: 213
The lost frame ID: 214
The lost frame ID: 215
The lost frame ID: 216

Saving camera trajectory to TrajectoryBeforeReset_oxf_akz_r18_seg05_pid2405511_1757457916988.txt ...

trajectory saved!
[Tracking] wrote pre-reset trajectory to TrajectoryBeforeReset_oxf_akz_r18_seg05_pid2405511_1757457916988.txt
[Tracking] LOST for 10 consecutive frames -> reset
System Reseting
Reseting Local Mapper... done
Reseting Loop Closing... done
Reseting Database... done
0
New map created with 570 points for 0 Feature Type 
Tracking Initlized in 0.91s
The initlized frame ID: 1
The lost frame ID: 180
The lost frame ID: 181
The lost frame ID: 182
The lost frame ID: 183
The lost frame ID: 184
The lost frame ID: 185
The lost frame ID: 186
The lost frame ID: 187
The lost frame ID: 188

Saving camera trajectory to TrajectoryBeforeReset_oxf_akz_r18_seg06_pid2405511_1757457957418.txt ...

trajectory saved!
[Tracking] wrote pre-reset trajectory to TrajectoryBeforeReset_oxf_akz_r18_seg06_pid2405511_1757457957418.txt
[Tracking] LOST for 10 consecutive frames -> reset
System Reseting
Reseting Local Mapper... done
Reseting Loop Closing... done
Reseting Database... done
0
New map created with 507 points for 0 Feature Type 
Tracking Initlized in 0.87s
The initlized frame ID: 1
The lost frame ID: 590
The lost frame ID: 591
The lost frame ID: 592
The lost frame ID: 593
The lost frame ID: 594
The lost frame ID: 595
The lost frame ID: 596
The lost frame ID: 597
The lost frame ID: 598

Saving camera trajectory to TrajectoryBeforeReset_oxf_akz_r18_seg07_pid2405511_1757458077736.txt ...

trajectory saved!
[Tracking] wrote pre-reset trajectory to TrajectoryBeforeReset_oxf_akz_r18_seg07_pid2405511_1757458077736.txt
[Tracking] LOST for 10 consecutive frames -> reset
System Reseting
Reseting Local Mapper... done
Reseting Loop Closing... done
Reseting Database... done
0
New map created with 698 points for 0 Feature Type 
Tracking Initlized in 4.71s
The initlized frame ID: 7
The lost frame ID: 682
The lost frame ID: 685
The lost frame ID: 686
The lost frame ID: 687
The lost frame ID: 688
The lost frame ID: 689
The lost frame ID: 690
The lost frame ID: 691
The lost frame ID: 692
The lost frame ID: 707
The lost frame ID: 718
The lost frame ID: 730
The lost frame ID: 732
The lost frame ID: 733
The lost frame ID: 735
The lost frame ID: 736
The lost frame ID: 737
The lost frame ID: 738
The lost frame ID: 740
The lost frame ID: 742
The lost frame ID: 744
The lost frame ID: 746
The lost frame ID: 748
The lost frame ID: 749
The lost frame ID: 750
The lost frame ID: 751
The lost frame ID: 752
The lost frame ID: 753
The lost frame ID: 756
The lost frame ID: 757
The lost frame ID: 758
The lost frame ID: 759
The lost frame ID: 760
The lost frame ID: 761
The lost frame ID: 763
The lost frame ID: 764
The lost frame ID: 766
The lost frame ID: 767
The lost frame ID: 768
The lost frame ID: 770
The lost frame ID: 772
The lost frame ID: 773
The lost frame ID: 774
The lost frame ID: 775
The lost frame ID: 776
The lost frame ID: 777
The lost frame ID: 778
The lost frame ID: 779
The lost frame ID: 780

Saving camera trajectory to TrajectoryBeforeReset_oxf_akz_r18_seg08_pid2405511_1757458221557.txt ...

trajectory saved!
[Tracking] wrote pre-reset trajectory to TrajectoryBeforeReset_oxf_akz_r18_seg08_pid2405511_1757458221557.txt
[Tracking] LOST for 10 consecutive frames -> reset
System Reseting
Reseting Local Mapper... done
Reseting Loop Closing... done
Reseting Database... done
0
New map created with 746 points for 0 Feature Type 
Tracking Initlized in 0.72s
The initlized frame ID: 1
Track lost soon after initialisation, reseting...
System Reseting
Reseting Local Mapper... done
Reseting Loop Closing... done
Reseting Database... done
0
New map created with 665 points for 0 Feature Type 
Tracking Initlized in 0.85s
The initlized frame ID: 1
Track lost soon after initialisation, reseting...
System Reseting
Reseting Local Mapper... done
Reseting Loop Closing... done
Reseting Database... done
0
New map created with 675 points for 0 Feature Type 
Tracking Initlized in 0.74s
The initlized frame ID: 1
Track lost soon after initialisation, reseting...
System Reseting
Reseting Local Mapper... done
Reseting Loop Closing... done
Reseting Database... done
0
New map created with 774 points for 0 Feature Type 
Tracking Initlized in 1.56s
The initlized frame ID: 2
The lost frame ID: 622
The lost frame ID: 623
The lost frame ID: 624
The lost frame ID: 625
The lost frame ID: 626
The lost frame ID: 627
The lost frame ID: 628
The lost frame ID: 629
The lost frame ID: 630

Saving camera trajectory to TrajectoryBeforeReset_oxf_akz_r18_seg09_pid2405511_1757458345120.txt ...

trajectory saved!
[Tracking] wrote pre-reset trajectory to TrajectoryBeforeReset_oxf_akz_r18_seg09_pid2405511_1757458345120.txt
[Tracking] LOST for 10 consecutive frames -> reset
System Reseting
Reseting Local Mapper... done
Reseting Loop Closing... done
Reseting Database... done
0
New map created with 1152 points for 0 Feature Type 
Tracking Initlized in 0.77s
The initlized frame ID: 1
The lost frame ID: 2244
The lost frame ID: 2245
The lost frame ID: 2246
The lost frame ID: 2247
The lost frame ID: 2248
The lost frame ID: 2249
The lost frame ID: 2250
The lost frame ID: 2251
The lost frame ID: 2252

Saving camera trajectory to TrajectoryBeforeReset_oxf_akz_r18_seg10_pid2405511_1757458751517.txt ...

trajectory saved!
[Tracking] wrote pre-reset trajectory to TrajectoryBeforeReset_oxf_akz_r18_seg10_pid2405511_1757458751517.txt
[Tracking] LOST for 10 consecutive frames -> reset
System Reseting
Reseting Local Mapper... done
Reseting Loop Closing... done
Reseting Database... done
0
New map created with 647 points for 0 Feature Type 
Tracking Initlized in 4.33s
The initlized frame ID: 8
The lost frame ID: 154
The lost frame ID: 155
The lost frame ID: 156
The lost frame ID: 157
The lost frame ID: 158
The lost frame ID: 159
The lost frame ID: 160
The lost frame ID: 161
The lost frame ID: 162

Saving camera trajectory to TrajectoryBeforeReset_oxf_akz_r18_seg11_pid2405511_1757458782680.txt ...

trajectory saved!
[Tracking] wrote pre-reset trajectory to TrajectoryBeforeReset_oxf_akz_r18_seg11_pid2405511_1757458782680.txt
[Tracking] LOST for 10 consecutive frames -> reset
System Reseting
Reseting Local Mapper... done
Reseting Loop Closing... done
Reseting Database... done
0
New map created with 750 points for 0 Feature Type 
Tracking Initlized in 0.83s
The initlized frame ID: 1
System::StopViewer()
System::StopViewer() done

Saving correlation status...

Correlation status saved!

System Shutdown
-------

median tracking time: 0.172497
mean tracking time: 0.177985

Saving camera trajectory to result18.txt ...

trajectory saved!
All done

========== Performance Summary (ms) ==========
name                                mean      median        rmse         min         max       count
Lost Count                         1.000       1.000       0.000       1.000       1.000          11
Tracking                           8.533       7.538       5.500       0.925     210.872        7327
Total Init                     43162.340   43162.340       0.000   43162.340   43162.340           1
Pipeline                         177.225     172.460      35.512      95.440     439.171        7513
Reset Count                        1.000       1.000       0.000       1.000       1.000          14
Correlation                        0.001       0.001       0.001       0.000       0.040        7172
AKAZE Extract                    159.846     156.396      28.921      81.520     283.459        7513
