Registering ORBextractor...
Registering AKAZEextractor...
Registering BRISKextractor...
Registering SIFTextractor...
Registering KAZEextractor...
Registering SuperPointExtractor...

ORB-SLAM2 Copyright (C) 2014-2016 Raul Mur-Artal, University of Zaragoza.
This program comes with ABSOLUTELY NO WARRANTY;
This is free software, and you are welcome to redistribute it
under certain conditions. See LICENSE.txt.

Input sensor was set to: Monocular

Loading Vocabulary : /home/howard/Refactored_ORB_SLAM2/Install/var/lib/orbslam2/voc/akaze_cv.fbow
This could take a while...
Loading AKAZE Vocabulary in FBoW.
AKAZE Vocabulary loaded in 0.004710s


Camera Parameters: 
- fx: 983.044
- fy: 983.044
- cx: 643.647
- cy: 493.379
- k1: 0
- k2: 0
- p1: 0
- p2: 0
- fps: 16
- color order: RGB (ignored if grayscale)

[Feature 0] AKAZE Extractor Parameters: 
 ( TH_LOW: 100, TH_HIGH: 200 )
- Number of Features: 2000
- Scale Levels: 4
- Scale Factor: 1.2
- Threshold: 0.0001
- Num of Octaves: 4
- Num of Octave Layers: 4

-------
Start processing sequence ...
Images in the sequence: 7513

0
New map created with 405 points for 0 Feature Type 
Tracking Initlized in 113.43s
The initlized frame ID: 140
The lost frame ID: 830
The lost frame ID: 831
The lost frame ID: 832
The lost frame ID: 833
The lost frame ID: 834
The lost frame ID: 835
The lost frame ID: 836
The lost frame ID: 837
The lost frame ID: 838

Saving camera trajectory to TrajectoryBeforeReset_oxf_akz_r12_seg01_pid1569157_1757448174800.txt ...

trajectory saved!
[Tracking] wrote pre-reset trajectory to TrajectoryBeforeReset_oxf_akz_r12_seg01_pid1569157_1757448174800.txt
[Tracking] LOST for 10 consecutive frames -> reset
System Reseting
Reseting Local Mapper... done
Reseting Loop Closing... done
Reseting Database... done
0
New map created with 499 points for 0 Feature Type 
Tracking Initlized in 1.87s
The initlized frame ID: 2
The lost frame ID: 640
The lost frame ID: 641
The lost frame ID: 642
The lost frame ID: 643
The lost frame ID: 644
The lost frame ID: 645
The lost frame ID: 646
The lost frame ID: 647
The lost frame ID: 648

Saving camera trajectory to TrajectoryBeforeReset_oxf_akz_r12_seg02_pid1569157_1757448312012.txt ...

trajectory saved!
[Tracking] wrote pre-reset trajectory to TrajectoryBeforeReset_oxf_akz_r12_seg02_pid1569157_1757448312012.txt
[Tracking] LOST for 10 consecutive frames -> reset
System Reseting
Reseting Local Mapper... done
Reseting Loop Closing... done
Reseting Database... done
0
New map created with 535 points for 0 Feature Type 
Tracking Initlized in 2.64s
The initlized frame ID: 3
Track lost soon after initialisation, reseting...
System Reseting
Reseting Local Mapper... done
Reseting Loop Closing... done
Reseting Database... done
0
New map created with 682 points for 0 Feature Type 
Tracking Initlized in 2.47s
The initlized frame ID: 3
Track lost soon after initialisation, reseting...
System Reseting
Reseting Local Mapper... done
Reseting Loop Closing... done
Reseting Database... done
0
New map created with 953 points for 0 Feature Type 
Tracking Initlized in 2.67s
The initlized frame ID: 3
The lost frame ID: 242
The lost frame ID: 243
The lost frame ID: 244
The lost frame ID: 245
The lost frame ID: 246
The lost frame ID: 247
The lost frame ID: 248
The lost frame ID: 249
The lost frame ID: 250

Saving camera trajectory to TrajectoryBeforeReset_oxf_akz_r12_seg03_pid1569157_1757448364817.txt ...

trajectory saved!
[Tracking] wrote pre-reset trajectory to TrajectoryBeforeReset_oxf_akz_r12_seg03_pid1569157_1757448364817.txt
[Tracking] LOST for 10 consecutive frames -> reset
System Reseting
Reseting Local Mapper... done
Reseting Loop Closing... done
Reseting Database... done
0
New map created with 642 points for 0 Feature Type 
Tracking Initlized in 1.76s
The initlized frame ID: 2
The lost frame ID: 794
The lost frame ID: 795
The lost frame ID: 796
The lost frame ID: 797
The lost frame ID: 798
The lost frame ID: 799
The lost frame ID: 800
The lost frame ID: 801
The lost frame ID: 802

Saving camera trajectory to TrajectoryBeforeReset_oxf_akz_r12_seg04_pid1569157_1757448524375.txt ...

trajectory saved!
[Tracking] wrote pre-reset trajectory to TrajectoryBeforeReset_oxf_akz_r12_seg04_pid1569157_1757448524375.txt
[Tracking] LOST for 10 consecutive frames -> reset
System Reseting
Reseting Local Mapper... done
Reseting Loop Closing... done
Reseting Database... done
0
New map created with 978 points for 0 Feature Type 
Tracking Initlized in 0.82s
The initlized frame ID: 1
The lost frame ID: 208
The lost frame ID: 209
The lost frame ID: 210
The lost frame ID: 211
The lost frame ID: 212
The lost frame ID: 213
The lost frame ID: 214
The lost frame ID: 215
The lost frame ID: 216

Saving camera trajectory to TrajectoryBeforeReset_oxf_akz_r12_seg05_pid1569157_1757448569356.txt ...

trajectory saved!
[Tracking] wrote pre-reset trajectory to TrajectoryBeforeReset_oxf_akz_r12_seg05_pid1569157_1757448569356.txt
[Tracking] LOST for 10 consecutive frames -> reset
System Reseting
Reseting Local Mapper... done
Reseting Loop Closing... done
Reseting Database... done
0
New map created with 611 points for 0 Feature Type 
Tracking Initlized in 0.87s
The initlized frame ID: 1
The lost frame ID: 147
The lost frame ID: 148
The lost frame ID: 150
The lost frame ID: 151
The lost frame ID: 152
The lost frame ID: 153
The lost frame ID: 154
The lost frame ID: 155
The lost frame ID: 156
The lost frame ID: 157
The lost frame ID: 158

Saving camera trajectory to TrajectoryBeforeReset_oxf_akz_r12_seg06_pid1569157_1757448604841.txt ...

trajectory saved!
[Tracking] wrote pre-reset trajectory to TrajectoryBeforeReset_oxf_akz_r12_seg06_pid1569157_1757448604841.txt
[Tracking] LOST for 10 consecutive frames -> reset
System Reseting
Reseting Local Mapper... done
Reseting Loop Closing... done
Reseting Database... done
0
New map created with 601 points for 0 Feature Type 
Tracking Initlized in 0.94s
The initlized frame ID: 1
The lost frame ID: 21
The lost frame ID: 22
The lost frame ID: 23
The lost frame ID: 24
The lost frame ID: 25
The lost frame ID: 26
The lost frame ID: 27
The lost frame ID: 28
The lost frame ID: 29

Saving camera trajectory to TrajectoryBeforeReset_oxf_akz_r12_seg07_pid1569157_1757448611697.txt ...

trajectory saved!
[Tracking] wrote pre-reset trajectory to TrajectoryBeforeReset_oxf_akz_r12_seg07_pid1569157_1757448611697.txt
[Tracking] LOST for 10 consecutive frames -> reset
System Reseting
Reseting Local Mapper... done
Reseting Loop Closing... done
Reseting Database... done
0
New map created with 500 points for 0 Feature Type 
Tracking Initlized in 0.94s
The initlized frame ID: 1
The lost frame ID: 590
The lost frame ID: 591
The lost frame ID: 592
The lost frame ID: 593
The lost frame ID: 594
The lost frame ID: 595
The lost frame ID: 596
The lost frame ID: 597
The lost frame ID: 598

Saving camera trajectory to TrajectoryBeforeReset_oxf_akz_r12_seg08_pid1569157_1757448742698.txt ...

trajectory saved!
[Tracking] wrote pre-reset trajectory to TrajectoryBeforeReset_oxf_akz_r12_seg08_pid1569157_1757448742698.txt
[Tracking] LOST for 10 consecutive frames -> reset
System Reseting
Reseting Local Mapper... done
Reseting Loop Closing... done
Reseting Database... done
0
New map created with 56 points for 0 Feature Type 
Wrong initialization, reseting...
System Reseting
Reseting Local Mapper... done
Reseting Loop Closing... done
Reseting Database... done
0
New map created with 651 points for 0 Feature Type 
Tracking Initlized in 0.84s
The initlized frame ID: 1
The lost frame ID: 673
The lost frame ID: 675
The lost frame ID: 676
The lost frame ID: 677
The lost frame ID: 680
The lost frame ID: 681
The lost frame ID: 682
The lost frame ID: 685
The lost frame ID: 686
The lost frame ID: 694
The lost frame ID: 696
The lost frame ID: 698
The lost frame ID: 699
The lost frame ID: 700
The lost frame ID: 702
The lost frame ID: 704
The lost frame ID: 705
The lost frame ID: 707
The lost frame ID: 710
The lost frame ID: 712
The lost frame ID: 713
The lost frame ID: 714
The lost frame ID: 716
The lost frame ID: 725
The lost frame ID: 727
The lost frame ID: 728
The lost frame ID: 729
The lost frame ID: 730
The lost frame ID: 731
The lost frame ID: 733
The lost frame ID: 735
The lost frame ID: 736
The lost frame ID: 737
The lost frame ID: 738
The lost frame ID: 740
The lost frame ID: 742
The lost frame ID: 743
The lost frame ID: 744
The lost frame ID: 745
The lost frame ID: 746
The lost frame ID: 747
The lost frame ID: 748
The lost frame ID: 749
The lost frame ID: 750

Saving camera trajectory to TrajectoryBeforeReset_oxf_akz_r12_seg09_pid1569157_1757448896971.txt ...

trajectory saved!
[Tracking] wrote pre-reset trajectory to TrajectoryBeforeReset_oxf_akz_r12_seg09_pid1569157_1757448896971.txt
[Tracking] LOST for 10 consecutive frames -> reset
System Reseting
Reseting Local Mapper... done
Reseting Loop Closing... done
Reseting Database... done
0
New map created with 566 points for 0 Feature Type 
Tracking Initlized in 0.78s
The initlized frame ID: 1
The lost frame ID: 67
The lost frame ID: 68
The lost frame ID: 69
The lost frame ID: 70
The lost frame ID: 71
The lost frame ID: 72
The lost frame ID: 73
The lost frame ID: 74
The lost frame ID: 75

Saving camera trajectory to TrajectoryBeforeReset_oxf_akz_r12_seg10_pid1569157_1757448913013.txt ...

trajectory saved!
[Tracking] wrote pre-reset trajectory to TrajectoryBeforeReset_oxf_akz_r12_seg10_pid1569157_1757448913013.txt
[Tracking] LOST for 10 consecutive frames -> reset
System Reseting
Reseting Local Mapper... done
Reseting Loop Closing... done
Reseting Database... done
0
New map created with 756 points for 0 Feature Type 
Tracking Initlized in 1.60s
The initlized frame ID: 2
The lost frame ID: 580
The lost frame ID: 581
The lost frame ID: 582
The lost frame ID: 583
The lost frame ID: 584
The lost frame ID: 585
The lost frame ID: 586
The lost frame ID: 587
The lost frame ID: 588

Saving camera trajectory to TrajectoryBeforeReset_oxf_akz_r12_seg11_pid1569157_1757449038430.txt ...

trajectory saved!
[Tracking] wrote pre-reset trajectory to TrajectoryBeforeReset_oxf_akz_r12_seg11_pid1569157_1757449038430.txt
[Tracking] LOST for 10 consecutive frames -> reset
System Reseting
Reseting Local Mapper... done
Reseting Loop Closing... done
Reseting Database... done
0
New map created with 1216 points for 0 Feature Type 
Tracking Initlized in 0.80s
The initlized frame ID: 1
The lost frame ID: 2244
The lost frame ID: 2245
The lost frame ID: 2246
The lost frame ID: 2247
The lost frame ID: 2248
The lost frame ID: 2249
The lost frame ID: 2250
The lost frame ID: 2251
The lost frame ID: 2252

Saving camera trajectory to TrajectoryBeforeReset_oxf_akz_r12_seg12_pid1569157_1757449518535.txt ...

trajectory saved!
[Tracking] wrote pre-reset trajectory to TrajectoryBeforeReset_oxf_akz_r12_seg12_pid1569157_1757449518535.txt
[Tracking] LOST for 10 consecutive frames -> reset
System Reseting
Reseting Local Mapper... done
Reseting Loop Closing... done
Reseting Database... done
0
New map created with 788 points for 0 Feature Type 
Tracking Initlized in 4.98s
The initlized frame ID: 8
The lost frame ID: 153
The lost frame ID: 154
The lost frame ID: 155
The lost frame ID: 156
The lost frame ID: 157
The lost frame ID: 158
The lost frame ID: 159
The lost frame ID: 160
The lost frame ID: 161

Saving camera trajectory to TrajectoryBeforeReset_oxf_akz_r12_seg13_pid1569157_1757449557197.txt ...

trajectory saved!
[Tracking] wrote pre-reset trajectory to TrajectoryBeforeReset_oxf_akz_r12_seg13_pid1569157_1757449557197.txt
[Tracking] LOST for 10 consecutive frames -> reset
System Reseting
Reseting Local Mapper... done
Reseting Loop Closing... done
Reseting Database... done
0
New map created with 715 points for 0 Feature Type 
Tracking Initlized in 0.83s
The initlized frame ID: 1
System::StopViewer()
System::StopViewer() done

Saving correlation status...

Correlation status saved!

System Shutdown
-------

median tracking time: 0.191075
mean tracking time: 0.195676

Saving camera trajectory to result12.txt ...

trajectory saved!
All done

========== Performance Summary (ms) ==========
name                                mean      median        rmse         min         max       count
Lost Count                         1.000       1.000       0.000       1.000       1.000          13
Tracking                           9.443       8.287       9.856       0.909     674.889        7321
Total Init                     45760.824   45760.824       0.000   45760.824   45760.824           1
Pipeline                         194.974     190.952      36.920     106.971     870.482        7513
Reset Count                        1.000       1.000       0.000       1.000       1.000          16
Correlation                        0.001       0.001       0.001       0.000       0.028        7152
AKAZE Extract                    176.820     174.920      29.628      98.593     325.654        7513
