Registering ORBextractor...
Registering AKAZEextractor...
Registering BRISKextractor...
Registering SIFTextractor...
Registering KAZEextractor...
Registering SuperPointExtractor...

ORB-SLAM2 Copyright (C) 2014-2016 Raul Mur-Artal, University of Zaragoza.
This program comes with ABSOLUTELY NO WARRANTY;
This is free software, and you are welcome to redistribute it
under certain conditions. See LICENSE.txt.

Input sensor was set to: Monocular

Loading Vocabulary : /home/howard/Refactored_ORB_SLAM2/Install/var/lib/orbslam2/voc/superpoint.fbow
This could take a while...
Loading SuperPoint Vocabulary in FBoW.
SuperPoint Vocabulary loaded in 0.044009s


Camera Parameters: 
- fx: 983.044
- fy: 983.044
- cx: 643.647
- cy: 493.379
- k1: 0
- k2: 0
- p1: 0
- p2: 0
- fps: 16
- color order: RGB (ignored if grayscale)

[Feature 0] SuperPoint Extractor Parameters: 
 ( TH_LOW: 0.3, TH_HIGH: 0.7 )
- Number of Features: 2000
- Scale Levels: 4
- Scale Factor: 1.2
- Use CUDA: 1
- Use NMS: 1
- iniTh: 0.08
- minTh: 0.04

-------
Start processing sequence ...
Images in the sequence: 7513

0
New map created with 333 points for 0 Feature Type 
Tracking Initlized in 138.95s
The initlized frame ID: 143
The lost frame ID: 635
The lost frame ID: 636
The lost frame ID: 637
The lost frame ID: 638
The lost frame ID: 639
The lost frame ID: 640
The lost frame ID: 641
The lost frame ID: 642
The lost frame ID: 643

Saving camera trajectory to TrajectoryBeforeReset_oxf_spp_r01_seg01_pid2610_1757335034452.txt ...

trajectory saved!
[Tracking] wrote pre-reset trajectory to TrajectoryBeforeReset_oxf_spp_r01_seg01_pid2610_1757335034452.txt
[Tracking] LOST for 10 consecutive frames -> reset
System Reseting
Reseting Local Mapper... done
Reseting Loop Closing... done
Reseting Database... done
0
New map created with 166 points for 0 Feature Type 
Tracking Initlized in 1.73s
The initlized frame ID: 2
The lost frame ID: 187
The lost frame ID: 188
The lost frame ID: 189
The lost frame ID: 190
The lost frame ID: 191
The lost frame ID: 192
The lost frame ID: 193
The lost frame ID: 195
The lost frame ID: 196
The lost frame ID: 197
The lost frame ID: 198
The lost frame ID: 199
The lost frame ID: 200
The lost frame ID: 201
The lost frame ID: 202
The lost frame ID: 203

Saving camera trajectory to TrajectoryBeforeReset_oxf_spp_r01_seg02_pid2610_1757335098601.txt ...

trajectory saved!
[Tracking] wrote pre-reset trajectory to TrajectoryBeforeReset_oxf_spp_r01_seg02_pid2610_1757335098601.txt
[Tracking] LOST for 10 consecutive frames -> reset
System Reseting
Reseting Local Mapper... done
Reseting Loop Closing... done
Reseting Database... done
0
New map created with 362 points for 0 Feature Type 
Tracking Initlized in 0.95s
The initlized frame ID: 1
Track lost soon after initialisation, reseting...
System Reseting
Reseting Local Mapper... done
Reseting Loop Closing... done
Reseting Database... done
0
New map created with 362 points for 0 Feature Type 
Tracking Initlized in 1.07s
The initlized frame ID: 1
Track lost soon after initialisation, reseting...
System Reseting
Reseting Local Mapper... done
Reseting Loop Closing... done
Reseting Database... done
0
New map created with 341 points for 0 Feature Type 
Tracking Initlized in 1.40s
The initlized frame ID: 1
Track lost soon after initialisation, reseting...
System Reseting
Reseting Local Mapper... done
Reseting Loop Closing... done
Reseting Database... done
0
New map created with 382 points for 0 Feature Type 
Tracking Initlized in 1.45s
The initlized frame ID: 1
Track lost soon after initialisation, reseting...
System Reseting
Reseting Local Mapper... done
Reseting Loop Closing... done
Reseting Database... done
0
New map created with 407 points for 0 Feature Type 
Tracking Initlized in 1.23s
The initlized frame ID: 1
The lost frame ID: 621
The lost frame ID: 622
The lost frame ID: 623
The lost frame ID: 624
The lost frame ID: 625
The lost frame ID: 626
The lost frame ID: 627
The lost frame ID: 628
The lost frame ID: 629

Saving camera trajectory to TrajectoryBeforeReset_oxf_spp_r01_seg03_pid2610_1757335307746.txt ...

trajectory saved!
[Tracking] wrote pre-reset trajectory to TrajectoryBeforeReset_oxf_spp_r01_seg03_pid2610_1757335307746.txt
[Tracking] LOST for 10 consecutive frames -> reset
System Reseting
Reseting Local Mapper... done
Reseting Loop Closing... done
Reseting Database... done
0
New map created with 198 points for 0 Feature Type 
Tracking Initlized in 2.46s
The initlized frame ID: 2
The lost frame ID: 1270
The lost frame ID: 1271
The lost frame ID: 1272
The lost frame ID: 1273
The lost frame ID: 1274
The lost frame ID: 1275
The lost frame ID: 1276
The lost frame ID: 1277
The lost frame ID: 1278

Saving camera trajectory to TrajectoryBeforeReset_oxf_spp_r01_seg04_pid2610_1757335712950.txt ...

trajectory saved!
[Tracking] wrote pre-reset trajectory to TrajectoryBeforeReset_oxf_spp_r01_seg04_pid2610_1757335712950.txt
[Tracking] LOST for 10 consecutive frames -> reset
System Reseting
Reseting Local Mapper... done
Reseting Loop Closing... done
Reseting Database... done
0
New map created with 308 points for 0 Feature Type 
Tracking Initlized in 1.20s
The initlized frame ID: 1
The lost frame ID: 15
The lost frame ID: 16
The lost frame ID: 17
The lost frame ID: 18
The lost frame ID: 19
The lost frame ID: 20
The lost frame ID: 21
The lost frame ID: 22
The lost frame ID: 23

Saving camera trajectory to TrajectoryBeforeReset_oxf_spp_r01_seg05_pid2610_1757335721894.txt ...

trajectory saved!
[Tracking] wrote pre-reset trajectory to TrajectoryBeforeReset_oxf_spp_r01_seg05_pid2610_1757335721894.txt
[Tracking] LOST for 10 consecutive frames -> reset
System Reseting
Reseting Local Mapper... done
Reseting Loop Closing... done
Reseting Database... done
0
New map created with 320 points for 0 Feature Type 
Tracking Initlized in 1.19s
The initlized frame ID: 1
The lost frame ID: 156
The lost frame ID: 157
The lost frame ID: 158
The lost frame ID: 159
The lost frame ID: 160
The lost frame ID: 161
The lost frame ID: 162
The lost frame ID: 163
The lost frame ID: 164

Saving camera trajectory to TrajectoryBeforeReset_oxf_spp_r01_seg06_pid2610_1757335776582.txt ...

trajectory saved!
[Tracking] wrote pre-reset trajectory to TrajectoryBeforeReset_oxf_spp_r01_seg06_pid2610_1757335776582.txt
[Tracking] LOST for 10 consecutive frames -> reset
System Reseting
Reseting Local Mapper... done
Reseting Loop Closing... done
Reseting Database... done
0
New map created with 285 points for 0 Feature Type 
Tracking Initlized in 0.90s
The initlized frame ID: 1
The lost frame ID: 593
The lost frame ID: 594
The lost frame ID: 595
The lost frame ID: 596
The lost frame ID: 597
The lost frame ID: 598
The lost frame ID: 599
The lost frame ID: 600
The lost frame ID: 601

Saving camera trajectory to TrajectoryBeforeReset_oxf_spp_r01_seg07_pid2610_1757335987897.txt ...

trajectory saved!
[Tracking] wrote pre-reset trajectory to TrajectoryBeforeReset_oxf_spp_r01_seg07_pid2610_1757335987897.txt
[Tracking] LOST for 10 consecutive frames -> reset
System Reseting
Reseting Local Mapper... done
Reseting Loop Closing... done
Reseting Database... done
0
New map created with 254 points for 0 Feature Type 
Tracking Initlized in 0.95s
The initlized frame ID: 1
The lost frame ID: 1411
The lost frame ID: 1412
The lost frame ID: 1413
The lost frame ID: 1414
The lost frame ID: 1415
The lost frame ID: 1416
The lost frame ID: 1417
The lost frame ID: 1418
The lost frame ID: 1419

Saving camera trajectory to TrajectoryBeforeReset_oxf_spp_r01_seg08_pid2610_1757336423848.txt ...

trajectory saved!
[Tracking] wrote pre-reset trajectory to TrajectoryBeforeReset_oxf_spp_r01_seg08_pid2610_1757336423848.txt
[Tracking] LOST for 10 consecutive frames -> reset
System Reseting
Reseting Local Mapper... done
Reseting Loop Closing... done
Reseting Database... done
0
New map created with 349 points for 0 Feature Type 
Tracking Initlized in 1.01s
The initlized frame ID: 1
The lost frame ID: 2242
The lost frame ID: 2243
The lost frame ID: 2244
The lost frame ID: 2245
The lost frame ID: 2246
The lost frame ID: 2247
The lost frame ID: 2248
The lost frame ID: 2249
The lost frame ID: 2250

Saving camera trajectory to TrajectoryBeforeReset_oxf_spp_r01_seg09_pid2610_1757337161231.txt ...

trajectory saved!
[Tracking] wrote pre-reset trajectory to TrajectoryBeforeReset_oxf_spp_r01_seg09_pid2610_1757337161231.txt
[Tracking] LOST for 10 consecutive frames -> reset
System Reseting
Reseting Local Mapper... done
Reseting Loop Closing... done
Reseting Database... done
0
New map created with 199 points for 0 Feature Type 
Tracking Initlized in 6.34s
The initlized frame ID: 8
Track lost soon after initialisation, reseting...
System Reseting
Reseting Local Mapper... done
Reseting Loop Closing... done
Reseting Database... done
0
New map created with 252 points for 0 Feature Type 
Tracking Initlized in 1.33s
The initlized frame ID: 1
Track lost soon after initialisation, reseting...
System Reseting
Reseting Local Mapper... done
Reseting Loop Closing... done
Reseting Database... done
0
New map created with 325 points for 0 Feature Type 
Tracking Initlized in 1.38s
The initlized frame ID: 1
The lost frame ID: 143
The lost frame ID: 144
The lost frame ID: 145
The lost frame ID: 146
The lost frame ID: 147
The lost frame ID: 148
The lost frame ID: 149
The lost frame ID: 150
The lost frame ID: 151

Saving camera trajectory to TrajectoryBeforeReset_oxf_spp_r01_seg10_pid2610_1757337214544.txt ...

trajectory saved!
[Tracking] wrote pre-reset trajectory to TrajectoryBeforeReset_oxf_spp_r01_seg10_pid2610_1757337214544.txt
[Tracking] LOST for 10 consecutive frames -> reset
System Reseting
Reseting Local Mapper... done
Reseting Loop Closing... done
Reseting Database... done
0
New map created with 313 points for 0 Feature Type 
Tracking Initlized in 0.91s
The initlized frame ID: 1
System::StopViewer()
System::StopViewer() done

Saving correlation status...

Correlation status saved!

System Shutdown
-------

median tracking time: 0.286555
mean tracking time: 0.290306

Saving camera trajectory to result01.txt ...

trajectory saved!
All done

========== Performance Summary (ms) ==========
name                                mean      median        rmse         min         max       count
Lost Count                         1.000       1.000       0.000       1.000       1.000          10
Tracking                          10.689       9.430       6.332       0.794     139.461        7328
Reset Count                        1.000       1.000       0.000       1.000       1.000          16
Correlation                        0.001       0.001       0.000       0.000       0.011        7215
Total Init                     46601.996   46601.996       0.000   46601.996   46601.996           1
Pipeline                         289.651     286.448     107.142     122.574    9066.735        7513
SuperPoint Extract               273.723     270.714     106.645     119.566    9054.739        7513
