Registering ORBextractor...
Registering AKAZEextractor...
Registering BRISKextractor...
Registering SIFTextractor...
Registering KAZEextractor...
Registering SuperPointExtractor...

ORB-SLAM2 Copyright (C) 2014-2016 Raul Mur-Artal, University of Zaragoza.
This program comes with ABSOLUTELY NO WARRANTY;
This is free software, and you are welcome to redistribute it
under certain conditions. See LICENSE.txt.

Input sensor was set to: Monocular

Loading Vocabulary : /home/howard/Refactored_ORB_SLAM2/Install/var/lib/orbslam2/voc/superpoint.fbow
This could take a while...
Loading SuperPoint Vocabulary in FBoW.
SuperPoint Vocabulary loaded in 0.012741s


Camera Parameters: 
- fx: 983.044
- fy: 983.044
- cx: 643.647
- cy: 493.379
- k1: 0
- k2: 0
- p1: 0
- p2: 0
- fps: 16
- color order: RGB (ignored if grayscale)

[Feature 0] SuperPoint Extractor Parameters: 
 ( TH_LOW: 0.3, TH_HIGH: 0.7 )
- Number of Features: 2000
- Scale Levels: 4
- Scale Factor: 1.2
- Use CUDA: 1
- Use NMS: 1
- iniTh: 0.08
- minTh: 0.04

-------
Start processing sequence ...
Images in the sequence: 7513

0
New map created with 333 points for 0 Feature Type 
Tracking Initlized in 106.15s
The initlized frame ID: 143
The lost frame ID: 831
The lost frame ID: 832
The lost frame ID: 833
The lost frame ID: 834
The lost frame ID: 835
The lost frame ID: 836
The lost frame ID: 837
The lost frame ID: 838
The lost frame ID: 839

Saving camera trajectory to TrajectoryBeforeReset_oxf_spp_r12_seg01_pid1902675_1757356451579.txt ...

trajectory saved!
[Tracking] wrote pre-reset trajectory to TrajectoryBeforeReset_oxf_spp_r12_seg01_pid1902675_1757356451579.txt
[Tracking] LOST for 10 consecutive frames -> reset
System Reseting
Reseting Local Mapper... done
Reseting Loop Closing... done
Reseting Database... done
0
New map created with 406 points for 0 Feature Type 
Tracking Initlized in 1.01s
The initlized frame ID: 1
The lost frame ID: 641
The lost frame ID: 642
The lost frame ID: 643
The lost frame ID: 644
The lost frame ID: 645
The lost frame ID: 646
The lost frame ID: 647
The lost frame ID: 648
The lost frame ID: 649

Saving camera trajectory to TrajectoryBeforeReset_oxf_spp_r12_seg02_pid1902675_1757356604982.txt ...

trajectory saved!
[Tracking] wrote pre-reset trajectory to TrajectoryBeforeReset_oxf_spp_r12_seg02_pid1902675_1757356604982.txt
[Tracking] LOST for 10 consecutive frames -> reset
System Reseting
Reseting Local Mapper... done
Reseting Loop Closing... done
Reseting Database... done
0
New map created with 195 points for 0 Feature Type 
Tracking Initlized in 1.49s
The initlized frame ID: 2
The lost frame ID: 1270
The lost frame ID: 1271
The lost frame ID: 1272
The lost frame ID: 1273
The lost frame ID: 1274
The lost frame ID: 1275
The lost frame ID: 1276
The lost frame ID: 1277
The lost frame ID: 1278

Saving camera trajectory to TrajectoryBeforeReset_oxf_spp_r12_seg03_pid1902675_1757356903453.txt ...

trajectory saved!
[Tracking] wrote pre-reset trajectory to TrajectoryBeforeReset_oxf_spp_r12_seg03_pid1902675_1757356903453.txt
[Tracking] LOST for 10 consecutive frames -> reset
System Reseting
Reseting Local Mapper... done
Reseting Loop Closing... done
Reseting Database... done
0
New map created with 292 points for 0 Feature Type 
Tracking Initlized in 0.75s
The initlized frame ID: 1
The lost frame ID: 182
The lost frame ID: 183
The lost frame ID: 184
The lost frame ID: 185
The lost frame ID: 186
The lost frame ID: 187
The lost frame ID: 188
The lost frame ID: 189
The lost frame ID: 190

Saving camera trajectory to TrajectoryBeforeReset_oxf_spp_r12_seg04_pid1902675_1757356949428.txt ...

trajectory saved!
[Tracking] wrote pre-reset trajectory to TrajectoryBeforeReset_oxf_spp_r12_seg04_pid1902675_1757356949428.txt
[Tracking] LOST for 10 consecutive frames -> reset
System Reseting
Reseting Local Mapper... done
Reseting Loop Closing... done
Reseting Database... done
0
New map created with 286 points for 0 Feature Type 
Tracking Initlized in 0.77s
The initlized frame ID: 1
The lost frame ID: 592
The lost frame ID: 593
The lost frame ID: 594
The lost frame ID: 595
The lost frame ID: 596
The lost frame ID: 597
The lost frame ID: 598
The lost frame ID: 599
The lost frame ID: 600

Saving camera trajectory to TrajectoryBeforeReset_oxf_spp_r12_seg05_pid1902675_1757357106410.txt ...

trajectory saved!
[Tracking] wrote pre-reset trajectory to TrajectoryBeforeReset_oxf_spp_r12_seg05_pid1902675_1757357106410.txt
[Tracking] LOST for 10 consecutive frames -> reset
System Reseting
Reseting Local Mapper... done
Reseting Loop Closing... done
Reseting Database... done
0
New map created with 356 points for 0 Feature Type 
Tracking Initlized in 1.43s
The initlized frame ID: 2
The lost frame ID: 1408
The lost frame ID: 1409
The lost frame ID: 1410
The lost frame ID: 1411
The lost frame ID: 1412
The lost frame ID: 1413
The lost frame ID: 1414
The lost frame ID: 1415
The lost frame ID: 1416

Saving camera trajectory to TrajectoryBeforeReset_oxf_spp_r12_seg06_pid1902675_1757357437245.txt ...

trajectory saved!
[Tracking] wrote pre-reset trajectory to TrajectoryBeforeReset_oxf_spp_r12_seg06_pid1902675_1757357437245.txt
[Tracking] LOST for 10 consecutive frames -> reset
System Reseting
Reseting Local Mapper... done
Reseting Loop Closing... done
Reseting Database... done
0
New map created with 424 points for 0 Feature Type 
Tracking Initlized in 0.72s
The initlized frame ID: 1
The lost frame ID: 2244
The lost frame ID: 2245
The lost frame ID: 2246
The lost frame ID: 2247
The lost frame ID: 2248
The lost frame ID: 2249
The lost frame ID: 2250
The lost frame ID: 2251
The lost frame ID: 2252

Saving camera trajectory to TrajectoryBeforeReset_oxf_spp_r12_seg07_pid1902675_1757357981074.txt ...

trajectory saved!
[Tracking] wrote pre-reset trajectory to TrajectoryBeforeReset_oxf_spp_r12_seg07_pid1902675_1757357981074.txt
[Tracking] LOST for 10 consecutive frames -> reset
System Reseting
Reseting Local Mapper... done
Reseting Loop Closing... done
Reseting Database... done
0
New map created with 234 points for 0 Feature Type 
Tracking Initlized in 6.12s
The initlized frame ID: 8
Track lost soon after initialisation, reseting...
System Reseting
Reseting Local Mapper... done
Reseting Loop Closing... done
Reseting Database... done
0
New map created with 261 points for 0 Feature Type 
Tracking Initlized in 0.77s
The initlized frame ID: 1
Track lost soon after initialisation, reseting...
System Reseting
Reseting Local Mapper... done
Reseting Loop Closing... done
Reseting Database... done
0
New map created with 247 points for 0 Feature Type 
Tracking Initlized in 0.76s
The initlized frame ID: 1
The lost frame ID: 142
The lost frame ID: 143
The lost frame ID: 144
The lost frame ID: 145
The lost frame ID: 146
The lost frame ID: 147
The lost frame ID: 148
The lost frame ID: 149
The lost frame ID: 150

Saving camera trajectory to TrajectoryBeforeReset_oxf_spp_r12_seg08_pid1902675_1757358020685.txt ...

trajectory saved!
[Tracking] wrote pre-reset trajectory to TrajectoryBeforeReset_oxf_spp_r12_seg08_pid1902675_1757358020685.txt
[Tracking] LOST for 10 consecutive frames -> reset
System Reseting
Reseting Local Mapper... done
Reseting Loop Closing... done
Reseting Database... done
0
New map created with 321 points for 0 Feature Type 
Tracking Initlized in 0.79s
The initlized frame ID: 1
System::StopViewer()
System::StopViewer() done

Saving correlation status...

Correlation status saved!

System Shutdown
-------

median tracking time: 0.213005
mean tracking time: 0.215097

Saving camera trajectory to result12.txt ...

trajectory saved!
All done

========== Performance Summary (ms) ==========
name                                mean      median        rmse         min         max       count
Lost Count                         1.000       1.000       0.000       1.000       1.000           8
Tracking                           7.681       6.966       4.484       0.909     145.757        7340
Reset Count                        1.000       1.000       0.000       1.000       1.000          10
Correlation                        0.000       0.000       0.001       0.000       0.021        7258
Total Init                     35524.662   35524.662       0.000   35524.662   35524.662           1
Pipeline                         214.624     212.973      23.121      92.109     362.073        7513
SuperPoint Extract               203.628     201.805      22.250      90.684     354.474        7513
