Registering ORBextractor...
Registering AKAZEextractor...
Registering BRISKextractor...
Registering SIFTextractor...
Registering KAZEextractor...
Registering SuperPointExtractor...

ORB-SLAM2 Copyright (C) 2014-2016 Raul Mur-Artal, University of Zaragoza.
This program comes with ABSOLUTELY NO WARRANTY;
This is free software, and you are welcome to redistribute it
under certain conditions. See LICENSE.txt.

Input sensor was set to: Monocular

Loading Vocabulary : /home/howard/PM-SLAM/Install/var/lib/orbslam2/voc/akaze_cv.fbow
This could take a while...
Loading AKAZE Vocabulary in FBoW.
AKAZE Vocabulary loaded in 0.002148s


Loading Vocabulary : /home/howard/PM-SLAM/Install/var/lib/orbslam2/voc/superpoint.fbow
This could take a while...
Loading SuperPoint Vocabulary in FBoW.
SuperPoint Vocabulary loaded in 0.008403s


Camera Parameters: 
- fx: 718.856
- fy: 718.856
- cx: 607.193
- cy: 185.216
- k1: 0
- k2: 0
- p1: 0
- p2: 0
- fps: 10
- color order: RGB (ignored if grayscale)

[Feature 0] AKAZE Extractor Parameters: 
 ( TH_LOW: 100, TH_HIGH: 200 )
- Number of Features: 2000
- Scale Levels: 4
- Scale Factor: 1.2
- Threshold: 0.0001
- Num of Octaves: 4
- Num of Octave Layers: 4

[Feature 1] SuperPoint Extractor Parameters: 
 ( TH_LOW: 0.7, TH_HIGH: 0.9 )
- Number of Features: 2000
- Scale Levels: 4
- Scale Factor: 1.2
- Use CUDA: 1
- Use NMS: 1
- iniTh: 0.08
- minTh: 0.04

-------
Start processing sequence ...
Images in the sequence: 1101

0
New map created with 755 points for 0 Feature Type 
New map created with 35 points for 1 Feature Type 
Tracking Initlized in 1.05s
The initlized frame ID: 1
System::StopViewer()
System::StopViewer() done
Viewer thread finished.
Viewer started, waiting for thread.
System::StopViewer()
System::StopViewer() done
Tracking thread joined...

Saving correlation status...

========== Global Summary ==========
Frames: 1097
avg_CorrEdges: 0.751139
avg_match_A: 80.4758
avg_match_B: 216.368
global_RI_MNR: 0.00933373
global_RI_GNR: 0.00569234
global_RI_DICE: 0.00506083

========== Per-Channel Summary ==========
   chA   chB     avgCorr        avgA        avgB   avgRI_MNR   avgRI_GNR  avgRI_DICE
     0     1    0.751139     80.4758     216.368  0.00798129  0.00463715  0.00403219

Correlation status saved!

-------

median tracking time: 0.134245
mean tracking time: 0.135816

Saving camera trajectory to result13.txt ...

trajectory saved!

========== Performance Summary (ms) ==========
name                                mean      median        rmse         min         max       count
Tracking                          11.689      12.777       5.103       2.872      21.626        1099
Total Init                       360.840     360.840       0.000     360.840     360.840           1
Pipeline                         135.808     134.236      19.422      99.349     424.776        1101
SuperPoint Extract               121.996     120.425      14.724      92.431     403.849        1101
Correlation                        0.168       0.156       0.074       0.006       0.587        1099
AKAZE Extract                     48.037      46.930       7.926      31.763     115.916        1101
