Registering ORBextractor...
Registering AKAZEextractor...
Registering BRISKextractor...
Registering SIFTextractor...
Registering KAZEextractor...
Registering SuperPointExtractor...

ORB-SLAM2 Copyright (C) 2014-2016 Raul Mur-Artal, University of Zaragoza.
This program comes with ABSOLUTELY NO WARRANTY;
This is free software, and you are welcome to redistribute it
under certain conditions. See LICENSE.txt.

Input sensor was set to: Monocular

Loading Vocabulary : /home/howard/PM-SLAM/Install/var/lib/orbslam2/voc/akaze_cv.fbow
This could take a while...
Loading AKAZE Vocabulary in FBoW.
AKAZE Vocabulary loaded in 0.002357s


Loading Vocabulary : /home/howard/PM-SLAM/Install/var/lib/orbslam2/voc/superpoint.fbow
This could take a while...
Loading SuperPoint Vocabulary in FBoW.
SuperPoint Vocabulary loaded in 0.007645s


Camera Parameters: 
- fx: 718.856
- fy: 718.856
- cx: 607.193
- cy: 185.216
- k1: 0
- k2: 0
- p1: 0
- p2: 0
- fps: 10
- color order: RGB (ignored if grayscale)

[Feature 0] AKAZE Extractor Parameters: 
 ( TH_LOW: 100, TH_HIGH: 200 )
- Number of Features: 2000
- Scale Levels: 4
- Scale Factor: 1.2
- Threshold: 0.0001
- Num of Octaves: 4
- Num of Octave Layers: 4

[Feature 1] SuperPoint Extractor Parameters: 
 ( TH_LOW: 0.7, TH_HIGH: 0.9 )
- Number of Features: 2000
- Scale Levels: 4
- Scale Factor: 1.2
- Use CUDA: 1
- Use NMS: 1
- iniTh: 0.08
- minTh: 0.04

-------
Start processing sequence ...
Images in the sequence: 1101

0
New map created with 755 points for 0 Feature Type 
New map created with 35 points for 1 Feature Type 
Tracking Initlized in 1.03s
The initlized frame ID: 1
System::StopViewer()
System::StopViewer() done
Viewer thread finished.
Viewer started, waiting for thread.
System::StopViewer()
System::StopViewer() done
Tracking thread joined...

Saving correlation status...

========== Global Summary ==========
Frames: 1096
avg_CorrEdges: 0.729927
avg_match_A: 75.813
avg_match_B: 202.509
global_RI_MNR: 0.009628
global_RI_GNR: 0.00589095
global_RI_DICE: 0.0052452

========== Per-Channel Summary ==========
   chA   chB     avgCorr        avgA        avgB   avgRI_MNR   avgRI_GNR  avgRI_DICE
     0     1    0.729927      75.813     202.509   0.0070324  0.00443108  0.00399226

Correlation status saved!

-------

median tracking time: 0.131572
mean tracking time: 0.133286

Saving camera trajectory to result16.txt ...

trajectory saved!

========== Performance Summary (ms) ==========
name                                mean      median        rmse         min         max       count
Tracking                          11.555      13.436       5.913       2.096      25.960        1099
Total Init                       361.785     361.785       0.000     361.785     361.785           1
Pipeline                         133.278     131.564      19.764      97.408     421.360        1101
SuperPoint Extract               119.423     117.680      14.511      92.268     404.497        1101
Correlation                        0.158       0.145       0.077       0.023       0.668        1099
AKAZE Extract                     47.699      46.425       7.189      33.333      95.863        1101
