Registering ORBextractor...
Registering AKAZEextractor...
Registering BRISKextractor...
Registering SIFTextractor...
Registering KAZEextractor...
Registering SuperPointExtractor...

ORB-SLAM2 Copyright (C) 2014-2016 Raul Mur-Artal, University of Zaragoza.
This program comes with ABSOLUTELY NO WARRANTY;
This is free software, and you are welcome to redistribute it
under certain conditions. See LICENSE.txt.

Input sensor was set to: Monocular

Loading Vocabulary : /home/howard/PM-SLAM/Install/var/lib/orbslam2/voc/brisk_cv.fbow
This could take a while...
Loading BRISK Vocabulary in FBoW.
BRISK Vocabulary loaded in 0.001985s


Loading Vocabulary : /home/howard/PM-SLAM/Install/var/lib/orbslam2/voc/superpoint.fbow
This could take a while...
Loading SuperPoint Vocabulary in FBoW.
SuperPoint Vocabulary loaded in 0.007811s


Camera Parameters: 
- fx: 718.856
- fy: 718.856
- cx: 607.193
- cy: 185.216
- k1: 0
- k2: 0
- p1: 0
- p2: 0
- fps: 10
- color order: RGB (ignored if grayscale)

[Feature 0] BRISK Extractor Parameters: 
 ( TH_LOW: 150, TH_HIGH: 250 )
- Number of Features: 2000
- Scale Levels: 6
- Scale Factor: 1.414
- Threshold: 50
- Num of Octaves: 3
- Pattern Scale: 1

[Feature 1] SuperPoint Extractor Parameters: 
 ( TH_LOW: 0.7, TH_HIGH: 0.9 )
- Number of Features: 2000
- Scale Levels: 4
- Scale Factor: 1.2
- Use CUDA: 1
- Use NMS: 1
- iniTh: 0.08
- minTh: 0.04

-------
Start processing sequence ...
Images in the sequence: 1101

0
New map created with 123 points for 0 Feature Type 
New map created with 13 points for 1 Feature Type 
Tracking Initlized in 2.74s
The initlized frame ID: 4
System::StopViewer()
System::StopViewer() done
Viewer thread finished.
Viewer started, waiting for thread.
System::StopViewer()
System::StopViewer() done
Tracking thread joined...

Saving correlation status...

========== Global Summary ==========
Frames: 1096
avg_CorrEdges: 6.58029
avg_match_A: 34.6378
avg_match_B: 177.693
global_RI_MNR: 0.189974
global_RI_GNR: 0.0838756
global_RI_DICE: 0.0619817

========== Per-Channel Summary ==========
   chA   chB     avgCorr        avgA        avgB   avgRI_MNR   avgRI_GNR  avgRI_DICE
     0     1     6.58029     34.6378     177.693    0.236143    0.090142    0.061257

Correlation status saved!

-------

median tracking time: 0.116832
mean tracking time: 0.118854

Saving camera trajectory to result19.txt ...

trajectory saved!

========== Performance Summary (ms) ==========
name                                mean      median        rmse         min         max       count
Tracking                           8.479       7.945       3.246       2.569      21.929        1096
Correlation                        0.119       0.105       0.053       0.049       0.470        1096
Total Init                       677.500     677.500       0.000     677.500     677.500           1
Pipeline                         118.850     116.829      16.062      90.670     449.888        1101
SuperPoint Extract               108.659     107.547      14.087      84.325     432.427        1101
BRISK Extract                     12.498      10.517       6.592       4.278      58.777        1101
