Registering ORBextractor...
Registering AKAZEextractor...
Registering BRISKextractor...
Registering SIFTextractor...
Registering KAZEextractor...
Registering SuperPointExtractor...

ORB-SLAM2 Copyright (C) 2014-2016 Raul Mur-Artal, University of Zaragoza.
This program comes with ABSOLUTELY NO WARRANTY;
This is free software, and you are welcome to redistribute it
under certain conditions. See LICENSE.txt.

Input sensor was set to: Monocular

Loading Vocabulary : /home/howard/Refactored_ORB_SLAM2/Install/var/lib/orbslam2/voc/brisk_cv.fbow
This could take a while...
Loading BRISK Vocabulary in FBoW.
BRISK Vocabulary loaded in 0.004786s


Camera Parameters: 
- fx: 983.044
- fy: 983.044
- cx: 643.647
- cy: 493.379
- k1: 0
- k2: 0
- p1: 0
- p2: 0
- fps: 16
- color order: RGB (ignored if grayscale)

[Feature 0] BRISK Extractor Parameters: 
 ( TH_LOW: 150, TH_HIGH: 250 )
- Number of Features: 2000
- Scale Levels: 6
- Scale Factor: 1.414
- Threshold: 50
- Num of Octaves: 3
- Pattern Scale: 1

-------
Start processing sequence ...
Images in the sequence: 7513

0
New map created with 305 points for 0 Feature Type 
Tracking Initlized in 19.30s
The initlized frame ID: 143
The lost frame ID: 831
The lost frame ID: 832
The lost frame ID: 833
The lost frame ID: 834
The lost frame ID: 835
The lost frame ID: 836
The lost frame ID: 837
The lost frame ID: 838
The lost frame ID: 1741
The lost frame ID: 2808
The lost frame ID: 2809
The lost frame ID: 2812
The lost frame ID: 2824
The lost frame ID: 2825
The lost frame ID: 2827
The lost frame ID: 2851
The lost frame ID: 2856
The lost frame ID: 2861
The lost frame ID: 2862
The lost frame ID: 2863
The lost frame ID: 2878
The lost frame ID: 2879
The lost frame ID: 2880
The lost frame ID: 2881
The lost frame ID: 2894
The lost frame ID: 2895
The lost frame ID: 2896
The lost frame ID: 2898
The lost frame ID: 2954
The lost frame ID: 2961
The lost frame ID: 3003
The lost frame ID: 3010
The lost frame ID: 3097
The lost frame ID: 3543
The lost frame ID: 3545
The lost frame ID: 3546
The lost frame ID: 3547
The lost frame ID: 3550
The lost frame ID: 3553
The lost frame ID: 3554
The lost frame ID: 3555
The lost frame ID: 3556
The lost frame ID: 3557
The lost frame ID: 3558
The lost frame ID: 3559
The lost frame ID: 3560
The lost frame ID: 3561

Saving camera trajectory to TrajectoryBeforeReset_oxf_bsk_r02_seg01_pid536242_1757434011649.txt ...

trajectory saved!
[Tracking] wrote pre-reset trajectory to TrajectoryBeforeReset_oxf_bsk_r02_seg01_pid536242_1757434011649.txt
[Tracking] LOST for 10 consecutive frames -> reset
System Reseting
Reseting Local Mapper... done
Reseting Loop Closing... done
Reseting Database... done
0
New map created with 80 points for 0 Feature Type 
Wrong initialization, reseting...
System Reseting
Reseting Local Mapper... done
Reseting Loop Closing... done
Reseting Database... done
0
New map created with 98 points for 0 Feature Type 
Wrong initialization, reseting...
System Reseting
Reseting Local Mapper... done
Reseting Loop Closing... done
Reseting Database... done
0
New map created with 82 points for 0 Feature Type 
Wrong initialization, reseting...
System Reseting
Reseting Local Mapper... done
Reseting Loop Closing... done
Reseting Database... done
0
New map created with 74 points for 0 Feature Type 
Wrong initialization, reseting...
System Reseting
Reseting Local Mapper... done
Reseting Loop Closing... done
Reseting Database... done
0
New map created with 83 points for 0 Feature Type 
Wrong initialization, reseting...
System Reseting
Reseting Local Mapper... done
Reseting Loop Closing... done
Reseting Database... done
0
New map created with 76 points for 0 Feature Type 
Wrong initialization, reseting...
System Reseting
Reseting Local Mapper... done
Reseting Loop Closing... done
Reseting Database... done
0
New map created with 93 points for 0 Feature Type 
Wrong initialization, reseting...
System Reseting
Reseting Local Mapper... done
Reseting Loop Closing... done
Reseting Database... done
0
New map created with 94 points for 0 Feature Type 
Wrong initialization, reseting...
System Reseting
Reseting Local Mapper... done
Reseting Loop Closing... done
Reseting Database... done
0
New map created with 98 points for 0 Feature Type 
Wrong initialization, reseting...
System Reseting
Reseting Local Mapper... done
Reseting Loop Closing... done
Reseting Database... done
0
New map created with 166 points for 0 Feature Type 
Tracking Initlized in 0.50s
The initlized frame ID: 6
The lost frame ID: 396
The lost frame ID: 397
The lost frame ID: 398
The lost frame ID: 399
The lost frame ID: 400
The lost frame ID: 401
The lost frame ID: 402
The lost frame ID: 403
The lost frame ID: 404

Saving camera trajectory to TrajectoryBeforeReset_oxf_bsk_r02_seg02_pid536242_1757434055520.txt ...

trajectory saved!
[Tracking] wrote pre-reset trajectory to TrajectoryBeforeReset_oxf_bsk_r02_seg02_pid536242_1757434055520.txt
[Tracking] LOST for 10 consecutive frames -> reset
System Reseting
Reseting Local Mapper... done
Reseting Loop Closing... done
Reseting Database... done
0
New map created with 125 points for 0 Feature Type 
Tracking Initlized in 1.74s
The initlized frame ID: 26
The lost frame ID: 216
The lost frame ID: 912
The lost frame ID: 913
The lost frame ID: 914
The lost frame ID: 915
The lost frame ID: 916
The lost frame ID: 917
The lost frame ID: 918
The lost frame ID: 919
The lost frame ID: 920

Saving camera trajectory to TrajectoryBeforeReset_oxf_bsk_r02_seg03_pid536242_1757434131196.txt ...

trajectory saved!
[Tracking] wrote pre-reset trajectory to TrajectoryBeforeReset_oxf_bsk_r02_seg03_pid536242_1757434131196.txt
[Tracking] LOST for 10 consecutive frames -> reset
System Reseting
Reseting Local Mapper... done
Reseting Loop Closing... done
Reseting Database... done
0
New map created with 141 points for 0 Feature Type 
Tracking Initlized in 0.49s
The initlized frame ID: 8
Track lost soon after initialisation, reseting...
System Reseting
Reseting Local Mapper... done
Reseting Loop Closing... done
Reseting Database... done
0
New map created with 129 points for 0 Feature Type 
Tracking Initlized in 0.16s
The initlized frame ID: 2
The lost frame ID: 2239
The lost frame ID: 2241
The lost frame ID: 2242
The lost frame ID: 2243
The lost frame ID: 2244
The lost frame ID: 2245
The lost frame ID: 2246
The lost frame ID: 2247
The lost frame ID: 2248
The lost frame ID: 2249

Saving camera trajectory to TrajectoryBeforeReset_oxf_bsk_r02_seg04_pid536242_1757434296816.txt ...

trajectory saved!
[Tracking] wrote pre-reset trajectory to TrajectoryBeforeReset_oxf_bsk_r02_seg04_pid536242_1757434296816.txt
[Tracking] LOST for 10 consecutive frames -> reset
System Reseting
Reseting Local Mapper... done
Reseting Loop Closing... done
Reseting Database... done
0
New map created with 188 points for 0 Feature Type 
Tracking Initlized in 1.63s
The initlized frame ID: 13
Track lost soon after initialisation, reseting...
System Reseting
Reseting Local Mapper... done
Reseting Loop Closing... done
Reseting Database... done
0
New map created with 186 points for 0 Feature Type 
Tracking Initlized in 0.38s
The initlized frame ID: 2
The lost frame ID: 138
The lost frame ID: 139
The lost frame ID: 140
The lost frame ID: 141
The lost frame ID: 142
The lost frame ID: 143
The lost frame ID: 144
The lost frame ID: 145
The lost frame ID: 146

Saving camera trajectory to TrajectoryBeforeReset_oxf_bsk_r02_seg05_pid536242_1757434316023.txt ...

trajectory saved!
[Tracking] wrote pre-reset trajectory to TrajectoryBeforeReset_oxf_bsk_r02_seg05_pid536242_1757434316023.txt
[Tracking] LOST for 10 consecutive frames -> reset
System Reseting
Reseting Local Mapper... done
Reseting Loop Closing... done
Reseting Database... done
0
New map created with 172 points for 0 Feature Type 
Tracking Initlized in 0.40s
The initlized frame ID: 2
System::StopViewer()
System::StopViewer() done

Saving correlation status...

Correlation status saved!

System Shutdown
-------

median tracking time: 0.0579184
mean tracking time: 0.0670167

Saving camera trajectory to result02.txt ...

trajectory saved!
All done

========== Performance Summary (ms) ==========
name                                mean      median        rmse         min         max       count
Lost Count                         1.000       1.000       0.000       1.000       1.000           5
Tracking                           7.714       6.790       8.491       0.914     574.962        7218
Reset Count                        1.000       1.000       0.000       1.000       1.000          16
Correlation                        0.001       0.001       0.001       0.000       0.064        7126
Total Init                     18781.306   18781.306       0.000   18781.306   18781.306           1
Pipeline                          66.635      57.885      31.836       5.208     619.807        7513
BRISK Extract                     53.400      44.065      29.190       2.750     167.589        7513
