Registering ORBextractor...
Registering AKAZEextractor...
Registering BRISKextractor...
Registering SIFTextractor...
Registering KAZEextractor...
Registering SuperPointExtractor...

ORB-SLAM2 Copyright (C) 2014-2016 Raul Mur-Artal, University of Zaragoza.
This program comes with ABSOLUTELY NO WARRANTY;
This is free software, and you are welcome to redistribute it
under certain conditions. See LICENSE.txt.

Input sensor was set to: Monocular

Loading Vocabulary : /home/howard/Refactored_ORB_SLAM2/Install/var/lib/orbslam2/voc/brisk_cv.fbow
This could take a while...
Loading BRISK Vocabulary in FBoW.
BRISK Vocabulary loaded in 0.002049s


Camera Parameters: 
- fx: 983.044
- fy: 983.044
- cx: 643.647
- cy: 493.379
- k1: 0
- k2: 0
- p1: 0
- p2: 0
- fps: 16
- color order: RGB (ignored if grayscale)

[Feature 0] BRISK Extractor Parameters: 
 ( TH_LOW: 100, TH_HIGH: 200 )
- Number of Features: 1000
- Scale Levels: 6
- Scale Factor: 1.414
- Threshold: 10
- Num of Octaves: 3
- Pattern Scale: 1

-------
Start processing sequence ...
Images in the sequence: 7513

0
New map created with 107 points for 0 Feature Type 
Tracking Initlized in 33.01s
The initlized frame ID: 148
Track lost soon after initialisation, reseting...
System Reseting
Reseting Local Mapper... done
Reseting Loop Closing... done
Reseting Database... done
0
New map created with 106 points for 0 Feature Type 
Tracking Initlized in 3.06s
The initlized frame ID: 14
The lost frame ID: 657
The lost frame ID: 658
The lost frame ID: 659
The lost frame ID: 660
The lost frame ID: 661
The lost frame ID: 662
The lost frame ID: 663
The lost frame ID: 664
The lost frame ID: 665

Saving camera trajectory to TrajectoryBeforeReset_oxf_bsk_r09_seg01_pid1168562_1757347774515.txt ...

trajectory saved!
[Tracking] wrote pre-reset trajectory to TrajectoryBeforeReset_oxf_bsk_r09_seg01_pid1168562_1757347774515.txt
[Tracking] LOST for 10 consecutive frames -> reset
System Reseting
Reseting Local Mapper... done
Reseting Loop Closing... done
Reseting Database... done
0
New map created with 126 points for 0 Feature Type 
Tracking Initlized in 1.07s
The initlized frame ID: 5
The lost frame ID: 628
The lost frame ID: 637
The lost frame ID: 638
The lost frame ID: 639
The lost frame ID: 640
The lost frame ID: 641
The lost frame ID: 642
The lost frame ID: 643
The lost frame ID: 644
The lost frame ID: 645

Saving camera trajectory to TrajectoryBeforeReset_oxf_bsk_r09_seg02_pid1168562_1757347884725.txt ...

trajectory saved!
[Tracking] wrote pre-reset trajectory to TrajectoryBeforeReset_oxf_bsk_r09_seg02_pid1168562_1757347884725.txt
[Tracking] LOST for 10 consecutive frames -> reset
System Reseting
Reseting Local Mapper... done
Reseting Loop Closing... done
Reseting Database... done
0
New map created with 72 points for 0 Feature Type 
Wrong initialization, reseting...
System Reseting
Reseting Local Mapper... done
Reseting Loop Closing... done
Reseting Database... done
0
New map created with 79 points for 0 Feature Type 
Wrong initialization, reseting...
System Reseting
Reseting Local Mapper... done
Reseting Loop Closing... done
Reseting Database... done
0
New map created with 115 points for 0 Feature Type 
Tracking Initlized in 3.75s
The initlized frame ID: 16
The lost frame ID: 246
The lost frame ID: 247
The lost frame ID: 248
The lost frame ID: 249
The lost frame ID: 250
The lost frame ID: 252
The lost frame ID: 253
The lost frame ID: 254
The lost frame ID: 255
The lost frame ID: 256
The lost frame ID: 257
The lost frame ID: 258
The lost frame ID: 259
The lost frame ID: 260

Saving camera trajectory to TrajectoryBeforeReset_oxf_bsk_r09_seg03_pid1168562_1757347943700.txt ...

trajectory saved!
[Tracking] wrote pre-reset trajectory to TrajectoryBeforeReset_oxf_bsk_r09_seg03_pid1168562_1757347943700.txt
[Tracking] LOST for 10 consecutive frames -> reset
System Reseting
Reseting Local Mapper... done
Reseting Loop Closing... done
Reseting Database... done
0
New map created with 167 points for 0 Feature Type 
Tracking Initlized in 8.71s
The initlized frame ID: 42
The lost frame ID: 293
The lost frame ID: 294
The lost frame ID: 295
The lost frame ID: 296
The lost frame ID: 297
The lost frame ID: 298
The lost frame ID: 299
The lost frame ID: 300
The lost frame ID: 301

Saving camera trajectory to TrajectoryBeforeReset_oxf_bsk_r09_seg04_pid1168562_1757348003562.txt ...

trajectory saved!
[Tracking] wrote pre-reset trajectory to TrajectoryBeforeReset_oxf_bsk_r09_seg04_pid1168562_1757348003562.txt
[Tracking] LOST for 10 consecutive frames -> reset
System Reseting
Reseting Local Mapper... done
Reseting Loop Closing... done
Reseting Database... done
0
New map created with 126 points for 0 Feature Type 
Tracking Initlized in 4.08s
The initlized frame ID: 19
The lost frame ID: 344
The lost frame ID: 345
The lost frame ID: 346
The lost frame ID: 347
The lost frame ID: 348
The lost frame ID: 349
The lost frame ID: 350
The lost frame ID: 351
The lost frame ID: 352

Saving camera trajectory to TrajectoryBeforeReset_oxf_bsk_r09_seg05_pid1168562_1757348077324.txt ...

trajectory saved!
[Tracking] wrote pre-reset trajectory to TrajectoryBeforeReset_oxf_bsk_r09_seg05_pid1168562_1757348077324.txt
[Tracking] LOST for 10 consecutive frames -> reset
System Reseting
Reseting Local Mapper... done
Reseting Loop Closing... done
Reseting Database... done
0
New map created with 167 points for 0 Feature Type 
Tracking Initlized in 1.36s
The initlized frame ID: 6
Track lost soon after initialisation, reseting...
System Reseting
Reseting Local Mapper... done
Reseting Loop Closing... done
Reseting Database... done
0
New map created with 87 points for 0 Feature Type 
Wrong initialization, reseting...
System Reseting
Reseting Local Mapper... done
Reseting Loop Closing... done
Reseting Database... done
0
New map created with 140 points for 0 Feature Type 
Tracking Initlized in 1.38s
The initlized frame ID: 7
The lost frame ID: 87
The lost frame ID: 88
The lost frame ID: 89
The lost frame ID: 90
The lost frame ID: 91
The lost frame ID: 92
The lost frame ID: 93
The lost frame ID: 98
The lost frame ID: 101
The lost frame ID: 102
The lost frame ID: 107
The lost frame ID: 108
The lost frame ID: 109
The lost frame ID: 110
The lost frame ID: 111
The lost frame ID: 112
The lost frame ID: 113
The lost frame ID: 114
The lost frame ID: 115

Saving camera trajectory to TrajectoryBeforeReset_oxf_bsk_r09_seg06_pid1168562_1757348108918.txt ...

trajectory saved!
[Tracking] wrote pre-reset trajectory to TrajectoryBeforeReset_oxf_bsk_r09_seg06_pid1168562_1757348108918.txt
[Tracking] LOST for 10 consecutive frames -> reset
System Reseting
Reseting Local Mapper... done
Reseting Loop Closing... done
Reseting Database... done
0
New map created with 91 points for 0 Feature Type 
Wrong initialization, reseting...
System Reseting
Reseting Local Mapper... done
Reseting Loop Closing... done
Reseting Database... done
0
New map created with 94 points for 0 Feature Type 
Wrong initialization, reseting...
System Reseting
Reseting Local Mapper... done
Reseting Loop Closing... done
Reseting Database... done
0
New map created with 97 points for 0 Feature Type 
Wrong initialization, reseting...
System Reseting
Reseting Local Mapper... done
Reseting Loop Closing... done
Reseting Database... done
0
New map created with 94 points for 0 Feature Type 
Wrong initialization, reseting...
System Reseting
Reseting Local Mapper... done
Reseting Loop Closing... done
Reseting Database... done
0
New map created with 98 points for 0 Feature Type 
Wrong initialization, reseting...
System Reseting
Reseting Local Mapper... done
Reseting Loop Closing... done
Reseting Database... done
0
New map created with 91 points for 0 Feature Type 
Wrong initialization, reseting...
System Reseting
Reseting Local Mapper... done
Reseting Loop Closing... done
Reseting Database... done
0
New map created with 81 points for 0 Feature Type 
Wrong initialization, reseting...
System Reseting
Reseting Local Mapper... done
Reseting Loop Closing... done
Reseting Database... done
0
New map created with 137 points for 0 Feature Type 
Tracking Initlized in 3.90s
The initlized frame ID: 15
The lost frame ID: 87
The lost frame ID: 88
The lost frame ID: 89
The lost frame ID: 90
The lost frame ID: 91
The lost frame ID: 92
The lost frame ID: 93
The lost frame ID: 94
The lost frame ID: 95

Saving camera trajectory to TrajectoryBeforeReset_oxf_bsk_r09_seg07_pid1168562_1757348148102.txt ...

trajectory saved!
[Tracking] wrote pre-reset trajectory to TrajectoryBeforeReset_oxf_bsk_r09_seg07_pid1168562_1757348148102.txt
[Tracking] LOST for 10 consecutive frames -> reset
System Reseting
Reseting Local Mapper... done
Reseting Loop Closing... done
Reseting Database... done
0
New map created with 87 points for 0 Feature Type 
Wrong initialization, reseting...
System Reseting
Reseting Local Mapper... done
Reseting Loop Closing... done
Reseting Database... done
0
New map created with 85 points for 0 Feature Type 
Wrong initialization, reseting...
System Reseting
Reseting Local Mapper... done
Reseting Loop Closing... done
Reseting Database... done
0
New map created with 131 points for 0 Feature Type 
Tracking Initlized in 0.87s
The initlized frame ID: 4
The lost frame ID: 438
The lost frame ID: 439
The lost frame ID: 440
The lost frame ID: 441
The lost frame ID: 442
The lost frame ID: 443
The lost frame ID: 444
The lost frame ID: 445
The lost frame ID: 446

Saving camera trajectory to TrajectoryBeforeReset_oxf_bsk_r09_seg08_pid1168562_1757348476341.txt ...

trajectory saved!
[Tracking] wrote pre-reset trajectory to TrajectoryBeforeReset_oxf_bsk_r09_seg08_pid1168562_1757348476341.txt
[Tracking] LOST for 10 consecutive frames -> reset
System Reseting
Reseting Local Mapper... done
Reseting Loop Closing... done
Reseting Database... done
0
New map created with 248 points for 0 Feature Type 
Tracking Initlized in 3.39s
The initlized frame ID: 26
The lost frame ID: 916
The lost frame ID: 917
The lost frame ID: 918
The lost frame ID: 919
The lost frame ID: 920
The lost frame ID: 921
The lost frame ID: 922
The lost frame ID: 923
The lost frame ID: 924

Saving camera trajectory to TrajectoryBeforeReset_oxf_bsk_r09_seg09_pid1168562_1757348643612.txt ...

trajectory saved!
[Tracking] wrote pre-reset trajectory to TrajectoryBeforeReset_oxf_bsk_r09_seg09_pid1168562_1757348643612.txt
[Tracking] LOST for 10 consecutive frames -> reset
System Reseting
Reseting Local Mapper... done
Reseting Loop Closing... done
Reseting Database... done
0
New map created with 175 points for 0 Feature Type 
Tracking Initlized in 0.46s
The initlized frame ID: 3
Track lost soon after initialisation, reseting...
System Reseting
Reseting Local Mapper... done
Reseting Loop Closing... done
Reseting Database... done
0
New map created with 214 points for 0 Feature Type 
Tracking Initlized in 0.31s
The initlized frame ID: 2
The lost frame ID: 2229
The lost frame ID: 2230
The lost frame ID: 2231
The lost frame ID: 2232
The lost frame ID: 2233
The lost frame ID: 2234
The lost frame ID: 2235
The lost frame ID: 2236
The lost frame ID: 2237

Saving camera trajectory to TrajectoryBeforeReset_oxf_bsk_r09_seg10_pid1168562_1757349020224.txt ...

trajectory saved!
[Tracking] wrote pre-reset trajectory to TrajectoryBeforeReset_oxf_bsk_r09_seg10_pid1168562_1757349020224.txt
[Tracking] LOST for 10 consecutive frames -> reset
System Reseting
Reseting Local Mapper... done
Reseting Loop Closing... done
Reseting Database... done
0
New map created with 102 points for 0 Feature Type 
Tracking Initlized in 29.79s
The initlized frame ID: 110
The lost frame ID: 145
The lost frame ID: 146
The lost frame ID: 147
The lost frame ID: 148
The lost frame ID: 149
The lost frame ID: 150
The lost frame ID: 151
The lost frame ID: 152
The lost frame ID: 153

Saving camera trajectory to TrajectoryBeforeReset_oxf_bsk_r09_seg11_pid1168562_1757349060057.txt ...

trajectory saved!
[Tracking] wrote pre-reset trajectory to TrajectoryBeforeReset_oxf_bsk_r09_seg11_pid1168562_1757349060057.txt
[Tracking] LOST for 10 consecutive frames -> reset
System Reseting
Reseting Local Mapper... done
Reseting Loop Closing... done
Reseting Database... done
0
New map created with 124 points for 0 Feature Type 
Tracking Initlized in 34.79s
The initlized frame ID: 118
System::StopViewer()
System::StopViewer() done

Saving correlation status...

Correlation status saved!

System Shutdown
-------

median tracking time: 0.161022
mean tracking time: 0.167896

Saving camera trajectory to result09.txt ...

trajectory saved!
All done

========== Performance Summary (ms) ==========
name                                mean      median        rmse         min         max       count
Lost Count                         1.000       1.000       0.000       1.000       1.000          11
Tracking                           3.262       2.961       1.745       0.681      22.703        6005
Reset Count                        1.000       1.000       0.000       1.000       1.000          26
Correlation                        0.000       0.000       0.001       0.000       0.082        5876
Total Init                     29428.590   29428.590       0.000   29428.590   29428.590           1
Pipeline                         167.770     160.948      55.671       3.697     365.789        7513
BRISK Extract                    161.473     154.857      55.284       2.498     360.149        7513
