Registering ORBextractor...
Registering AKAZEextractor...
Registering BRISKextractor...
Registering SIFTextractor...
Registering KAZEextractor...
Registering SuperPointExtractor...

ORB-SLAM2 Copyright (C) 2014-2016 Raul Mur-Artal, University of Zaragoza.
This program comes with ABSOLUTELY NO WARRANTY;
This is free software, and you are welcome to redistribute it
under certain conditions. See LICENSE.txt.

Input sensor was set to: Monocular

Loading Vocabulary : /home/howard/Refactored_ORB_SLAM2/Install/var/lib/orbslam2/voc/brisk_cv.fbow
This could take a while...
Loading BRISK Vocabulary in FBoW.
BRISK Vocabulary loaded in 0.004846s


Camera Parameters: 
- fx: 983.044
- fy: 983.044
- cx: 643.647
- cy: 493.379
- k1: 0
- k2: 0
- p1: 0
- p2: 0
- fps: 16
- color order: RGB (ignored if grayscale)

[Feature 0] BRISK Extractor Parameters: 
 ( TH_LOW: 150, TH_HIGH: 250 )
- Number of Features: 2000
- Scale Levels: 6
- Scale Factor: 1.414
- Threshold: 50
- Num of Octaves: 3
- Pattern Scale: 1

-------
Start processing sequence ...
Images in the sequence: 7513

0
New map created with 305 points for 0 Feature Type 
Tracking Initlized in 19.34s
The initlized frame ID: 143
The lost frame ID: 831
The lost frame ID: 832
The lost frame ID: 833
The lost frame ID: 834
The lost frame ID: 835
The lost frame ID: 836
The lost frame ID: 837
The lost frame ID: 838
The lost frame ID: 1463
The lost frame ID: 1464
The lost frame ID: 1465
The lost frame ID: 1466
The lost frame ID: 1467
The lost frame ID: 1468
The lost frame ID: 1469
The lost frame ID: 1470
The lost frame ID: 1471

Saving camera trajectory to TrajectoryBeforeReset_oxf_bsk_r11_seg01_pid957450_1757439709852.txt ...

trajectory saved!
[Tracking] wrote pre-reset trajectory to TrajectoryBeforeReset_oxf_bsk_r11_seg01_pid957450_1757439709852.txt
[Tracking] LOST for 10 consecutive frames -> reset
System Reseting
Reseting Local Mapper... done
Reseting Loop Closing... done
Reseting Database... done
0
New map created with 130 points for 0 Feature Type 
Tracking Initlized in 0.95s
The initlized frame ID: 7
Track lost soon after initialisation, reseting...
System Reseting
Reseting Local Mapper... done
Reseting Loop Closing... done
Reseting Database... done
0
New map created with 127 points for 0 Feature Type 
Tracking Initlized in 0.35s
The initlized frame ID: 3
The lost frame ID: 257
The lost frame ID: 1142
The lost frame ID: 1188
The lost frame ID: 1190
The lost frame ID: 1200
The lost frame ID: 1204
The lost frame ID: 1205
The lost frame ID: 1209
The lost frame ID: 1215
The lost frame ID: 1218
The lost frame ID: 1219
The lost frame ID: 1220
The lost frame ID: 1221
The lost frame ID: 1222
The lost frame ID: 1223
The lost frame ID: 1224
The lost frame ID: 1225
The lost frame ID: 1226

Saving camera trajectory to TrajectoryBeforeReset_oxf_bsk_r11_seg02_pid957450_1757439817093.txt ...

trajectory saved!
[Tracking] wrote pre-reset trajectory to TrajectoryBeforeReset_oxf_bsk_r11_seg02_pid957450_1757439817093.txt
[Tracking] LOST for 10 consecutive frames -> reset
System Reseting
Reseting Local Mapper... done
Reseting Loop Closing... done
Reseting Database... done
0
New map created with 103 points for 0 Feature Type 
Tracking Initlized in 0.70s
The initlized frame ID: 6
The lost frame ID: 50
The lost frame ID: 61
The lost frame ID: 78
The lost frame ID: 82
The lost frame ID: 84
The lost frame ID: 86
The lost frame ID: 88
The lost frame ID: 90
The lost frame ID: 93
The lost frame ID: 94
The lost frame ID: 95
The lost frame ID: 97
The lost frame ID: 99
The lost frame ID: 101
The lost frame ID: 103
The lost frame ID: 105
The lost frame ID: 106
The lost frame ID: 107
The lost frame ID: 109
The lost frame ID: 112
The lost frame ID: 114
The lost frame ID: 116
The lost frame ID: 121
The lost frame ID: 127
The lost frame ID: 128
The lost frame ID: 135
The lost frame ID: 138
The lost frame ID: 139
The lost frame ID: 144
The lost frame ID: 145
The lost frame ID: 147
The lost frame ID: 148
The lost frame ID: 149
The lost frame ID: 150
The lost frame ID: 152
The lost frame ID: 154
The lost frame ID: 155
The lost frame ID: 156
The lost frame ID: 157
The lost frame ID: 158
The lost frame ID: 159
The lost frame ID: 163
The lost frame ID: 168
The lost frame ID: 169
The lost frame ID: 172
The lost frame ID: 175
The lost frame ID: 177
The lost frame ID: 178
The lost frame ID: 180
The lost frame ID: 181
The lost frame ID: 182
The lost frame ID: 185
The lost frame ID: 186
The lost frame ID: 187
The lost frame ID: 198
The lost frame ID: 199
The lost frame ID: 200
The lost frame ID: 202
The lost frame ID: 203
The lost frame ID: 204
The lost frame ID: 205
The lost frame ID: 220
The lost frame ID: 222
The lost frame ID: 223
The lost frame ID: 225
The lost frame ID: 226
The lost frame ID: 227
The lost frame ID: 228
The lost frame ID: 229
The lost frame ID: 231
The lost frame ID: 233
The lost frame ID: 234
The lost frame ID: 239
The lost frame ID: 251
The lost frame ID: 253
The lost frame ID: 259
The lost frame ID: 271
The lost frame ID: 277
The lost frame ID: 279
The lost frame ID: 281
The lost frame ID: 283
The lost frame ID: 287
The lost frame ID: 289
The lost frame ID: 290
The lost frame ID: 292
The lost frame ID: 293
The lost frame ID: 294
The lost frame ID: 295
The lost frame ID: 297
The lost frame ID: 298
The lost frame ID: 299
The lost frame ID: 300
The lost frame ID: 301
The lost frame ID: 302
The lost frame ID: 304
The lost frame ID: 307
The lost frame ID: 308
The lost frame ID: 310
The lost frame ID: 312
The lost frame ID: 314
The lost frame ID: 316
The lost frame ID: 317
The lost frame ID: 319
The lost frame ID: 324
The lost frame ID: 832
The lost frame ID: 833
The lost frame ID: 834
The lost frame ID: 835
The lost frame ID: 837
The lost frame ID: 838
The lost frame ID: 839
The lost frame ID: 840
The lost frame ID: 841
The lost frame ID: 842
The lost frame ID: 843
The lost frame ID: 844
The lost frame ID: 845

Saving camera trajectory to TrajectoryBeforeReset_oxf_bsk_r11_seg03_pid957450_1757439933117.txt ...

trajectory saved!
[Tracking] wrote pre-reset trajectory to TrajectoryBeforeReset_oxf_bsk_r11_seg03_pid957450_1757439933117.txt
[Tracking] LOST for 10 consecutive frames -> reset
System Reseting
Reseting Local Mapper... done
Reseting Loop Closing... done
Reseting Database... done
0
New map created with 100 points for 0 Feature Type 
Tracking Initlized in 1.13s
The initlized frame ID: 13
The lost frame ID: 486
The lost frame ID: 487
The lost frame ID: 488
The lost frame ID: 489
The lost frame ID: 490
The lost frame ID: 491
The lost frame ID: 492
The lost frame ID: 493
The lost frame ID: 494

Saving camera trajectory to TrajectoryBeforeReset_oxf_bsk_r11_seg04_pid957450_1757439978088.txt ...

trajectory saved!
[Tracking] wrote pre-reset trajectory to TrajectoryBeforeReset_oxf_bsk_r11_seg04_pid957450_1757439978088.txt
[Tracking] LOST for 10 consecutive frames -> reset
System Reseting
Reseting Local Mapper... done
Reseting Loop Closing... done
Reseting Database... done
0
New map created with 137 points for 0 Feature Type 
Tracking Initlized in 1.52s
The initlized frame ID: 26
The lost frame ID: 913
The lost frame ID: 914
The lost frame ID: 915
The lost frame ID: 916
The lost frame ID: 917
The lost frame ID: 918
The lost frame ID: 919
The lost frame ID: 920
The lost frame ID: 921

Saving camera trajectory to TrajectoryBeforeReset_oxf_bsk_r11_seg05_pid957450_1757440051305.txt ...

trajectory saved!
[Tracking] wrote pre-reset trajectory to TrajectoryBeforeReset_oxf_bsk_r11_seg05_pid957450_1757440051305.txt
[Tracking] LOST for 10 consecutive frames -> reset
System Reseting
Reseting Local Mapper... done
Reseting Loop Closing... done
Reseting Database... done
0
New map created with 121 points for 0 Feature Type 
Tracking Initlized in 0.50s
The initlized frame ID: 7
The lost frame ID: 2248
The lost frame ID: 2249
The lost frame ID: 2250
The lost frame ID: 2251
The lost frame ID: 2252
The lost frame ID: 2253
The lost frame ID: 2254
The lost frame ID: 2255
The lost frame ID: 2256

Saving camera trajectory to TrajectoryBeforeReset_oxf_bsk_r11_seg06_pid957450_1757440222778.txt ...

trajectory saved!
[Tracking] wrote pre-reset trajectory to TrajectoryBeforeReset_oxf_bsk_r11_seg06_pid957450_1757440222778.txt
[Tracking] LOST for 10 consecutive frames -> reset
System Reseting
Reseting Local Mapper... done
Reseting Loop Closing... done
Reseting Database... done
0
New map created with 69 points for 0 Feature Type 
Wrong initialization, reseting...
System Reseting
Reseting Local Mapper... done
Reseting Loop Closing... done
Reseting Database... done
0
New map created with 139 points for 0 Feature Type 
Tracking Initlized in 0.37s
The initlized frame ID: 2
Track lost soon after initialisation, reseting...
System Reseting
Reseting Local Mapper... done
Reseting Loop Closing... done
Reseting Database... done
0
New map created with 229 points for 0 Feature Type 
Tracking Initlized in 0.40s
The initlized frame ID: 2
The lost frame ID: 140
The lost frame ID: 141
The lost frame ID: 142
The lost frame ID: 143
The lost frame ID: 144
The lost frame ID: 145
The lost frame ID: 146
The lost frame ID: 148
The lost frame ID: 149
The lost frame ID: 150
The lost frame ID: 151
The lost frame ID: 152
The lost frame ID: 153
The lost frame ID: 154
The lost frame ID: 155
The lost frame ID: 156

Saving camera trajectory to TrajectoryBeforeReset_oxf_bsk_r11_seg07_pid957450_1757440243198.txt ...

trajectory saved!
[Tracking] wrote pre-reset trajectory to TrajectoryBeforeReset_oxf_bsk_r11_seg07_pid957450_1757440243198.txt
[Tracking] LOST for 10 consecutive frames -> reset
System Reseting
Reseting Local Mapper... done
Reseting Loop Closing... done
Reseting Database... done
0
New map created with 136 points for 0 Feature Type 
Tracking Initlized in 0.60s
The initlized frame ID: 3
System::StopViewer()
System::StopViewer() done

Saving correlation status...

Correlation status saved!

System Shutdown
-------

median tracking time: 0.059338
mean tracking time: 0.0684838

Saving camera trajectory to result11.txt ...

trajectory saved!
All done

========== Performance Summary (ms) ==========
name                                mean      median        rmse         min         max       count
Lost Count                         1.000       1.000       0.000       1.000       1.000           7
Tracking                           8.088       7.037       6.354       1.457     188.680        7280
Reset Count                        1.000       1.000       0.000       1.000       1.000          10
Correlation                        0.001       0.001       0.001       0.000       0.048        7076
Total Init                     18604.903   18604.903       0.000   18604.903   18604.903           1
Pipeline                          68.057      59.283      31.434       5.128     237.896        7513
BRISK Extract                     54.345      45.337      29.338       3.544     175.553        7513
