Registering ORBextractor...
Registering AKAZEextractor...
Registering BRISKextractor...
Registering SIFTextractor...
Registering KAZEextractor...
Registering SuperPointExtractor...

ORB-SLAM2 Copyright (C) 2014-2016 Raul Mur-Artal, University of Zaragoza.
This program comes with ABSOLUTELY NO WARRANTY;
This is free software, and you are welcome to redistribute it
under certain conditions. See LICENSE.txt.

Input sensor was set to: Monocular

Loading Vocabulary : /home/howard/Refactored_ORB_SLAM2/Install/var/lib/orbslam2/voc/brisk_cv.fbow
This could take a while...
Loading BRISK Vocabulary in FBoW.
BRISK Vocabulary loaded in 0.002871s


Camera Parameters: 
- fx: 983.044
- fy: 983.044
- cx: 643.647
- cy: 493.379
- k1: 0
- k2: 0
- p1: 0
- p2: 0
- fps: 16
- color order: RGB (ignored if grayscale)

[Feature 0] BRISK Extractor Parameters: 
 ( TH_LOW: 100, TH_HIGH: 200 )
- Number of Features: 1000
- Scale Levels: 6
- Scale Factor: 1.414
- Threshold: 10
- Num of Octaves: 3
- Pattern Scale: 1

-------
Start processing sequence ...
Images in the sequence: 7513

0
New map created with 107 points for 0 Feature Type 
Tracking Initlized in 33.46s
The initlized frame ID: 148
Track lost soon after initialisation, reseting...
System Reseting
Reseting Local Mapper... done
Reseting Loop Closing... done
Reseting Database... done
0
New map created with 106 points for 0 Feature Type 
Tracking Initlized in 3.04s
The initlized frame ID: 14
The lost frame ID: 657
The lost frame ID: 658
The lost frame ID: 659
The lost frame ID: 660
The lost frame ID: 661
The lost frame ID: 662
The lost frame ID: 663
The lost frame ID: 664
The lost frame ID: 665

Saving camera trajectory to TrajectoryBeforeReset_oxf_bsk_r16_seg01_pid2034388_1757357906087.txt ...

trajectory saved!
[Tracking] wrote pre-reset trajectory to TrajectoryBeforeReset_oxf_bsk_r16_seg01_pid2034388_1757357906087.txt
[Tracking] LOST for 10 consecutive frames -> reset
System Reseting
Reseting Local Mapper... done
Reseting Loop Closing... done
Reseting Database... done
0
New map created with 126 points for 0 Feature Type 
Tracking Initlized in 1.13s
The initlized frame ID: 5
The lost frame ID: 628
The lost frame ID: 629
The lost frame ID: 630
The lost frame ID: 631
The lost frame ID: 632
The lost frame ID: 633
The lost frame ID: 634
The lost frame ID: 635
The lost frame ID: 636

Saving camera trajectory to TrajectoryBeforeReset_oxf_bsk_r16_seg02_pid2034388_1757358019537.txt ...

trajectory saved!
[Tracking] wrote pre-reset trajectory to TrajectoryBeforeReset_oxf_bsk_r16_seg02_pid2034388_1757358019537.txt
[Tracking] LOST for 10 consecutive frames -> reset
System Reseting
Reseting Local Mapper... done
Reseting Loop Closing... done
Reseting Database... done
0
New map created with 78 points for 0 Feature Type 
Wrong initialization, reseting...
System Reseting
Reseting Local Mapper... done
Reseting Loop Closing... done
Reseting Database... done
0
New map created with 112 points for 0 Feature Type 
Tracking Initlized in 3.90s
The initlized frame ID: 16
The lost frame ID: 248
The lost frame ID: 249
The lost frame ID: 250
The lost frame ID: 251
The lost frame ID: 252
The lost frame ID: 253
The lost frame ID: 254
The lost frame ID: 255
The lost frame ID: 256

Saving camera trajectory to TrajectoryBeforeReset_oxf_bsk_r16_seg03_pid2034388_1757358080803.txt ...

trajectory saved!
[Tracking] wrote pre-reset trajectory to TrajectoryBeforeReset_oxf_bsk_r16_seg03_pid2034388_1757358080803.txt
[Tracking] LOST for 10 consecutive frames -> reset
System Reseting
Reseting Local Mapper... done
Reseting Loop Closing... done
Reseting Database... done
0
New map created with 98 points for 0 Feature Type 
Wrong initialization, reseting...
System Reseting
Reseting Local Mapper... done
Reseting Loop Closing... done
Reseting Database... done
0
New map created with 103 points for 0 Feature Type 
Tracking Initlized in 8.39s
The initlized frame ID: 35
The lost frame ID: 262
The lost frame ID: 263
The lost frame ID: 264
The lost frame ID: 265
The lost frame ID: 266
The lost frame ID: 267
The lost frame ID: 268
The lost frame ID: 269
The lost frame ID: 270

Saving camera trajectory to TrajectoryBeforeReset_oxf_bsk_r16_seg04_pid2034388_1757358144367.txt ...

trajectory saved!
[Tracking] wrote pre-reset trajectory to TrajectoryBeforeReset_oxf_bsk_r16_seg04_pid2034388_1757358144367.txt
[Tracking] LOST for 10 consecutive frames -> reset
System Reseting
Reseting Local Mapper... done
Reseting Loop Closing... done
Reseting Database... done
0
New map created with 127 points for 0 Feature Type 
Tracking Initlized in 2.63s
The initlized frame ID: 12
The lost frame ID: 339
The lost frame ID: 340
The lost frame ID: 341
The lost frame ID: 342
The lost frame ID: 343
The lost frame ID: 344
The lost frame ID: 345
The lost frame ID: 346
The lost frame ID: 347

Saving camera trajectory to TrajectoryBeforeReset_oxf_bsk_r16_seg05_pid2034388_1757358220034.txt ...

trajectory saved!
[Tracking] wrote pre-reset trajectory to TrajectoryBeforeReset_oxf_bsk_r16_seg05_pid2034388_1757358220034.txt
[Tracking] LOST for 10 consecutive frames -> reset
System Reseting
Reseting Local Mapper... done
Reseting Loop Closing... done
Reseting Database... done
0
New map created with 88 points for 0 Feature Type 
Wrong initialization, reseting...
System Reseting
Reseting Local Mapper... done
Reseting Loop Closing... done
Reseting Database... done
0
New map created with 128 points for 0 Feature Type 
Tracking Initlized in 1.65s
The initlized frame ID: 7
The lost frame ID: 129
The lost frame ID: 130
The lost frame ID: 131
The lost frame ID: 132
The lost frame ID: 133
The lost frame ID: 134
The lost frame ID: 135
The lost frame ID: 137
The lost frame ID: 139
The lost frame ID: 142
The lost frame ID: 143
The lost frame ID: 144
The lost frame ID: 145
The lost frame ID: 146
The lost frame ID: 147
The lost frame ID: 148
The lost frame ID: 149
The lost frame ID: 150

Saving camera trajectory to TrajectoryBeforeReset_oxf_bsk_r16_seg06_pid2034388_1757358252039.txt ...

trajectory saved!
[Tracking] wrote pre-reset trajectory to TrajectoryBeforeReset_oxf_bsk_r16_seg06_pid2034388_1757358252039.txt
[Tracking] LOST for 10 consecutive frames -> reset
System Reseting
Reseting Local Mapper... done
Reseting Loop Closing... done
Reseting Database... done
0
New map created with 97 points for 0 Feature Type 
Wrong initialization, reseting...
System Reseting
Reseting Local Mapper... done
Reseting Loop Closing... done
Reseting Database... done
0
New map created with 92 points for 0 Feature Type 
Wrong initialization, reseting...
System Reseting
Reseting Local Mapper... done
Reseting Loop Closing... done
Reseting Database... done
0
New map created with 107 points for 0 Feature Type 
Tracking Initlized in 1.39s
The initlized frame ID: 6
The lost frame ID: 146
The lost frame ID: 147
The lost frame ID: 148
The lost frame ID: 149
The lost frame ID: 150
The lost frame ID: 151
The lost frame ID: 152
The lost frame ID: 153
The lost frame ID: 154

Saving camera trajectory to TrajectoryBeforeReset_oxf_bsk_r16_seg07_pid2034388_1757358295601.txt ...

trajectory saved!
[Tracking] wrote pre-reset trajectory to TrajectoryBeforeReset_oxf_bsk_r16_seg07_pid2034388_1757358295601.txt
[Tracking] LOST for 10 consecutive frames -> reset
System Reseting
Reseting Local Mapper... done
Reseting Loop Closing... done
Reseting Database... done
0
New map created with 85 points for 0 Feature Type 
Wrong initialization, reseting...
System Reseting
Reseting Local Mapper... done
Reseting Loop Closing... done
Reseting Database... done
0
New map created with 96 points for 0 Feature Type 
Wrong initialization, reseting...
System Reseting
Reseting Local Mapper... done
Reseting Loop Closing... done
Reseting Database... done
0
New map created with 126 points for 0 Feature Type 
Tracking Initlized in 0.81s
The initlized frame ID: 4
The lost frame ID: 440
The lost frame ID: 441
The lost frame ID: 442
The lost frame ID: 443
The lost frame ID: 444
The lost frame ID: 445
The lost frame ID: 446
The lost frame ID: 447
The lost frame ID: 448

Saving camera trajectory to TrajectoryBeforeReset_oxf_bsk_r16_seg08_pid2034388_1757358629281.txt ...

trajectory saved!
[Tracking] wrote pre-reset trajectory to TrajectoryBeforeReset_oxf_bsk_r16_seg08_pid2034388_1757358629281.txt
[Tracking] LOST for 10 consecutive frames -> reset
System Reseting
Reseting Local Mapper... done
Reseting Loop Closing... done
Reseting Database... done
0
New map created with 251 points for 0 Feature Type 
Tracking Initlized in 3.34s
The initlized frame ID: 25
The lost frame ID: 185
The lost frame ID: 186
The lost frame ID: 187
The lost frame ID: 188
The lost frame ID: 189
The lost frame ID: 190
The lost frame ID: 191
The lost frame ID: 192
The lost frame ID: 193

Saving camera trajectory to TrajectoryBeforeReset_oxf_bsk_r16_seg09_pid2034388_1757358657539.txt ...

trajectory saved!
[Tracking] wrote pre-reset trajectory to TrajectoryBeforeReset_oxf_bsk_r16_seg09_pid2034388_1757358657539.txt
[Tracking] LOST for 10 consecutive frames -> reset
System Reseting
Reseting Local Mapper... done
Reseting Loop Closing... done
Reseting Database... done
0
New map created with 116 points for 0 Feature Type 
Tracking Initlized in 0.59s
The initlized frame ID: 3
The lost frame ID: 15
The lost frame ID: 16
The lost frame ID: 17
The lost frame ID: 18
The lost frame ID: 19
The lost frame ID: 20
The lost frame ID: 21
The lost frame ID: 22
The lost frame ID: 23

Saving camera trajectory to TrajectoryBeforeReset_oxf_bsk_r16_seg10_pid2034388_1757358662748.txt ...

trajectory saved!
[Tracking] wrote pre-reset trajectory to TrajectoryBeforeReset_oxf_bsk_r16_seg10_pid2034388_1757358662748.txt
[Tracking] LOST for 10 consecutive frames -> reset
System Reseting
Reseting Local Mapper... done
Reseting Loop Closing... done
Reseting Database... done
0
New map created with 113 points for 0 Feature Type 
Tracking Initlized in 18.10s
The initlized frame ID: 74
The lost frame ID: 697
The lost frame ID: 698
The lost frame ID: 699
The lost frame ID: 700
The lost frame ID: 701
The lost frame ID: 702
The lost frame ID: 703
The lost frame ID: 704
The lost frame ID: 705

Saving camera trajectory to TrajectoryBeforeReset_oxf_bsk_r16_seg11_pid2034388_1757358789396.txt ...

trajectory saved!
[Tracking] wrote pre-reset trajectory to TrajectoryBeforeReset_oxf_bsk_r16_seg11_pid2034388_1757358789396.txt
[Tracking] LOST for 10 consecutive frames -> reset
System Reseting
Reseting Local Mapper... done
Reseting Loop Closing... done
Reseting Database... done
0
New map created with 173 points for 0 Feature Type 
Tracking Initlized in 0.48s
The initlized frame ID: 3
The lost frame ID: 2238
The lost frame ID: 2239
The lost frame ID: 2240
The lost frame ID: 2241
The lost frame ID: 2242
The lost frame ID: 2243
The lost frame ID: 2244
The lost frame ID: 2245
The lost frame ID: 2246

Saving camera trajectory to TrajectoryBeforeReset_oxf_bsk_r16_seg12_pid2034388_1757359162374.txt ...

trajectory saved!
[Tracking] wrote pre-reset trajectory to TrajectoryBeforeReset_oxf_bsk_r16_seg12_pid2034388_1757359162374.txt
[Tracking] LOST for 10 consecutive frames -> reset
System Reseting
Reseting Local Mapper... done
Reseting Loop Closing... done
Reseting Database... done
0
New map created with 85 points for 0 Feature Type 
Wrong initialization, reseting...
System Reseting
Reseting Local Mapper... done
Reseting Loop Closing... done
Reseting Database... done
0
New map created with 160 points for 0 Feature Type 
Tracking Initlized in 0.61s
The initlized frame ID: 2
The lost frame ID: 39
The lost frame ID: 40
The lost frame ID: 41
The lost frame ID: 42
The lost frame ID: 43
The lost frame ID: 44
The lost frame ID: 45
The lost frame ID: 46
The lost frame ID: 47

Saving camera trajectory to TrajectoryBeforeReset_oxf_bsk_r16_seg13_pid2034388_1757359203793.txt ...

trajectory saved!
[Tracking] wrote pre-reset trajectory to TrajectoryBeforeReset_oxf_bsk_r16_seg13_pid2034388_1757359203793.txt
[Tracking] LOST for 10 consecutive frames -> reset
System Reseting
Reseting Local Mapper... done
Reseting Loop Closing... done
Reseting Database... done
0
New map created with 123 points for 0 Feature Type 
Tracking Initlized in 33.32s
The initlized frame ID: 112
System::StopViewer()
System::StopViewer() done

Saving correlation status...

Correlation status saved!

System Shutdown
-------

median tracking time: 0.162723
mean tracking time: 0.170386

Saving camera trajectory to result16.txt ...

trajectory saved!
All done

========== Performance Summary (ms) ==========
name                                mean      median        rmse         min         max       count
Lost Count                         1.000       1.000       0.000       1.000       1.000          13
Tracking                           3.271       2.985       1.707       0.741      20.030        5977
Reset Count                        1.000       1.000       0.000       1.000       1.000          22
Correlation                        0.000       0.000       0.000       0.000       0.006        5837
Total Init                     31217.708   31217.708       0.000   31217.708   31217.708           1
Pipeline                         170.263     162.612      57.384       4.199     376.801        7513
BRISK Extract                    163.935     156.577      56.975       2.750     374.427        7513
