Registering ORBextractor...
Registering AKAZEextractor...
Registering BRISKextractor...
Registering SIFTextractor...
Registering KAZEextractor...
Registering SuperPointExtractor...

ORB-SLAM2 Copyright (C) 2014-2016 Raul Mur-Artal, University of Zaragoza.
This program comes with ABSOLUTELY NO WARRANTY;
This is free software, and you are welcome to redistribute it
under certain conditions. See LICENSE.txt.

Input sensor was set to: Monocular

Loading Vocabulary : /home/howard/Refactored_ORB_SLAM2/Install/var/lib/orbslam2/voc/brisk_cv.fbow
This could take a while...
Loading BRISK Vocabulary in FBoW.
BRISK Vocabulary loaded in 0.003242s


Camera Parameters: 
- fx: 983.044
- fy: 983.044
- cx: 643.647
- cy: 493.379
- k1: 0
- k2: 0
- p1: 0
- p2: 0
- fps: 16
- color order: RGB (ignored if grayscale)

[Feature 0] BRISK Extractor Parameters: 
 ( TH_LOW: 100, TH_HIGH: 200 )
- Number of Features: 1000
- Scale Levels: 6
- Scale Factor: 1.414
- Threshold: 10
- Num of Octaves: 3
- Pattern Scale: 1

-------
Start processing sequence ...
Images in the sequence: 7513

0
New map created with 107 points for 0 Feature Type 
Tracking Initlized in 34.88s
The initlized frame ID: 148
Track lost soon after initialisation, reseting...
System Reseting
Reseting Local Mapper... done
Reseting Loop Closing... done
Reseting Database... done
0
New map created with 106 points for 0 Feature Type 
Tracking Initlized in 3.10s
The initlized frame ID: 14
The lost frame ID: 657
The lost frame ID: 658
The lost frame ID: 659
The lost frame ID: 660
The lost frame ID: 661
The lost frame ID: 662
The lost frame ID: 663
The lost frame ID: 664
The lost frame ID: 665

Saving camera trajectory to TrajectoryBeforeReset_oxf_bsk_r15_seg01_pid1909945_1757356466299.txt ...

trajectory saved!
[Tracking] wrote pre-reset trajectory to TrajectoryBeforeReset_oxf_bsk_r15_seg01_pid1909945_1757356466299.txt
[Tracking] LOST for 10 consecutive frames -> reset
System Reseting
Reseting Local Mapper... done
Reseting Loop Closing... done
Reseting Database... done
0
New map created with 126 points for 0 Feature Type 
Tracking Initlized in 1.12s
The initlized frame ID: 5
The lost frame ID: 443
The lost frame ID: 444
The lost frame ID: 445
The lost frame ID: 446
The lost frame ID: 447
The lost frame ID: 450
The lost frame ID: 451
The lost frame ID: 452
The lost frame ID: 453
The lost frame ID: 454
The lost frame ID: 456
The lost frame ID: 457
The lost frame ID: 458
The lost frame ID: 459
The lost frame ID: 460
The lost frame ID: 461
The lost frame ID: 462
The lost frame ID: 463
The lost frame ID: 464

Saving camera trajectory to TrajectoryBeforeReset_oxf_bsk_r15_seg02_pid1909945_1757356552055.txt ...

trajectory saved!
[Tracking] wrote pre-reset trajectory to TrajectoryBeforeReset_oxf_bsk_r15_seg02_pid1909945_1757356552055.txt
[Tracking] LOST for 10 consecutive frames -> reset
System Reseting
Reseting Local Mapper... done
Reseting Loop Closing... done
Reseting Database... done
0
New map created with 233 points for 0 Feature Type 
Tracking Initlized in 1.03s
The initlized frame ID: 6
The lost frame ID: 160
The lost frame ID: 161
The lost frame ID: 162
The lost frame ID: 163
The lost frame ID: 164
The lost frame ID: 165
The lost frame ID: 166
The lost frame ID: 167
The lost frame ID: 168

Saving camera trajectory to TrajectoryBeforeReset_oxf_bsk_r15_seg03_pid1909945_1757356577880.txt ...

trajectory saved!
[Tracking] wrote pre-reset trajectory to TrajectoryBeforeReset_oxf_bsk_r15_seg03_pid1909945_1757356577880.txt
[Tracking] LOST for 10 consecutive frames -> reset
System Reseting
Reseting Local Mapper... done
Reseting Loop Closing... done
Reseting Database... done
0
New map created with 80 points for 0 Feature Type 
Wrong initialization, reseting...
System Reseting
Reseting Local Mapper... done
Reseting Loop Closing... done
Reseting Database... done
0
New map created with 112 points for 0 Feature Type 
Tracking Initlized in 3.90s
The initlized frame ID: 16
The lost frame ID: 250
The lost frame ID: 251
The lost frame ID: 252
The lost frame ID: 253
The lost frame ID: 254
The lost frame ID: 257
The lost frame ID: 258
The lost frame ID: 259
The lost frame ID: 261
The lost frame ID: 262
The lost frame ID: 264
The lost frame ID: 266
The lost frame ID: 267
The lost frame ID: 268
The lost frame ID: 269
The lost frame ID: 270
The lost frame ID: 271
The lost frame ID: 272
The lost frame ID: 273
The lost frame ID: 274

Saving camera trajectory to TrajectoryBeforeReset_oxf_bsk_r15_seg04_pid1909945_1757356643854.txt ...

trajectory saved!
[Tracking] wrote pre-reset trajectory to TrajectoryBeforeReset_oxf_bsk_r15_seg04_pid1909945_1757356643854.txt
[Tracking] LOST for 10 consecutive frames -> reset
System Reseting
Reseting Local Mapper... done
Reseting Loop Closing... done
Reseting Database... done
0
New map created with 104 points for 0 Feature Type 
Tracking Initlized in 7.35s
The initlized frame ID: 34
The lost frame ID: 632
The lost frame ID: 633
The lost frame ID: 634
The lost frame ID: 635
The lost frame ID: 636
The lost frame ID: 637
The lost frame ID: 638
The lost frame ID: 639
The lost frame ID: 640

Saving camera trajectory to TrajectoryBeforeReset_oxf_bsk_r15_seg05_pid1909945_1757356779215.txt ...

trajectory saved!
[Tracking] wrote pre-reset trajectory to TrajectoryBeforeReset_oxf_bsk_r15_seg05_pid1909945_1757356779215.txt
[Tracking] LOST for 10 consecutive frames -> reset
System Reseting
Reseting Local Mapper... done
Reseting Loop Closing... done
Reseting Database... done
0
New map created with 78 points for 0 Feature Type 
Wrong initialization, reseting...
System Reseting
Reseting Local Mapper... done
Reseting Loop Closing... done
Reseting Database... done
0
New map created with 107 points for 0 Feature Type 
Tracking Initlized in 1.57s
The initlized frame ID: 7
Track lost soon after initialisation, reseting...
System Reseting
Reseting Local Mapper... done
Reseting Loop Closing... done
Reseting Database... done
0
New map created with 143 points for 0 Feature Type 
Tracking Initlized in 1.20s
The initlized frame ID: 6
The lost frame ID: 324
The lost frame ID: 325
The lost frame ID: 326
The lost frame ID: 327
The lost frame ID: 328
The lost frame ID: 329
The lost frame ID: 330
The lost frame ID: 331
The lost frame ID: 332

Saving camera trajectory to TrajectoryBeforeReset_oxf_bsk_r15_seg06_pid1909945_1757356853288.txt ...

trajectory saved!
[Tracking] wrote pre-reset trajectory to TrajectoryBeforeReset_oxf_bsk_r15_seg06_pid1909945_1757356853288.txt
[Tracking] LOST for 10 consecutive frames -> reset
System Reseting
Reseting Local Mapper... done
Reseting Loop Closing... done
Reseting Database... done
0
New map created with 88 points for 0 Feature Type 
Wrong initialization, reseting...
System Reseting
Reseting Local Mapper... done
Reseting Loop Closing... done
Reseting Database... done
0
New map created with 95 points for 0 Feature Type 
Wrong initialization, reseting...
System Reseting
Reseting Local Mapper... done
Reseting Loop Closing... done
Reseting Database... done
0
New map created with 126 points for 0 Feature Type 
Tracking Initlized in 0.95s
The initlized frame ID: 4
The lost frame ID: 439
The lost frame ID: 440
The lost frame ID: 441
The lost frame ID: 442
The lost frame ID: 443
The lost frame ID: 444
The lost frame ID: 445
The lost frame ID: 446
The lost frame ID: 447

Saving camera trajectory to TrajectoryBeforeReset_oxf_bsk_r15_seg07_pid1909945_1757357176707.txt ...

trajectory saved!
[Tracking] wrote pre-reset trajectory to TrajectoryBeforeReset_oxf_bsk_r15_seg07_pid1909945_1757357176707.txt
[Tracking] LOST for 10 consecutive frames -> reset
System Reseting
Reseting Local Mapper... done
Reseting Loop Closing... done
Reseting Database... done
0
New map created with 248 points for 0 Feature Type 
Tracking Initlized in 3.24s
The initlized frame ID: 26
The lost frame ID: 182
The lost frame ID: 185
The lost frame ID: 186
The lost frame ID: 187
The lost frame ID: 188
The lost frame ID: 189
The lost frame ID: 190
The lost frame ID: 191
The lost frame ID: 192
The lost frame ID: 193

Saving camera trajectory to TrajectoryBeforeReset_oxf_bsk_r15_seg08_pid1909945_1757357204890.txt ...

trajectory saved!
[Tracking] wrote pre-reset trajectory to TrajectoryBeforeReset_oxf_bsk_r15_seg08_pid1909945_1757357204890.txt
[Tracking] LOST for 10 consecutive frames -> reset
System Reseting
Reseting Local Mapper... done
Reseting Loop Closing... done
Reseting Database... done
0
New map created with 103 points for 0 Feature Type 
Tracking Initlized in 0.57s
The initlized frame ID: 3
The lost frame ID: 16
The lost frame ID: 18
The lost frame ID: 19
The lost frame ID: 20
The lost frame ID: 21
The lost frame ID: 22
The lost frame ID: 23
The lost frame ID: 24
The lost frame ID: 25
The lost frame ID: 26

Saving camera trajectory to TrajectoryBeforeReset_oxf_bsk_r15_seg09_pid1909945_1757357210690.txt ...

trajectory saved!
[Tracking] wrote pre-reset trajectory to TrajectoryBeforeReset_oxf_bsk_r15_seg09_pid1909945_1757357210690.txt
[Tracking] LOST for 10 consecutive frames -> reset
System Reseting
Reseting Local Mapper... done
Reseting Loop Closing... done
Reseting Database... done
0
New map created with 127 points for 0 Feature Type 
Tracking Initlized in 17.78s
The initlized frame ID: 73
The lost frame ID: 695
The lost frame ID: 696
The lost frame ID: 697
The lost frame ID: 698
The lost frame ID: 699
The lost frame ID: 700
The lost frame ID: 701
The lost frame ID: 702
The lost frame ID: 703

Saving camera trajectory to TrajectoryBeforeReset_oxf_bsk_r15_seg10_pid1909945_1757357333895.txt ...

trajectory saved!
[Tracking] wrote pre-reset trajectory to TrajectoryBeforeReset_oxf_bsk_r15_seg10_pid1909945_1757357333895.txt
[Tracking] LOST for 10 consecutive frames -> reset
System Reseting
Reseting Local Mapper... done
Reseting Loop Closing... done
Reseting Database... done
0
New map created with 160 points for 0 Feature Type 
Tracking Initlized in 0.50s
The initlized frame ID: 3
The lost frame ID: 2233
The lost frame ID: 2234
The lost frame ID: 2235
The lost frame ID: 2236
The lost frame ID: 2237
The lost frame ID: 2238
The lost frame ID: 2239
The lost frame ID: 2240
The lost frame ID: 2241

Saving camera trajectory to TrajectoryBeforeReset_oxf_bsk_r15_seg11_pid1909945_1757357699355.txt ...

trajectory saved!
[Tracking] wrote pre-reset trajectory to TrajectoryBeforeReset_oxf_bsk_r15_seg11_pid1909945_1757357699355.txt
[Tracking] LOST for 10 consecutive frames -> reset
System Reseting
Reseting Local Mapper... done
Reseting Loop Closing... done
Reseting Database... done
0
New map created with 102 points for 0 Feature Type 
Tracking Initlized in 29.37s
The initlized frame ID: 111
The lost frame ID: 153
The lost frame ID: 154
The lost frame ID: 155
The lost frame ID: 156
The lost frame ID: 157
The lost frame ID: 158
The lost frame ID: 159
The lost frame ID: 160
The lost frame ID: 161

Saving camera trajectory to TrajectoryBeforeReset_oxf_bsk_r15_seg12_pid1909945_1757357740379.txt ...

trajectory saved!
[Tracking] wrote pre-reset trajectory to TrajectoryBeforeReset_oxf_bsk_r15_seg12_pid1909945_1757357740379.txt
[Tracking] LOST for 10 consecutive frames -> reset
System Reseting
Reseting Local Mapper... done
Reseting Loop Closing... done
Reseting Database... done
0
New map created with 96 points for 0 Feature Type 
Wrong initialization, reseting...
System Reseting
Reseting Local Mapper... done
Reseting Loop Closing... done
Reseting Database... done
0
New map created with 103 points for 0 Feature Type 
Tracking Initlized in 1.22s
The initlized frame ID: 4
System::StopViewer()
System::StopViewer() done

Saving correlation status...

Correlation status saved!

System Shutdown
-------

median tracking time: 0.161397
mean tracking time: 0.168616

Saving camera trajectory to result15.txt ...

trajectory saved!
All done

========== Performance Summary (ms) ==========
name                                mean      median        rmse         min         max       count
Lost Count                         1.000       1.000       0.000       1.000       1.000          12
Tracking                           3.309       3.121       1.656       0.798      24.969        6055
Reset Count                        1.000       1.000       0.000       1.000       1.000          19
Correlation                        0.000       0.000       0.000       0.000       0.026        5910
Total Init                     33976.203   33976.203       0.000   33976.203   33976.203           1
Pipeline                         168.462     161.334      56.254       3.974     382.679        7513
BRISK Extract                    162.123     154.837      55.786       2.598     375.094        7513
