Registering ORBextractor...
Registering AKAZEextractor...
Registering BRISKextractor...
Registering SIFTextractor...
Registering KAZEextractor...
Registering SuperPointExtractor...

ORB-SLAM2 Copyright (C) 2014-2016 Raul Mur-Artal, University of Zaragoza.
This program comes with ABSOLUTELY NO WARRANTY;
This is free software, and you are welcome to redistribute it
under certain conditions. See LICENSE.txt.

Input sensor was set to: Monocular

Loading Vocabulary : /home/howard/Refactored_ORB_SLAM2/Install/var/lib/orbslam2/voc/brisk_cv.fbow
This could take a while...
Loading BRISK Vocabulary in FBoW.
BRISK Vocabulary loaded in 0.002345s


Camera Parameters: 
- fx: 983.044
- fy: 983.044
- cx: 643.647
- cy: 493.379
- k1: 0
- k2: 0
- p1: 0
- p2: 0
- fps: 16
- color order: RGB (ignored if grayscale)

[Feature 0] BRISK Extractor Parameters: 
 ( TH_LOW: 100, TH_HIGH: 200 )
- Number of Features: 1000
- Scale Levels: 6
- Scale Factor: 1.414
- Threshold: 10
- Num of Octaves: 3
- Pattern Scale: 1

-------
Start processing sequence ...
Images in the sequence: 7513

0
New map created with 107 points for 0 Feature Type 
Tracking Initlized in 33.31s
The initlized frame ID: 148
Track lost soon after initialisation, reseting...
System Reseting
Reseting Local Mapper... done
Reseting Loop Closing... done
Reseting Database... done
0
New map created with 106 points for 0 Feature Type 
Tracking Initlized in 3.07s
The initlized frame ID: 14
The lost frame ID: 657
The lost frame ID: 658
The lost frame ID: 659
The lost frame ID: 660
The lost frame ID: 661
The lost frame ID: 662
The lost frame ID: 663
The lost frame ID: 664
The lost frame ID: 665

Saving camera trajectory to TrajectoryBeforeReset_oxf_bsk_r12_seg01_pid1540473_1757352138927.txt ...

trajectory saved!
[Tracking] wrote pre-reset trajectory to TrajectoryBeforeReset_oxf_bsk_r12_seg01_pid1540473_1757352138927.txt
[Tracking] LOST for 10 consecutive frames -> reset
System Reseting
Reseting Local Mapper... done
Reseting Loop Closing... done
Reseting Database... done
0
New map created with 126 points for 0 Feature Type 
Tracking Initlized in 1.10s
The initlized frame ID: 5
The lost frame ID: 625
The lost frame ID: 626
The lost frame ID: 627
The lost frame ID: 628
The lost frame ID: 629
The lost frame ID: 630
The lost frame ID: 631
The lost frame ID: 632
The lost frame ID: 633

Saving camera trajectory to TrajectoryBeforeReset_oxf_bsk_r12_seg02_pid1540473_1757352245345.txt ...

trajectory saved!
[Tracking] wrote pre-reset trajectory to TrajectoryBeforeReset_oxf_bsk_r12_seg02_pid1540473_1757352245345.txt
[Tracking] LOST for 10 consecutive frames -> reset
System Reseting
Reseting Local Mapper... done
Reseting Loop Closing... done
Reseting Database... done
0
New map created with 76 points for 0 Feature Type 
Wrong initialization, reseting...
System Reseting
Reseting Local Mapper... done
Reseting Loop Closing... done
Reseting Database... done
0
New map created with 114 points for 0 Feature Type 
Tracking Initlized in 3.76s
The initlized frame ID: 16
The lost frame ID: 248
The lost frame ID: 249
The lost frame ID: 250
The lost frame ID: 251
The lost frame ID: 252
The lost frame ID: 253
The lost frame ID: 254
The lost frame ID: 255
The lost frame ID: 256

Saving camera trajectory to TrajectoryBeforeReset_oxf_bsk_r12_seg03_pid1540473_1757352306658.txt ...

trajectory saved!
[Tracking] wrote pre-reset trajectory to TrajectoryBeforeReset_oxf_bsk_r12_seg03_pid1540473_1757352306658.txt
[Tracking] LOST for 10 consecutive frames -> reset
System Reseting
Reseting Local Mapper... done
Reseting Loop Closing... done
Reseting Database... done
0
New map created with 149 points for 0 Feature Type 
Tracking Initlized in 10.17s
The initlized frame ID: 49
The lost frame ID: 297
The lost frame ID: 299
The lost frame ID: 301
The lost frame ID: 303
The lost frame ID: 305
The lost frame ID: 306
The lost frame ID: 307
The lost frame ID: 308
The lost frame ID: 309
The lost frame ID: 310
The lost frame ID: 311
The lost frame ID: 312
The lost frame ID: 313

Saving camera trajectory to TrajectoryBeforeReset_oxf_bsk_r12_seg04_pid1540473_1757352369386.txt ...

trajectory saved!
[Tracking] wrote pre-reset trajectory to TrajectoryBeforeReset_oxf_bsk_r12_seg04_pid1540473_1757352369386.txt
[Tracking] LOST for 10 consecutive frames -> reset
System Reseting
Reseting Local Mapper... done
Reseting Loop Closing... done
Reseting Database... done
0
New map created with 120 points for 0 Feature Type 
Tracking Initlized in 2.61s
The initlized frame ID: 12
The lost frame ID: 301
The lost frame ID: 302
The lost frame ID: 303
The lost frame ID: 304
The lost frame ID: 305
The lost frame ID: 306
The lost frame ID: 307
The lost frame ID: 308
The lost frame ID: 309

Saving camera trajectory to TrajectoryBeforeReset_oxf_bsk_r12_seg05_pid1540473_1757352432482.txt ...

trajectory saved!
[Tracking] wrote pre-reset trajectory to TrajectoryBeforeReset_oxf_bsk_r12_seg05_pid1540473_1757352432482.txt
[Tracking] LOST for 10 consecutive frames -> reset
System Reseting
Reseting Local Mapper... done
Reseting Loop Closing... done
Reseting Database... done
0
New map created with 100 points for 0 Feature Type 
Tracking Initlized in 2.95s
The initlized frame ID: 10
The lost frame ID: 26
The lost frame ID: 27
The lost frame ID: 28
The lost frame ID: 29
The lost frame ID: 30
The lost frame ID: 31
The lost frame ID: 32
The lost frame ID: 33
The lost frame ID: 34

Saving camera trajectory to TrajectoryBeforeReset_oxf_bsk_r12_seg06_pid1540473_1757352441067.txt ...

trajectory saved!
[Tracking] wrote pre-reset trajectory to TrajectoryBeforeReset_oxf_bsk_r12_seg06_pid1540473_1757352441067.txt
[Tracking] LOST for 10 consecutive frames -> reset
System Reseting
Reseting Local Mapper... done
Reseting Loop Closing... done
Reseting Database... done
0
New map created with 82 points for 0 Feature Type 
Wrong initialization, reseting...
System Reseting
Reseting Local Mapper... done
Reseting Loop Closing... done
Reseting Database... done
0
New map created with 206 points for 0 Feature Type 
Tracking Initlized in 1.48s
The initlized frame ID: 7
The lost frame ID: 331
The lost frame ID: 333
The lost frame ID: 334
The lost frame ID: 335
The lost frame ID: 336
The lost frame ID: 337
The lost frame ID: 338
The lost frame ID: 339
The lost frame ID: 340
The lost frame ID: 341

Saving camera trajectory to TrajectoryBeforeReset_oxf_bsk_r12_seg07_pid1540473_1757352512162.txt ...

trajectory saved!
[Tracking] wrote pre-reset trajectory to TrajectoryBeforeReset_oxf_bsk_r12_seg07_pid1540473_1757352512162.txt
[Tracking] LOST for 10 consecutive frames -> reset
System Reseting
Reseting Local Mapper... done
Reseting Loop Closing... done
Reseting Database... done
0
New map created with 86 points for 0 Feature Type 
Wrong initialization, reseting...
System Reseting
Reseting Local Mapper... done
Reseting Loop Closing... done
Reseting Database... done
0
New map created with 82 points for 0 Feature Type 
Wrong initialization, reseting...
System Reseting
Reseting Local Mapper... done
Reseting Loop Closing... done
Reseting Database... done
0
New map created with 131 points for 0 Feature Type 
Tracking Initlized in 0.80s
The initlized frame ID: 4
The lost frame ID: 439
The lost frame ID: 440
The lost frame ID: 441
The lost frame ID: 442
The lost frame ID: 443
The lost frame ID: 444
The lost frame ID: 445
The lost frame ID: 446
The lost frame ID: 447

Saving camera trajectory to TrajectoryBeforeReset_oxf_bsk_r12_seg08_pid1540473_1757352834590.txt ...

trajectory saved!
[Tracking] wrote pre-reset trajectory to TrajectoryBeforeReset_oxf_bsk_r12_seg08_pid1540473_1757352834590.txt
[Tracking] LOST for 10 consecutive frames -> reset
System Reseting
Reseting Local Mapper... done
Reseting Loop Closing... done
Reseting Database... done
0
New map created with 71 points for 0 Feature Type 
Wrong initialization, reseting...
System Reseting
Reseting Local Mapper... done
Reseting Loop Closing... done
Reseting Database... done
0
New map created with 246 points for 0 Feature Type 
Tracking Initlized in 2.32s
The initlized frame ID: 18
The lost frame ID: 174
The lost frame ID: 175
The lost frame ID: 176
The lost frame ID: 177
The lost frame ID: 179
The lost frame ID: 180
The lost frame ID: 181
The lost frame ID: 182
The lost frame ID: 183
The lost frame ID: 184
The lost frame ID: 185
The lost frame ID: 186
The lost frame ID: 187

Saving camera trajectory to TrajectoryBeforeReset_oxf_bsk_r12_seg09_pid1540473_1757352863044.txt ...

trajectory saved!
[Tracking] wrote pre-reset trajectory to TrajectoryBeforeReset_oxf_bsk_r12_seg09_pid1540473_1757352863044.txt
[Tracking] LOST for 10 consecutive frames -> reset
System Reseting
Reseting Local Mapper... done
Reseting Loop Closing... done
Reseting Database... done
0
New map created with 87 points for 0 Feature Type 
Wrong initialization, reseting...
System Reseting
Reseting Local Mapper... done
Reseting Loop Closing... done
Reseting Database... done
0
New map created with 100 points for 0 Feature Type 
Tracking Initlized in 0.66s
The initlized frame ID: 3
The lost frame ID: 15
The lost frame ID: 16
The lost frame ID: 17
The lost frame ID: 18
The lost frame ID: 19
The lost frame ID: 20
The lost frame ID: 21
The lost frame ID: 22
The lost frame ID: 23

Saving camera trajectory to TrajectoryBeforeReset_oxf_bsk_r12_seg10_pid1540473_1757352868824.txt ...

trajectory saved!
[Tracking] wrote pre-reset trajectory to TrajectoryBeforeReset_oxf_bsk_r12_seg10_pid1540473_1757352868824.txt
[Tracking] LOST for 10 consecutive frames -> reset
System Reseting
Reseting Local Mapper... done
Reseting Loop Closing... done
Reseting Database... done
0
New map created with 133 points for 0 Feature Type 
Tracking Initlized in 16.43s
The initlized frame ID: 70
The lost frame ID: 689
The lost frame ID: 690
The lost frame ID: 691
The lost frame ID: 692
The lost frame ID: 693
The lost frame ID: 694
The lost frame ID: 695
The lost frame ID: 696
The lost frame ID: 697

Saving camera trajectory to TrajectoryBeforeReset_oxf_bsk_r12_seg11_pid1540473_1757352988671.txt ...

trajectory saved!
[Tracking] wrote pre-reset trajectory to TrajectoryBeforeReset_oxf_bsk_r12_seg11_pid1540473_1757352988671.txt
[Tracking] LOST for 10 consecutive frames -> reset
System Reseting
Reseting Local Mapper... done
Reseting Loop Closing... done
Reseting Database... done
0
New map created with 190 points for 0 Feature Type 
Tracking Initlized in 0.70s
The initlized frame ID: 5
The lost frame ID: 2235
The lost frame ID: 2236
The lost frame ID: 2237
The lost frame ID: 2238
The lost frame ID: 2239
The lost frame ID: 2240
The lost frame ID: 2241
The lost frame ID: 2242
The lost frame ID: 2243

Saving camera trajectory to TrajectoryBeforeReset_oxf_bsk_r12_seg12_pid1540473_1757353353425.txt ...

trajectory saved!
[Tracking] wrote pre-reset trajectory to TrajectoryBeforeReset_oxf_bsk_r12_seg12_pid1540473_1757353353425.txt
[Tracking] LOST for 10 consecutive frames -> reset
System Reseting
Reseting Local Mapper... done
Reseting Loop Closing... done
Reseting Database... done
0
New map created with 102 points for 0 Feature Type 
Tracking Initlized in 30.31s
The initlized frame ID: 112
The lost frame ID: 154
The lost frame ID: 155
The lost frame ID: 156
The lost frame ID: 157
The lost frame ID: 158
The lost frame ID: 159
The lost frame ID: 160
The lost frame ID: 161
The lost frame ID: 162

Saving camera trajectory to TrajectoryBeforeReset_oxf_bsk_r12_seg13_pid1540473_1757353397433.txt ...

trajectory saved!
[Tracking] wrote pre-reset trajectory to TrajectoryBeforeReset_oxf_bsk_r12_seg13_pid1540473_1757353397433.txt
[Tracking] LOST for 10 consecutive frames -> reset
System Reseting
Reseting Local Mapper... done
Reseting Loop Closing... done
Reseting Database... done
0
New map created with 124 points for 0 Feature Type 
Tracking Initlized in 33.60s
The initlized frame ID: 111
System::StopViewer()
System::StopViewer() done

Saving correlation status...

Correlation status saved!

System Shutdown
-------

median tracking time: 0.156729
mean tracking time: 0.164773

Saving camera trajectory to result12.txt ...

trajectory saved!
All done

========== Performance Summary (ms) ==========
name                                mean      median        rmse         min         max       count
Lost Count                         1.000       1.000       0.000       1.000       1.000          13
Tracking                           3.175       2.934       1.686       0.726      39.457        6028
Reset Count                        1.000       1.000       0.000       1.000       1.000          20
Correlation                        0.000       0.000       0.001       0.000       0.040        5888
Total Init                     30416.753   30416.753       0.000   30416.753   30416.753           1
Pipeline                         164.633     156.620      55.942       4.023     348.376        7513
BRISK Extract                    158.558     150.528      55.484       2.807     341.504        7513
