Registering ORBextractor...
Registering AKAZEextractor...
Registering BRISKextractor...
Registering SIFTextractor...
Registering KAZEextractor...
Registering SuperPointExtractor...

ORB-SLAM2 Copyright (C) 2014-2016 Raul Mur-Artal, University of Zaragoza.
This program comes with ABSOLUTELY NO WARRANTY;
This is free software, and you are welcome to redistribute it
under certain conditions. See LICENSE.txt.

Input sensor was set to: Monocular

Loading Vocabulary : /home/howard/Refactored_ORB_SLAM2/Install/var/lib/orbslam2/voc/brisk_cv.fbow
This could take a while...
Loading BRISK Vocabulary in FBoW.
BRISK Vocabulary loaded in 0.006359s


Loading Vocabulary : /home/howard/Refactored_ORB_SLAM2/Install/var/lib/orbslam2/voc/kaze_cv.fbow
This could take a while...
Loading KAZE Vocabulary in FBoW.
KAZE Vocabulary loaded in 0.031637s


Camera Parameters: 
- fx: 983.044
- fy: 983.044
- cx: 643.647
- cy: 493.379
- k1: 0
- k2: 0
- p1: 0
- p2: 0
- fps: 16
- color order: RGB (ignored if grayscale)

[Feature 0] BRISK Extractor Parameters: 
 ( TH_LOW: 150, TH_HIGH: 250 )
- Number of Features: 2000
- Scale Levels: 6
- Scale Factor: 1.414
- Threshold: 50
- Num of Octaves: 3
- Pattern Scale: 1

[Feature 1] KAZE Extractor Parameters: 
 ( TH_LOW: 0.5, TH_HIGH: 1 )
- Number of Features : 2000
- Scale Levels       : 4
- Scale Factor       : 1.2
- Threshold          : 0.001
- nOctaves           : 4
- nOctaveLayers      : 4
- Extended (128‑dim) : 0
- Upright            : 0

-------
Start processing sequence ...
Images in the sequence: 7513

1
New map created with 92 points for 0 Feature Type 
New map created with 199 points for 1 Feature Type 
Tracking Initlized in 343.02s
The initlized frame ID: 142
The lost frame ID: 831
The lost frame ID: 833
The lost frame ID: 834
The lost frame ID: 835
The lost frame ID: 836
The lost frame ID: 837
The lost frame ID: 3548
The lost frame ID: 3550
The lost frame ID: 3551
The lost frame ID: 3552
The lost frame ID: 3553
The lost frame ID: 3554
The lost frame ID: 3555
The lost frame ID: 3556
The lost frame ID: 3557
The lost frame ID: 3558

Saving camera trajectory to TrajectoryBeforeReset_oxf_bsk_kaz_r14_seg01_pid2550529_1757595067689.txt ...

trajectory saved!
[Tracking] wrote pre-reset trajectory to TrajectoryBeforeReset_oxf_bsk_kaz_r14_seg01_pid2550529_1757595067689.txt
[Tracking] LOST for 10 consecutive frames -> reset
System Reseting
Reseting Local Mapper... done
Reseting Loop Closing... done
Reseting Database... done
1
New map created with 109 points for 0 Feature Type 
New map created with 672 points for 1 Feature Type 
Tracking Initlized in 7.18s
The initlized frame ID: 2
Track lost soon after initialisation, reseting...
System Reseting
Reseting Local Mapper... done
Reseting Loop Closing... done
Reseting Database... done
1
New map created with 53 points for 0 Feature Type 
New map created with 417 points for 1 Feature Type 
Tracking Initlized in 2.65s
The initlized frame ID: 1
Track lost soon after initialisation, reseting...
System Reseting
Reseting Local Mapper... done
Reseting Loop Closing... done
Reseting Database... done
1
New map created with 97 points for 0 Feature Type 
New map created with 516 points for 1 Feature Type 
Tracking Initlized in 2.29s
The initlized frame ID: 1
The lost frame ID: 1405
The lost frame ID: 1406
The lost frame ID: 1407
The lost frame ID: 1408
The lost frame ID: 1409
The lost frame ID: 1413
The lost frame ID: 1414
The lost frame ID: 1415
The lost frame ID: 1416
The lost frame ID: 1417
The lost frame ID: 1418
The lost frame ID: 1419
The lost frame ID: 1420
The lost frame ID: 1421

Saving camera trajectory to TrajectoryBeforeReset_oxf_bsk_kaz_r14_seg02_pid2550529_1757595985284.txt ...

trajectory saved!
[Tracking] wrote pre-reset trajectory to TrajectoryBeforeReset_oxf_bsk_kaz_r14_seg02_pid2550529_1757595985284.txt
[Tracking] LOST for 10 consecutive frames -> reset
System Reseting
Reseting Local Mapper... done
Reseting Loop Closing... done
Reseting Database... done
1
New map created with 81 points for 0 Feature Type 
New map created with 343 points for 1 Feature Type 
Tracking Initlized in 5.99s
The initlized frame ID: 2
The lost frame ID: 2236
The lost frame ID: 2237
The lost frame ID: 2238
The lost frame ID: 2239
The lost frame ID: 2240
The lost frame ID: 2241
The lost frame ID: 2242
The lost frame ID: 2243
The lost frame ID: 2244

Saving camera trajectory to TrajectoryBeforeReset_oxf_bsk_kaz_r14_seg03_pid2550529_1757597305352.txt ...

trajectory saved!
[Tracking] wrote pre-reset trajectory to TrajectoryBeforeReset_oxf_bsk_kaz_r14_seg03_pid2550529_1757597305352.txt
[Tracking] LOST for 10 consecutive frames -> reset
System Reseting
Reseting Local Mapper... done
Reseting Loop Closing... done
Reseting Database... done
1
New map created with 164 points for 0 Feature Type 
New map created with 530 points for 1 Feature Type 
Tracking Initlized in 19.02s
The initlized frame ID: 8
The lost frame ID: 154
The lost frame ID: 155
The lost frame ID: 156
The lost frame ID: 157
The lost frame ID: 159
The lost frame ID: 161
The lost frame ID: 162
The lost frame ID: 163
The lost frame ID: 164
The lost frame ID: 166
The lost frame ID: 168
The lost frame ID: 169
The lost frame ID: 170
The lost frame ID: 171
The lost frame ID: 172
The lost frame ID: 173
The lost frame ID: 174
The lost frame ID: 175
The lost frame ID: 176

Saving camera trajectory to TrajectoryBeforeReset_oxf_bsk_kaz_r14_seg04_pid2550529_1757597421489.txt ...

trajectory saved!
[Tracking] wrote pre-reset trajectory to TrajectoryBeforeReset_oxf_bsk_kaz_r14_seg04_pid2550529_1757597421489.txt
[Tracking] LOST for 10 consecutive frames -> reset
System Reseting
Reseting Local Mapper... done
Reseting Loop Closing... done
Reseting Database... done
1
New map created with 158 points for 0 Feature Type 
New map created with 652 points for 1 Feature Type 
Tracking Initlized in 2.80s
The initlized frame ID: 1
System::StopViewer()
System::StopViewer() done

Saving correlation status...

========== Global Summary ==========
Frames: 7285
avg_CorrEdges: 22.3809
avg_match_A: 163.048
avg_match_B: 274.792
global_RI_MNR: 0.137266
global_RI_GNR: 0.105735
global_RI_DICE: 0.102233

========== Per-Channel Summary ==========
   chA   chB     avgCorr        avgA        avgB   avgRI_MNR   avgRI_GNR  avgRI_DICE
     0     1     22.3809     163.048     274.792    0.123189   0.0931113   0.0892511

Correlation status saved!

System Shutdown
-------

median tracking time: 0.617653
mean tracking time: 0.61931

Saving camera trajectory to result14.txt ...

trajectory saved!
All done

========== Performance Summary (ms) ==========
name                                mean      median        rmse         min         max       count
Lost Count                         1.000       1.000       0.000       1.000       1.000           4
Tracking                          24.513      23.403      11.898       2.281     142.201        7349
Reset Count                        1.000       1.000       0.000       1.000       1.000           6
Correlation                        0.459       0.391       0.435       0.045      15.658        7285
Total Init                    102407.012  102407.012       0.000  102407.012  102407.012           1
Pipeline                         617.756     617.628      78.936     373.981    3039.527        7513
KAZE Extract                     584.917     584.514      70.863     351.172    1739.059        7513
BRISK Extract                     60.895      50.975      32.200       3.921     238.818        7513
