Registering ORBextractor...
Registering AKAZEextractor...
Registering BRISKextractor...
Registering SIFTextractor...
Registering KAZEextractor...
Registering SuperPointExtractor...

ORB-SLAM2 Copyright (C) 2014-2016 Raul Mur-Artal, University of Zaragoza.
This program comes with ABSOLUTELY NO WARRANTY;
This is free software, and you are welcome to redistribute it
under certain conditions. See LICENSE.txt.

Input sensor was set to: Monocular

Loading Vocabulary : /home/howard/Refactored_ORB_SLAM2/Install/var/lib/orbslam2/voc/brisk_cv.fbow
This could take a while...
Loading BRISK Vocabulary in FBoW.
BRISK Vocabulary loaded in 0.004305s


Loading Vocabulary : /home/howard/Refactored_ORB_SLAM2/Install/var/lib/orbslam2/voc/kaze_cv.fbow
This could take a while...
Loading KAZE Vocabulary in FBoW.
KAZE Vocabulary loaded in 0.020909s


Camera Parameters: 
- fx: 983.044
- fy: 983.044
- cx: 643.647
- cy: 493.379
- k1: 0
- k2: 0
- p1: 0
- p2: 0
- fps: 16
- color order: RGB (ignored if grayscale)

[Feature 0] BRISK Extractor Parameters: 
 ( TH_LOW: 150, TH_HIGH: 250 )
- Number of Features: 2000
- Scale Levels: 6
- Scale Factor: 1.414
- Threshold: 50
- Num of Octaves: 3
- Pattern Scale: 1

[Feature 1] KAZE Extractor Parameters: 
 ( TH_LOW: 0.5, TH_HIGH: 1 )
- Number of Features : 2000
- Scale Levels       : 4
- Scale Factor       : 1.2
- Threshold          : 0.001
- nOctaves           : 4
- nOctaveLayers      : 4
- Extended (128‑dim) : 0
- Upright            : 0

-------
Start processing sequence ...
Images in the sequence: 7513

1
New map created with 92 points for 0 Feature Type 
New map created with 199 points for 1 Feature Type 
Tracking Initlized in 361.34s
The initlized frame ID: 142
The lost frame ID: 831
The lost frame ID: 832
The lost frame ID: 833
The lost frame ID: 834
The lost frame ID: 835
The lost frame ID: 836
The lost frame ID: 837
The lost frame ID: 1483
The lost frame ID: 1484
The lost frame ID: 1485
The lost frame ID: 1486
The lost frame ID: 1487
The lost frame ID: 1488
The lost frame ID: 1489
The lost frame ID: 1490
The lost frame ID: 1493
The lost frame ID: 1496
The lost frame ID: 1498
The lost frame ID: 1500
The lost frame ID: 1501
The lost frame ID: 1503
The lost frame ID: 1505
The lost frame ID: 1506
The lost frame ID: 1507
The lost frame ID: 1509
The lost frame ID: 1510
The lost frame ID: 1511
The lost frame ID: 1512
The lost frame ID: 1513
The lost frame ID: 1514
The lost frame ID: 1515
The lost frame ID: 1516
The lost frame ID: 1517

Saving camera trajectory to TrajectoryBeforeReset_oxf_bsk_kaz_r15_seg01_pid2922913_1757598389336.txt ...

trajectory saved!
[Tracking] wrote pre-reset trajectory to TrajectoryBeforeReset_oxf_bsk_kaz_r15_seg01_pid2922913_1757598389336.txt
[Tracking] LOST for 10 consecutive frames -> reset
System Reseting
Reseting Local Mapper... done
Reseting Loop Closing... done
Reseting Database... done
0
New map created with 390 points for 0 Feature Type 
New map created with 972 points for 1 Feature Type 
Tracking Initlized in 5.35s
The initlized frame ID: 2
The lost frame ID: 2034
The lost frame ID: 2035
The lost frame ID: 2036
The lost frame ID: 2037
The lost frame ID: 2038
The lost frame ID: 2040
The lost frame ID: 2042
The lost frame ID: 2043
The lost frame ID: 2044
The lost frame ID: 2046
The lost frame ID: 2047
The lost frame ID: 2049
The lost frame ID: 2050
The lost frame ID: 2052
The lost frame ID: 2054
The lost frame ID: 2055
The lost frame ID: 2056
The lost frame ID: 2057
The lost frame ID: 2058
The lost frame ID: 2059
The lost frame ID: 2060
The lost frame ID: 2061
The lost frame ID: 2062

Saving camera trajectory to TrajectoryBeforeReset_oxf_bsk_kaz_r15_seg02_pid2922913_1757599720944.txt ...

trajectory saved!
[Tracking] wrote pre-reset trajectory to TrajectoryBeforeReset_oxf_bsk_kaz_r15_seg02_pid2922913_1757599720944.txt
[Tracking] LOST for 10 consecutive frames -> reset
System Reseting
Reseting Local Mapper... done
Reseting Loop Closing... done
Reseting Database... done
1
New map created with 42 points for 0 Feature Type 
New map created with 630 points for 1 Feature Type 
Tracking Initlized in 2.44s
The initlized frame ID: 1
The lost frame ID: 1389
The lost frame ID: 1390
The lost frame ID: 1391
The lost frame ID: 1392
The lost frame ID: 1393
The lost frame ID: 1394
The lost frame ID: 1397
The lost frame ID: 1398
The lost frame ID: 1399
The lost frame ID: 1400
The lost frame ID: 1401
The lost frame ID: 1402
The lost frame ID: 1403
The lost frame ID: 1404
The lost frame ID: 1405

Saving camera trajectory to TrajectoryBeforeReset_oxf_bsk_kaz_r15_seg03_pid2922913_1757600580206.txt ...

trajectory saved!
[Tracking] wrote pre-reset trajectory to TrajectoryBeforeReset_oxf_bsk_kaz_r15_seg03_pid2922913_1757600580206.txt
[Tracking] LOST for 10 consecutive frames -> reset
System Reseting
Reseting Local Mapper... done
Reseting Loop Closing... done
Reseting Database... done
1
New map created with 90 points for 0 Feature Type 
New map created with 372 points for 1 Feature Type 
Tracking Initlized in 5.09s
The initlized frame ID: 2
Track lost soon after initialisation, reseting...
System Reseting
Reseting Local Mapper... done
Reseting Loop Closing... done
Reseting Database... done
1
New map created with 52 points for 0 Feature Type 
New map created with 273 points for 1 Feature Type 
Tracking Initlized in 2.24s
The initlized frame ID: 1
The lost frame ID: 2231
The lost frame ID: 2232
The lost frame ID: 2233
The lost frame ID: 2234
The lost frame ID: 2235
The lost frame ID: 2236
The lost frame ID: 2237
The lost frame ID: 2238
The lost frame ID: 2239

Saving camera trajectory to TrajectoryBeforeReset_oxf_bsk_kaz_r15_seg04_pid2922913_1757601872801.txt ...

trajectory saved!
[Tracking] wrote pre-reset trajectory to TrajectoryBeforeReset_oxf_bsk_kaz_r15_seg04_pid2922913_1757601872801.txt
[Tracking] LOST for 10 consecutive frames -> reset
System Reseting
Reseting Local Mapper... done
Reseting Loop Closing... done
Reseting Database... done
1
New map created with 215 points for 0 Feature Type 
New map created with 585 points for 1 Feature Type 
Tracking Initlized in 20.83s
The initlized frame ID: 10
The lost frame ID: 154
The lost frame ID: 156
The lost frame ID: 157
The lost frame ID: 158
The lost frame ID: 159
The lost frame ID: 160
The lost frame ID: 161
The lost frame ID: 164
The lost frame ID: 165
The lost frame ID: 166
The lost frame ID: 167
The lost frame ID: 168
The lost frame ID: 170
The lost frame ID: 171
The lost frame ID: 172
The lost frame ID: 174
The lost frame ID: 176
The lost frame ID: 177
The lost frame ID: 178
The lost frame ID: 179
The lost frame ID: 180
The lost frame ID: 181
The lost frame ID: 182
The lost frame ID: 183
The lost frame ID: 184
The lost frame ID: 186
The lost frame ID: 187
The lost frame ID: 188
The lost frame ID: 191
The lost frame ID: 193
The lost frame ID: 195
The lost frame ID: 196
The lost frame ID: 197
The lost frame ID: 198
The lost frame ID: 199
The lost frame ID: 201
The lost frame ID: 205
The lost frame ID: 206
The lost frame ID: 209
The lost frame ID: 211
The lost frame ID: 212
The lost frame ID: 213
The lost frame ID: 214
The lost frame ID: 215
The lost frame ID: 216
The lost frame ID: 217
The lost frame ID: 218
The lost frame ID: 219

Saving camera trajectory to TrajectoryBeforeReset_oxf_bsk_kaz_r15_seg05_pid2922913_1757601973367.txt ...

trajectory saved!
[Tracking] wrote pre-reset trajectory to TrajectoryBeforeReset_oxf_bsk_kaz_r15_seg05_pid2922913_1757601973367.txt
[Tracking] LOST for 10 consecutive frames -> reset
System Reseting
Reseting Local Mapper... done
Reseting Loop Closing... done
Reseting Database... done
1
New map created with 169 points for 0 Feature Type 
New map created with 582 points for 1 Feature Type 
Tracking Initlized in 2.50s
The initlized frame ID: 1
System::StopViewer()
System::StopViewer() done

Saving correlation status...

========== Global Summary ==========
Frames: 7213
avg_CorrEdges: 22.6671
avg_match_A: 162.42
avg_match_B: 275.633
global_RI_MNR: 0.139559
global_RI_GNR: 0.10713
global_RI_DICE: 0.103491

========== Per-Channel Summary ==========
   chA   chB     avgCorr        avgA        avgB   avgRI_MNR   avgRI_GNR  avgRI_DICE
     0     1     22.6671      162.42     275.633    0.124317   0.0939078   0.0899938

Correlation status saved!

System Shutdown
-------

median tracking time: 0.607677
mean tracking time: 0.602564

Saving camera trajectory to result15.txt ...

trajectory saved!
All done

========== Performance Summary (ms) ==========
name                                mean      median        rmse         min         max       count
Lost Count                         1.000       1.000       0.000       1.000       1.000           5
Tracking                          25.575      23.791      12.357       1.921     298.184        7347
Reset Count                        1.000       1.000       0.000       1.000       1.000           6
Correlation                        0.457       0.385       0.406       0.039      11.254        7213
Total Init                    111980.198  111980.198       0.000  111980.198  111980.198           1
Pipeline                         601.433     607.609      86.491     321.161    1087.323        7513
KAZE Extract                     567.762     573.666      80.562     302.929     931.558        7513
BRISK Extract                     59.116      50.722      29.928       4.557     275.537        7513
