Registering ORBextractor...
Registering AKAZEextractor...
Registering BRISKextractor...
Registering SIFTextractor...
Registering KAZEextractor...
Registering SuperPointExtractor...

ORB-SLAM2 Copyright (C) 2014-2016 Raul Mur-Artal, University of Zaragoza.
This program comes with ABSOLUTELY NO WARRANTY;
This is free software, and you are welcome to redistribute it
under certain conditions. See LICENSE.txt.

Input sensor was set to: Monocular

Loading Vocabulary : /home/howard/Refactored_ORB_SLAM2/Install/var/lib/orbslam2/voc/brisk_cv.fbow
This could take a while...
Loading BRISK Vocabulary in FBoW.
BRISK Vocabulary loaded in 0.004692s


Loading Vocabulary : /home/howard/Refactored_ORB_SLAM2/Install/var/lib/orbslam2/voc/kaze_cv.fbow
This could take a while...
Loading KAZE Vocabulary in FBoW.
KAZE Vocabulary loaded in 0.017286s


Camera Parameters: 
- fx: 983.044
- fy: 983.044
- cx: 643.647
- cy: 493.379
- k1: 0
- k2: 0
- p1: 0
- p2: 0
- fps: 16
- color order: RGB (ignored if grayscale)

[Feature 0] BRISK Extractor Parameters: 
 ( TH_LOW: 150, TH_HIGH: 250 )
- Number of Features: 2000
- Scale Levels: 6
- Scale Factor: 1.414
- Threshold: 50
- Num of Octaves: 3
- Pattern Scale: 1

[Feature 1] KAZE Extractor Parameters: 
 ( TH_LOW: 0.5, TH_HIGH: 1 )
- Number of Features : 2000
- Scale Levels       : 4
- Scale Factor       : 1.2
- Threshold          : 0.001
- nOctaves           : 4
- nOctaveLayers      : 4
- Extended (128‑dim) : 0
- Upright            : 0

-------
Start processing sequence ...
Images in the sequence: 7513

1
New map created with 92 points for 0 Feature Type 
New map created with 199 points for 1 Feature Type 
Tracking Initlized in 315.98s
The initlized frame ID: 142
The lost frame ID: 831
The lost frame ID: 832
The lost frame ID: 833
The lost frame ID: 834
The lost frame ID: 835
The lost frame ID: 836
The lost frame ID: 837
The lost frame ID: 1482
The lost frame ID: 1483
The lost frame ID: 1484
The lost frame ID: 1485
The lost frame ID: 1486
The lost frame ID: 1487
The lost frame ID: 1488
The lost frame ID: 1489
The lost frame ID: 1492
The lost frame ID: 1499
The lost frame ID: 1500
The lost frame ID: 1502
The lost frame ID: 1503
The lost frame ID: 1505
The lost frame ID: 1506
The lost frame ID: 1507
The lost frame ID: 1508
The lost frame ID: 1509
The lost frame ID: 1510
The lost frame ID: 1511
The lost frame ID: 1512
The lost frame ID: 1513

Saving camera trajectory to TrajectoryBeforeReset_oxf_bsk_kaz_r20_seg01_pid403524_1757617563504.txt ...

trajectory saved!
[Tracking] wrote pre-reset trajectory to TrajectoryBeforeReset_oxf_bsk_kaz_r20_seg01_pid403524_1757617563504.txt
[Tracking] LOST for 10 consecutive frames -> reset
System Reseting
Reseting Local Mapper... done
Reseting Loop Closing... done
Reseting Database... done
1
New map created with 332 points for 0 Feature Type 
New map created with 922 points for 1 Feature Type 
Tracking Initlized in 5.46s
The initlized frame ID: 2
The lost frame ID: 2038
The lost frame ID: 2039
The lost frame ID: 2040
The lost frame ID: 2041
The lost frame ID: 2042
The lost frame ID: 2043
The lost frame ID: 2044
The lost frame ID: 2045
The lost frame ID: 2046

Saving camera trajectory to TrajectoryBeforeReset_oxf_bsk_kaz_r20_seg02_pid403524_1757618615622.txt ...

trajectory saved!
[Tracking] wrote pre-reset trajectory to TrajectoryBeforeReset_oxf_bsk_kaz_r20_seg02_pid403524_1757618615622.txt
[Tracking] LOST for 10 consecutive frames -> reset
System Reseting
Reseting Local Mapper... done
Reseting Loop Closing... done
Reseting Database... done
1
New map created with 104 points for 0 Feature Type 
New map created with 643 points for 1 Feature Type 
Tracking Initlized in 4.58s
The initlized frame ID: 2
The lost frame ID: 1409
The lost frame ID: 1410
The lost frame ID: 1411
The lost frame ID: 1412
The lost frame ID: 1413
The lost frame ID: 1414
The lost frame ID: 1417
The lost frame ID: 1418
The lost frame ID: 1419
The lost frame ID: 1420
The lost frame ID: 1421
The lost frame ID: 1422
The lost frame ID: 1423
The lost frame ID: 1424
The lost frame ID: 1425

Saving camera trajectory to TrajectoryBeforeReset_oxf_bsk_kaz_r20_seg03_pid403524_1757619343889.txt ...

trajectory saved!
[Tracking] wrote pre-reset trajectory to TrajectoryBeforeReset_oxf_bsk_kaz_r20_seg03_pid403524_1757619343889.txt
[Tracking] LOST for 10 consecutive frames -> reset
System Reseting
Reseting Local Mapper... done
Reseting Loop Closing... done
Reseting Database... done
1
New map created with 84 points for 0 Feature Type 
New map created with 368 points for 1 Feature Type 
Tracking Initlized in 3.95s
The initlized frame ID: 2
Track lost soon after initialisation, reseting...
System Reseting
Reseting Local Mapper... done
Reseting Loop Closing... done
Reseting Database... done
1
New map created with 72 points for 0 Feature Type 
New map created with 442 points for 1 Feature Type 
Tracking Initlized in 2.20s
The initlized frame ID: 1
The lost frame ID: 2232
The lost frame ID: 2233
The lost frame ID: 2234
The lost frame ID: 2235
The lost frame ID: 2236
The lost frame ID: 2237
The lost frame ID: 2238
The lost frame ID: 2239
The lost frame ID: 2240

Saving camera trajectory to TrajectoryBeforeReset_oxf_bsk_kaz_r20_seg04_pid403524_1757620442220.txt ...

trajectory saved!
[Tracking] wrote pre-reset trajectory to TrajectoryBeforeReset_oxf_bsk_kaz_r20_seg04_pid403524_1757620442220.txt
[Tracking] LOST for 10 consecutive frames -> reset
System Reseting
Reseting Local Mapper... done
Reseting Loop Closing... done
Reseting Database... done
1
New map created with 181 points for 0 Feature Type 
New map created with 535 points for 1 Feature Type 
Tracking Initlized in 14.94s
The initlized frame ID: 7
The lost frame ID: 152
The lost frame ID: 153
The lost frame ID: 154
The lost frame ID: 155
The lost frame ID: 156
The lost frame ID: 157
The lost frame ID: 158
The lost frame ID: 161
The lost frame ID: 163
The lost frame ID: 167
The lost frame ID: 168
The lost frame ID: 169
The lost frame ID: 170
The lost frame ID: 171
The lost frame ID: 172
The lost frame ID: 175
The lost frame ID: 177
The lost frame ID: 178
The lost frame ID: 181
The lost frame ID: 182
The lost frame ID: 183
The lost frame ID: 184
The lost frame ID: 185
The lost frame ID: 188
The lost frame ID: 190
The lost frame ID: 192
The lost frame ID: 193
The lost frame ID: 200
The lost frame ID: 202
The lost frame ID: 203
The lost frame ID: 204
The lost frame ID: 205
The lost frame ID: 206
The lost frame ID: 208
The lost frame ID: 209
The lost frame ID: 211
The lost frame ID: 212
The lost frame ID: 214
The lost frame ID: 215
The lost frame ID: 216
The lost frame ID: 217
The lost frame ID: 218
The lost frame ID: 219
The lost frame ID: 220
The lost frame ID: 221
The lost frame ID: 222
The lost frame ID: 224
The lost frame ID: 227
The lost frame ID: 228
The lost frame ID: 229
The lost frame ID: 230
The lost frame ID: 231
The lost frame ID: 232
The lost frame ID: 233
The lost frame ID: 234
The lost frame ID: 235

Saving camera trajectory to TrajectoryBeforeReset_oxf_bsk_kaz_r20_seg05_pid403524_1757620566664.txt ...

trajectory saved!
[Tracking] wrote pre-reset trajectory to TrajectoryBeforeReset_oxf_bsk_kaz_r20_seg05_pid403524_1757620566664.txt
[Tracking] LOST for 10 consecutive frames -> reset
System Reseting
Reseting Local Mapper... done
Reseting Loop Closing... done
Reseting Database... done
1
New map created with 344 points for 0 Feature Type 
New map created with 786 points for 1 Feature Type 
Tracking Initlized in 4.93s
The initlized frame ID: 2
System::StopViewer()
System::StopViewer() done

Saving correlation status...

========== Global Summary ==========
Frames: 7223
avg_CorrEdges: 23.0803
avg_match_A: 164.612
avg_match_B: 281.244
global_RI_MNR: 0.14021
global_RI_GNR: 0.107268
global_RI_DICE: 0.103532

========== Per-Channel Summary ==========
   chA   chB     avgCorr        avgA        avgB   avgRI_MNR   avgRI_GNR  avgRI_DICE
     0     1     23.0803     164.612     281.244     0.12927   0.0970147   0.0928068

Correlation status saved!

System Shutdown
-------

median tracking time: 0.512047
mean tracking time: 0.511802

Saving camera trajectory to result20.txt ...

trajectory saved!
All done

========== Performance Summary (ms) ==========
name                                mean      median        rmse         min         max       count
Lost Count                         1.000       1.000       0.000       1.000       1.000           5
Tracking                          21.532      19.617      11.241       1.873     387.660        7348
Reset Count                        1.000       1.000       0.000       1.000       1.000           6
Correlation                        0.410       0.351       0.284       0.007       5.443        7224
Total Init                     81442.764   81442.764       0.000   81442.764   81442.764           1
Pipeline                         510.735     511.953      55.148     268.365    1021.642        7513
KAZE Extract                     482.243     483.809      52.303     257.181     963.061        7513
BRISK Extract                     56.817      48.726      30.266       3.290     246.944        7513
