Registering ORBextractor...
Registering AKAZEextractor...
Registering BRISKextractor...
Registering SIFTextractor...
Registering KAZEextractor...
Registering SuperPointExtractor...

ORB-SLAM2 Copyright (C) 2014-2016 Raul Mur-Artal, University of Zaragoza.
This program comes with ABSOLUTELY NO WARRANTY;
This is free software, and you are welcome to redistribute it
under certain conditions. See LICENSE.txt.

Input sensor was set to: Monocular

Loading Vocabulary : /home/howard/PM-SLAM/Install/var/lib/orbslam2/voc/kaze_cv.fbow
This could take a while...
Loading KAZE Vocabulary in FBoW.
KAZE Vocabulary loaded in 0.012513s


Loading Vocabulary : /home/howard/PM-SLAM/Install/var/lib/orbslam2/voc/sift_cv.fbow
This could take a while...
Loading SIFT Vocabulary in FBoW.
SIFT Vocabulary loaded in 0.019281s


Camera Parameters: 
- fx: 707.091
- fy: 707.091
- cx: 601.887
- cy: 183.11
- k1: 0
- k2: 0
- p1: 0
- p2: 0
- fps: 10
- color order: RGB (ignored if grayscale)

[Feature 0] KAZE Extractor Parameters: 
 ( TH_LOW: 0.5, TH_HIGH: 1 )
- Number of Features : 2000
- Scale Levels       : 4
- Scale Factor       : 1.2
- Threshold          : 0.001
- nOctaves           : 4
- nOctaveLayers      : 4
- Extended (128‑dim) : 0
- Upright            : 0

[Feature 1] SIFT Extractor Parameters: 
 ( TH_LOW: 300, TH_HIGH: 500 )
- Number of Features  : 2000
- Scale Levels        : 1
- Scale Factor        : 1
- Contrast Threshold  : 0.01
- Edge Threshold      : 5
- nOctaves            : 3
- Sigma               : 1.6

-------
Start processing sequence ...
Images in the sequence: 1101

Viewer started, waiting for thread.
1
New map created with 235 points for 0 Feature Type 
New map created with 804 points for 1 Feature Type 
Tracking Initlized in 4.63s
The initlized frame ID: 3
[LoopClosing] Sim3 choosed on channel 0
Loop detected!
Local Mapping STOP
Local Mapping RELEASE
Starting Global Bundle Adjustment
Global Bundle Adjustment finished
Updating map ...
Local Mapping STOP
Local Mapping RELEASE
Map updated!
System::StopViewer()
System::StopViewer() done
System::StopViewer()
System::StopViewer() done
Tracking thread joined...

Saving correlation status...

========== Global Summary ==========
Frames: 1097
avg_CorrEdges: 15.0474
avg_match_A: 222.152
avg_match_B: 178.72
global_RI_MNR: 0.0841953
global_RI_GNR: 0.0755178
global_RI_DICE: 0.0750733

========== Per-Channel Summary ==========
   chA   chB     avgCorr        avgA        avgB   avgRI_MNR   avgRI_GNR  avgRI_DICE
     0     1     15.0474     222.152      178.72   0.0726879   0.0623918   0.0614478

Correlation status saved!

-------

median tracking time: 0.232895
mean tracking time: 0.239541

Saving camera trajectory to result14.txt ...

trajectory saved!

========== Performance Summary (ms) ==========
name                                mean      median        rmse         min         max       count
Tracking                          11.924      10.901       4.944       3.815      72.595        1097
Correlation                        0.298       0.263       0.136       0.077       1.148        1097
Total Init                      1262.399    1262.399       0.000    1262.399    1262.399           1
Pipeline                         239.532     232.888      36.087     178.901     700.505        1101
KAZE Extract                     224.561     219.321      30.898     163.560     370.276        1101
SIFT Extract                      63.263      52.795      27.705      39.113     219.847        1101
