Registering ORBextractor...
Registering AKAZEextractor...
Registering BRISKextractor...
Registering SIFTextractor...
Registering KAZEextractor...
Registering SuperPointExtractor...

ORB-SLAM2 Copyright (C) 2014-2016 Raul Mur-Artal, University of Zaragoza.
This program comes with ABSOLUTELY NO WARRANTY;
This is free software, and you are welcome to redistribute it
under certain conditions. See LICENSE.txt.

Input sensor was set to: Monocular

Loading Vocabulary : /home/howard/Refactored_ORB_SLAM2/Install/var/lib/orbslam2/voc/orb_mur.fbow
This could take a while...
Loading ORB Vocabulary in FBoW.
ORB Vocabulary loaded in 0.017405s


Loading Vocabulary : /home/howard/Refactored_ORB_SLAM2/Install/var/lib/orbslam2/voc/brisk_cv.fbow
This could take a while...
Loading BRISK Vocabulary in FBoW.
BRISK Vocabulary loaded in 0.004723s


Camera Parameters: 
- fx: 983.044
- fy: 983.044
- cx: 643.647
- cy: 493.379
- k1: 0
- k2: 0
- p1: 0
- p2: 0
- fps: 16
- color order: RGB (ignored if grayscale)

[Feature 0] ORB Extractor Parameters: 
 ( TH_LOW: 50, TH_HIGH: 100 )
- Number of Features: 2000
- Scale Levels: 8
- Scale Factor: 1.2
- Initial Fast Threshold: 20
- Minimum Fast Threshold: 7

[Feature 1] BRISK Extractor Parameters: 
 ( TH_LOW: 150, TH_HIGH: 250 )
- Number of Features: 2000
- Scale Levels: 6
- Scale Factor: 1.414
- Threshold: 50
- Num of Octaves: 3
- Pattern Scale: 1

-------
Start processing sequence ...
Images in the sequence: 7513

1
New map created with 124 points for 0 Feature Type 
New map created with 463 points for 1 Feature Type 
Tracking Initlized in 30.91s
The initlized frame ID: 148
The lost frame ID: 831
The lost frame ID: 832
The lost frame ID: 833
The lost frame ID: 834
The lost frame ID: 835
The lost frame ID: 836
The lost frame ID: 837
The lost frame ID: 838
The lost frame ID: 839
The lost frame ID: 2761
The lost frame ID: 2762
The lost frame ID: 2763
The lost frame ID: 2764
The lost frame ID: 2765
The lost frame ID: 2766
The lost frame ID: 2767
The lost frame ID: 2768
The lost frame ID: 2769

Saving camera trajectory to TrajectoryBeforeReset_oxf_orb_bsk_r02_seg01_pid539595_1757433963065.txt ...

trajectory saved!
[Tracking] wrote pre-reset trajectory to TrajectoryBeforeReset_oxf_orb_bsk_r02_seg01_pid539595_1757433963065.txt
[Tracking] LOST for 10 consecutive frames -> reset
System Reseting
Reseting Local Mapper... done
Reseting Loop Closing... done
Reseting Database... done
1
New map created with 41 points for 0 Feature Type 
New map created with 105 points for 1 Feature Type 
Tracking Initlized in 0.78s
The initlized frame ID: 3
The lost frame ID: 179
The lost frame ID: 180
The lost frame ID: 181
The lost frame ID: 182
The lost frame ID: 183
The lost frame ID: 184
The lost frame ID: 185
The lost frame ID: 186
The lost frame ID: 187

Saving camera trajectory to TrajectoryBeforeReset_oxf_orb_bsk_r02_seg02_pid539595_1757433986190.txt ...

trajectory saved!
[Tracking] wrote pre-reset trajectory to TrajectoryBeforeReset_oxf_orb_bsk_r02_seg02_pid539595_1757433986190.txt
[Tracking] LOST for 10 consecutive frames -> reset
System Reseting
Reseting Local Mapper... done
Reseting Loop Closing... done
Reseting Database... done
0
New map created with 105 points for 0 Feature Type 
New map created with 139 points for 1 Feature Type 
Tracking Initlized in 9.18s
The initlized frame ID: 35
The lost frame ID: 594
The lost frame ID: 595
The lost frame ID: 596
The lost frame ID: 597
The lost frame ID: 598
The lost frame ID: 599
The lost frame ID: 600
The lost frame ID: 601
The lost frame ID: 602

Saving camera trajectory to TrajectoryBeforeReset_oxf_orb_bsk_r02_seg03_pid539595_1757434076393.txt ...

trajectory saved!
[Tracking] wrote pre-reset trajectory to TrajectoryBeforeReset_oxf_orb_bsk_r02_seg03_pid539595_1757434076393.txt
[Tracking] LOST for 10 consecutive frames -> reset
System Reseting
Reseting Local Mapper... done
Reseting Loop Closing... done
Reseting Database... done
0
New map created with 112 points for 0 Feature Type 
New map created with 45 points for 1 Feature Type 
Tracking Initlized in 5.95s
The initlized frame ID: 40
The lost frame ID: 1408
The lost frame ID: 1409
The lost frame ID: 1410
The lost frame ID: 1411
The lost frame ID: 1412
The lost frame ID: 1413
The lost frame ID: 1414
The lost frame ID: 1415
The lost frame ID: 1416

Saving camera trajectory to TrajectoryBeforeReset_oxf_orb_bsk_r02_seg04_pid539595_1757434203136.txt ...

trajectory saved!
[Tracking] wrote pre-reset trajectory to TrajectoryBeforeReset_oxf_orb_bsk_r02_seg04_pid539595_1757434203136.txt
[Tracking] LOST for 10 consecutive frames -> reset
System Reseting
Reseting Local Mapper... done
Reseting Loop Closing... done
Reseting Database... done
0
New map created with 157 points for 0 Feature Type 
New map created with 123 points for 1 Feature Type 
Tracking Initlized in 0.34s
The initlized frame ID: 2
The lost frame ID: 2244
The lost frame ID: 2245
The lost frame ID: 2246
The lost frame ID: 2247
The lost frame ID: 2248
The lost frame ID: 2249
The lost frame ID: 2250
The lost frame ID: 2251
The lost frame ID: 2252

Saving camera trajectory to TrajectoryBeforeReset_oxf_orb_bsk_r02_seg05_pid539595_1757434372680.txt ...

trajectory saved!
[Tracking] wrote pre-reset trajectory to TrajectoryBeforeReset_oxf_orb_bsk_r02_seg05_pid539595_1757434372680.txt
[Tracking] LOST for 10 consecutive frames -> reset
System Reseting
Reseting Local Mapper... done
Reseting Loop Closing... done
Reseting Database... done
1
New map created with 14 points for 0 Feature Type 
New map created with 76 points for 1 Feature Type 
Wrong initialization, reseting...
System Reseting
Reseting Local Mapper... done
Reseting Loop Closing... done
Reseting Database... done
0
New map created with 112 points for 0 Feature Type 
New map created with 283 points for 1 Feature Type 
Tracking Initlized in 0.31s
The initlized frame ID: 1
The lost frame ID: 142
The lost frame ID: 143
The lost frame ID: 144
The lost frame ID: 145
The lost frame ID: 146
The lost frame ID: 147
The lost frame ID: 148
The lost frame ID: 149
The lost frame ID: 150

Saving camera trajectory to TrajectoryBeforeReset_oxf_orb_bsk_r02_seg06_pid539595_1757434395540.txt ...

trajectory saved!
[Tracking] wrote pre-reset trajectory to TrajectoryBeforeReset_oxf_orb_bsk_r02_seg06_pid539595_1757434395540.txt
[Tracking] LOST for 10 consecutive frames -> reset
System Reseting
Reseting Local Mapper... done
Reseting Loop Closing... done
Reseting Database... done
1
New map created with 66 points for 0 Feature Type 
New map created with 173 points for 1 Feature Type 
Tracking Initlized in 0.58s
The initlized frame ID: 2
System::StopViewer()
System::StopViewer() done

Saving correlation status...

========== Global Summary ==========
Frames: 7191
avg_CorrEdges: 17.2249
avg_match_A: 83.7743
avg_match_B: 143.511
global_RI_MNR: 0.20561
global_RI_GNR: 0.157093
global_RI_DICE: 0.15157

========== Per-Channel Summary ==========
   chA   chB     avgCorr        avgA        avgB   avgRI_MNR   avgRI_GNR  avgRI_DICE
     0     1     17.2249     83.7743     143.511    0.202993    0.148438    0.140327

Correlation status saved!

System Shutdown
-------

median tracking time: 0.0624806
mean tracking time: 0.0719242

Saving camera trajectory to result02.txt ...

trajectory saved!
All done

========== Performance Summary (ms) ==========
name                                mean      median        rmse         min         max       count
Lost Count                         1.000       1.000       0.000       1.000       1.000           6
Tracking                          10.511       9.434       8.047       2.166     402.593        7263
Reset Count                        1.000       1.000       0.000       1.000       1.000           7
Correlation                        0.246       0.211       0.177       0.004       5.221        7194
Total Init                     20911.668   20911.668       0.000   20911.668   20911.668           1
Pipeline                          71.083      62.450      30.637      13.080     500.522        7513
ORB Extract                       32.505      31.143       8.086       7.946      76.365        7513
BRISK Extract                     53.694      44.705      29.064       3.069     172.737        7513
