Registering ORBextractor...
Registering AKAZEextractor...
Registering BRISKextractor...
Registering SIFTextractor...
Registering KAZEextractor...
Registering SuperPointExtractor...

ORB-SLAM2 Copyright (C) 2014-2016 Raul Mur-Artal, University of Zaragoza.
This program comes with ABSOLUTELY NO WARRANTY;
This is free software, and you are welcome to redistribute it
under certain conditions. See LICENSE.txt.

Input sensor was set to: Monocular

Loading Vocabulary : /home/howard/Refactored_ORB_SLAM2/Install/var/lib/orbslam2/voc/orb_mur.fbow
This could take a while...
Loading ORB Vocabulary in FBoW.
ORB Vocabulary loaded in 0.015556s


Loading Vocabulary : /home/howard/Refactored_ORB_SLAM2/Install/var/lib/orbslam2/voc/brisk_cv.fbow
This could take a while...
Loading BRISK Vocabulary in FBoW.
BRISK Vocabulary loaded in 0.002493s


Camera Parameters: 
- fx: 983.044
- fy: 983.044
- cx: 643.647
- cy: 493.379
- k1: 0
- k2: 0
- p1: 0
- p2: 0
- fps: 16
- color order: RGB (ignored if grayscale)

[Feature 0] ORB Extractor Parameters: 
 ( TH_LOW: 50, TH_HIGH: 100 )
- Number of Features: 2000
- Scale Levels: 8
- Scale Factor: 1.2
- Initial Fast Threshold: 20
- Minimum Fast Threshold: 7

[Feature 1] BRISK Extractor Parameters: 
 ( TH_LOW: 100, TH_HIGH: 200 )
- Number of Features: 1000
- Scale Levels: 6
- Scale Factor: 1.414
- Threshold: 10
- Num of Octaves: 3
- Pattern Scale: 1

-------
Start processing sequence ...
Images in the sequence: 7513

1
New map created with 65 points for 0 Feature Type 
New map created with 97 points for 1 Feature Type 
Tracking Initlized in 51.71s
The initlized frame ID: 157
The lost frame ID: 831
The lost frame ID: 832
The lost frame ID: 833
The lost frame ID: 834
The lost frame ID: 835
The lost frame ID: 836
The lost frame ID: 837
The lost frame ID: 838
The lost frame ID: 839

Saving camera trajectory to TrajectoryBeforeReset_oxf_orb_bsk_r03_seg01_pid2211579_1757407309505.txt ...

trajectory saved!
[Tracking] wrote pre-reset trajectory to TrajectoryBeforeReset_oxf_orb_bsk_r03_seg01_pid2211579_1757407309505.txt
[Tracking] LOST for 10 consecutive frames -> reset
System Reseting
Reseting Local Mapper... done
Reseting Loop Closing... done
Reseting Database... done
0
New map created with 112 points for 0 Feature Type 
New map created with 149 points for 1 Feature Type 
Tracking Initlized in 0.70s
The initlized frame ID: 2
The lost frame ID: 624
The lost frame ID: 625
The lost frame ID: 626
The lost frame ID: 627
The lost frame ID: 628
The lost frame ID: 629
The lost frame ID: 630
The lost frame ID: 631
The lost frame ID: 632

Saving camera trajectory to TrajectoryBeforeReset_oxf_orb_bsk_r03_seg02_pid2211579_1757407444095.txt ...

trajectory saved!
[Tracking] wrote pre-reset trajectory to TrajectoryBeforeReset_oxf_orb_bsk_r03_seg02_pid2211579_1757407444095.txt
[Tracking] LOST for 10 consecutive frames -> reset
System Reseting
Reseting Local Mapper... done
Reseting Loop Closing... done
Reseting Database... done
1
New map created with 22 points for 0 Feature Type 
New map created with 68 points for 1 Feature Type 
Wrong initialization, reseting...
System Reseting
Reseting Local Mapper... done
Reseting Loop Closing... done
Reseting Database... done
0
New map created with 133 points for 0 Feature Type 
New map created with 127 points for 1 Feature Type 
Tracking Initlized in 5.58s
The initlized frame ID: 16
The lost frame ID: 1055
The lost frame ID: 1056
The lost frame ID: 1057
The lost frame ID: 1058
The lost frame ID: 1059
The lost frame ID: 1060
The lost frame ID: 1061
The lost frame ID: 1062
The lost frame ID: 1063

Saving camera trajectory to TrajectoryBeforeReset_oxf_orb_bsk_r03_seg03_pid2211579_1757407716522.txt ...

trajectory saved!
[Tracking] wrote pre-reset trajectory to TrajectoryBeforeReset_oxf_orb_bsk_r03_seg03_pid2211579_1757407716522.txt
[Tracking] LOST for 10 consecutive frames -> reset
System Reseting
Reseting Local Mapper... done
Reseting Loop Closing... done
Reseting Database... done
0
New map created with 109 points for 0 Feature Type 
New map created with 123 points for 1 Feature Type 
Tracking Initlized in 0.56s
The initlized frame ID: 2
The lost frame ID: 207
The lost frame ID: 208
The lost frame ID: 209
The lost frame ID: 210
The lost frame ID: 211
The lost frame ID: 212
The lost frame ID: 213
The lost frame ID: 214
The lost frame ID: 215

Saving camera trajectory to TrajectoryBeforeReset_oxf_orb_bsk_r03_seg04_pid2211579_1757407773032.txt ...

trajectory saved!
[Tracking] wrote pre-reset trajectory to TrajectoryBeforeReset_oxf_orb_bsk_r03_seg04_pid2211579_1757407773032.txt
[Tracking] LOST for 10 consecutive frames -> reset
System Reseting
Reseting Local Mapper... done
Reseting Loop Closing... done
Reseting Database... done
0
New map created with 111 points for 0 Feature Type 
New map created with 35 points for 1 Feature Type 
Tracking Initlized in 60.55s
The initlized frame ID: 155
The lost frame ID: 180
The lost frame ID: 181
The lost frame ID: 182
The lost frame ID: 183
The lost frame ID: 184
The lost frame ID: 185
The lost frame ID: 186
The lost frame ID: 187
The lost frame ID: 188

Saving camera trajectory to TrajectoryBeforeReset_oxf_orb_bsk_r03_seg05_pid2211579_1757407832893.txt ...

trajectory saved!
[Tracking] wrote pre-reset trajectory to TrajectoryBeforeReset_oxf_orb_bsk_r03_seg05_pid2211579_1757407832893.txt
[Tracking] LOST for 10 consecutive frames -> reset
System Reseting
Reseting Local Mapper... done
Reseting Loop Closing... done
Reseting Database... done
0
New map created with 92 points for 0 Feature Type 
New map created with 61 points for 1 Feature Type 
Tracking Initlized in 20.12s
The initlized frame ID: 48
The lost frame ID: 595
The lost frame ID: 596
The lost frame ID: 597
The lost frame ID: 598
The lost frame ID: 599
The lost frame ID: 600
The lost frame ID: 601
The lost frame ID: 602
The lost frame ID: 603

Saving camera trajectory to TrajectoryBeforeReset_oxf_orb_bsk_r03_seg06_pid2211579_1757408041018.txt ...

trajectory saved!
[Tracking] wrote pre-reset trajectory to TrajectoryBeforeReset_oxf_orb_bsk_r03_seg06_pid2211579_1757408041018.txt
[Tracking] LOST for 10 consecutive frames -> reset
System Reseting
Reseting Local Mapper... done
Reseting Loop Closing... done
Reseting Database... done
0
New map created with 69 points for 0 Feature Type 
New map created with 96 points for 1 Feature Type 
Tracking Initlized in 10.82s
The initlized frame ID: 40
The lost frame ID: 1409
The lost frame ID: 1410
The lost frame ID: 1411
The lost frame ID: 1412
The lost frame ID: 1413
The lost frame ID: 1414
The lost frame ID: 1415
The lost frame ID: 1416
The lost frame ID: 1417

Saving camera trajectory to TrajectoryBeforeReset_oxf_orb_bsk_r03_seg07_pid2211579_1757408360970.txt ...

trajectory saved!
[Tracking] wrote pre-reset trajectory to TrajectoryBeforeReset_oxf_orb_bsk_r03_seg07_pid2211579_1757408360970.txt
[Tracking] LOST for 10 consecutive frames -> reset
System Reseting
Reseting Local Mapper... done
Reseting Loop Closing... done
Reseting Database... done
0
New map created with 146 points for 0 Feature Type 
New map created with 201 points for 1 Feature Type 
Tracking Initlized in 0.66s
The initlized frame ID: 2
The lost frame ID: 2242
The lost frame ID: 2243
The lost frame ID: 2244
The lost frame ID: 2245
The lost frame ID: 2246
The lost frame ID: 2247
The lost frame ID: 2248
The lost frame ID: 2249
The lost frame ID: 2250

Saving camera trajectory to TrajectoryBeforeReset_oxf_orb_bsk_r03_seg08_pid2211579_1757408823179.txt ...

trajectory saved!
[Tracking] wrote pre-reset trajectory to TrajectoryBeforeReset_oxf_orb_bsk_r03_seg08_pid2211579_1757408823179.txt
[Tracking] LOST for 10 consecutive frames -> reset
System Reseting
Reseting Local Mapper... done
Reseting Loop Closing... done
Reseting Database... done
0
New map created with 115 points for 0 Feature Type 
New map created with 76 points for 1 Feature Type 
Tracking Initlized in 5.56s
The initlized frame ID: 19
The lost frame ID: 155
The lost frame ID: 156
The lost frame ID: 157
The lost frame ID: 158
The lost frame ID: 159
The lost frame ID: 160
The lost frame ID: 161
The lost frame ID: 162
The lost frame ID: 163

Saving camera trajectory to TrajectoryBeforeReset_oxf_orb_bsk_r03_seg09_pid2211579_1757408876052.txt ...

trajectory saved!
[Tracking] wrote pre-reset trajectory to TrajectoryBeforeReset_oxf_orb_bsk_r03_seg09_pid2211579_1757408876052.txt
[Tracking] LOST for 10 consecutive frames -> reset
System Reseting
Reseting Local Mapper... done
Reseting Loop Closing... done
Reseting Database... done
0
New map created with 121 points for 0 Feature Type 
New map created with 57 points for 1 Feature Type 
Tracking Initlized in 3.57s
The initlized frame ID: 7
System::StopViewer()
System::StopViewer() done

Saving correlation status...

========== Global Summary ==========
Frames: 6948
avg_CorrEdges: 19.5923
avg_match_A: 118.953
avg_match_B: 99.9073
global_RI_MNR: 0.196104
global_RI_GNR: 0.179721
global_RI_DICE: 0.179039

========== Per-Channel Summary ==========
   chA   chB     avgCorr        avgA        avgB   avgRI_MNR   avgRI_GNR  avgRI_DICE
     0     1     19.5923     118.953     99.9073    0.203103    0.169225    0.165262

Correlation status saved!

System Shutdown
-------

median tracking time: 0.206067
mean tracking time: 0.21545

Saving camera trajectory to result03.txt ...

trajectory saved!
All done

========== Performance Summary (ms) ==========
name                                mean      median        rmse         min         max       count
Lost Count                         1.000       1.000       0.000       1.000       1.000           9
Tracking                           8.671       7.543       7.123       0.993     476.219        7039
Reset Count                        1.000       1.000       0.000       1.000       1.000          10
Correlation                        0.212       0.179       0.202       0.014       8.443        6949
Total Init                     42654.676   42654.676       0.000   42654.676   42654.676           1
Pipeline                         214.819     205.900      64.849       9.388     711.547        7513
ORB Extract                       28.612      27.424       7.114       7.561      71.503        7513
BRISK Extract                    201.306     192.519      64.928       3.550     405.514        7513
