Registering ORBextractor...
Registering AKAZEextractor...
Registering BRISKextractor...
Registering SIFTextractor...
Registering KAZEextractor...
Registering SuperPointExtractor...

ORB-SLAM2 Copyright (C) 2014-2016 Raul Mur-Artal, University of Zaragoza.
This program comes with ABSOLUTELY NO WARRANTY;
This is free software, and you are welcome to redistribute it
under certain conditions. See LICENSE.txt.

Input sensor was set to: Monocular

Loading Vocabulary : /home/howard/Refactored_ORB_SLAM2/Install/var/lib/orbslam2/voc/orb_mur.fbow
This could take a while...
Loading ORB Vocabulary in FBoW.
ORB Vocabulary loaded in 0.022492s


Loading Vocabulary : /home/howard/Refactored_ORB_SLAM2/Install/var/lib/orbslam2/voc/brisk_cv.fbow
This could take a while...
Loading BRISK Vocabulary in FBoW.
BRISK Vocabulary loaded in 0.004290s


Camera Parameters: 
- fx: 983.044
- fy: 983.044
- cx: 643.647
- cy: 493.379
- k1: 0
- k2: 0
- p1: 0
- p2: 0
- fps: 16
- color order: RGB (ignored if grayscale)

[Feature 0] ORB Extractor Parameters: 
 ( TH_LOW: 50, TH_HIGH: 100 )
- Number of Features: 2000
- Scale Levels: 8
- Scale Factor: 1.2
- Initial Fast Threshold: 20
- Minimum Fast Threshold: 7

[Feature 1] BRISK Extractor Parameters: 
 ( TH_LOW: 150, TH_HIGH: 250 )
- Number of Features: 2000
- Scale Levels: 6
- Scale Factor: 1.414
- Threshold: 50
- Num of Octaves: 3
- Pattern Scale: 1

-------
Start processing sequence ...
Images in the sequence: 7513

1
New map created with 124 points for 0 Feature Type 
New map created with 463 points for 1 Feature Type 
Tracking Initlized in 29.64s
The initlized frame ID: 148
The lost frame ID: 831
The lost frame ID: 832
The lost frame ID: 833
The lost frame ID: 834
The lost frame ID: 835
The lost frame ID: 836
The lost frame ID: 837
The lost frame ID: 838
The lost frame ID: 839
The lost frame ID: 845
The lost frame ID: 866
The lost frame ID: 870
The lost frame ID: 876
The lost frame ID: 877
The lost frame ID: 881
The lost frame ID: 882
The lost frame ID: 883
The lost frame ID: 884
The lost frame ID: 885
The lost frame ID: 886
The lost frame ID: 887
The lost frame ID: 888
The lost frame ID: 889

Saving camera trajectory to TrajectoryBeforeReset_oxf_orb_bsk_r06_seg01_pid737925_1757436577637.txt ...

trajectory saved!
[Tracking] wrote pre-reset trajectory to TrajectoryBeforeReset_oxf_orb_bsk_r06_seg01_pid737925_1757436577637.txt
[Tracking] LOST for 10 consecutive frames -> reset
System Reseting
Reseting Local Mapper... done
Reseting Loop Closing... done
Reseting Database... done
0
New map created with 124 points for 0 Feature Type 
New map created with 188 points for 1 Feature Type 
Tracking Initlized in 0.46s
The initlized frame ID: 2
The lost frame ID: 1001
The lost frame ID: 1002
The lost frame ID: 1003
The lost frame ID: 1004
The lost frame ID: 1005
The lost frame ID: 1006
The lost frame ID: 1007
The lost frame ID: 1008
The lost frame ID: 1009

Saving camera trajectory to TrajectoryBeforeReset_oxf_orb_bsk_r06_seg02_pid737925_1757436667723.txt ...

trajectory saved!
[Tracking] wrote pre-reset trajectory to TrajectoryBeforeReset_oxf_orb_bsk_r06_seg02_pid737925_1757436667723.txt
[Tracking] LOST for 10 consecutive frames -> reset
System Reseting
Reseting Local Mapper... done
Reseting Loop Closing... done
Reseting Database... done
1
New map created with 54 points for 0 Feature Type 
New map created with 101 points for 1 Feature Type 
Tracking Initlized in 0.80s
The initlized frame ID: 5
The lost frame ID: 860
The lost frame ID: 863
The lost frame ID: 864
The lost frame ID: 865
The lost frame ID: 866
The lost frame ID: 867
The lost frame ID: 871
The lost frame ID: 872
The lost frame ID: 873
The lost frame ID: 875
The lost frame ID: 876
The lost frame ID: 879
The lost frame ID: 881
The lost frame ID: 882
The lost frame ID: 883
The lost frame ID: 885
The lost frame ID: 887
The lost frame ID: 889
The lost frame ID: 891
The lost frame ID: 892
The lost frame ID: 894
The lost frame ID: 895
The lost frame ID: 897
The lost frame ID: 898
The lost frame ID: 899
The lost frame ID: 900
The lost frame ID: 901
The lost frame ID: 902
The lost frame ID: 903
The lost frame ID: 904
The lost frame ID: 905

Saving camera trajectory to TrajectoryBeforeReset_oxf_orb_bsk_r06_seg03_pid737925_1757436750449.txt ...

trajectory saved!
[Tracking] wrote pre-reset trajectory to TrajectoryBeforeReset_oxf_orb_bsk_r06_seg03_pid737925_1757436750449.txt
[Tracking] LOST for 10 consecutive frames -> reset
System Reseting
Reseting Local Mapper... done
Reseting Loop Closing... done
Reseting Database... done
1
New map created with 81 points for 0 Feature Type 
New map created with 204 points for 1 Feature Type 
Tracking Initlized in 0.25s
The initlized frame ID: 1
Track lost soon after initialisation, reseting...
System Reseting
Reseting Local Mapper... done
Reseting Loop Closing... done
Reseting Database... done
1
New map created with 83 points for 0 Feature Type 
New map created with 174 points for 1 Feature Type 
Tracking Initlized in 0.23s
The initlized frame ID: 1
Track lost soon after initialisation, reseting...
System Reseting
Reseting Local Mapper... done
Reseting Loop Closing... done
Reseting Database... done
1
New map created with 52 points for 0 Feature Type 
New map created with 195 points for 1 Feature Type 
Tracking Initlized in 0.50s
The initlized frame ID: 2
The lost frame ID: 137
The lost frame ID: 138
The lost frame ID: 139
The lost frame ID: 140
The lost frame ID: 141
The lost frame ID: 142
The lost frame ID: 143
The lost frame ID: 144
The lost frame ID: 145

Saving camera trajectory to TrajectoryBeforeReset_oxf_orb_bsk_r06_seg04_pid737925_1757436770594.txt ...

trajectory saved!
[Tracking] wrote pre-reset trajectory to TrajectoryBeforeReset_oxf_orb_bsk_r06_seg04_pid737925_1757436770594.txt
[Tracking] LOST for 10 consecutive frames -> reset
System Reseting
Reseting Local Mapper... done
Reseting Loop Closing... done
Reseting Database... done
0
New map created with 104 points for 0 Feature Type 
New map created with 172 points for 1 Feature Type 
Tracking Initlized in 9.09s
The initlized frame ID: 35
The lost frame ID: 594
The lost frame ID: 595
The lost frame ID: 596
The lost frame ID: 597
The lost frame ID: 598
The lost frame ID: 599
The lost frame ID: 600
The lost frame ID: 601
The lost frame ID: 602

Saving camera trajectory to TrajectoryBeforeReset_oxf_orb_bsk_r06_seg05_pid737925_1757436855580.txt ...

trajectory saved!
[Tracking] wrote pre-reset trajectory to TrajectoryBeforeReset_oxf_orb_bsk_r06_seg05_pid737925_1757436855580.txt
[Tracking] LOST for 10 consecutive frames -> reset
System Reseting
Reseting Local Mapper... done
Reseting Loop Closing... done
Reseting Database... done
0
New map created with 117 points for 0 Feature Type 
New map created with 46 points for 1 Feature Type 
Tracking Initlized in 6.12s
The initlized frame ID: 40
The lost frame ID: 1408
The lost frame ID: 1409
The lost frame ID: 1410
The lost frame ID: 1411
The lost frame ID: 1412
The lost frame ID: 1413
The lost frame ID: 1414
The lost frame ID: 1415
The lost frame ID: 1416

Saving camera trajectory to TrajectoryBeforeReset_oxf_orb_bsk_r06_seg06_pid737925_1757436976681.txt ...

trajectory saved!
[Tracking] wrote pre-reset trajectory to TrajectoryBeforeReset_oxf_orb_bsk_r06_seg06_pid737925_1757436976681.txt
[Tracking] LOST for 10 consecutive frames -> reset
System Reseting
Reseting Local Mapper... done
Reseting Loop Closing... done
Reseting Database... done
0
New map created with 137 points for 0 Feature Type 
New map created with 117 points for 1 Feature Type 
Tracking Initlized in 0.40s
The initlized frame ID: 2
The lost frame ID: 784
The lost frame ID: 785
The lost frame ID: 786
The lost frame ID: 787
The lost frame ID: 788
The lost frame ID: 789
The lost frame ID: 790
The lost frame ID: 791
The lost frame ID: 792

Saving camera trajectory to TrajectoryBeforeReset_oxf_orb_bsk_r06_seg07_pid737925_1757437039673.txt ...

trajectory saved!
[Tracking] wrote pre-reset trajectory to TrajectoryBeforeReset_oxf_orb_bsk_r06_seg07_pid737925_1757437039673.txt
[Tracking] LOST for 10 consecutive frames -> reset
System Reseting
Reseting Local Mapper... done
Reseting Loop Closing... done
Reseting Database... done
1
New map created with 75 points for 0 Feature Type 
New map created with 76 points for 1 Feature Type 
Tracking Initlized in 3.78s
The initlized frame ID: 26
The lost frame ID: 1451
The lost frame ID: 1452
The lost frame ID: 1453
The lost frame ID: 1454
The lost frame ID: 1455
The lost frame ID: 1456
The lost frame ID: 1457
The lost frame ID: 1458
The lost frame ID: 1459

Saving camera trajectory to TrajectoryBeforeReset_oxf_orb_bsk_r06_seg08_pid737925_1757437160174.txt ...

trajectory saved!
[Tracking] wrote pre-reset trajectory to TrajectoryBeforeReset_oxf_orb_bsk_r06_seg08_pid737925_1757437160174.txt
[Tracking] LOST for 10 consecutive frames -> reset
System Reseting
Reseting Local Mapper... done
Reseting Loop Closing... done
Reseting Database... done
1
New map created with 24 points for 0 Feature Type 
New map created with 96 points for 1 Feature Type 
Tracking Initlized in 1.50s
The initlized frame ID: 10
The lost frame ID: 156
The lost frame ID: 157
The lost frame ID: 158
The lost frame ID: 159
The lost frame ID: 160
The lost frame ID: 161
The lost frame ID: 162
The lost frame ID: 163
The lost frame ID: 164

Saving camera trajectory to TrajectoryBeforeReset_oxf_orb_bsk_r06_seg09_pid737925_1757437180670.txt ...

trajectory saved!
[Tracking] wrote pre-reset trajectory to TrajectoryBeforeReset_oxf_orb_bsk_r06_seg09_pid737925_1757437180670.txt
[Tracking] LOST for 10 consecutive frames -> reset
System Reseting
Reseting Local Mapper... done
Reseting Loop Closing... done
Reseting Database... done
1
New map created with 45 points for 0 Feature Type 
New map created with 184 points for 1 Feature Type 
Tracking Initlized in 0.61s
The initlized frame ID: 2
System::StopViewer()
System::StopViewer() done

Saving correlation status...

========== Global Summary ==========
Frames: 7090
avg_CorrEdges: 16.6258
avg_match_A: 83.1221
avg_match_B: 139.463
global_RI_MNR: 0.200017
global_RI_GNR: 0.154417
global_RI_DICE: 0.149388

========== Per-Channel Summary ==========
   chA   chB     avgCorr        avgA        avgB   avgRI_MNR   avgRI_GNR  avgRI_DICE
     0     1     16.6258     83.1221     139.463    0.198226    0.145676    0.137914

Correlation status saved!

System Shutdown
-------

median tracking time: 0.0637104
mean tracking time: 0.073543

Saving camera trajectory to result06.txt ...

trajectory saved!
All done

========== Performance Summary (ms) ==========
name                                mean      median        rmse         min         max       count
Lost Count                         1.000       1.000       0.000       1.000       1.000           9
Tracking                          11.291       9.841       9.688       1.964     463.072        7227
Reset Count                        1.000       1.000       0.000       1.000       1.000          11
Correlation                        0.263       0.225       0.222       0.005      12.203        7099
Total Init                     20743.300   20743.300       0.000   20743.300   20743.300           1
Pipeline                          72.631      63.679      30.882      11.018     496.861        7513
ORB Extract                       33.121      31.692       8.226       7.661      78.339        7513
BRISK Extract                     54.269      45.248      29.034       3.876     174.685        7513
