Registering ORBextractor...
Registering AKAZEextractor...
Registering BRISKextractor...
Registering SIFTextractor...
Registering KAZEextractor...
Registering SuperPointExtractor...

ORB-SLAM2 Copyright (C) 2014-2016 Raul Mur-Artal, University of Zaragoza.
This program comes with ABSOLUTELY NO WARRANTY;
This is free software, and you are welcome to redistribute it
under certain conditions. See LICENSE.txt.

Input sensor was set to: Monocular

Loading Vocabulary : /home/howard/Refactored_ORB_SLAM2/Install/var/lib/orbslam2/voc/orb_mur.fbow
This could take a while...
Loading ORB Vocabulary in FBoW.
ORB Vocabulary loaded in 0.023762s


Loading Vocabulary : /home/howard/Refactored_ORB_SLAM2/Install/var/lib/orbslam2/voc/brisk_cv.fbow
This could take a while...
Loading BRISK Vocabulary in FBoW.
BRISK Vocabulary loaded in 0.004318s


Camera Parameters: 
- fx: 983.044
- fy: 983.044
- cx: 643.647
- cy: 493.379
- k1: 0
- k2: 0
- p1: 0
- p2: 0
- fps: 16
- color order: RGB (ignored if grayscale)

[Feature 0] ORB Extractor Parameters: 
 ( TH_LOW: 50, TH_HIGH: 100 )
- Number of Features: 2000
- Scale Levels: 8
- Scale Factor: 1.2
- Initial Fast Threshold: 20
- Minimum Fast Threshold: 7

[Feature 1] BRISK Extractor Parameters: 
 ( TH_LOW: 150, TH_HIGH: 250 )
- Number of Features: 2000
- Scale Levels: 6
- Scale Factor: 1.414
- Threshold: 50
- Num of Octaves: 3
- Pattern Scale: 1

-------
Start processing sequence ...
Images in the sequence: 7513

1
New map created with 125 points for 0 Feature Type 
New map created with 463 points for 1 Feature Type 
Tracking Initlized in 28.46s
The initlized frame ID: 148
The lost frame ID: 831
The lost frame ID: 832
The lost frame ID: 833
The lost frame ID: 834
The lost frame ID: 835
The lost frame ID: 836
The lost frame ID: 837
The lost frame ID: 838
The lost frame ID: 839
The lost frame ID: 2760
The lost frame ID: 2761
The lost frame ID: 2762
The lost frame ID: 2763
The lost frame ID: 2764
The lost frame ID: 2765
The lost frame ID: 2766
The lost frame ID: 2767
The lost frame ID: 2768

Saving camera trajectory to TrajectoryBeforeReset_oxf_orb_bsk_r17_seg01_pid1283269_1757444392084.txt ...

trajectory saved!
[Tracking] wrote pre-reset trajectory to TrajectoryBeforeReset_oxf_orb_bsk_r17_seg01_pid1283269_1757444392084.txt
[Tracking] LOST for 10 consecutive frames -> reset
System Reseting
Reseting Local Mapper... done
Reseting Loop Closing... done
Reseting Database... done
1
New map created with 20 points for 0 Feature Type 
New map created with 75 points for 1 Feature Type 
Wrong initialization, reseting...
System Reseting
Reseting Local Mapper... done
Reseting Loop Closing... done
Reseting Database... done
1
New map created with 52 points for 0 Feature Type 
New map created with 191 points for 1 Feature Type 
Tracking Initlized in 3.37s
The initlized frame ID: 14
The lost frame ID: 162
The lost frame ID: 163
The lost frame ID: 165
The lost frame ID: 166
The lost frame ID: 167
The lost frame ID: 168
The lost frame ID: 169
The lost frame ID: 170
The lost frame ID: 171
The lost frame ID: 172
The lost frame ID: 173

Saving camera trajectory to TrajectoryBeforeReset_oxf_orb_bsk_r17_seg02_pid1283269_1757444415937.txt ...

trajectory saved!
[Tracking] wrote pre-reset trajectory to TrajectoryBeforeReset_oxf_orb_bsk_r17_seg02_pid1283269_1757444415937.txt
[Tracking] LOST for 10 consecutive frames -> reset
System Reseting
Reseting Local Mapper... done
Reseting Loop Closing... done
Reseting Database... done
0
New map created with 121 points for 0 Feature Type 
New map created with 98 points for 1 Feature Type 
Tracking Initlized in 0.39s
The initlized frame ID: 1
The lost frame ID: 591
The lost frame ID: 592
The lost frame ID: 593
The lost frame ID: 594
The lost frame ID: 595
The lost frame ID: 596
The lost frame ID: 597
The lost frame ID: 598
The lost frame ID: 599

Saving camera trajectory to TrajectoryBeforeReset_oxf_orb_bsk_r17_seg03_pid1283269_1757444502139.txt ...

trajectory saved!
[Tracking] wrote pre-reset trajectory to TrajectoryBeforeReset_oxf_orb_bsk_r17_seg03_pid1283269_1757444502139.txt
[Tracking] LOST for 10 consecutive frames -> reset
System Reseting
Reseting Local Mapper... done
Reseting Loop Closing... done
Reseting Database... done
0
New map created with 118 points for 0 Feature Type 
New map created with 48 points for 1 Feature Type 
Tracking Initlized in 6.39s
The initlized frame ID: 40
The lost frame ID: 1408
The lost frame ID: 1409
The lost frame ID: 1410
The lost frame ID: 1411
The lost frame ID: 1412
The lost frame ID: 1413
The lost frame ID: 1414
The lost frame ID: 1415
The lost frame ID: 1416

Saving camera trajectory to TrajectoryBeforeReset_oxf_orb_bsk_r17_seg04_pid1283269_1757444630001.txt ...

trajectory saved!
[Tracking] wrote pre-reset trajectory to TrajectoryBeforeReset_oxf_orb_bsk_r17_seg04_pid1283269_1757444630001.txt
[Tracking] LOST for 10 consecutive frames -> reset
System Reseting
Reseting Local Mapper... done
Reseting Loop Closing... done
Reseting Database... done
0
New map created with 150 points for 0 Feature Type 
New map created with 94 points for 1 Feature Type 
Tracking Initlized in 0.30s
The initlized frame ID: 2
The lost frame ID: 2244
The lost frame ID: 2245
The lost frame ID: 2246
The lost frame ID: 2247
The lost frame ID: 2248
The lost frame ID: 2249
The lost frame ID: 2250
The lost frame ID: 2251
The lost frame ID: 2252

Saving camera trajectory to TrajectoryBeforeReset_oxf_orb_bsk_r17_seg05_pid1283269_1757444811821.txt ...

trajectory saved!
[Tracking] wrote pre-reset trajectory to TrajectoryBeforeReset_oxf_orb_bsk_r17_seg05_pid1283269_1757444811821.txt
[Tracking] LOST for 10 consecutive frames -> reset
System Reseting
Reseting Local Mapper... done
Reseting Loop Closing... done
Reseting Database... done
1
New map created with 26 points for 0 Feature Type 
New map created with 102 points for 1 Feature Type 
Tracking Initlized in 1.51s
The initlized frame ID: 10
Track lost soon after initialisation, reseting...
System Reseting
Reseting Local Mapper... done
Reseting Loop Closing... done
Reseting Database... done
0
New map created with 79 points for 0 Feature Type 
New map created with 216 points for 1 Feature Type 
Tracking Initlized in 0.52s
The initlized frame ID: 2
The lost frame ID: 140
The lost frame ID: 141
The lost frame ID: 142
The lost frame ID: 143
The lost frame ID: 144
The lost frame ID: 145
The lost frame ID: 146
The lost frame ID: 147
The lost frame ID: 148

Saving camera trajectory to TrajectoryBeforeReset_oxf_orb_bsk_r17_seg06_pid1283269_1757444835756.txt ...

trajectory saved!
[Tracking] wrote pre-reset trajectory to TrajectoryBeforeReset_oxf_orb_bsk_r17_seg06_pid1283269_1757444835756.txt
[Tracking] LOST for 10 consecutive frames -> reset
System Reseting
Reseting Local Mapper... done
Reseting Loop Closing... done
Reseting Database... done
0
New map created with 103 points for 0 Feature Type 
New map created with 173 points for 1 Feature Type 
Tracking Initlized in 0.33s
The initlized frame ID: 1
System::StopViewer()
System::StopViewer() done

Saving correlation status...

========== Global Summary ==========
Frames: 7197
avg_CorrEdges: 17.1017
avg_match_A: 83.6155
avg_match_B: 141.806
global_RI_MNR: 0.204528
global_RI_GNR: 0.157054
global_RI_DICE: 0.151731

========== Per-Channel Summary ==========
   chA   chB     avgCorr        avgA        avgB   avgRI_MNR   avgRI_GNR  avgRI_DICE
     0     1     17.1017     83.6155     141.806    0.206513     0.14978     0.14126

Correlation status saved!

System Shutdown
-------

median tracking time: 0.0646804
mean tracking time: 0.0737618

Saving camera trajectory to result17.txt ...

trajectory saved!
All done

========== Performance Summary (ms) ==========
name                                mean      median        rmse         min         max       count
Lost Count                         1.000       1.000       0.000       1.000       1.000           6
Tracking                          11.043       9.948       6.662       1.778     280.702        7269
Reset Count                        1.000       1.000       0.000       1.000       1.000           8
Correlation                        0.260       0.224       0.185       0.037       5.532        7197
Total Init                     19191.751   19191.751       0.000   19191.751   19191.751           1
Pipeline                          72.887      64.652      30.285      10.518     431.528        7513
ORB Extract                       33.242      32.012       8.230       6.800      78.461        7513
BRISK Extract                     54.827      46.147      29.468       3.598     175.124        7513
