Registering ORBextractor...
Registering AKAZEextractor...
Registering BRISKextractor...
Registering SIFTextractor...
Registering KAZEextractor...
Registering SuperPointExtractor...

ORB-SLAM2 Copyright (C) 2014-2016 Raul Mur-Artal, University of Zaragoza.
This program comes with ABSOLUTELY NO WARRANTY;
This is free software, and you are welcome to redistribute it
under certain conditions. See LICENSE.txt.

Input sensor was set to: Monocular

Loading Vocabulary : /home/howard/Refactored_ORB_SLAM2/Install/var/lib/orbslam2/voc/orb_mur.fbow
This could take a while...
Loading ORB Vocabulary in FBoW.
ORB Vocabulary loaded in 0.018301s


Loading Vocabulary : /home/howard/Refactored_ORB_SLAM2/Install/var/lib/orbslam2/voc/brisk_cv.fbow
This could take a while...
Loading BRISK Vocabulary in FBoW.
BRISK Vocabulary loaded in 0.003787s


Camera Parameters: 
- fx: 983.044
- fy: 983.044
- cx: 643.647
- cy: 493.379
- k1: 0
- k2: 0
- p1: 0
- p2: 0
- fps: 16
- color order: RGB (ignored if grayscale)

[Feature 0] ORB Extractor Parameters: 
 ( TH_LOW: 50, TH_HIGH: 100 )
- Number of Features: 2000
- Scale Levels: 8
- Scale Factor: 1.2
- Initial Fast Threshold: 20
- Minimum Fast Threshold: 7

[Feature 1] BRISK Extractor Parameters: 
 ( TH_LOW: 150, TH_HIGH: 250 )
- Number of Features: 2000
- Scale Levels: 6
- Scale Factor: 1.414
- Threshold: 50
- Num of Octaves: 3
- Pattern Scale: 1

-------
Start processing sequence ...
Images in the sequence: 7513

1
New map created with 124 points for 0 Feature Type 
New map created with 463 points for 1 Feature Type 
Tracking Initlized in 28.05s
The initlized frame ID: 148
The lost frame ID: 831
The lost frame ID: 832
The lost frame ID: 833
The lost frame ID: 834
The lost frame ID: 835
The lost frame ID: 836
The lost frame ID: 837
The lost frame ID: 838
The lost frame ID: 839
The lost frame ID: 2760
The lost frame ID: 2761
The lost frame ID: 2763
The lost frame ID: 2764
The lost frame ID: 2765
The lost frame ID: 2767
The lost frame ID: 2768
The lost frame ID: 2769
The lost frame ID: 2773
The lost frame ID: 2775
The lost frame ID: 2776
The lost frame ID: 2779
The lost frame ID: 2780
The lost frame ID: 2781
The lost frame ID: 2782
The lost frame ID: 2784
The lost frame ID: 2785
The lost frame ID: 2787
The lost frame ID: 2788
The lost frame ID: 2789
The lost frame ID: 2790
The lost frame ID: 2791
The lost frame ID: 2792
The lost frame ID: 2794
The lost frame ID: 2795
The lost frame ID: 2796
The lost frame ID: 2797
The lost frame ID: 2798
The lost frame ID: 2799
The lost frame ID: 2800
The lost frame ID: 2801
The lost frame ID: 2802

Saving camera trajectory to TrajectoryBeforeReset_oxf_orb_bsk_r19_seg01_pid1381785_1757445762487.txt ...

trajectory saved!
[Tracking] wrote pre-reset trajectory to TrajectoryBeforeReset_oxf_orb_bsk_r19_seg01_pid1381785_1757445762487.txt
[Tracking] LOST for 10 consecutive frames -> reset
System Reseting
Reseting Local Mapper... done
Reseting Loop Closing... done
Reseting Database... done
1
New map created with 52 points for 0 Feature Type 
New map created with 190 points for 1 Feature Type 
Tracking Initlized in 0.51s
The initlized frame ID: 2
Track lost soon after initialisation, reseting...
System Reseting
Reseting Local Mapper... done
Reseting Loop Closing... done
Reseting Database... done
1
New map created with 86 points for 0 Feature Type 
New map created with 198 points for 1 Feature Type 
Tracking Initlized in 0.21s
The initlized frame ID: 1
The lost frame ID: 142
The lost frame ID: 143
The lost frame ID: 144
The lost frame ID: 145
The lost frame ID: 146
The lost frame ID: 147
The lost frame ID: 148
The lost frame ID: 149
The lost frame ID: 150

Saving camera trajectory to TrajectoryBeforeReset_oxf_orb_bsk_r19_seg02_pid1381785_1757445780467.txt ...

trajectory saved!
[Tracking] wrote pre-reset trajectory to TrajectoryBeforeReset_oxf_orb_bsk_r19_seg02_pid1381785_1757445780467.txt
[Tracking] LOST for 10 consecutive frames -> reset
System Reseting
Reseting Local Mapper... done
Reseting Loop Closing... done
Reseting Database... done
0
New map created with 110 points for 0 Feature Type 
New map created with 170 points for 1 Feature Type 
Tracking Initlized in 8.48s
The initlized frame ID: 35
The lost frame ID: 594
The lost frame ID: 595
The lost frame ID: 596
The lost frame ID: 597
The lost frame ID: 598
The lost frame ID: 599
The lost frame ID: 600
The lost frame ID: 601
The lost frame ID: 602

Saving camera trajectory to TrajectoryBeforeReset_oxf_orb_bsk_r19_seg03_pid1381785_1757445866294.txt ...

trajectory saved!
[Tracking] wrote pre-reset trajectory to TrajectoryBeforeReset_oxf_orb_bsk_r19_seg03_pid1381785_1757445866294.txt
[Tracking] LOST for 10 consecutive frames -> reset
System Reseting
Reseting Local Mapper... done
Reseting Loop Closing... done
Reseting Database... done
1
New map created with 44 points for 0 Feature Type 
New map created with 66 points for 1 Feature Type 
Tracking Initlized in 6.76s
The initlized frame ID: 45
The lost frame ID: 1408
The lost frame ID: 1409
The lost frame ID: 1410
The lost frame ID: 1411
The lost frame ID: 1412
The lost frame ID: 1413
The lost frame ID: 1414
The lost frame ID: 1415
The lost frame ID: 1416

Saving camera trajectory to TrajectoryBeforeReset_oxf_orb_bsk_r19_seg04_pid1381785_1757445991057.txt ...

trajectory saved!
[Tracking] wrote pre-reset trajectory to TrajectoryBeforeReset_oxf_orb_bsk_r19_seg04_pid1381785_1757445991057.txt
[Tracking] LOST for 10 consecutive frames -> reset
System Reseting
Reseting Local Mapper... done
Reseting Loop Closing... done
Reseting Database... done
0
New map created with 140 points for 0 Feature Type 
New map created with 118 points for 1 Feature Type 
Tracking Initlized in 0.30s
The initlized frame ID: 2
The lost frame ID: 2244
The lost frame ID: 2245
The lost frame ID: 2246
The lost frame ID: 2247
The lost frame ID: 2248
The lost frame ID: 2249
The lost frame ID: 2250
The lost frame ID: 2251
The lost frame ID: 2252

Saving camera trajectory to TrajectoryBeforeReset_oxf_orb_bsk_r19_seg05_pid1381785_1757446174863.txt ...

trajectory saved!
[Tracking] wrote pre-reset trajectory to TrajectoryBeforeReset_oxf_orb_bsk_r19_seg05_pid1381785_1757446174863.txt
[Tracking] LOST for 10 consecutive frames -> reset
System Reseting
Reseting Local Mapper... done
Reseting Loop Closing... done
Reseting Database... done
1
New map created with 40 points for 0 Feature Type 
New map created with 196 points for 1 Feature Type 
Tracking Initlized in 2.98s
The initlized frame ID: 15
The lost frame ID: 156
The lost frame ID: 157
The lost frame ID: 158
The lost frame ID: 159
The lost frame ID: 160
The lost frame ID: 161
The lost frame ID: 162
The lost frame ID: 163
The lost frame ID: 164

Saving camera trajectory to TrajectoryBeforeReset_oxf_orb_bsk_r19_seg06_pid1381785_1757446200811.txt ...

trajectory saved!
[Tracking] wrote pre-reset trajectory to TrajectoryBeforeReset_oxf_orb_bsk_r19_seg06_pid1381785_1757446200811.txt
[Tracking] LOST for 10 consecutive frames -> reset
System Reseting
Reseting Local Mapper... done
Reseting Loop Closing... done
Reseting Database... done
0
New map created with 101 points for 0 Feature Type 
New map created with 167 points for 1 Feature Type 
Tracking Initlized in 0.35s
The initlized frame ID: 1
System::StopViewer()
System::StopViewer() done

Saving correlation status...

========== Global Summary ==========
Frames: 7162
avg_CorrEdges: 16.9638
avg_match_A: 82.468
avg_match_B: 140.383
global_RI_MNR: 0.205702
global_RI_GNR: 0.157661
global_RI_DICE: 0.152244

========== Per-Channel Summary ==========
   chA   chB     avgCorr        avgA        avgB   avgRI_MNR   avgRI_GNR  avgRI_DICE
     0     1     16.9638      82.468     140.383    0.203375    0.149188     0.14112

Correlation status saved!

System Shutdown
-------

median tracking time: 0.0626417
mean tracking time: 0.0722544

Saving camera trajectory to result19.txt ...

trajectory saved!
All done

========== Performance Summary (ms) ==========
name                                mean      median        rmse         min         max       count
Lost Count                         1.000       1.000       0.000       1.000       1.000           6
Tracking                          10.821       9.616       7.994       1.801     334.146        7256
Reset Count                        1.000       1.000       0.000       1.000       1.000           7
Correlation                        0.249       0.212       0.191       0.004       5.760        7163
Total Init                     19370.950   19370.950       0.000   19370.950   19370.950           1
Pipeline                          71.370      62.582      30.713      11.722     448.094        7513
ORB Extract                       32.575      31.158       8.215       8.679      84.071        7513
BRISK Extract                     53.797      44.942      29.090       3.575     180.371        7513
