Registering ORBextractor...
Registering AKAZEextractor...
Registering BRISKextractor...
Registering SIFTextractor...
Registering KAZEextractor...
Registering SuperPointExtractor...

ORB-SLAM2 Copyright (C) 2014-2016 Raul Mur-Artal, University of Zaragoza.
This program comes with ABSOLUTELY NO WARRANTY;
This is free software, and you are welcome to redistribute it
under certain conditions. See LICENSE.txt.

Input sensor was set to: Monocular

Loading Vocabulary : /home/howard/Refactored_ORB_SLAM2/Install/var/lib/orbslam2/voc/orb_mur.fbow
This could take a while...
Loading ORB Vocabulary in FBoW.
ORB Vocabulary loaded in 0.014179s


Loading Vocabulary : /home/howard/Refactored_ORB_SLAM2/Install/var/lib/orbslam2/voc/brisk_cv.fbow
This could take a while...
Loading BRISK Vocabulary in FBoW.
BRISK Vocabulary loaded in 0.002624s


Camera Parameters: 
- fx: 983.044
- fy: 983.044
- cx: 643.647
- cy: 493.379
- k1: 0
- k2: 0
- p1: 0
- p2: 0
- fps: 16
- color order: RGB (ignored if grayscale)

[Feature 0] ORB Extractor Parameters: 
 ( TH_LOW: 50, TH_HIGH: 100 )
- Number of Features: 2000
- Scale Levels: 8
- Scale Factor: 1.2
- Initial Fast Threshold: 20
- Minimum Fast Threshold: 7

[Feature 1] BRISK Extractor Parameters: 
 ( TH_LOW: 100, TH_HIGH: 200 )
- Number of Features: 1000
- Scale Levels: 6
- Scale Factor: 1.414
- Threshold: 10
- Num of Octaves: 3
- Pattern Scale: 1

-------
Start processing sequence ...
Images in the sequence: 7513

1
New map created with 65 points for 0 Feature Type 
New map created with 97 points for 1 Feature Type 
Tracking Initlized in 49.53s
The initlized frame ID: 157
The lost frame ID: 831
The lost frame ID: 832
The lost frame ID: 833
The lost frame ID: 834
The lost frame ID: 835
The lost frame ID: 836
The lost frame ID: 837
The lost frame ID: 838
The lost frame ID: 839
The lost frame ID: 845
The lost frame ID: 847
The lost frame ID: 850
The lost frame ID: 851
The lost frame ID: 852
The lost frame ID: 854
The lost frame ID: 855
The lost frame ID: 857
The lost frame ID: 859
The lost frame ID: 860
The lost frame ID: 861
The lost frame ID: 862
The lost frame ID: 863
The lost frame ID: 864
The lost frame ID: 866
The lost frame ID: 867
The lost frame ID: 869
The lost frame ID: 871
The lost frame ID: 873
The lost frame ID: 874
The lost frame ID: 875
The lost frame ID: 876
The lost frame ID: 877
The lost frame ID: 878
The lost frame ID: 879
The lost frame ID: 880
The lost frame ID: 881

Saving camera trajectory to TrajectoryBeforeReset_oxf_orb_bsk_r10_seg01_pid3496502_1757419226000.txt ...

trajectory saved!
[Tracking] wrote pre-reset trajectory to TrajectoryBeforeReset_oxf_orb_bsk_r10_seg01_pid3496502_1757419226000.txt
[Tracking] LOST for 10 consecutive frames -> reset
System Reseting
Reseting Local Mapper... done
Reseting Loop Closing... done
Reseting Database... done
0
New map created with 98 points for 0 Feature Type 
New map created with 126 points for 1 Feature Type 
Tracking Initlized in 0.61s
The initlized frame ID: 2
The lost frame ID: 598
The lost frame ID: 599
The lost frame ID: 600
The lost frame ID: 601
The lost frame ID: 602
The lost frame ID: 603
The lost frame ID: 604
The lost frame ID: 605
The lost frame ID: 606

Saving camera trajectory to TrajectoryBeforeReset_oxf_orb_bsk_r10_seg02_pid3496502_1757419347187.txt ...

trajectory saved!
[Tracking] wrote pre-reset trajectory to TrajectoryBeforeReset_oxf_orb_bsk_r10_seg02_pid3496502_1757419347187.txt
[Tracking] LOST for 10 consecutive frames -> reset
System Reseting
Reseting Local Mapper... done
Reseting Loop Closing... done
Reseting Database... done
0
New map created with 139 points for 0 Feature Type 
New map created with 131 points for 1 Feature Type 
Tracking Initlized in 5.31s
The initlized frame ID: 16
The lost frame ID: 253
The lost frame ID: 261
The lost frame ID: 262
The lost frame ID: 263
The lost frame ID: 264
The lost frame ID: 265
The lost frame ID: 266
The lost frame ID: 267
The lost frame ID: 268
The lost frame ID: 269

Saving camera trajectory to TrajectoryBeforeReset_oxf_orb_bsk_r10_seg03_pid3496502_1757419418025.txt ...

trajectory saved!
[Tracking] wrote pre-reset trajectory to TrajectoryBeforeReset_oxf_orb_bsk_r10_seg03_pid3496502_1757419418025.txt
[Tracking] LOST for 10 consecutive frames -> reset
System Reseting
Reseting Local Mapper... done
Reseting Loop Closing... done
Reseting Database... done
0
New map created with 73 points for 0 Feature Type 
New map created with 99 points for 1 Feature Type 
Tracking Initlized in 4.36s
The initlized frame ID: 15
The lost frame ID: 783
The lost frame ID: 784
The lost frame ID: 785
The lost frame ID: 786
The lost frame ID: 787
The lost frame ID: 788
The lost frame ID: 789
The lost frame ID: 790
The lost frame ID: 791

Saving camera trajectory to TrajectoryBeforeReset_oxf_orb_bsk_r10_seg04_pid3496502_1757419601063.txt ...

trajectory saved!
[Tracking] wrote pre-reset trajectory to TrajectoryBeforeReset_oxf_orb_bsk_r10_seg04_pid3496502_1757419601063.txt
[Tracking] LOST for 10 consecutive frames -> reset
System Reseting
Reseting Local Mapper... done
Reseting Loop Closing... done
Reseting Database... done
1
New map created with 52 points for 0 Feature Type 
New map created with 79 points for 1 Feature Type 
Tracking Initlized in 13.97s
The initlized frame ID: 44
The lost frame ID: 209
The lost frame ID: 210
The lost frame ID: 211
The lost frame ID: 212
The lost frame ID: 213
The lost frame ID: 214
The lost frame ID: 215
The lost frame ID: 216
The lost frame ID: 217

Saving camera trajectory to TrajectoryBeforeReset_oxf_orb_bsk_r10_seg05_pid3496502_1757419654780.txt ...

trajectory saved!
[Tracking] wrote pre-reset trajectory to TrajectoryBeforeReset_oxf_orb_bsk_r10_seg05_pid3496502_1757419654780.txt
[Tracking] LOST for 10 consecutive frames -> reset
System Reseting
Reseting Local Mapper... done
Reseting Loop Closing... done
Reseting Database... done
0
New map created with 67 points for 0 Feature Type 
New map created with 24 points for 1 Feature Type 
Wrong initialization, reseting...
System Reseting
Reseting Local Mapper... done
Reseting Loop Closing... done
Reseting Database... done
0
New map created with 92 points for 0 Feature Type 
New map created with 60 points for 1 Feature Type 
Tracking Initlized in 40.69s
The initlized frame ID: 109
The lost frame ID: 655
The lost frame ID: 656
The lost frame ID: 657
The lost frame ID: 658
The lost frame ID: 659
The lost frame ID: 660
The lost frame ID: 661
The lost frame ID: 662
The lost frame ID: 663

Saving camera trajectory to TrajectoryBeforeReset_oxf_orb_bsk_r10_seg06_pid3496502_1757419905777.txt ...

trajectory saved!
[Tracking] wrote pre-reset trajectory to TrajectoryBeforeReset_oxf_orb_bsk_r10_seg06_pid3496502_1757419905777.txt
[Tracking] LOST for 10 consecutive frames -> reset
System Reseting
Reseting Local Mapper... done
Reseting Loop Closing... done
Reseting Database... done
0
New map created with 127 points for 0 Feature Type 
New map created with 49 points for 1 Feature Type 
Tracking Initlized in 5.35s
The initlized frame ID: 21
The lost frame ID: 1410
The lost frame ID: 1411
The lost frame ID: 1412
The lost frame ID: 1413
The lost frame ID: 1414
The lost frame ID: 1415
The lost frame ID: 1416
The lost frame ID: 1417
The lost frame ID: 1418

Saving camera trajectory to TrajectoryBeforeReset_oxf_orb_bsk_r10_seg07_pid3496502_1757420200685.txt ...

trajectory saved!
[Tracking] wrote pre-reset trajectory to TrajectoryBeforeReset_oxf_orb_bsk_r10_seg07_pid3496502_1757420200685.txt
[Tracking] LOST for 10 consecutive frames -> reset
System Reseting
Reseting Local Mapper... done
Reseting Loop Closing... done
Reseting Database... done
0
New map created with 144 points for 0 Feature Type 
New map created with 201 points for 1 Feature Type 
Tracking Initlized in 0.59s
The initlized frame ID: 2
The lost frame ID: 2242
The lost frame ID: 2243
The lost frame ID: 2244
The lost frame ID: 2245
The lost frame ID: 2246
The lost frame ID: 2247
The lost frame ID: 2248
The lost frame ID: 2249
The lost frame ID: 2250

Saving camera trajectory to TrajectoryBeforeReset_oxf_orb_bsk_r10_seg08_pid3496502_1757420620097.txt ...

trajectory saved!
[Tracking] wrote pre-reset trajectory to TrajectoryBeforeReset_oxf_orb_bsk_r10_seg08_pid3496502_1757420620097.txt
[Tracking] LOST for 10 consecutive frames -> reset
System Reseting
Reseting Local Mapper... done
Reseting Loop Closing... done
Reseting Database... done
0
New map created with 102 points for 0 Feature Type 
New map created with 83 points for 1 Feature Type 
Tracking Initlized in 7.11s
The initlized frame ID: 24
The lost frame ID: 156
The lost frame ID: 157
The lost frame ID: 158
The lost frame ID: 159
The lost frame ID: 160
The lost frame ID: 161
The lost frame ID: 162
The lost frame ID: 163
The lost frame ID: 164

Saving camera trajectory to TrajectoryBeforeReset_oxf_orb_bsk_r10_seg09_pid3496502_1757420670807.txt ...

trajectory saved!
[Tracking] wrote pre-reset trajectory to TrajectoryBeforeReset_oxf_orb_bsk_r10_seg09_pid3496502_1757420670807.txt
[Tracking] LOST for 10 consecutive frames -> reset
System Reseting
Reseting Local Mapper... done
Reseting Loop Closing... done
Reseting Database... done
0
New map created with 99 points for 0 Feature Type 
New map created with 51 points for 1 Feature Type 
Tracking Initlized in 0.53s
The initlized frame ID: 1
System::StopViewer()
System::StopViewer() done

Saving correlation status...

========== Global Summary ==========
Frames: 6863
avg_CorrEdges: 19.7234
avg_match_A: 120.146
avg_match_B: 101.287
global_RI_MNR: 0.194728
global_RI_GNR: 0.178793
global_RI_DICE: 0.178144

========== Per-Channel Summary ==========
   chA   chB     avgCorr        avgA        avgB   avgRI_MNR   avgRI_GNR  avgRI_DICE
     0     1     19.7234     120.146     101.287    0.203415    0.168713    0.164681

Correlation status saved!

System Shutdown
-------

median tracking time: 0.194881
mean tracking time: 0.204725

Saving camera trajectory to result10.txt ...

trajectory saved!
All done

========== Performance Summary (ms) ==========
name                                mean      median        rmse         min         max       count
Lost Count                         1.000       1.000       0.000       1.000       1.000           9
Tracking                           7.991       7.032       4.395       0.779     149.049        6984
Reset Count                        1.000       1.000       0.000       1.000       1.000          10
Correlation                        0.195       0.169       0.123       0.004       2.375        6866
Total Init                     40777.318   40777.318       0.000   40777.318   40777.318           1
Pipeline                         204.082     194.795      64.751      11.219     442.218        7513
ORB Extract                       26.856      25.429       6.781       6.715      74.652        7513
BRISK Extract                    191.619     182.936      64.780       3.382     404.996        7513
