Registering ORBextractor...
Registering AKAZEextractor...
Registering BRISKextractor...
Registering SIFTextractor...
Registering KAZEextractor...
Registering SuperPointExtractor...

ORB-SLAM2 Copyright (C) 2014-2016 Raul Mur-Artal, University of Zaragoza.
This program comes with ABSOLUTELY NO WARRANTY;
This is free software, and you are welcome to redistribute it
under certain conditions. See LICENSE.txt.

Input sensor was set to: Monocular

Loading Vocabulary : /home/howard/Refactored_ORB_SLAM2/Install/var/lib/orbslam2/voc/brisk_cv.fbow
This could take a while...
Loading BRISK Vocabulary in FBoW.
BRISK Vocabulary loaded in 0.001520s


Loading Vocabulary : /home/howard/Refactored_ORB_SLAM2/Install/var/lib/orbslam2/voc/kaze_cv.fbow
This could take a while...
Loading KAZE Vocabulary in FBoW.
KAZE Vocabulary loaded in 0.005232s


Camera Parameters: 
- fx: 707.091
- fy: 707.091
- cx: 601.887
- cy: 183.11
- k1: 0
- k2: 0
- p1: 0
- p2: 0
- fps: 10
- color order: RGB (ignored if grayscale)

[Feature 0] BRISK Extractor Parameters: 
 ( TH_LOW: 100, TH_HIGH: 200 )
- Number of Features: 2000
- Scale Levels: 6
- Scale Factor: 1.414
- Threshold: 50
- Num of Octaves: 3
- Pattern Scale: 1

[Feature 1] KAZE Extractor Parameters: 
 ( TH_LOW: 0.5, TH_HIGH: 1 )
- Number of Features : 2000
- Scale Levels       : 4
- Scale Factor       : 1.2
- Threshold          : 0.001
- nOctaves           : 4
- nOctaveLayers      : 4
- Extended (128‑dim) : 0
- Upright            : 0

-------
Start processing sequence ...
Images in the sequence: 271

0
New map created with 227 points for 0 Feature Type 
New map created with 505 points for 1 Feature Type 
Tracking Initlized in 1.01s
The initlized frame ID: 1
System::StopViewer()
System::StopViewer() done
Viewer thread finished.
Viewer started, waiting for thread.
System::StopViewer()
System::StopViewer() done
Tracking thread joined...

Saving correlation status...

========== Global Summary ==========
Frames: 269
avg_CorrEdges: 4.04089
avg_match_A: 97.9442
avg_match_B: 187.595
global_RI_MNR: 0.0412571
global_RI_GNR: 0.0298111
global_RI_DICE: 0.0283036

========== Per-Channel Summary ==========
   chA   chB     avgCorr        avgA        avgB   avgRI_MNR   avgRI_GNR  avgRI_DICE
     0     1     4.04089     97.9442     187.595   0.0418404   0.0300122   0.0283912

Correlation status saved!

-------

median tracking time: 0.105747
mean tracking time: 0.107573

Saving camera trajectory to result03.txt ...

trajectory saved!

========== Performance Summary (ms) ==========
name                                mean      median        rmse         min         max       count
Tracking                           6.444       6.560       1.215       3.561       9.502         269
Correlation                        0.126       0.123       0.024       0.069       0.209         269
Total Init                       199.263     199.263       0.000     199.263     199.263           1
Pipeline                         107.569     105.744       9.545      94.275     196.132         271
KAZE Extract                      99.742      98.374       7.753      89.184     138.447         271
BRISK Extract                     14.100      13.318       2.700       8.895      24.435         271
