Registering ORBextractor...
Registering AKAZEextractor...
Registering BRISKextractor...
Registering SIFTextractor...
Registering KAZEextractor...
Registering SuperPointExtractor...

ORB-SLAM2 Copyright (C) 2014-2016 Raul Mur-Artal, University of Zaragoza.
This program comes with ABSOLUTELY NO WARRANTY;
This is free software, and you are welcome to redistribute it
under certain conditions. See LICENSE.txt.

Input sensor was set to: Monocular

Loading Vocabulary : /home/howard/Refactored_ORB_SLAM2/Install/var/lib/orbslam2/voc/brisk_cv.fbow
This could take a while...
Loading BRISK Vocabulary in FBoW.
BRISK Vocabulary loaded in 0.006975s


Loading Vocabulary : /home/howard/Refactored_ORB_SLAM2/Install/var/lib/orbslam2/voc/superpoint.fbow
This could take a while...
Loading SuperPoint Vocabulary in FBoW.
SuperPoint Vocabulary loaded in 0.045209s


Camera Parameters: 
- fx: 983.044
- fy: 983.044
- cx: 643.647
- cy: 493.379
- k1: 0
- k2: 0
- p1: 0
- p2: 0
- fps: 16
- color order: RGB (ignored if grayscale)

[Feature 0] BRISK Extractor Parameters: 
 ( TH_LOW: 150, TH_HIGH: 250 )
- Number of Features: 2000
- Scale Levels: 6
- Scale Factor: 1.414
- Threshold: 50
- Num of Octaves: 3
- Pattern Scale: 1

[Feature 1] SuperPoint Extractor Parameters: 
 ( TH_LOW: 0.7, TH_HIGH: 0.9 )
- Number of Features: 2000
- Scale Levels: 4
- Scale Factor: 1.2
- Use CUDA: 1
- Use NMS: 1
- iniTh: 0.08
- minTh: 0.04

-------
Start processing sequence ...
Images in the sequence: 7513

1
New map created with 144 points for 0 Feature Type 
New map created with 386 points for 1 Feature Type 
Tracking Initlized in 258.62s
The initlized frame ID: 206
The lost frame ID: 832
The lost frame ID: 833
The lost frame ID: 834
The lost frame ID: 835
The lost frame ID: 836
The lost frame ID: 837
The lost frame ID: 838
The lost frame ID: 1469
The lost frame ID: 1470
The lost frame ID: 1471
The lost frame ID: 1472
The lost frame ID: 1473
The lost frame ID: 1474
The lost frame ID: 1475
The lost frame ID: 1476
The lost frame ID: 1477

Saving camera trajectory to TrajectoryBeforeReset_oxf_bsk_spp_r01_seg01_pid2138722_1757588389793.txt ...

trajectory saved!
[Tracking] wrote pre-reset trajectory to TrajectoryBeforeReset_oxf_bsk_spp_r01_seg01_pid2138722_1757588389793.txt
[Tracking] LOST for 10 consecutive frames -> reset
System Reseting
Reseting Local Mapper... done
Reseting Loop Closing... done
Reseting Database... done
0
New map created with 192 points for 0 Feature Type 
New map created with 241 points for 1 Feature Type 
Tracking Initlized in 3.52s
The initlized frame ID: 2
The lost frame ID: 2074
The lost frame ID: 2075
The lost frame ID: 2076
The lost frame ID: 2077
The lost frame ID: 2078
The lost frame ID: 2079
The lost frame ID: 2080
The lost frame ID: 2081
The lost frame ID: 2083
The lost frame ID: 2084
The lost frame ID: 2085
The lost frame ID: 2086
The lost frame ID: 2087
The lost frame ID: 2088
The lost frame ID: 2089
The lost frame ID: 2090
The lost frame ID: 2091

Saving camera trajectory to TrajectoryBeforeReset_oxf_bsk_spp_r01_seg02_pid2138722_1757589321867.txt ...

trajectory saved!
[Tracking] wrote pre-reset trajectory to TrajectoryBeforeReset_oxf_bsk_spp_r01_seg02_pid2138722_1757589321867.txt
[Tracking] LOST for 10 consecutive frames -> reset
System Reseting
Reseting Local Mapper... done
Reseting Loop Closing... done
Reseting Database... done
1
New map created with 96 points for 0 Feature Type 
New map created with 280 points for 1 Feature Type 
Tracking Initlized in 1.43s
The initlized frame ID: 1
Track lost soon after initialisation, reseting...
System Reseting
Reseting Local Mapper... done
Reseting Loop Closing... done
Reseting Database... done
1
New map created with 78 points for 0 Feature Type 
New map created with 254 points for 1 Feature Type 
Tracking Initlized in 3.39s
The initlized frame ID: 2
The lost frame ID: 1398
The lost frame ID: 1399
The lost frame ID: 1400
The lost frame ID: 1401
The lost frame ID: 1402
The lost frame ID: 1403
The lost frame ID: 1404
The lost frame ID: 1405
The lost frame ID: 1406

Saving camera trajectory to TrajectoryBeforeReset_oxf_bsk_spp_r01_seg03_pid2138722_1757589929187.txt ...

trajectory saved!
[Tracking] wrote pre-reset trajectory to TrajectoryBeforeReset_oxf_bsk_spp_r01_seg03_pid2138722_1757589929187.txt
[Tracking] LOST for 10 consecutive frames -> reset
System Reseting
Reseting Local Mapper... done
Reseting Loop Closing... done
Reseting Database... done
1
New map created with 55 points for 0 Feature Type 
New map created with 314 points for 1 Feature Type 
Tracking Initlized in 1.60s
The initlized frame ID: 1
The lost frame ID: 2244
The lost frame ID: 2245
The lost frame ID: 2246
The lost frame ID: 2247
The lost frame ID: 2248
The lost frame ID: 2249
The lost frame ID: 2250
The lost frame ID: 2251
The lost frame ID: 2252

Saving camera trajectory to TrajectoryBeforeReset_oxf_bsk_spp_r01_seg04_pid2138722_1757590924709.txt ...

trajectory saved!
[Tracking] wrote pre-reset trajectory to TrajectoryBeforeReset_oxf_bsk_spp_r01_seg04_pid2138722_1757590924709.txt
[Tracking] LOST for 10 consecutive frames -> reset
System Reseting
Reseting Local Mapper... done
Reseting Loop Closing... done
Reseting Database... done
1
New map created with 265 points for 0 Feature Type 
New map created with 288 points for 1 Feature Type 
Tracking Initlized in 21.66s
The initlized frame ID: 15
The lost frame ID: 155
The lost frame ID: 156
The lost frame ID: 157
The lost frame ID: 159
The lost frame ID: 161
The lost frame ID: 162
The lost frame ID: 163
The lost frame ID: 164
The lost frame ID: 165
The lost frame ID: 166
The lost frame ID: 167
The lost frame ID: 168
The lost frame ID: 169

Saving camera trajectory to TrajectoryBeforeReset_oxf_bsk_spp_r01_seg05_pid2138722_1757591002534.txt ...

trajectory saved!
[Tracking] wrote pre-reset trajectory to TrajectoryBeforeReset_oxf_bsk_spp_r01_seg05_pid2138722_1757591002534.txt
[Tracking] LOST for 10 consecutive frames -> reset
System Reseting
Reseting Local Mapper... done
Reseting Loop Closing... done
Reseting Database... done
1
New map created with 133 points for 0 Feature Type 
New map created with 291 points for 1 Feature Type 
Tracking Initlized in 1.98s
The initlized frame ID: 1
Track lost soon after initialisation, reseting...
System Reseting
Reseting Local Mapper... done
Reseting Loop Closing... done
Reseting Database... done
1
New map created with 195 points for 0 Feature Type 
New map created with 311 points for 1 Feature Type 
Tracking Initlized in 2.00s
The initlized frame ID: 1
Track lost soon after initialisation, reseting...
System Reseting
Reseting Local Mapper... done
Reseting Loop Closing... done
Reseting Database... done
1
New map created with 146 points for 0 Feature Type 
New map created with 283 points for 1 Feature Type 
Tracking Initlized in 1.66s
The initlized frame ID: 1
Track lost soon after initialisation, reseting...
System Reseting
Reseting Local Mapper... done
Reseting Loop Closing... done
Reseting Database... done
1
New map created with 131 points for 0 Feature Type 
New map created with 221 points for 1 Feature Type 
Tracking Initlized in 1.72s
The initlized frame ID: 1
Track lost soon after initialisation, reseting...
System Reseting
Reseting Local Mapper... done
Reseting Loop Closing... done
Reseting Database... done
1
New map created with 148 points for 0 Feature Type 
New map created with 297 points for 1 Feature Type 
Tracking Initlized in 1.78s
The initlized frame ID: 1
System::StopViewer()
System::StopViewer() done

Saving correlation status...

========== Global Summary ==========
Frames: 7193
avg_CorrEdges: 3.91964
avg_match_A: 138.131
avg_match_B: 292.839
global_RI_MNR: 0.0283762
global_RI_GNR: 0.0194888
global_RI_DICE: 0.0181899

========== Per-Channel Summary ==========
   chA   chB     avgCorr        avgA        avgB   avgRI_MNR   avgRI_GNR  avgRI_DICE
     0     1     3.91964     138.131     292.839   0.0284666   0.0178672   0.0160359

Correlation status saved!

System Shutdown
-------

median tracking time: 0.425695
mean tracking time: 0.43094

Saving camera trajectory to result01.txt ...

trajectory saved!
All done

========== Performance Summary (ms) ==========
name                                mean      median        rmse         min         max       count
Lost Count                         1.000       1.000       0.000       1.000       1.000           5
Tracking                          30.006      27.988      15.964       3.807     553.649        7270
Reset Count                        1.000       1.000       0.000       1.000       1.000          10
Correlation                        0.454       0.387       0.367       0.006      13.065        7196
Total Init                     90483.985   90483.985       0.000   90483.985   90483.985           1
Pipeline                         429.580     425.622      60.437     173.094    1434.588        7513
SuperPoint Extract               389.247     384.619      55.924     165.500    1425.255        7513
BRISK Extract                     71.054      60.130      36.932       3.919     506.254        7513
