Registering ORBextractor...
Registering AKAZEextractor...
Registering BRISKextractor...
Registering SIFTextractor...
Registering KAZEextractor...
Registering SuperPointExtractor...

ORB-SLAM2 Copyright (C) 2014-2016 Raul Mur-Artal, University of Zaragoza.
This program comes with ABSOLUTELY NO WARRANTY;
This is free software, and you are welcome to redistribute it
under certain conditions. See LICENSE.txt.

Input sensor was set to: Monocular

Loading Vocabulary : /home/howard/Refactored_ORB_SLAM2/Install/var/lib/orbslam2/voc/brisk_cv.fbow
This could take a while...
Loading BRISK Vocabulary in FBoW.
BRISK Vocabulary loaded in 0.003656s


Loading Vocabulary : /home/howard/Refactored_ORB_SLAM2/Install/var/lib/orbslam2/voc/superpoint.fbow
This could take a while...
Loading SuperPoint Vocabulary in FBoW.
SuperPoint Vocabulary loaded in 0.023452s


Camera Parameters: 
- fx: 983.044
- fy: 983.044
- cx: 643.647
- cy: 493.379
- k1: 0
- k2: 0
- p1: 0
- p2: 0
- fps: 16
- color order: RGB (ignored if grayscale)

[Feature 0] BRISK Extractor Parameters: 
 ( TH_LOW: 150, TH_HIGH: 250 )
- Number of Features: 2000
- Scale Levels: 6
- Scale Factor: 1.414
- Threshold: 50
- Num of Octaves: 3
- Pattern Scale: 1

[Feature 1] SuperPoint Extractor Parameters: 
 ( TH_LOW: 0.7, TH_HIGH: 0.9 )
- Number of Features: 2000
- Scale Levels: 4
- Scale Factor: 1.2
- Use CUDA: 1
- Use NMS: 1
- iniTh: 0.08
- minTh: 0.04

-------
Start processing sequence ...
Images in the sequence: 7513

1
New map created with 144 points for 0 Feature Type 
New map created with 386 points for 1 Feature Type 
Tracking Initlized in 202.56s
The initlized frame ID: 206
The lost frame ID: 833
The lost frame ID: 834
The lost frame ID: 835
The lost frame ID: 836
The lost frame ID: 837
The lost frame ID: 1468
The lost frame ID: 1469
The lost frame ID: 1470
The lost frame ID: 1471
The lost frame ID: 1472
The lost frame ID: 1473
The lost frame ID: 1474
The lost frame ID: 1475
The lost frame ID: 1476

Saving camera trajectory to TrajectoryBeforeReset_oxf_bsk_spp_r06_seg01_pid1609456_1757635175159.txt ...

trajectory saved!
[Tracking] wrote pre-reset trajectory to TrajectoryBeforeReset_oxf_bsk_spp_r06_seg01_pid1609456_1757635175159.txt
[Tracking] LOST for 10 consecutive frames -> reset
System Reseting
Reseting Local Mapper... done
Reseting Loop Closing... done
Reseting Database... done
0
New map created with 183 points for 0 Feature Type 
New map created with 228 points for 1 Feature Type 
Tracking Initlized in 2.31s
The initlized frame ID: 2
Track lost soon after initialisation, reseting...
System Reseting
Reseting Local Mapper... done
Reseting Loop Closing... done
Reseting Database... done
1
New map created with 11 points for 0 Feature Type 
New map created with 257 points for 1 Feature Type 
Tracking Initlized in 695.36s
The initlized frame ID: 694
The lost frame ID: 2071
The lost frame ID: 2072
The lost frame ID: 2073
The lost frame ID: 2074
The lost frame ID: 2075
The lost frame ID: 2077
The lost frame ID: 2079
The lost frame ID: 2080
The lost frame ID: 2081
The lost frame ID: 2082
The lost frame ID: 2084
The lost frame ID: 2085
The lost frame ID: 2086
The lost frame ID: 2087
The lost frame ID: 2088
The lost frame ID: 2089
The lost frame ID: 2090
The lost frame ID: 2091
The lost frame ID: 2092

Saving camera trajectory to TrajectoryBeforeReset_oxf_bsk_spp_r06_seg02_pid1609456_1757635831053.txt ...

trajectory saved!
[Tracking] wrote pre-reset trajectory to TrajectoryBeforeReset_oxf_bsk_spp_r06_seg02_pid1609456_1757635831053.txt
[Tracking] LOST for 10 consecutive frames -> reset
System Reseting
Reseting Local Mapper... done
Reseting Loop Closing... done
Reseting Database... done
1
New map created with 95 points for 0 Feature Type 
New map created with 349 points for 1 Feature Type 
Tracking Initlized in 1.08s
The initlized frame ID: 1
Track lost soon after initialisation, reseting...
System Reseting
Reseting Local Mapper... done
Reseting Loop Closing... done
Reseting Database... done
1
New map created with 60 points for 0 Feature Type 
New map created with 372 points for 1 Feature Type 
Tracking Initlized in 1.25s
The initlized frame ID: 1
The lost frame ID: 1388
The lost frame ID: 1392
The lost frame ID: 1393
The lost frame ID: 1394
The lost frame ID: 1395
The lost frame ID: 1396
The lost frame ID: 1397
The lost frame ID: 1398
The lost frame ID: 1399
The lost frame ID: 1400

Saving camera trajectory to TrajectoryBeforeReset_oxf_bsk_spp_r06_seg03_pid1609456_1757636263733.txt ...

trajectory saved!
[Tracking] wrote pre-reset trajectory to TrajectoryBeforeReset_oxf_bsk_spp_r06_seg03_pid1609456_1757636263733.txt
[Tracking] LOST for 10 consecutive frames -> reset
System Reseting
Reseting Local Mapper... done
Reseting Loop Closing... done
Reseting Database... done
1
New map created with 118 points for 0 Feature Type 
New map created with 370 points for 1 Feature Type 
Tracking Initlized in 0.93s
The initlized frame ID: 1
The lost frame ID: 2247
The lost frame ID: 2248
The lost frame ID: 2249
The lost frame ID: 2250
The lost frame ID: 2251
The lost frame ID: 2252
The lost frame ID: 2253
The lost frame ID: 2254
The lost frame ID: 2255

Saving camera trajectory to TrajectoryBeforeReset_oxf_bsk_spp_r06_seg04_pid1609456_1757636986849.txt ...

trajectory saved!
[Tracking] wrote pre-reset trajectory to TrajectoryBeforeReset_oxf_bsk_spp_r06_seg04_pid1609456_1757636986849.txt
[Tracking] LOST for 10 consecutive frames -> reset
System Reseting
Reseting Local Mapper... done
Reseting Loop Closing... done
Reseting Database... done
