Registering ORBextractor...
Registering AKAZEextractor...
Registering BRISKextractor...
Registering SIFTextractor...
Registering KAZEextractor...
Registering SuperPointExtractor...

ORB-SLAM2 Copyright (C) 2014-2016 Raul Mur-Artal, University of Zaragoza.
This program comes with ABSOLUTELY NO WARRANTY;
This is free software, and you are welcome to redistribute it
under certain conditions. See LICENSE.txt.

Input sensor was set to: Monocular

Loading Vocabulary : /home/howard/Refactored_ORB_SLAM2/Install/var/lib/orbslam2/voc/brisk_cv.fbow
This could take a while...
Loading BRISK Vocabulary in FBoW.
BRISK Vocabulary loaded in 0.004355s


Loading Vocabulary : /home/howard/Refactored_ORB_SLAM2/Install/var/lib/orbslam2/voc/superpoint.fbow
This could take a while...
Loading SuperPoint Vocabulary in FBoW.
SuperPoint Vocabulary loaded in 0.020189s


Camera Parameters: 
- fx: 983.044
- fy: 983.044
- cx: 643.647
- cy: 493.379
- k1: 0
- k2: 0
- p1: 0
- p2: 0
- fps: 16
- color order: RGB (ignored if grayscale)

[Feature 0] BRISK Extractor Parameters: 
 ( TH_LOW: 150, TH_HIGH: 250 )
- Number of Features: 2000
- Scale Levels: 6
- Scale Factor: 1.414
- Threshold: 50
- Num of Octaves: 3
- Pattern Scale: 1

[Feature 1] SuperPoint Extractor Parameters: 
 ( TH_LOW: 0.7, TH_HIGH: 0.9 )
- Number of Features: 2000
- Scale Levels: 4
- Scale Factor: 1.2
- Use CUDA: 1
- Use NMS: 1
- iniTh: 0.08
- minTh: 0.04

-------
Start processing sequence ...
Images in the sequence: 7513

1
New map created with 144 points for 0 Feature Type 
New map created with 386 points for 1 Feature Type 
Tracking Initlized in 198.34s
The initlized frame ID: 206
The lost frame ID: 833
The lost frame ID: 834
The lost frame ID: 835
The lost frame ID: 836
The lost frame ID: 837
The lost frame ID: 1471
The lost frame ID: 1472
The lost frame ID: 1473
The lost frame ID: 1474
The lost frame ID: 1475
The lost frame ID: 1476
The lost frame ID: 1477
The lost frame ID: 1478
The lost frame ID: 1479

Saving camera trajectory to TrajectoryBeforeReset_oxf_bsk_spp_r12_seg01_pid3064496_1757648767316.txt ...

trajectory saved!
[Tracking] wrote pre-reset trajectory to TrajectoryBeforeReset_oxf_bsk_spp_r12_seg01_pid3064496_1757648767316.txt
[Tracking] LOST for 10 consecutive frames -> reset
System Reseting
Reseting Local Mapper... done
Reseting Loop Closing... done
Reseting Database... done
0
New map created with 67 points for 0 Feature Type 
New map created with 112 points for 1 Feature Type 
Tracking Initlized in 2.72s
The initlized frame ID: 3
The lost frame ID: 2073
The lost frame ID: 2074
The lost frame ID: 2075
The lost frame ID: 2076
The lost frame ID: 2078
The lost frame ID: 2079
The lost frame ID: 2082
The lost frame ID: 2083
The lost frame ID: 2084
The lost frame ID: 2085
The lost frame ID: 2086
The lost frame ID: 2087
The lost frame ID: 2088
The lost frame ID: 2089
The lost frame ID: 2090
The lost frame ID: 2092
The lost frame ID: 2093
The lost frame ID: 2094
The lost frame ID: 2095
The lost frame ID: 2096
The lost frame ID: 2097
The lost frame ID: 2098
The lost frame ID: 2099
The lost frame ID: 2100

Saving camera trajectory to TrajectoryBeforeReset_oxf_bsk_spp_r12_seg02_pid3064496_1757649433579.txt ...

trajectory saved!
[Tracking] wrote pre-reset trajectory to TrajectoryBeforeReset_oxf_bsk_spp_r12_seg02_pid3064496_1757649433579.txt
[Tracking] LOST for 10 consecutive frames -> reset
System Reseting
Reseting Local Mapper... done
Reseting Loop Closing... done
Reseting Database... done
1
New map created with 64 points for 0 Feature Type 
New map created with 382 points for 1 Feature Type 
Tracking Initlized in 1.62s
The initlized frame ID: 1
The lost frame ID: 1390
The lost frame ID: 1391
The lost frame ID: 1392
The lost frame ID: 1393
The lost frame ID: 1394
The lost frame ID: 1396
The lost frame ID: 1397
The lost frame ID: 1398
The lost frame ID: 1399
The lost frame ID: 1400
The lost frame ID: 1401
The lost frame ID: 1402
The lost frame ID: 1403
The lost frame ID: 1404

Saving camera trajectory to TrajectoryBeforeReset_oxf_bsk_spp_r12_seg03_pid3064496_1757649883602.txt ...

trajectory saved!
[Tracking] wrote pre-reset trajectory to TrajectoryBeforeReset_oxf_bsk_spp_r12_seg03_pid3064496_1757649883602.txt
[Tracking] LOST for 10 consecutive frames -> reset
System Reseting
Reseting Local Mapper... done
Reseting Loop Closing... done
Reseting Database... done
1
New map created with 101 points for 0 Feature Type 
New map created with 292 points for 1 Feature Type 
Tracking Initlized in 1.83s
The initlized frame ID: 2
The lost frame ID: 42
The lost frame ID: 43
The lost frame ID: 44
The lost frame ID: 45
The lost frame ID: 46
The lost frame ID: 47
The lost frame ID: 48
The lost frame ID: 49
The lost frame ID: 50

Saving camera trajectory to TrajectoryBeforeReset_oxf_bsk_spp_r12_seg04_pid3064496_1757649901399.txt ...

trajectory saved!
[Tracking] wrote pre-reset trajectory to TrajectoryBeforeReset_oxf_bsk_spp_r12_seg04_pid3064496_1757649901399.txt
[Tracking] LOST for 10 consecutive frames -> reset
System Reseting
Reseting Local Mapper... done
Reseting Loop Closing... done
Reseting Database... done
1
New map created with 32 points for 0 Feature Type 
New map created with 309 points for 1 Feature Type 
Tracking Initlized in 1.10s
The initlized frame ID: 1
The lost frame ID: 46
The lost frame ID: 47
The lost frame ID: 48
The lost frame ID: 49
The lost frame ID: 50
The lost frame ID: 51
The lost frame ID: 52
The lost frame ID: 53
The lost frame ID: 54

Saving camera trajectory to TrajectoryBeforeReset_oxf_bsk_spp_r12_seg05_pid3064496_1757649919686.txt ...

trajectory saved!
[Tracking] wrote pre-reset trajectory to TrajectoryBeforeReset_oxf_bsk_spp_r12_seg05_pid3064496_1757649919686.txt
[Tracking] LOST for 10 consecutive frames -> reset
System Reseting
Reseting Local Mapper... done
Reseting Loop Closing... done
Reseting Database... done
1
New map created with 97 points for 0 Feature Type 
New map created with 309 points for 1 Feature Type 
Tracking Initlized in 1.32s
The initlized frame ID: 1
The lost frame ID: 69
The lost frame ID: 70
The lost frame ID: 71
The lost frame ID: 72
The lost frame ID: 73
The lost frame ID: 74
The lost frame ID: 75
The lost frame ID: 76
The lost frame ID: 77

Saving camera trajectory to TrajectoryBeforeReset_oxf_bsk_spp_r12_seg06_pid3064496_1757649947833.txt ...

trajectory saved!
[Tracking] wrote pre-reset trajectory to TrajectoryBeforeReset_oxf_bsk_spp_r12_seg06_pid3064496_1757649947833.txt
[Tracking] LOST for 10 consecutive frames -> reset
System Reseting
Reseting Local Mapper... done
Reseting Loop Closing... done
Reseting Database... done
1
New map created with 57 points for 0 Feature Type 
New map created with 314 points for 1 Feature Type 
Tracking Initlized in 1.29s
The initlized frame ID: 1
The lost frame ID: 51
The lost frame ID: 52
The lost frame ID: 53
The lost frame ID: 54
The lost frame ID: 55
The lost frame ID: 56
The lost frame ID: 57
The lost frame ID: 58
The lost frame ID: 59

Saving camera trajectory to TrajectoryBeforeReset_oxf_bsk_spp_r12_seg07_pid3064496_1757649969875.txt ...

trajectory saved!
[Tracking] wrote pre-reset trajectory to TrajectoryBeforeReset_oxf_bsk_spp_r12_seg07_pid3064496_1757649969875.txt
[Tracking] LOST for 10 consecutive frames -> reset
System Reseting
Reseting Local Mapper... done
Reseting Loop Closing... done
Reseting Database... done
0
New map created with 140 points for 0 Feature Type 
New map created with 396 points for 1 Feature Type 
Tracking Initlized in 1.49s
The initlized frame ID: 1
The lost frame ID: 48
The lost frame ID: 49
The lost frame ID: 50
The lost frame ID: 51
The lost frame ID: 52
The lost frame ID: 53
The lost frame ID: 54
The lost frame ID: 55
The lost frame ID: 56

Saving camera trajectory to TrajectoryBeforeReset_oxf_bsk_spp_r12_seg08_pid3064496_1757649991210.txt ...

trajectory saved!
[Tracking] wrote pre-reset trajectory to TrajectoryBeforeReset_oxf_bsk_spp_r12_seg08_pid3064496_1757649991210.txt
[Tracking] LOST for 10 consecutive frames -> reset
System Reseting
Reseting Local Mapper... done
Reseting Loop Closing... done
Reseting Database... done
1
New map created with 134 points for 0 Feature Type 
New map created with 444 points for 1 Feature Type 
Tracking Initlized in 0.98s
The initlized frame ID: 1
The lost frame ID: 25
The lost frame ID: 26
The lost frame ID: 27
The lost frame ID: 28
The lost frame ID: 29
The lost frame ID: 30
The lost frame ID: 31
The lost frame ID: 32
The lost frame ID: 33

Saving camera trajectory to TrajectoryBeforeReset_oxf_bsk_spp_r12_seg09_pid3064496_1757650003475.txt ...

trajectory saved!
[Tracking] wrote pre-reset trajectory to TrajectoryBeforeReset_oxf_bsk_spp_r12_seg09_pid3064496_1757650003475.txt
[Tracking] LOST for 10 consecutive frames -> reset
System Reseting
Reseting Local Mapper... done
Reseting Loop Closing... done
Reseting Database... done
1
New map created with 38 points for 0 Feature Type 
New map created with 384 points for 1 Feature Type 
Tracking Initlized in 0.88s
The initlized frame ID: 1
The lost frame ID: 58
The lost frame ID: 59
The lost frame ID: 60
The lost frame ID: 61
The lost frame ID: 62
The lost frame ID: 63
The lost frame ID: 64
The lost frame ID: 65
The lost frame ID: 66

Saving camera trajectory to TrajectoryBeforeReset_oxf_bsk_spp_r12_seg10_pid3064496_1757650025586.txt ...

trajectory saved!
[Tracking] wrote pre-reset trajectory to TrajectoryBeforeReset_oxf_bsk_spp_r12_seg10_pid3064496_1757650025586.txt
[Tracking] LOST for 10 consecutive frames -> reset
System Reseting
Reseting Local Mapper... done
Reseting Loop Closing... done
Reseting Database... done
1
New map created with 45 points for 0 Feature Type 
New map created with 337 points for 1 Feature Type 
Tracking Initlized in 3.30s
The initlized frame ID: 3
The lost frame ID: 73
The lost frame ID: 74
The lost frame ID: 75
The lost frame ID: 76
The lost frame ID: 77
The lost frame ID: 78
The lost frame ID: 79
The lost frame ID: 80
The lost frame ID: 81

Saving camera trajectory to TrajectoryBeforeReset_oxf_bsk_spp_r12_seg11_pid3064496_1757650054625.txt ...

trajectory saved!
[Tracking] wrote pre-reset trajectory to TrajectoryBeforeReset_oxf_bsk_spp_r12_seg11_pid3064496_1757650054625.txt
[Tracking] LOST for 10 consecutive frames -> reset
System Reseting
Reseting Local Mapper... done
Reseting Loop Closing... done
Reseting Database... done
1
New map created with 154 points for 0 Feature Type 
New map created with 147 points for 1 Feature Type 
Tracking Initlized in 5.69s
The initlized frame ID: 5
The lost frame ID: 55
The lost frame ID: 1755
The lost frame ID: 1756
The lost frame ID: 1757
The lost frame ID: 1758
The lost frame ID: 1759
The lost frame ID: 1760
The lost frame ID: 1761
The lost frame ID: 1762
The lost frame ID: 1763

Saving camera trajectory to TrajectoryBeforeReset_oxf_bsk_spp_r12_seg12_pid3064496_1757650616733.txt ...

trajectory saved!
[Tracking] wrote pre-reset trajectory to TrajectoryBeforeReset_oxf_bsk_spp_r12_seg12_pid3064496_1757650616733.txt
[Tracking] LOST for 10 consecutive frames -> reset
System Reseting
Reseting Local Mapper... done
Reseting Loop Closing... done
Reseting Database... done
