Registering ORBextractor...
Registering AKAZEextractor...
Registering BRISKextractor...
Registering SIFTextractor...
Registering KAZEextractor...
Registering SuperPointExtractor...

ORB-SLAM2 Copyright (C) 2014-2016 Raul Mur-Artal, University of Zaragoza.
This program comes with ABSOLUTELY NO WARRANTY;
This is free software, and you are welcome to redistribute it
under certain conditions. See LICENSE.txt.

Input sensor was set to: Monocular

Loading Vocabulary : /home/howard/PM-SLAM/Install/var/lib/orbslam2/voc/akaze_cv.fbow
This could take a while...
Loading AKAZE Vocabulary in FBoW.
AKAZE Vocabulary loaded in 0.002059s


Loading Vocabulary : /home/howard/PM-SLAM/Install/var/lib/orbslam2/voc/kaze_cv.fbow
This could take a while...
Loading KAZE Vocabulary in FBoW.
KAZE Vocabulary loaded in 0.005519s


Camera Parameters: 
- fx: 718.856
- fy: 718.856
- cx: 607.193
- cy: 185.216
- k1: 0
- k2: 0
- p1: 0
- p2: 0
- fps: 10
- color order: RGB (ignored if grayscale)

[Feature 0] AKAZE Extractor Parameters: 
 ( TH_LOW: 100, TH_HIGH: 200 )
- Number of Features: 2000
- Scale Levels: 4
- Scale Factor: 1.2
- Threshold: 0.0001
- Num of Octaves: 4
- Num of Octave Layers: 4

[Feature 1] KAZE Extractor Parameters: 
 ( TH_LOW: 0.5, TH_HIGH: 1 )
- Number of Features : 2000
- Scale Levels       : 4
- Scale Factor       : 1.2
- Threshold          : 0.001
- nOctaves           : 4
- nOctaveLayers      : 4
- Extended (128‑dim) : 0
- Upright            : 0

-------
Start processing sequence ...
Images in the sequence: 1101

0
New map created with 755 points for 0 Feature Type 
New map created with 59 points for 1 Feature Type 
Tracking Initlized in 1.61s
The initlized frame ID: 1
The lost frame ID: 1066
The lost frame ID: 1067
The lost frame ID: 1068
The lost frame ID: 1069
The lost frame ID: 1070
The lost frame ID: 1071
The lost frame ID: 1072
The lost frame ID: 1073
The lost frame ID: 1075
The lost frame ID: 1076
The lost frame ID: 1082
The lost frame ID: 1085
The lost frame ID: 1087
The lost frame ID: 1090
The lost frame ID: 1091
The lost frame ID: 1092
The lost frame ID: 1093
The lost frame ID: 1094
The lost frame ID: 1095
The lost frame ID: 1096
The lost frame ID: 1097
The lost frame ID: 1098
The lost frame ID: 1099
The lost frame ID: 1100
System::StopViewer()
System::StopViewer() done
Viewer thread finished.
Viewer started, waiting for thread.
System::StopViewer()
System::StopViewer() done
Tracking thread joined...

Saving correlation status...

========== Global Summary ==========
Frames: 1074
avg_CorrEdges: 14.5261
avg_match_A: 105.975
avg_match_B: 128.872
global_RI_MNR: 0.137071
global_RI_GNR: 0.124299
global_RI_DICE: 0.123707

========== Per-Channel Summary ==========
   chA   chB     avgCorr        avgA        avgB   avgRI_MNR   avgRI_GNR  avgRI_DICE
     0     1     14.5261     105.975     128.872    0.155546    0.129672    0.126945

Correlation status saved!

-------

median tracking time: 0.188986
mean tracking time: 0.189978

Saving camera trajectory to result14.txt ...

trajectory saved!

========== Performance Summary (ms) ==========
name                                mean      median        rmse         min         max       count
Tracking                           9.635       9.962       4.116       1.513      37.510        1099
Total Init                       492.351     492.351       0.000     492.351     492.351           1
Pipeline                         189.970     188.978      17.276     151.541     487.762        1101
KAZE Extract                     178.070     177.102      12.587     148.263     281.144        1101
Correlation                        0.180       0.182       0.075       0.026       0.591        1074
AKAZE Extract                     45.116      42.050       9.872      31.823     103.325        1101
