Registering ORBextractor...
Registering AKAZEextractor...
Registering BRISKextractor...
Registering SIFTextractor...
Registering KAZEextractor...
Registering SuperPointExtractor...

ORB-SLAM2 Copyright (C) 2014-2016 Raul Mur-Artal, University of Zaragoza.
This program comes with ABSOLUTELY NO WARRANTY;
This is free software, and you are welcome to redistribute it
under certain conditions. See LICENSE.txt.

Input sensor was set to: Monocular

Loading Vocabulary : /home/howard/Refactored_ORB_SLAM2/Install/var/lib/orbslam2/voc/orb_mur.fbow
This could take a while...
Loading ORB Vocabulary in FBoW.
ORB Vocabulary loaded in 0.018144s


Loading Vocabulary : /home/howard/Refactored_ORB_SLAM2/Install/var/lib/orbslam2/voc/superpoint.fbow
This could take a while...
Loading SuperPoint Vocabulary in FBoW.
SuperPoint Vocabulary loaded in 0.016442s


Camera Parameters: 
- fx: 983.044
- fy: 983.044
- cx: 643.647
- cy: 493.379
- k1: 0
- k2: 0
- p1: 0
- p2: 0
- fps: 16
- color order: RGB (ignored if grayscale)

[Feature 0] ORB Extractor Parameters: 
 ( TH_LOW: 50, TH_HIGH: 100 )
- Number of Features: 2000
- Scale Levels: 8
- Scale Factor: 1.2
- Initial Fast Threshold: 20
- Minimum Fast Threshold: 7

[Feature 1] SuperPoint Extractor Parameters: 
 ( TH_LOW: 0.3, TH_HIGH: 0.7 )
- Number of Features: 2000
- Scale Levels: 4
- Scale Factor: 1.2
- Use CUDA: 1
- Use NMS: 1
- iniTh: 0.08
- minTh: 0.04

-------
Start processing sequence ...
Images in the sequence: 7513

1
New map created with 101 points for 0 Feature Type 
New map created with 308 points for 1 Feature Type 
Tracking Initlized in 170.72s
The initlized frame ID: 149
The lost frame ID: 832
The lost frame ID: 833
The lost frame ID: 834
The lost frame ID: 835
The lost frame ID: 836
The lost frame ID: 837
The lost frame ID: 838
The lost frame ID: 839
The lost frame ID: 840
The lost frame ID: 843
The lost frame ID: 844
The lost frame ID: 845
The lost frame ID: 846
The lost frame ID: 847
The lost frame ID: 848
The lost frame ID: 849
The lost frame ID: 850
The lost frame ID: 851

Saving camera trajectory to TrajectoryBeforeReset_oxf_orb_spp_r04_seg01_pid502456_1757386764966.txt ...

trajectory saved!
[Tracking] wrote pre-reset trajectory to TrajectoryBeforeReset_oxf_orb_spp_r04_seg01_pid502456_1757386764966.txt
[Tracking] LOST for 10 consecutive frames -> reset
System Reseting
Reseting Local Mapper... done
Reseting Loop Closing... done
Reseting Database... done
1
New map created with 142 points for 0 Feature Type 
New map created with 407 points for 1 Feature Type 
Tracking Initlized in 1.47s
The initlized frame ID: 1
The lost frame ID: 1908
The lost frame ID: 1909
The lost frame ID: 1910
The lost frame ID: 1911
The lost frame ID: 1912
The lost frame ID: 1913
The lost frame ID: 1914
The lost frame ID: 1915
The lost frame ID: 1916

Saving camera trajectory to TrajectoryBeforeReset_oxf_orb_spp_r04_seg02_pid502456_1757387368813.txt ...

trajectory saved!
[Tracking] wrote pre-reset trajectory to TrajectoryBeforeReset_oxf_orb_spp_r04_seg02_pid502456_1757387368813.txt
[Tracking] LOST for 10 consecutive frames -> reset
System Reseting
Reseting Local Mapper... done
Reseting Loop Closing... done
Reseting Database... done
1
New map created with 96 points for 0 Feature Type 
New map created with 301 points for 1 Feature Type 
Tracking Initlized in 1.89s
The initlized frame ID: 1
The lost frame ID: 180
The lost frame ID: 181
The lost frame ID: 182
The lost frame ID: 183
The lost frame ID: 184
The lost frame ID: 185
The lost frame ID: 186
The lost frame ID: 187
The lost frame ID: 188

Saving camera trajectory to TrajectoryBeforeReset_oxf_orb_spp_r04_seg03_pid502456_1757387431221.txt ...

trajectory saved!
[Tracking] wrote pre-reset trajectory to TrajectoryBeforeReset_oxf_orb_spp_r04_seg03_pid502456_1757387431221.txt
[Tracking] LOST for 10 consecutive frames -> reset
System Reseting
Reseting Local Mapper... done
Reseting Loop Closing... done
Reseting Database... done
1
New map created with 88 points for 0 Feature Type 
New map created with 271 points for 1 Feature Type 
Tracking Initlized in 1.36s
The initlized frame ID: 1
The lost frame ID: 595
The lost frame ID: 596
The lost frame ID: 597
The lost frame ID: 598
The lost frame ID: 599
The lost frame ID: 600
The lost frame ID: 601
The lost frame ID: 602
The lost frame ID: 603

Saving camera trajectory to TrajectoryBeforeReset_oxf_orb_spp_r04_seg04_pid502456_1757387646169.txt ...

trajectory saved!
[Tracking] wrote pre-reset trajectory to TrajectoryBeforeReset_oxf_orb_spp_r04_seg04_pid502456_1757387646169.txt
[Tracking] LOST for 10 consecutive frames -> reset
System Reseting
Reseting Local Mapper... done
Reseting Loop Closing... done
Reseting Database... done
1
New map created with 92 points for 0 Feature Type 
New map created with 272 points for 1 Feature Type 
Tracking Initlized in 1.49s
The initlized frame ID: 1
The lost frame ID: 1409
The lost frame ID: 1410
The lost frame ID: 1411
The lost frame ID: 1412
The lost frame ID: 1413
The lost frame ID: 1414
The lost frame ID: 1415
The lost frame ID: 1416
The lost frame ID: 1417

Saving camera trajectory to TrajectoryBeforeReset_oxf_orb_spp_r04_seg05_pid502456_1757388112190.txt ...

trajectory saved!
[Tracking] wrote pre-reset trajectory to TrajectoryBeforeReset_oxf_orb_spp_r04_seg05_pid502456_1757388112190.txt
[Tracking] LOST for 10 consecutive frames -> reset
System Reseting
Reseting Local Mapper... done
Reseting Loop Closing... done
Reseting Database... done
1
New map created with 158 points for 0 Feature Type 
New map created with 360 points for 1 Feature Type 
Tracking Initlized in 1.38s
The initlized frame ID: 1
The lost frame ID: 2242
The lost frame ID: 2243
The lost frame ID: 2244
The lost frame ID: 2245
The lost frame ID: 2246
The lost frame ID: 2247
The lost frame ID: 2248
The lost frame ID: 2249
The lost frame ID: 2250

Saving camera trajectory to TrajectoryBeforeReset_oxf_orb_spp_r04_seg06_pid502456_1757388877454.txt ...

trajectory saved!
[Tracking] wrote pre-reset trajectory to TrajectoryBeforeReset_oxf_orb_spp_r04_seg06_pid502456_1757388877454.txt
[Tracking] LOST for 10 consecutive frames -> reset
System Reseting
Reseting Local Mapper... done
Reseting Loop Closing... done
Reseting Database... done
1
New map created with 72 points for 0 Feature Type 
New map created with 193 points for 1 Feature Type 
Tracking Initlized in 8.95s
The initlized frame ID: 8
Track lost soon after initialisation, reseting...
System Reseting
Reseting Local Mapper... done
Reseting Loop Closing... done
Reseting Database... done
1
New map created with 89 points for 0 Feature Type 
New map created with 267 points for 1 Feature Type 
Tracking Initlized in 1.03s
The initlized frame ID: 1
Track lost soon after initialisation, reseting...
System Reseting
Reseting Local Mapper... done
Reseting Loop Closing... done
Reseting Database... done
1
New map created with 102 points for 0 Feature Type 
New map created with 302 points for 1 Feature Type 
Tracking Initlized in 1.24s
The initlized frame ID: 1
The lost frame ID: 141
The lost frame ID: 142
The lost frame ID: 143
The lost frame ID: 144
The lost frame ID: 145
The lost frame ID: 146
The lost frame ID: 147
The lost frame ID: 148
The lost frame ID: 149

Saving camera trajectory to TrajectoryBeforeReset_oxf_orb_spp_r04_seg07_pid502456_1757388935131.txt ...

trajectory saved!
[Tracking] wrote pre-reset trajectory to TrajectoryBeforeReset_oxf_orb_spp_r04_seg07_pid502456_1757388935131.txt
[Tracking] LOST for 10 consecutive frames -> reset
System Reseting
Reseting Local Mapper... done
Reseting Loop Closing... done
Reseting Database... done
0
New map created with 100 points for 0 Feature Type 
New map created with 338 points for 1 Feature Type 
Tracking Initlized in 1.24s
The initlized frame ID: 1
System::StopViewer()
System::StopViewer() done

Saving correlation status...

========== Global Summary ==========
Frames: 7256
avg_CorrEdges: 5.42089
avg_match_A: 70.5987
avg_match_B: 142.17
global_RI_MNR: 0.0767846
global_RI_GNR: 0.054109
global_RI_DICE: 0.0509558

========== Per-Channel Summary ==========
   chA   chB     avgCorr        avgA        avgB   avgRI_MNR   avgRI_GNR  avgRI_DICE
     0     1     5.42089     70.5987      142.17   0.0665228   0.0459292    0.042811

Correlation status saved!

System Shutdown
-------

median tracking time: 0.307312
mean tracking time: 0.309333

Saving camera trajectory to result04.txt ...

trajectory saved!
All done

========== Performance Summary (ms) ==========
name                                mean      median        rmse         min         max       count
Lost Count                         1.000       1.000       0.000       1.000       1.000           7
Tracking                           9.760       8.070       7.886       1.294     344.129        7338
Reset Count                        1.000       1.000       0.000       1.000       1.000           9
Correlation                        0.195       0.162       0.174       0.004       8.524        7257
Total Init                     54281.770   54281.770       0.000   54281.770   54281.770           1
Pipeline                         308.700     307.214      38.097     116.156     704.121        7513
SuperPoint Extract               292.948     292.050      36.052     113.820     621.389        7513
ORB Extract                       34.137      32.685       8.236       9.507      92.807        7513
