Registering ORBextractor...
Registering AKAZEextractor...
Registering BRISKextractor...
Registering SIFTextractor...
Registering KAZEextractor...
Registering SuperPointExtractor...

ORB-SLAM2 Copyright (C) 2014-2016 Raul Mur-Artal, University of Zaragoza.
This program comes with ABSOLUTELY NO WARRANTY;
This is free software, and you are welcome to redistribute it
under certain conditions. See LICENSE.txt.

Input sensor was set to: Monocular

Loading Vocabulary : /home/howard/Refactored_ORB_SLAM2/Install/var/lib/orbslam2/voc/orb_mur.fbow
This could take a while...
Loading ORB Vocabulary in FBoW.
ORB Vocabulary loaded in 0.018381s


Loading Vocabulary : /home/howard/Refactored_ORB_SLAM2/Install/var/lib/orbslam2/voc/superpoint.fbow
This could take a while...
Loading SuperPoint Vocabulary in FBoW.
SuperPoint Vocabulary loaded in 0.013009s


Camera Parameters: 
- fx: 983.044
- fy: 983.044
- cx: 643.647
- cy: 493.379
- k1: 0
- k2: 0
- p1: 0
- p2: 0
- fps: 16
- color order: RGB (ignored if grayscale)

[Feature 0] ORB Extractor Parameters: 
 ( TH_LOW: 50, TH_HIGH: 100 )
- Number of Features: 2000
- Scale Levels: 8
- Scale Factor: 1.2
- Initial Fast Threshold: 20
- Minimum Fast Threshold: 7

[Feature 1] SuperPoint Extractor Parameters: 
 ( TH_LOW: 0.3, TH_HIGH: 0.7 )
- Number of Features: 2000
- Scale Levels: 4
- Scale Factor: 1.2
- Use CUDA: 1
- Use NMS: 1
- iniTh: 0.08
- minTh: 0.04

-------
Start processing sequence ...
Images in the sequence: 7513

0
New map created with 110 points for 0 Feature Type 
New map created with 318 points for 1 Feature Type 
Tracking Initlized in 129.53s
The initlized frame ID: 149
The lost frame ID: 832
The lost frame ID: 833
The lost frame ID: 834
The lost frame ID: 835
The lost frame ID: 836
The lost frame ID: 837
The lost frame ID: 838
The lost frame ID: 839
The lost frame ID: 840
The lost frame ID: 842
The lost frame ID: 844
The lost frame ID: 845
The lost frame ID: 847
The lost frame ID: 848
The lost frame ID: 849
The lost frame ID: 850
The lost frame ID: 851
The lost frame ID: 852
The lost frame ID: 853
The lost frame ID: 854
The lost frame ID: 855

Saving camera trajectory to TrajectoryBeforeReset_oxf_orb_spp_r12_seg01_pid2769245_1757412493041.txt ...

trajectory saved!
[Tracking] wrote pre-reset trajectory to TrajectoryBeforeReset_oxf_orb_spp_r12_seg01_pid2769245_1757412493041.txt
[Tracking] LOST for 10 consecutive frames -> reset
System Reseting
Reseting Local Mapper... done
Reseting Loop Closing... done
Reseting Database... done
1
New map created with 132 points for 0 Feature Type 
New map created with 388 points for 1 Feature Type 
Tracking Initlized in 0.89s
The initlized frame ID: 1
Track lost soon after initialisation, reseting...
System Reseting
Reseting Local Mapper... done
Reseting Loop Closing... done
Reseting Database... done
1
New map created with 151 points for 0 Feature Type 
New map created with 400 points for 1 Feature Type 
Tracking Initlized in 0.88s
The initlized frame ID: 1
Track lost soon after initialisation, reseting...
System Reseting
Reseting Local Mapper... done
Reseting Loop Closing... done
Reseting Database... done
1
New map created with 141 points for 0 Feature Type 
New map created with 361 points for 1 Feature Type 
Tracking Initlized in 1.07s
The initlized frame ID: 1
Track lost soon after initialisation, reseting...
System Reseting
Reseting Local Mapper... done
Reseting Loop Closing... done
Reseting Database... done
1
New map created with 127 points for 0 Feature Type 
New map created with 358 points for 1 Feature Type 
Tracking Initlized in 1.19s
The initlized frame ID: 1
Track lost soon after initialisation, reseting...
System Reseting
Reseting Local Mapper... done
Reseting Loop Closing... done
Reseting Database... done
1
New map created with 117 points for 0 Feature Type 
New map created with 348 points for 1 Feature Type 
Tracking Initlized in 1.33s
The initlized frame ID: 1
The lost frame ID: 603
The lost frame ID: 604
The lost frame ID: 605
The lost frame ID: 606
The lost frame ID: 607
The lost frame ID: 608
The lost frame ID: 609
The lost frame ID: 610
The lost frame ID: 611

Saving camera trajectory to TrajectoryBeforeReset_oxf_orb_spp_r12_seg02_pid2769245_1757412654216.txt ...

trajectory saved!
[Tracking] wrote pre-reset trajectory to TrajectoryBeforeReset_oxf_orb_spp_r12_seg02_pid2769245_1757412654216.txt
[Tracking] LOST for 10 consecutive frames -> reset
System Reseting
Reseting Local Mapper... done
Reseting Loop Closing... done
Reseting Database... done
1
New map created with 34 points for 0 Feature Type 
New map created with 143 points for 1 Feature Type 
Tracking Initlized in 1.72s
The initlized frame ID: 2
The lost frame ID: 1280
The lost frame ID: 1281
The lost frame ID: 1282
The lost frame ID: 1283
The lost frame ID: 1284
The lost frame ID: 1285
The lost frame ID: 1286
The lost frame ID: 1287
The lost frame ID: 1288

Saving camera trajectory to TrajectoryBeforeReset_oxf_orb_spp_r12_seg03_pid2769245_1757412979886.txt ...

trajectory saved!
[Tracking] wrote pre-reset trajectory to TrajectoryBeforeReset_oxf_orb_spp_r12_seg03_pid2769245_1757412979886.txt
[Tracking] LOST for 10 consecutive frames -> reset
System Reseting
Reseting Local Mapper... done
Reseting Loop Closing... done
Reseting Database... done
1
New map created with 97 points for 0 Feature Type 
New map created with 293 points for 1 Feature Type 
Tracking Initlized in 0.91s
The initlized frame ID: 1
The lost frame ID: 180
The lost frame ID: 181
The lost frame ID: 182
The lost frame ID: 183
The lost frame ID: 184
The lost frame ID: 185
The lost frame ID: 186
The lost frame ID: 187
The lost frame ID: 188

Saving camera trajectory to TrajectoryBeforeReset_oxf_orb_spp_r12_seg04_pid2769245_1757413031770.txt ...

trajectory saved!
[Tracking] wrote pre-reset trajectory to TrajectoryBeforeReset_oxf_orb_spp_r12_seg04_pid2769245_1757413031770.txt
[Tracking] LOST for 10 consecutive frames -> reset
System Reseting
Reseting Local Mapper... done
Reseting Loop Closing... done
Reseting Database... done
1
New map created with 106 points for 0 Feature Type 
New map created with 326 points for 1 Feature Type 
Tracking Initlized in 1.07s
The initlized frame ID: 1
The lost frame ID: 594
The lost frame ID: 595
The lost frame ID: 596
The lost frame ID: 597
The lost frame ID: 598
The lost frame ID: 599
The lost frame ID: 600
The lost frame ID: 601
The lost frame ID: 602

Saving camera trajectory to TrajectoryBeforeReset_oxf_orb_spp_r12_seg05_pid2769245_1757413206213.txt ...

trajectory saved!
[Tracking] wrote pre-reset trajectory to TrajectoryBeforeReset_oxf_orb_spp_r12_seg05_pid2769245_1757413206213.txt
[Tracking] LOST for 10 consecutive frames -> reset
System Reseting
Reseting Local Mapper... done
Reseting Loop Closing... done
Reseting Database... done
1
New map created with 88 points for 0 Feature Type 
New map created with 254 points for 1 Feature Type 
Tracking Initlized in 1.20s
The initlized frame ID: 1
The lost frame ID: 1410
The lost frame ID: 1411
The lost frame ID: 1412
The lost frame ID: 1413
The lost frame ID: 1414
The lost frame ID: 1415
The lost frame ID: 1416
The lost frame ID: 1417
The lost frame ID: 1418

Saving camera trajectory to TrajectoryBeforeReset_oxf_orb_spp_r12_seg06_pid2769245_1757413586712.txt ...

trajectory saved!
[Tracking] wrote pre-reset trajectory to TrajectoryBeforeReset_oxf_orb_spp_r12_seg06_pid2769245_1757413586712.txt
[Tracking] LOST for 10 consecutive frames -> reset
System Reseting
Reseting Local Mapper... done
Reseting Loop Closing... done
Reseting Database... done
1
New map created with 164 points for 0 Feature Type 
New map created with 365 points for 1 Feature Type 
Tracking Initlized in 1.00s
The initlized frame ID: 1
The lost frame ID: 2242
The lost frame ID: 2243
The lost frame ID: 2244
The lost frame ID: 2245
The lost frame ID: 2246
The lost frame ID: 2247
The lost frame ID: 2248
The lost frame ID: 2249
The lost frame ID: 2250

Saving camera trajectory to TrajectoryBeforeReset_oxf_orb_spp_r12_seg07_pid2769245_1757414190179.txt ...

trajectory saved!
[Tracking] wrote pre-reset trajectory to TrajectoryBeforeReset_oxf_orb_spp_r12_seg07_pid2769245_1757414190179.txt
[Tracking] LOST for 10 consecutive frames -> reset
System Reseting
Reseting Local Mapper... done
Reseting Loop Closing... done
Reseting Database... done
1
New map created with 85 points for 0 Feature Type 
New map created with 245 points for 1 Feature Type 
Tracking Initlized in 6.23s
The initlized frame ID: 8
Track lost soon after initialisation, reseting...
System Reseting
Reseting Local Mapper... done
Reseting Loop Closing... done
Reseting Database... done
1
New map created with 25 points for 0 Feature Type 
New map created with 133 points for 1 Feature Type 
Tracking Initlized in 1.82s
The initlized frame ID: 2
The lost frame ID: 145
The lost frame ID: 146
The lost frame ID: 147
The lost frame ID: 148
The lost frame ID: 149
The lost frame ID: 150
The lost frame ID: 151
The lost frame ID: 152
The lost frame ID: 153

Saving camera trajectory to TrajectoryBeforeReset_oxf_orb_spp_r12_seg08_pid2769245_1757414234439.txt ...

trajectory saved!
[Tracking] wrote pre-reset trajectory to TrajectoryBeforeReset_oxf_orb_spp_r12_seg08_pid2769245_1757414234439.txt
[Tracking] LOST for 10 consecutive frames -> reset
System Reseting
Reseting Local Mapper... done
Reseting Loop Closing... done
Reseting Database... done
0
New map created with 104 points for 0 Feature Type 
New map created with 347 points for 1 Feature Type 
Tracking Initlized in 1.06s
The initlized frame ID: 1
System::StopViewer()
System::StopViewer() done

Saving correlation status...

========== Global Summary ==========
Frames: 7231
avg_CorrEdges: 5.09127
avg_match_A: 67.1527
avg_match_B: 135.166
global_RI_MNR: 0.0758164
global_RI_GNR: 0.0534394
global_RI_DICE: 0.0503293

========== Per-Channel Summary ==========
   chA   chB     avgCorr        avgA        avgB   avgRI_MNR   avgRI_GNR  avgRI_DICE
     0     1     5.09127     67.1527     135.166   0.0660001    0.046281   0.0433585

Correlation status saved!

System Shutdown
-------

median tracking time: 0.250061
mean tracking time: 0.251418

Saving camera trajectory to result12.txt ...

trajectory saved!
All done

========== Performance Summary (ms) ==========
name                                mean      median        rmse         min         max       count
Lost Count                         1.000       1.000       0.000       1.000       1.000           8
Tracking                           7.245       6.048       5.247       0.915     146.340        7328
Reset Count                        1.000       1.000       0.000       1.000       1.000          13
Correlation                        0.148       0.126       0.108       0.029       5.038        7231
Total Init                     43453.860   43453.860       0.000   43453.860   43453.860           1
Pipeline                         251.045     250.013      27.373     112.552     452.719        7513
SuperPoint Extract               239.358     238.202      25.930     111.054     419.331        7513
ORB Extract                       29.071      27.784       6.804       7.788      70.816        7513
