Registering ORBextractor...
Registering AKAZEextractor...
Registering BRISKextractor...
Registering SIFTextractor...
Registering KAZEextractor...
Registering SuperPointExtractor...

ORB-SLAM2 Copyright (C) 2014-2016 Raul Mur-Artal, University of Zaragoza.
This program comes with ABSOLUTELY NO WARRANTY;
This is free software, and you are welcome to redistribute it
under certain conditions. See LICENSE.txt.

Input sensor was set to: Monocular

Loading Vocabulary : /home/howard/Refactored_ORB_SLAM2/Install/var/lib/orbslam2/voc/orb_mur.fbow
This could take a while...
Loading ORB Vocabulary in FBoW.
ORB Vocabulary loaded in 0.016217s


Loading Vocabulary : /home/howard/Refactored_ORB_SLAM2/Install/var/lib/orbslam2/voc/superpoint.fbow
This could take a while...
Loading SuperPoint Vocabulary in FBoW.
SuperPoint Vocabulary loaded in 0.012578s


Camera Parameters: 
- fx: 983.044
- fy: 983.044
- cx: 643.647
- cy: 493.379
- k1: 0
- k2: 0
- p1: 0
- p2: 0
- fps: 16
- color order: RGB (ignored if grayscale)

[Feature 0] ORB Extractor Parameters: 
 ( TH_LOW: 50, TH_HIGH: 100 )
- Number of Features: 2000
- Scale Levels: 8
- Scale Factor: 1.2
- Initial Fast Threshold: 20
- Minimum Fast Threshold: 7

[Feature 1] SuperPoint Extractor Parameters: 
 ( TH_LOW: 0.3, TH_HIGH: 0.7 )
- Number of Features: 2000
- Scale Levels: 4
- Scale Factor: 1.2
- Use CUDA: 1
- Use NMS: 1
- iniTh: 0.08
- minTh: 0.04

-------
Start processing sequence ...
Images in the sequence: 7513

1
New map created with 101 points for 0 Feature Type 
New map created with 308 points for 1 Feature Type 
Tracking Initlized in 132.75s
The initlized frame ID: 149
The lost frame ID: 833
The lost frame ID: 834
The lost frame ID: 835
The lost frame ID: 836
The lost frame ID: 837
The lost frame ID: 838
The lost frame ID: 839
The lost frame ID: 840
The lost frame ID: 841

Saving camera trajectory to TrajectoryBeforeReset_oxf_orb_spp_r15_seg01_pid3412427_1757418517073.txt ...

trajectory saved!
[Tracking] wrote pre-reset trajectory to TrajectoryBeforeReset_oxf_orb_spp_r15_seg01_pid3412427_1757418517073.txt
[Tracking] LOST for 10 consecutive frames -> reset
System Reseting
Reseting Local Mapper... done
Reseting Loop Closing... done
Reseting Database... done
1
New map created with 89 points for 0 Feature Type 
New map created with 322 points for 1 Feature Type 
Tracking Initlized in 0.94s
The initlized frame ID: 1
The lost frame ID: 900
The lost frame ID: 901
The lost frame ID: 902
The lost frame ID: 903
The lost frame ID: 904
The lost frame ID: 905
The lost frame ID: 906
The lost frame ID: 907
The lost frame ID: 908

Saving camera trajectory to TrajectoryBeforeReset_oxf_orb_spp_r15_seg02_pid3412427_1757418754237.txt ...

trajectory saved!
[Tracking] wrote pre-reset trajectory to TrajectoryBeforeReset_oxf_orb_spp_r15_seg02_pid3412427_1757418754237.txt
[Tracking] LOST for 10 consecutive frames -> reset
System Reseting
Reseting Local Mapper... done
Reseting Loop Closing... done
Reseting Database... done
1
New map created with 92 points for 0 Feature Type 
New map created with 324 points for 1 Feature Type 
Tracking Initlized in 1.94s
The initlized frame ID: 2
The lost frame ID: 1009
The lost frame ID: 1010
The lost frame ID: 1011
The lost frame ID: 1012
The lost frame ID: 1013
The lost frame ID: 1014
The lost frame ID: 1015
The lost frame ID: 1016
The lost frame ID: 1017

Saving camera trajectory to TrajectoryBeforeReset_oxf_orb_spp_r15_seg03_pid3412427_1757419016467.txt ...

trajectory saved!
[Tracking] wrote pre-reset trajectory to TrajectoryBeforeReset_oxf_orb_spp_r15_seg03_pid3412427_1757419016467.txt
[Tracking] LOST for 10 consecutive frames -> reset
System Reseting
Reseting Local Mapper... done
Reseting Loop Closing... done
Reseting Database... done
1
New map created with 99 points for 0 Feature Type 
New map created with 299 points for 1 Feature Type 
Tracking Initlized in 1.07s
The initlized frame ID: 1
The lost frame ID: 180
The lost frame ID: 181
The lost frame ID: 182
The lost frame ID: 183
The lost frame ID: 184
The lost frame ID: 185
The lost frame ID: 186
The lost frame ID: 187
The lost frame ID: 188

Saving camera trajectory to TrajectoryBeforeReset_oxf_orb_spp_r15_seg04_pid3412427_1757419067002.txt ...

trajectory saved!
[Tracking] wrote pre-reset trajectory to TrajectoryBeforeReset_oxf_orb_spp_r15_seg04_pid3412427_1757419067002.txt
[Tracking] LOST for 10 consecutive frames -> reset
System Reseting
Reseting Local Mapper... done
Reseting Loop Closing... done
Reseting Database... done
1
New map created with 100 points for 0 Feature Type 
New map created with 291 points for 1 Feature Type 
Tracking Initlized in 0.93s
The initlized frame ID: 1
The lost frame ID: 594
The lost frame ID: 595
The lost frame ID: 596
The lost frame ID: 597
The lost frame ID: 598
The lost frame ID: 599
The lost frame ID: 600
The lost frame ID: 601
The lost frame ID: 602

Saving camera trajectory to TrajectoryBeforeReset_oxf_orb_spp_r15_seg05_pid3412427_1757419243759.txt ...

trajectory saved!
[Tracking] wrote pre-reset trajectory to TrajectoryBeforeReset_oxf_orb_spp_r15_seg05_pid3412427_1757419243759.txt
[Tracking] LOST for 10 consecutive frames -> reset
System Reseting
Reseting Local Mapper... done
Reseting Loop Closing... done
Reseting Database... done
1
New map created with 84 points for 0 Feature Type 
New map created with 384 points for 1 Feature Type 
Tracking Initlized in 2.19s
The initlized frame ID: 2
The lost frame ID: 1410
The lost frame ID: 1411
The lost frame ID: 1412
The lost frame ID: 1413
The lost frame ID: 1414
The lost frame ID: 1415
The lost frame ID: 1416
The lost frame ID: 1417
The lost frame ID: 1418

Saving camera trajectory to TrajectoryBeforeReset_oxf_orb_spp_r15_seg06_pid3412427_1757419611980.txt ...

trajectory saved!
[Tracking] wrote pre-reset trajectory to TrajectoryBeforeReset_oxf_orb_spp_r15_seg06_pid3412427_1757419611980.txt
[Tracking] LOST for 10 consecutive frames -> reset
System Reseting
Reseting Local Mapper... done
Reseting Loop Closing... done
Reseting Database... done
1
New map created with 174 points for 0 Feature Type 
New map created with 376 points for 1 Feature Type 
Tracking Initlized in 0.89s
The initlized frame ID: 1
The lost frame ID: 2242
The lost frame ID: 2243
The lost frame ID: 2244
The lost frame ID: 2245
The lost frame ID: 2246
The lost frame ID: 2247
The lost frame ID: 2248
The lost frame ID: 2249
The lost frame ID: 2250

Saving camera trajectory to TrajectoryBeforeReset_oxf_orb_spp_r15_seg07_pid3412427_1757420206302.txt ...

trajectory saved!
[Tracking] wrote pre-reset trajectory to TrajectoryBeforeReset_oxf_orb_spp_r15_seg07_pid3412427_1757420206302.txt
[Tracking] LOST for 10 consecutive frames -> reset
System Reseting
Reseting Local Mapper... done
Reseting Loop Closing... done
Reseting Database... done
1
New map created with 74 points for 0 Feature Type 
New map created with 214 points for 1 Feature Type 
Tracking Initlized in 6.73s
The initlized frame ID: 8
Track lost soon after initialisation, reseting...
System Reseting
Reseting Local Mapper... done
Reseting Loop Closing... done
Reseting Database... done
1
New map created with 30 points for 0 Feature Type 
New map created with 132 points for 1 Feature Type 
Tracking Initlized in 2.15s
The initlized frame ID: 2
The lost frame ID: 145
The lost frame ID: 146
The lost frame ID: 147
The lost frame ID: 148
The lost frame ID: 149
The lost frame ID: 150
The lost frame ID: 151
The lost frame ID: 152
The lost frame ID: 153

Saving camera trajectory to TrajectoryBeforeReset_oxf_orb_spp_r15_seg08_pid3412427_1757420250335.txt ...

trajectory saved!
[Tracking] wrote pre-reset trajectory to TrajectoryBeforeReset_oxf_orb_spp_r15_seg08_pid3412427_1757420250335.txt
[Tracking] LOST for 10 consecutive frames -> reset
System Reseting
Reseting Local Mapper... done
Reseting Loop Closing... done
Reseting Database... done
0
New map created with 98 points for 0 Feature Type 
New map created with 338 points for 1 Feature Type 
Tracking Initlized in 1.25s
The initlized frame ID: 1
System::StopViewer()
System::StopViewer() done

Saving correlation status...

========== Global Summary ==========
Frames: 7254
avg_CorrEdges: 5.0743
avg_match_A: 68.1856
avg_match_B: 137.284
global_RI_MNR: 0.074419
global_RI_GNR: 0.052447
global_RI_DICE: 0.0493923

========== Per-Channel Summary ==========
   chA   chB     avgCorr        avgA        avgB   avgRI_MNR   avgRI_GNR  avgRI_DICE
     0     1      5.0743     68.1856     137.284   0.0646421   0.0447738   0.0417532

Correlation status saved!

System Shutdown
-------

median tracking time: 0.250616
mean tracking time: 0.25253

Saving camera trajectory to result15.txt ...

trajectory saved!
All done

========== Performance Summary (ms) ==========
name                                mean      median        rmse         min         max       count
Lost Count                         1.000       1.000       0.000       1.000       1.000           8
Tracking                           7.121       6.100       4.841       1.045      76.641        7335
Reset Count                        1.000       1.000       0.000       1.000       1.000           9
Correlation                        0.148       0.127       0.107       0.031       5.289        7254
Total Init                     44938.745   44938.745       0.000   44938.745   44938.745           1
Pipeline                         252.089     250.593      27.150     114.015     444.418        7513
SuperPoint Extract               240.681     239.448      25.940     112.168     417.418        7513
ORB Extract                       29.279      28.018       6.880       8.144      71.357        7513
