Registering ORBextractor...
Registering AKAZEextractor...
Registering BRISKextractor...
Registering SIFTextractor...
Registering KAZEextractor...
Registering SuperPointExtractor...

ORB-SLAM2 Copyright (C) 2014-2016 Raul Mur-Artal, University of Zaragoza.
This program comes with ABSOLUTELY NO WARRANTY;
This is free software, and you are welcome to redistribute it
under certain conditions. See LICENSE.txt.

Input sensor was set to: Monocular

Loading Vocabulary : /home/howard/Refactored_ORB_SLAM2/Install/var/lib/orbslam2/voc/sift_cv.fbow
This could take a while...
Loading SIFT Vocabulary in FBoW.
SIFT Vocabulary loaded in 0.065074s


Camera Parameters: 
- fx: 983.044
- fy: 983.044
- cx: 643.647
- cy: 493.379
- k1: 0
- k2: 0
- p1: 0
- p2: 0
- fps: 16
- color order: RGB (ignored if grayscale)

[Feature 0] SIFT Extractor Parameters: 
 ( TH_LOW: 300, TH_HIGH: 500 )
- Number of Features  : 1000
- Scale Levels        : 1
- Scale Factor        : 1
- Contrast Threshold  : 0.001
- Edge Threshold      : 5
- nOctaves            : 3
- Sigma               : 1.6

-------
Start processing sequence ...
Images in the sequence: 7513

0
New map created with 487 points for 0 Feature Type 
Tracking Initlized in 73.79s
The initlized frame ID: 139
The lost frame ID: 830
The lost frame ID: 831
The lost frame ID: 832
The lost frame ID: 833
The lost frame ID: 834
The lost frame ID: 835
The lost frame ID: 836
The lost frame ID: 837
The lost frame ID: 838

Saving camera trajectory to TrajectoryBeforeReset_oxf_sft_r06_seg01_pid2276762_1757362240838.txt ...

trajectory saved!
[Tracking] wrote pre-reset trajectory to TrajectoryBeforeReset_oxf_sft_r06_seg01_pid2276762_1757362240838.txt
[Tracking] LOST for 10 consecutive frames -> reset
System Reseting
Reseting Local Mapper... done
Reseting Loop Closing... done
Reseting Database... done
0
New map created with 98 points for 0 Feature Type 
Wrong initialization, reseting...
System Reseting
Reseting Local Mapper... done
Reseting Loop Closing... done
Reseting Database... done
0
New map created with 651 points for 0 Feature Type 
Tracking Initlized in 1.11s
The initlized frame ID: 2
The lost frame ID: 329
The lost frame ID: 330
The lost frame ID: 331
The lost frame ID: 332
The lost frame ID: 333
The lost frame ID: 334
The lost frame ID: 335
The lost frame ID: 336
The lost frame ID: 337

Saving camera trajectory to TrajectoryBeforeReset_oxf_sft_r06_seg02_pid2276762_1757362289303.txt ...

trajectory saved!
[Tracking] wrote pre-reset trajectory to TrajectoryBeforeReset_oxf_sft_r06_seg02_pid2276762_1757362289303.txt
[Tracking] LOST for 10 consecutive frames -> reset
System Reseting
Reseting Local Mapper... done
Reseting Loop Closing... done
Reseting Database... done
0
New map created with 392 points for 0 Feature Type 
Tracking Initlized in 1.87s
The initlized frame ID: 3
The lost frame ID: 92
The lost frame ID: 93
The lost frame ID: 94
The lost frame ID: 95
The lost frame ID: 96
The lost frame ID: 97
The lost frame ID: 98
The lost frame ID: 99
The lost frame ID: 100

Saving camera trajectory to TrajectoryBeforeReset_oxf_sft_r06_seg03_pid2276762_1757362303148.txt ...

trajectory saved!
[Tracking] wrote pre-reset trajectory to TrajectoryBeforeReset_oxf_sft_r06_seg03_pid2276762_1757362303148.txt
[Tracking] LOST for 10 consecutive frames -> reset
System Reseting
Reseting Local Mapper... done
Reseting Loop Closing... done
Reseting Database... done
0
New map created with 399 points for 0 Feature Type 
Tracking Initlized in 1.18s
The initlized frame ID: 2
The lost frame ID: 193
The lost frame ID: 194
The lost frame ID: 195
The lost frame ID: 196
The lost frame ID: 197
The lost frame ID: 198
The lost frame ID: 199
The lost frame ID: 200
The lost frame ID: 201

Saving camera trajectory to TrajectoryBeforeReset_oxf_sft_r06_seg04_pid2276762_1757362331304.txt ...

trajectory saved!
[Tracking] wrote pre-reset trajectory to TrajectoryBeforeReset_oxf_sft_r06_seg04_pid2276762_1757362331304.txt
[Tracking] LOST for 10 consecutive frames -> reset
System Reseting
Reseting Local Mapper... done
Reseting Loop Closing... done
Reseting Database... done
0
New map created with 313 points for 0 Feature Type 
Tracking Initlized in 4.86s
The initlized frame ID: 9
The lost frame ID: 251
The lost frame ID: 252
The lost frame ID: 253
The lost frame ID: 254
The lost frame ID: 255
The lost frame ID: 256
The lost frame ID: 257
The lost frame ID: 258
The lost frame ID: 259

Saving camera trajectory to TrajectoryBeforeReset_oxf_sft_r06_seg05_pid2276762_1757362369055.txt ...

trajectory saved!
[Tracking] wrote pre-reset trajectory to TrajectoryBeforeReset_oxf_sft_r06_seg05_pid2276762_1757362369055.txt
[Tracking] LOST for 10 consecutive frames -> reset
System Reseting
Reseting Local Mapper... done
Reseting Loop Closing... done
Reseting Database... done
0
New map created with 336 points for 0 Feature Type 
Tracking Initlized in 1.14s
The initlized frame ID: 2
The lost frame ID: 293
The lost frame ID: 294
The lost frame ID: 295
The lost frame ID: 296
The lost frame ID: 297
The lost frame ID: 298
The lost frame ID: 299
The lost frame ID: 300
The lost frame ID: 301

Saving camera trajectory to TrajectoryBeforeReset_oxf_sft_r06_seg06_pid2276762_1757362415830.txt ...

trajectory saved!
[Tracking] wrote pre-reset trajectory to TrajectoryBeforeReset_oxf_sft_r06_seg06_pid2276762_1757362415830.txt
[Tracking] LOST for 10 consecutive frames -> reset
System Reseting
Reseting Local Mapper... done
Reseting Loop Closing... done
Reseting Database... done
0
New map created with 523 points for 0 Feature Type 
Tracking Initlized in 0.63s
The initlized frame ID: 1
The lost frame ID: 351
The lost frame ID: 352
The lost frame ID: 353
The lost frame ID: 354
The lost frame ID: 355
The lost frame ID: 356
The lost frame ID: 357
The lost frame ID: 358
The lost frame ID: 359

Saving camera trajectory to TrajectoryBeforeReset_oxf_sft_r06_seg07_pid2276762_1757362471574.txt ...

trajectory saved!
[Tracking] wrote pre-reset trajectory to TrajectoryBeforeReset_oxf_sft_r06_seg07_pid2276762_1757362471574.txt
[Tracking] LOST for 10 consecutive frames -> reset
System Reseting
Reseting Local Mapper... done
Reseting Loop Closing... done
Reseting Database... done
0
New map created with 343 points for 0 Feature Type 
Tracking Initlized in 2.83s
The initlized frame ID: 5
The lost frame ID: 133
The lost frame ID: 134
The lost frame ID: 135
The lost frame ID: 136
The lost frame ID: 137
The lost frame ID: 138
The lost frame ID: 139
The lost frame ID: 140
The lost frame ID: 141

Saving camera trajectory to TrajectoryBeforeReset_oxf_sft_r06_seg08_pid2276762_1757362493083.txt ...

trajectory saved!
[Tracking] wrote pre-reset trajectory to TrajectoryBeforeReset_oxf_sft_r06_seg08_pid2276762_1757362493083.txt
[Tracking] LOST for 10 consecutive frames -> reset
System Reseting
Reseting Local Mapper... done
Reseting Loop Closing... done
Reseting Database... done
0
New map created with 273 points for 0 Feature Type 
Tracking Initlized in 1.18s
The initlized frame ID: 2
The lost frame ID: 76
The lost frame ID: 77
The lost frame ID: 78
The lost frame ID: 79
The lost frame ID: 80
The lost frame ID: 81
The lost frame ID: 82
The lost frame ID: 83
The lost frame ID: 84

Saving camera trajectory to TrajectoryBeforeReset_oxf_sft_r06_seg09_pid2276762_1757362506104.txt ...

trajectory saved!
[Tracking] wrote pre-reset trajectory to TrajectoryBeforeReset_oxf_sft_r06_seg09_pid2276762_1757362506104.txt
[Tracking] LOST for 10 consecutive frames -> reset
System Reseting
Reseting Local Mapper... done
Reseting Loop Closing... done
Reseting Database... done
0
New map created with 391 points for 0 Feature Type 
Tracking Initlized in 0.51s
The initlized frame ID: 1
The lost frame ID: 8
The lost frame ID: 9
The lost frame ID: 10
The lost frame ID: 11
The lost frame ID: 12
The lost frame ID: 13
The lost frame ID: 14
The lost frame ID: 15
The lost frame ID: 16

Saving camera trajectory to TrajectoryBeforeReset_oxf_sft_r06_seg10_pid2276762_1757362508591.txt ...

trajectory saved!
[Tracking] wrote pre-reset trajectory to TrajectoryBeforeReset_oxf_sft_r06_seg10_pid2276762_1757362508591.txt
[Tracking] LOST for 10 consecutive frames -> reset
System Reseting
Reseting Local Mapper... done
Reseting Loop Closing... done
Reseting Database... done
0
New map created with 421 points for 0 Feature Type 
Tracking Initlized in 0.57s
The initlized frame ID: 1
The lost frame ID: 90
The lost frame ID: 91
The lost frame ID: 92
The lost frame ID: 93
The lost frame ID: 94
The lost frame ID: 95
The lost frame ID: 96
The lost frame ID: 97
The lost frame ID: 98

Saving camera trajectory to TrajectoryBeforeReset_oxf_sft_r06_seg11_pid2276762_1757362522524.txt ...

trajectory saved!
[Tracking] wrote pre-reset trajectory to TrajectoryBeforeReset_oxf_sft_r06_seg11_pid2276762_1757362522524.txt
[Tracking] LOST for 10 consecutive frames -> reset
System Reseting
Reseting Local Mapper... done
Reseting Loop Closing... done
Reseting Database... done
0
New map created with 157 points for 0 Feature Type 
Tracking Initlized in 1.13s
The initlized frame ID: 2
Track lost soon after initialisation, reseting...
System Reseting
Reseting Local Mapper... done
Reseting Loop Closing... done
Reseting Database... done
0
New map created with 80 points for 0 Feature Type 
Wrong initialization, reseting...
System Reseting
Reseting Local Mapper... done
Reseting Loop Closing... done
Reseting Database... done
0
New map created with 179 points for 0 Feature Type 
Tracking Initlized in 1.26s
The initlized frame ID: 2
Track lost soon after initialisation, reseting...
System Reseting
Reseting Local Mapper... done
Reseting Loop Closing... done
Reseting Database... done
0
New map created with 215 points for 0 Feature Type 
Tracking Initlized in 1.16s
The initlized frame ID: 2
Track lost soon after initialisation, reseting...
System Reseting
Reseting Local Mapper... done
Reseting Loop Closing... done
Reseting Database... done
0
New map created with 205 points for 0 Feature Type 
Tracking Initlized in 0.79s
The initlized frame ID: 1
Track lost soon after initialisation, reseting...
System Reseting
Reseting Local Mapper... done
Reseting Loop Closing... done
Reseting Database... done
0
New map created with 286 points for 0 Feature Type 
Tracking Initlized in 0.62s
The initlized frame ID: 1
Track lost soon after initialisation, reseting...
System Reseting
Reseting Local Mapper... done
Reseting Loop Closing... done
Reseting Database... done
0
New map created with 301 points for 0 Feature Type 
Tracking Initlized in 0.51s
The initlized frame ID: 1
The lost frame ID: 16
The lost frame ID: 26
The lost frame ID: 27
The lost frame ID: 28
The lost frame ID: 29
The lost frame ID: 30
The lost frame ID: 31
The lost frame ID: 32
The lost frame ID: 33
The lost frame ID: 34

Saving camera trajectory to TrajectoryBeforeReset_oxf_sft_r06_seg12_pid2276762_1757362533635.txt ...

trajectory saved!
[Tracking] wrote pre-reset trajectory to TrajectoryBeforeReset_oxf_sft_r06_seg12_pid2276762_1757362533635.txt
[Tracking] LOST for 10 consecutive frames -> reset
System Reseting
Reseting Local Mapper... done
Reseting Loop Closing... done
Reseting Database... done
0
New map created with 340 points for 0 Feature Type 
Tracking Initlized in 0.65s
The initlized frame ID: 1
The lost frame ID: 10
The lost frame ID: 11
The lost frame ID: 12
The lost frame ID: 13
The lost frame ID: 14
The lost frame ID: 15
The lost frame ID: 16
The lost frame ID: 17
The lost frame ID: 18

Saving camera trajectory to TrajectoryBeforeReset_oxf_sft_r06_seg13_pid2276762_1757362536361.txt ...

trajectory saved!
[Tracking] wrote pre-reset trajectory to TrajectoryBeforeReset_oxf_sft_r06_seg13_pid2276762_1757362536361.txt
[Tracking] LOST for 10 consecutive frames -> reset
System Reseting
Reseting Local Mapper... done
Reseting Loop Closing... done
Reseting Database... done
0
New map created with 246 points for 0 Feature Type 
Tracking Initlized in 1.02s
The initlized frame ID: 2
The lost frame ID: 62
The lost frame ID: 63
The lost frame ID: 64
The lost frame ID: 65
The lost frame ID: 66
The lost frame ID: 67
The lost frame ID: 68
The lost frame ID: 69
The lost frame ID: 70

Saving camera trajectory to TrajectoryBeforeReset_oxf_sft_r06_seg14_pid2276762_1757362546339.txt ...

trajectory saved!
[Tracking] wrote pre-reset trajectory to TrajectoryBeforeReset_oxf_sft_r06_seg14_pid2276762_1757362546339.txt
[Tracking] LOST for 10 consecutive frames -> reset
System Reseting
Reseting Local Mapper... done
Reseting Loop Closing... done
Reseting Database... done
0
New map created with 172 points for 0 Feature Type 
Tracking Initlized in 7.89s
The initlized frame ID: 15
Track lost soon after initialisation, reseting...
System Reseting
Reseting Local Mapper... done
Reseting Loop Closing... done
Reseting Database... done
0
New map created with 144 points for 0 Feature Type 
Tracking Initlized in 1.14s
The initlized frame ID: 2
Track lost soon after initialisation, reseting...
System Reseting
Reseting Local Mapper... done
Reseting Loop Closing... done
Reseting Database... done
0
New map created with 112 points for 0 Feature Type 
Tracking Initlized in 2.15s
The initlized frame ID: 4
Track lost soon after initialisation, reseting...
System Reseting
Reseting Local Mapper... done
Reseting Loop Closing... done
Reseting Database... done
0
New map created with 173 points for 0 Feature Type 
Tracking Initlized in 11.90s
The initlized frame ID: 22
The lost frame ID: 221
The lost frame ID: 222
The lost frame ID: 223
The lost frame ID: 224
The lost frame ID: 225
The lost frame ID: 226
The lost frame ID: 227
The lost frame ID: 228
The lost frame ID: 229

Saving camera trajectory to TrajectoryBeforeReset_oxf_sft_r06_seg15_pid2276762_1757362586814.txt ...

trajectory saved!
[Tracking] wrote pre-reset trajectory to TrajectoryBeforeReset_oxf_sft_r06_seg15_pid2276762_1757362586814.txt
[Tracking] LOST for 10 consecutive frames -> reset
System Reseting
Reseting Local Mapper... done
Reseting Loop Closing... done
Reseting Database... done
0
New map created with 198 points for 0 Feature Type 
Tracking Initlized in 0.59s
The initlized frame ID: 1
Track lost soon after initialisation, reseting...
System Reseting
Reseting Local Mapper... done
Reseting Loop Closing... done
Reseting Database... done
0
New map created with 172 points for 0 Feature Type 
Tracking Initlized in 1.19s
The initlized frame ID: 2
Track lost soon after initialisation, reseting...
System Reseting
Reseting Local Mapper... done
Reseting Loop Closing... done
Reseting Database... done
0
New map created with 201 points for 0 Feature Type 
Tracking Initlized in 1.07s
The initlized frame ID: 2
Track lost soon after initialisation, reseting...
System Reseting
Reseting Local Mapper... done
Reseting Loop Closing... done
Reseting Database... done
0
New map created with 183 points for 0 Feature Type 
Tracking Initlized in 1.06s
The initlized frame ID: 2
Track lost soon after initialisation, reseting...
System Reseting
Reseting Local Mapper... done
Reseting Loop Closing... done
Reseting Database... done
0
New map created with 149 points for 0 Feature Type 
Tracking Initlized in 1.12s
The initlized frame ID: 2
Track lost soon after initialisation, reseting...
System Reseting
Reseting Local Mapper... done
Reseting Loop Closing... done
Reseting Database... done
0
New map created with 151 points for 0 Feature Type 
Tracking Initlized in 3.20s
The initlized frame ID: 6
The lost frame ID: 71
The lost frame ID: 72
The lost frame ID: 73
The lost frame ID: 74
The lost frame ID: 75
The lost frame ID: 76
The lost frame ID: 77
The lost frame ID: 78
The lost frame ID: 79

Saving camera trajectory to TrajectoryBeforeReset_oxf_sft_r06_seg16_pid2276762_1757362602517.txt ...

trajectory saved!
[Tracking] wrote pre-reset trajectory to TrajectoryBeforeReset_oxf_sft_r06_seg16_pid2276762_1757362602517.txt
[Tracking] LOST for 10 consecutive frames -> reset
System Reseting
Reseting Local Mapper... done
Reseting Loop Closing... done
Reseting Database... done
0
New map created with 238 points for 0 Feature Type 
Tracking Initlized in 1.48s
The initlized frame ID: 3
The lost frame ID: 67
The lost frame ID: 68
The lost frame ID: 69
The lost frame ID: 70
The lost frame ID: 71
The lost frame ID: 72
The lost frame ID: 73
The lost frame ID: 74
The lost frame ID: 75

Saving camera trajectory to TrajectoryBeforeReset_oxf_sft_r06_seg17_pid2276762_1757362613229.txt ...

trajectory saved!
[Tracking] wrote pre-reset trajectory to TrajectoryBeforeReset_oxf_sft_r06_seg17_pid2276762_1757362613229.txt
[Tracking] LOST for 10 consecutive frames -> reset
System Reseting
Reseting Local Mapper... done
Reseting Loop Closing... done
Reseting Database... done
0
New map created with 274 points for 0 Feature Type 
Tracking Initlized in 1.08s
The initlized frame ID: 2
The lost frame ID: 43
The lost frame ID: 44
The lost frame ID: 45
The lost frame ID: 46
The lost frame ID: 47
The lost frame ID: 48
The lost frame ID: 49
The lost frame ID: 50
The lost frame ID: 51

Saving camera trajectory to TrajectoryBeforeReset_oxf_sft_r06_seg18_pid2276762_1757362619907.txt ...

trajectory saved!
[Tracking] wrote pre-reset trajectory to TrajectoryBeforeReset_oxf_sft_r06_seg18_pid2276762_1757362619907.txt
[Tracking] LOST for 10 consecutive frames -> reset
System Reseting
Reseting Local Mapper... done
Reseting Loop Closing... done
Reseting Database... done
0
New map created with 155 points for 0 Feature Type 
Tracking Initlized in 1.57s
The initlized frame ID: 3
The lost frame ID: 16
The lost frame ID: 62
The lost frame ID: 63
The lost frame ID: 64
The lost frame ID: 65
The lost frame ID: 66
The lost frame ID: 67
The lost frame ID: 68
The lost frame ID: 69
The lost frame ID: 70

Saving camera trajectory to TrajectoryBeforeReset_oxf_sft_r06_seg19_pid2276762_1757362628884.txt ...

trajectory saved!
[Tracking] wrote pre-reset trajectory to TrajectoryBeforeReset_oxf_sft_r06_seg19_pid2276762_1757362628884.txt
[Tracking] LOST for 10 consecutive frames -> reset
System Reseting
Reseting Local Mapper... done
Reseting Loop Closing... done
Reseting Database... done
0
New map created with 266 points for 0 Feature Type 
Tracking Initlized in 2.05s
The initlized frame ID: 4
The lost frame ID: 47
The lost frame ID: 48
The lost frame ID: 49
The lost frame ID: 50
The lost frame ID: 51
The lost frame ID: 52
The lost frame ID: 53
The lost frame ID: 54
The lost frame ID: 55

Saving camera trajectory to TrajectoryBeforeReset_oxf_sft_r06_seg20_pid2276762_1757362637313.txt ...

trajectory saved!
[Tracking] wrote pre-reset trajectory to TrajectoryBeforeReset_oxf_sft_r06_seg20_pid2276762_1757362637313.txt
[Tracking] LOST for 10 consecutive frames -> reset
System Reseting
Reseting Local Mapper... done
Reseting Loop Closing... done
Reseting Database... done
0
New map created with 119 points for 0 Feature Type 
Tracking Initlized in 9.03s
The initlized frame ID: 17
Track lost soon after initialisation, reseting...
System Reseting
Reseting Local Mapper... done
Reseting Loop Closing... done
Reseting Database... done
0
New map created with 445 points for 0 Feature Type 
Tracking Initlized in 1.13s
The initlized frame ID: 2
The lost frame ID: 485
The lost frame ID: 486
The lost frame ID: 487
The lost frame ID: 488
The lost frame ID: 489
The lost frame ID: 490
The lost frame ID: 491
The lost frame ID: 492
The lost frame ID: 493

Saving camera trajectory to TrajectoryBeforeReset_oxf_sft_r06_seg21_pid2276762_1757362718537.txt ...

trajectory saved!
[Tracking] wrote pre-reset trajectory to TrajectoryBeforeReset_oxf_sft_r06_seg21_pid2276762_1757362718537.txt
[Tracking] LOST for 10 consecutive frames -> reset
System Reseting
Reseting Local Mapper... done
Reseting Loop Closing... done
Reseting Database... done
0
New map created with 364 points for 0 Feature Type 
Tracking Initlized in 1.63s
The initlized frame ID: 3
The lost frame ID: 178
The lost frame ID: 179
The lost frame ID: 180
The lost frame ID: 181
The lost frame ID: 182
The lost frame ID: 183
The lost frame ID: 184
The lost frame ID: 185
The lost frame ID: 186

Saving camera trajectory to TrajectoryBeforeReset_oxf_sft_r06_seg22_pid2276762_1757362741737.txt ...

trajectory saved!
[Tracking] wrote pre-reset trajectory to TrajectoryBeforeReset_oxf_sft_r06_seg22_pid2276762_1757362741737.txt
[Tracking] LOST for 10 consecutive frames -> reset
System Reseting
Reseting Local Mapper... done
Reseting Loop Closing... done
Reseting Database... done
0
New map created with 493 points for 0 Feature Type 
Tracking Initlized in 0.98s
The initlized frame ID: 2
The lost frame ID: 138
The lost frame ID: 139
The lost frame ID: 140
The lost frame ID: 141
The lost frame ID: 142
The lost frame ID: 143
The lost frame ID: 144
The lost frame ID: 145
The lost frame ID: 146

Saving camera trajectory to TrajectoryBeforeReset_oxf_sft_r06_seg23_pid2276762_1757362758638.txt ...

trajectory saved!
[Tracking] wrote pre-reset trajectory to TrajectoryBeforeReset_oxf_sft_r06_seg23_pid2276762_1757362758638.txt
[Tracking] LOST for 10 consecutive frames -> reset
System Reseting
Reseting Local Mapper... done
Reseting Loop Closing... done
Reseting Database... done
0
New map created with 375 points for 0 Feature Type 
Tracking Initlized in 0.99s
The initlized frame ID: 2
The lost frame ID: 581
The lost frame ID: 582
The lost frame ID: 583
The lost frame ID: 584
The lost frame ID: 585
The lost frame ID: 586
The lost frame ID: 587
The lost frame ID: 588
The lost frame ID: 589

Saving camera trajectory to TrajectoryBeforeReset_oxf_sft_r06_seg24_pid2276762_1757362828787.txt ...

trajectory saved!
[Tracking] wrote pre-reset trajectory to TrajectoryBeforeReset_oxf_sft_r06_seg24_pid2276762_1757362828787.txt
[Tracking] LOST for 10 consecutive frames -> reset
System Reseting
Reseting Local Mapper... done
Reseting Loop Closing... done
Reseting Database... done
0
New map created with 792 points for 0 Feature Type 
Tracking Initlized in 0.98s
The initlized frame ID: 2
The lost frame ID: 2243
The lost frame ID: 2244
The lost frame ID: 2245
The lost frame ID: 2246
The lost frame ID: 2247
The lost frame ID: 2248
The lost frame ID: 2249
The lost frame ID: 2250
The lost frame ID: 2251

Saving camera trajectory to TrajectoryBeforeReset_oxf_sft_r06_seg25_pid2276762_1757363097083.txt ...

trajectory saved!
[Tracking] wrote pre-reset trajectory to TrajectoryBeforeReset_oxf_sft_r06_seg25_pid2276762_1757363097083.txt
[Tracking] LOST for 10 consecutive frames -> reset
System Reseting
Reseting Local Mapper... done
Reseting Loop Closing... done
Reseting Database... done
0
New map created with 138 points for 0 Feature Type 
Tracking Initlized in 5.27s
The initlized frame ID: 11
Track lost soon after initialisation, reseting...
System Reseting
Reseting Local Mapper... done
Reseting Loop Closing... done
Reseting Database... done
0
New map created with 233 points for 0 Feature Type 
Tracking Initlized in 0.99s
The initlized frame ID: 2
Track lost soon after initialisation, reseting...
System Reseting
Reseting Local Mapper... done
Reseting Loop Closing... done
Reseting Database... done
0
New map created with 253 points for 0 Feature Type 
Tracking Initlized in 0.91s
The initlized frame ID: 2
The lost frame ID: 9
The lost frame ID: 10
The lost frame ID: 11
The lost frame ID: 12
The lost frame ID: 13
The lost frame ID: 14
The lost frame ID: 15
The lost frame ID: 16
The lost frame ID: 17

Saving camera trajectory to TrajectoryBeforeReset_oxf_sft_r06_seg26_pid2276762_1757363102293.txt ...

trajectory saved!
[Tracking] wrote pre-reset trajectory to TrajectoryBeforeReset_oxf_sft_r06_seg26_pid2276762_1757363102293.txt
[Tracking] LOST for 10 consecutive frames -> reset
System Reseting
Reseting Local Mapper... done
Reseting Loop Closing... done
Reseting Database... done
0
New map created with 292 points for 0 Feature Type 
Tracking Initlized in 0.92s
The initlized frame ID: 2
The lost frame ID: 12
The lost frame ID: 13
The lost frame ID: 14
The lost frame ID: 15
The lost frame ID: 16
The lost frame ID: 17
The lost frame ID: 18
The lost frame ID: 19
The lost frame ID: 20

Saving camera trajectory to TrajectoryBeforeReset_oxf_sft_r06_seg27_pid2276762_1757363104738.txt ...

trajectory saved!
[Tracking] wrote pre-reset trajectory to TrajectoryBeforeReset_oxf_sft_r06_seg27_pid2276762_1757363104738.txt
[Tracking] LOST for 10 consecutive frames -> reset
System Reseting
Reseting Local Mapper... done
Reseting Loop Closing... done
Reseting Database... done
0
New map created with 259 points for 0 Feature Type 
Tracking Initlized in 1.02s
The initlized frame ID: 2
The lost frame ID: 89
The lost frame ID: 90
The lost frame ID: 91
The lost frame ID: 92
The lost frame ID: 93
The lost frame ID: 94
The lost frame ID: 95
The lost frame ID: 96
The lost frame ID: 97

Saving camera trajectory to TrajectoryBeforeReset_oxf_sft_r06_seg28_pid2276762_1757363116396.txt ...

trajectory saved!
[Tracking] wrote pre-reset trajectory to TrajectoryBeforeReset_oxf_sft_r06_seg28_pid2276762_1757363116396.txt
[Tracking] LOST for 10 consecutive frames -> reset
System Reseting
Reseting Local Mapper... done
Reseting Loop Closing... done
Reseting Database... done
0
New map created with 302 points for 0 Feature Type 
Tracking Initlized in 1.00s
The initlized frame ID: 2
Track lost soon after initialisation, reseting...
System Reseting
Reseting Local Mapper... done
Reseting Loop Closing... done
Reseting Database... done
0
New map created with 286 points for 0 Feature Type 
Tracking Initlized in 0.92s
The initlized frame ID: 2
System::StopViewer()
System::StopViewer() done

Saving correlation status...

Correlation status saved!

System Shutdown
-------

median tracking time: 0.108798
mean tracking time: 0.111645

Saving camera trajectory to result06.txt ...

trajectory saved!
All done

========== Performance Summary (ms) ==========
name                                mean      median        rmse         min         max       count
Lost Count                         1.000       1.000       0.000       1.000       1.000          28
Tracking                           4.177       3.647       2.964       0.753     100.801        7148
Reset Count                        1.000       1.000       0.000       1.000       1.000          47
Correlation                        0.000       0.000       0.000       0.000       0.020        6849
Total Init                     24196.501   24196.501       0.000   24196.501   24196.501           1
Pipeline                         111.266     108.612      23.372      70.414     254.355        7513
SIFT Extract                     102.653     100.741      20.015      65.949     205.235        7513
