Registering ORBextractor...
Registering AKAZEextractor...
Registering BRISKextractor...
Registering SIFTextractor...
Registering KAZEextractor...
Registering SuperPointExtractor...

ORB-SLAM2 Copyright (C) 2014-2016 Raul Mur-Artal, University of Zaragoza.
This program comes with ABSOLUTELY NO WARRANTY;
This is free software, and you are welcome to redistribute it
under certain conditions. See LICENSE.txt.

Input sensor was set to: Monocular

Loading Vocabulary : /home/howard/Refactored_ORB_SLAM2/Install/var/lib/orbslam2/voc/sift_cv.fbow
This could take a while...
Loading SIFT Vocabulary in FBoW.
SIFT Vocabulary loaded in 0.022100s


Camera Parameters: 
- fx: 983.044
- fy: 983.044
- cx: 643.647
- cy: 493.379
- k1: 0
- k2: 0
- p1: 0
- p2: 0
- fps: 16
- color order: RGB (ignored if grayscale)

[Feature 0] SIFT Extractor Parameters: 
 ( TH_LOW: 300, TH_HIGH: 500 )
- Number of Features  : 1000
- Scale Levels        : 1
- Scale Factor        : 1
- Contrast Threshold  : 0.001
- Edge Threshold      : 5
- nOctaves            : 3
- Sigma               : 1.6

-------
Start processing sequence ...
Images in the sequence: 7513

0
New map created with 487 points for 0 Feature Type 
Tracking Initlized in 80.64s
The initlized frame ID: 139
The lost frame ID: 830
The lost frame ID: 831
The lost frame ID: 832
The lost frame ID: 833
The lost frame ID: 834
The lost frame ID: 835
The lost frame ID: 836
The lost frame ID: 837
The lost frame ID: 838

Saving camera trajectory to TrajectoryBeforeReset_oxf_sft_r03_seg01_pid231386_1757337217003.txt ...

trajectory saved!
[Tracking] wrote pre-reset trajectory to TrajectoryBeforeReset_oxf_sft_r03_seg01_pid231386_1757337217003.txt
[Tracking] LOST for 10 consecutive frames -> reset
System Reseting
Reseting Local Mapper... done
Reseting Loop Closing... done
Reseting Database... done
0
New map created with 98 points for 0 Feature Type 
Wrong initialization, reseting...
System Reseting
Reseting Local Mapper... done
Reseting Loop Closing... done
Reseting Database... done
0
New map created with 651 points for 0 Feature Type 
Tracking Initlized in 1.10s
The initlized frame ID: 2
The lost frame ID: 329
The lost frame ID: 330
The lost frame ID: 331
The lost frame ID: 332
The lost frame ID: 333
The lost frame ID: 334
The lost frame ID: 335
The lost frame ID: 336
The lost frame ID: 337

Saving camera trajectory to TrajectoryBeforeReset_oxf_sft_r03_seg02_pid231386_1757337272882.txt ...

trajectory saved!
[Tracking] wrote pre-reset trajectory to TrajectoryBeforeReset_oxf_sft_r03_seg02_pid231386_1757337272882.txt
[Tracking] LOST for 10 consecutive frames -> reset
System Reseting
Reseting Local Mapper... done
Reseting Loop Closing... done
Reseting Database... done
0
New map created with 392 points for 0 Feature Type 
Tracking Initlized in 1.92s
The initlized frame ID: 3
The lost frame ID: 92
The lost frame ID: 93
The lost frame ID: 94
The lost frame ID: 95
The lost frame ID: 96
The lost frame ID: 97
The lost frame ID: 98
The lost frame ID: 99
The lost frame ID: 100

Saving camera trajectory to TrajectoryBeforeReset_oxf_sft_r03_seg03_pid231386_1757337287730.txt ...

trajectory saved!
[Tracking] wrote pre-reset trajectory to TrajectoryBeforeReset_oxf_sft_r03_seg03_pid231386_1757337287730.txt
[Tracking] LOST for 10 consecutive frames -> reset
System Reseting
Reseting Local Mapper... done
Reseting Loop Closing... done
Reseting Database... done
0
New map created with 399 points for 0 Feature Type 
Tracking Initlized in 1.23s
The initlized frame ID: 2
The lost frame ID: 192
The lost frame ID: 193
The lost frame ID: 194
The lost frame ID: 195
The lost frame ID: 196
The lost frame ID: 197
The lost frame ID: 198
The lost frame ID: 199
The lost frame ID: 200

Saving camera trajectory to TrajectoryBeforeReset_oxf_sft_r03_seg04_pid231386_1757337318074.txt ...

trajectory saved!
[Tracking] wrote pre-reset trajectory to TrajectoryBeforeReset_oxf_sft_r03_seg04_pid231386_1757337318074.txt
[Tracking] LOST for 10 consecutive frames -> reset
System Reseting
Reseting Local Mapper... done
Reseting Loop Closing... done
Reseting Database... done
0
New map created with 220 points for 0 Feature Type 
Tracking Initlized in 1.87s
The initlized frame ID: 3
The lost frame ID: 10
The lost frame ID: 11
The lost frame ID: 12
The lost frame ID: 13
The lost frame ID: 14
The lost frame ID: 15
The lost frame ID: 16
The lost frame ID: 17
The lost frame ID: 18

Saving camera trajectory to TrajectoryBeforeReset_oxf_sft_r03_seg05_pid231386_1757337320871.txt ...

trajectory saved!
[Tracking] wrote pre-reset trajectory to TrajectoryBeforeReset_oxf_sft_r03_seg05_pid231386_1757337320871.txt
[Tracking] LOST for 10 consecutive frames -> reset
System Reseting
Reseting Local Mapper... done
Reseting Loop Closing... done
Reseting Database... done
0
New map created with 663 points for 0 Feature Type 
Tracking Initlized in 1.70s
The initlized frame ID: 3
The lost frame ID: 233
The lost frame ID: 234
The lost frame ID: 235
The lost frame ID: 236
The lost frame ID: 237
The lost frame ID: 238
The lost frame ID: 239
The lost frame ID: 240
The lost frame ID: 241

Saving camera trajectory to TrajectoryBeforeReset_oxf_sft_r03_seg06_pid231386_1757337353150.txt ...

trajectory saved!
[Tracking] wrote pre-reset trajectory to TrajectoryBeforeReset_oxf_sft_r03_seg06_pid231386_1757337353150.txt
[Tracking] LOST for 10 consecutive frames -> reset
System Reseting
Reseting Local Mapper... done
Reseting Loop Closing... done
Reseting Database... done
0
New map created with 341 points for 0 Feature Type 
Tracking Initlized in 1.14s
The initlized frame ID: 2
The lost frame ID: 294
The lost frame ID: 295
The lost frame ID: 296
The lost frame ID: 297
The lost frame ID: 298
The lost frame ID: 299
The lost frame ID: 300
The lost frame ID: 301
The lost frame ID: 302

Saving camera trajectory to TrajectoryBeforeReset_oxf_sft_r03_seg07_pid231386_1757337402360.txt ...

trajectory saved!
[Tracking] wrote pre-reset trajectory to TrajectoryBeforeReset_oxf_sft_r03_seg07_pid231386_1757337402360.txt
[Tracking] LOST for 10 consecutive frames -> reset
System Reseting
Reseting Local Mapper... done
Reseting Loop Closing... done
Reseting Database... done
0
New map created with 469 points for 0 Feature Type 
Tracking Initlized in 0.70s
The initlized frame ID: 1
The lost frame ID: 349
The lost frame ID: 350
The lost frame ID: 351
The lost frame ID: 352
The lost frame ID: 353
The lost frame ID: 354
The lost frame ID: 355
The lost frame ID: 356
The lost frame ID: 357

Saving camera trajectory to TrajectoryBeforeReset_oxf_sft_r03_seg08_pid231386_1757337462563.txt ...

trajectory saved!
[Tracking] wrote pre-reset trajectory to TrajectoryBeforeReset_oxf_sft_r03_seg08_pid231386_1757337462563.txt
[Tracking] LOST for 10 consecutive frames -> reset
System Reseting
Reseting Local Mapper... done
Reseting Loop Closing... done
Reseting Database... done
0
New map created with 356 points for 0 Feature Type 
Tracking Initlized in 3.01s
The initlized frame ID: 5
The lost frame ID: 134
The lost frame ID: 135
The lost frame ID: 136
The lost frame ID: 137
The lost frame ID: 138
The lost frame ID: 139
The lost frame ID: 140
The lost frame ID: 141
The lost frame ID: 142

Saving camera trajectory to TrajectoryBeforeReset_oxf_sft_r03_seg09_pid231386_1757337485417.txt ...

trajectory saved!
[Tracking] wrote pre-reset trajectory to TrajectoryBeforeReset_oxf_sft_r03_seg09_pid231386_1757337485417.txt
[Tracking] LOST for 10 consecutive frames -> reset
System Reseting
Reseting Local Mapper... done
Reseting Loop Closing... done
Reseting Database... done
0
New map created with 283 points for 0 Feature Type 
Tracking Initlized in 1.34s
The initlized frame ID: 2
The lost frame ID: 79
The lost frame ID: 80
The lost frame ID: 81
The lost frame ID: 82
The lost frame ID: 83
The lost frame ID: 84
The lost frame ID: 85
The lost frame ID: 86
The lost frame ID: 87

Saving camera trajectory to TrajectoryBeforeReset_oxf_sft_r03_seg10_pid231386_1757337500548.txt ...

trajectory saved!
[Tracking] wrote pre-reset trajectory to TrajectoryBeforeReset_oxf_sft_r03_seg10_pid231386_1757337500548.txt
[Tracking] LOST for 10 consecutive frames -> reset
System Reseting
Reseting Local Mapper... done
Reseting Loop Closing... done
Reseting Database... done
0
New map created with 283 points for 0 Feature Type 
Tracking Initlized in 0.86s
The initlized frame ID: 1
Track lost soon after initialisation, reseting...
System Reseting
Reseting Local Mapper... done
Reseting Loop Closing... done
Reseting Database... done
0
New map created with 290 points for 0 Feature Type 
Tracking Initlized in 0.78s
The initlized frame ID: 1
Track lost soon after initialisation, reseting...
System Reseting
Reseting Local Mapper... done
Reseting Loop Closing... done
Reseting Database... done
0
New map created with 383 points for 0 Feature Type 
Tracking Initlized in 0.58s
The initlized frame ID: 1
The lost frame ID: 16
The lost frame ID: 17
The lost frame ID: 18
The lost frame ID: 19
The lost frame ID: 20
The lost frame ID: 21
The lost frame ID: 22
The lost frame ID: 23
The lost frame ID: 24

Saving camera trajectory to TrajectoryBeforeReset_oxf_sft_r03_seg11_pid231386_1757337506432.txt ...

trajectory saved!
[Tracking] wrote pre-reset trajectory to TrajectoryBeforeReset_oxf_sft_r03_seg11_pid231386_1757337506432.txt
[Tracking] LOST for 10 consecutive frames -> reset
System Reseting
Reseting Local Mapper... done
Reseting Loop Closing... done
Reseting Database... done
0
New map created with 518 points for 0 Feature Type 
Tracking Initlized in 0.54s
The initlized frame ID: 1
The lost frame ID: 67
The lost frame ID: 68
The lost frame ID: 69
The lost frame ID: 70
The lost frame ID: 71
The lost frame ID: 72
The lost frame ID: 73
The lost frame ID: 74
The lost frame ID: 75

Saving camera trajectory to TrajectoryBeforeReset_oxf_sft_r03_seg12_pid231386_1757337518825.txt ...

trajectory saved!
[Tracking] wrote pre-reset trajectory to TrajectoryBeforeReset_oxf_sft_r03_seg12_pid231386_1757337518825.txt
[Tracking] LOST for 10 consecutive frames -> reset
System Reseting
Reseting Local Mapper... done
Reseting Loop Closing... done
Reseting Database... done
0
New map created with 162 points for 0 Feature Type 
Tracking Initlized in 1.20s
The initlized frame ID: 2
Track lost soon after initialisation, reseting...
System Reseting
Reseting Local Mapper... done
Reseting Loop Closing... done
Reseting Database... done
0
New map created with 214 points for 0 Feature Type 
Tracking Initlized in 4.15s
The initlized frame ID: 7
Track lost soon after initialisation, reseting...
System Reseting
Reseting Local Mapper... done
Reseting Loop Closing... done
Reseting Database... done
0
New map created with 187 points for 0 Feature Type 
Tracking Initlized in 1.21s
The initlized frame ID: 2
Track lost soon after initialisation, reseting...
System Reseting
Reseting Local Mapper... done
Reseting Loop Closing... done
Reseting Database... done
0
New map created with 215 points for 0 Feature Type 
Tracking Initlized in 1.15s
The initlized frame ID: 2
Track lost soon after initialisation, reseting...
System Reseting
Reseting Local Mapper... done
Reseting Loop Closing... done
Reseting Database... done
0
New map created with 231 points for 0 Feature Type 
Tracking Initlized in 0.57s
The initlized frame ID: 1
Track lost soon after initialisation, reseting...
System Reseting
Reseting Local Mapper... done
Reseting Loop Closing... done
Reseting Database... done
0
New map created with 239 points for 0 Feature Type 
Tracking Initlized in 0.63s
The initlized frame ID: 1
Track lost soon after initialisation, reseting...
System Reseting
Reseting Local Mapper... done
Reseting Loop Closing... done
Reseting Database... done
0
New map created with 298 points for 0 Feature Type 
Tracking Initlized in 0.55s
The initlized frame ID: 1
The lost frame ID: 13
The lost frame ID: 14
The lost frame ID: 15
The lost frame ID: 16
The lost frame ID: 17
The lost frame ID: 18
The lost frame ID: 19
The lost frame ID: 20
The lost frame ID: 21

Saving camera trajectory to TrajectoryBeforeReset_oxf_sft_r03_seg13_pid231386_1757337530268.txt ...

trajectory saved!
[Tracking] wrote pre-reset trajectory to TrajectoryBeforeReset_oxf_sft_r03_seg13_pid231386_1757337530268.txt
[Tracking] LOST for 10 consecutive frames -> reset
System Reseting
Reseting Local Mapper... done
Reseting Loop Closing... done
Reseting Database... done
0
New map created with 238 points for 0 Feature Type 
Tracking Initlized in 0.57s
The initlized frame ID: 1
Track lost soon after initialisation, reseting...
System Reseting
Reseting Local Mapper... done
Reseting Loop Closing... done
Reseting Database... done
0
New map created with 260 points for 0 Feature Type 
Tracking Initlized in 0.66s
The initlized frame ID: 1
The lost frame ID: 13
The lost frame ID: 14
The lost frame ID: 15
The lost frame ID: 16
The lost frame ID: 17
The lost frame ID: 18
The lost frame ID: 19
The lost frame ID: 20
The lost frame ID: 21

Saving camera trajectory to TrajectoryBeforeReset_oxf_sft_r03_seg14_pid231386_1757337533923.txt ...

trajectory saved!
[Tracking] wrote pre-reset trajectory to TrajectoryBeforeReset_oxf_sft_r03_seg14_pid231386_1757337533923.txt
[Tracking] LOST for 10 consecutive frames -> reset
System Reseting
Reseting Local Mapper... done
Reseting Loop Closing... done
Reseting Database... done
0
New map created with 284 points for 0 Feature Type 
Tracking Initlized in 0.56s
The initlized frame ID: 1
Track lost soon after initialisation, reseting...
System Reseting
Reseting Local Mapper... done
Reseting Loop Closing... done
Reseting Database... done
0
New map created with 205 points for 0 Feature Type 
Tracking Initlized in 1.06s
The initlized frame ID: 2
The lost frame ID: 65
The lost frame ID: 66
The lost frame ID: 67
The lost frame ID: 68
The lost frame ID: 69
The lost frame ID: 70
The lost frame ID: 71
The lost frame ID: 72
The lost frame ID: 73

Saving camera trajectory to TrajectoryBeforeReset_oxf_sft_r03_seg15_pid231386_1757337543372.txt ...

trajectory saved!
[Tracking] wrote pre-reset trajectory to TrajectoryBeforeReset_oxf_sft_r03_seg15_pid231386_1757337543372.txt
[Tracking] LOST for 10 consecutive frames -> reset
System Reseting
Reseting Local Mapper... done
Reseting Loop Closing... done
Reseting Database... done
0
New map created with 177 points for 0 Feature Type 
Tracking Initlized in 8.30s
The initlized frame ID: 15
Track lost soon after initialisation, reseting...
System Reseting
Reseting Local Mapper... done
Reseting Loop Closing... done
Reseting Database... done
0
New map created with 136 points for 0 Feature Type 
Tracking Initlized in 1.31s
The initlized frame ID: 2
Track lost soon after initialisation, reseting...
System Reseting
Reseting Local Mapper... done
Reseting Loop Closing... done
Reseting Database... done
0
New map created with 175 points for 0 Feature Type 
Tracking Initlized in 15.49s
The initlized frame ID: 28
The lost frame ID: 225
The lost frame ID: 226
The lost frame ID: 227
The lost frame ID: 228
The lost frame ID: 229
The lost frame ID: 230
The lost frame ID: 231
The lost frame ID: 232
The lost frame ID: 233

Saving camera trajectory to TrajectoryBeforeReset_oxf_sft_r03_seg16_pid231386_1757337580336.txt ...

trajectory saved!
[Tracking] wrote pre-reset trajectory to TrajectoryBeforeReset_oxf_sft_r03_seg16_pid231386_1757337580336.txt
[Tracking] LOST for 10 consecutive frames -> reset
System Reseting
Reseting Local Mapper... done
Reseting Loop Closing... done
Reseting Database... done
0
New map created with 176 points for 0 Feature Type 
Tracking Initlized in 0.58s
The initlized frame ID: 1
Track lost soon after initialisation, reseting...
System Reseting
Reseting Local Mapper... done
Reseting Loop Closing... done
Reseting Database... done
0
New map created with 171 points for 0 Feature Type 
Tracking Initlized in 0.98s
The initlized frame ID: 2
Track lost soon after initialisation, reseting...
System Reseting
Reseting Local Mapper... done
Reseting Loop Closing... done
Reseting Database... done
0
New map created with 183 points for 0 Feature Type 
Tracking Initlized in 1.07s
The initlized frame ID: 2
Track lost soon after initialisation, reseting...
System Reseting
Reseting Local Mapper... done
Reseting Loop Closing... done
Reseting Database... done
0
New map created with 178 points for 0 Feature Type 
Tracking Initlized in 1.08s
The initlized frame ID: 2
Track lost soon after initialisation, reseting...
System Reseting
Reseting Local Mapper... done
Reseting Loop Closing... done
Reseting Database... done
0
New map created with 153 points for 0 Feature Type 
Tracking Initlized in 1.05s
The initlized frame ID: 2
Track lost soon after initialisation, reseting...
System Reseting
Reseting Local Mapper... done
Reseting Loop Closing... done
Reseting Database... done
0
New map created with 158 points for 0 Feature Type 
Tracking Initlized in 1.34s
The initlized frame ID: 2
Track lost soon after initialisation, reseting...
System Reseting
Reseting Local Mapper... done
Reseting Loop Closing... done
Reseting Database... done
0
New map created with 177 points for 0 Feature Type 
Tracking Initlized in 2.60s
The initlized frame ID: 5
The lost frame ID: 68
The lost frame ID: 69
The lost frame ID: 70
The lost frame ID: 71
The lost frame ID: 72
The lost frame ID: 73
The lost frame ID: 74
The lost frame ID: 75
The lost frame ID: 76

Saving camera trajectory to TrajectoryBeforeReset_oxf_sft_r03_seg17_pid231386_1757337597338.txt ...

trajectory saved!
[Tracking] wrote pre-reset trajectory to TrajectoryBeforeReset_oxf_sft_r03_seg17_pid231386_1757337597338.txt
[Tracking] LOST for 10 consecutive frames -> reset
System Reseting
Reseting Local Mapper... done
Reseting Loop Closing... done
Reseting Database... done
0
New map created with 282 points for 0 Feature Type 
Tracking Initlized in 1.75s
The initlized frame ID: 3
The lost frame ID: 44
The lost frame ID: 45
The lost frame ID: 46
The lost frame ID: 47
The lost frame ID: 48
The lost frame ID: 49
The lost frame ID: 50
The lost frame ID: 51
The lost frame ID: 52

Saving camera trajectory to TrajectoryBeforeReset_oxf_sft_r03_seg18_pid231386_1757337604191.txt ...

trajectory saved!
[Tracking] wrote pre-reset trajectory to TrajectoryBeforeReset_oxf_sft_r03_seg18_pid231386_1757337604191.txt
[Tracking] LOST for 10 consecutive frames -> reset
System Reseting
Reseting Local Mapper... done
Reseting Loop Closing... done
Reseting Database... done
0
New map created with 136 points for 0 Feature Type 
Tracking Initlized in 2.69s
The initlized frame ID: 5
The lost frame ID: 14
The lost frame ID: 15
The lost frame ID: 16
The lost frame ID: 18
The lost frame ID: 19
The lost frame ID: 20
The lost frame ID: 21
The lost frame ID: 22
The lost frame ID: 23
The lost frame ID: 24
The lost frame ID: 25
The lost frame ID: 26

Saving camera trajectory to TrajectoryBeforeReset_oxf_sft_r03_seg19_pid231386_1757337607773.txt ...

trajectory saved!
[Tracking] wrote pre-reset trajectory to TrajectoryBeforeReset_oxf_sft_r03_seg19_pid231386_1757337607773.txt
[Tracking] LOST for 10 consecutive frames -> reset
System Reseting
Reseting Local Mapper... done
Reseting Loop Closing... done
Reseting Database... done
0
New map created with 282 points for 0 Feature Type 
Tracking Initlized in 1.01s
The initlized frame ID: 2
The lost frame ID: 38
The lost frame ID: 39
The lost frame ID: 40
The lost frame ID: 41
The lost frame ID: 42
The lost frame ID: 43
The lost frame ID: 44
The lost frame ID: 45
The lost frame ID: 46

Saving camera trajectory to TrajectoryBeforeReset_oxf_sft_r03_seg20_pid231386_1757337613828.txt ...

trajectory saved!
[Tracking] wrote pre-reset trajectory to TrajectoryBeforeReset_oxf_sft_r03_seg20_pid231386_1757337613828.txt
[Tracking] LOST for 10 consecutive frames -> reset
System Reseting
Reseting Local Mapper... done
Reseting Loop Closing... done
Reseting Database... done
0
New map created with 157 points for 0 Feature Type 
Tracking Initlized in 1.61s
The initlized frame ID: 3
The lost frame ID: 12
The lost frame ID: 13
The lost frame ID: 14
The lost frame ID: 15
The lost frame ID: 16
The lost frame ID: 17
The lost frame ID: 18
The lost frame ID: 19
The lost frame ID: 20

Saving camera trajectory to TrajectoryBeforeReset_oxf_sft_r03_seg21_pid231386_1757337616630.txt ...

trajectory saved!
[Tracking] wrote pre-reset trajectory to TrajectoryBeforeReset_oxf_sft_r03_seg21_pid231386_1757337616630.txt
[Tracking] LOST for 10 consecutive frames -> reset
System Reseting
Reseting Local Mapper... done
Reseting Loop Closing... done
Reseting Database... done
0
New map created with 264 points for 0 Feature Type 
Tracking Initlized in 1.18s
The initlized frame ID: 2
The lost frame ID: 42
The lost frame ID: 43
The lost frame ID: 44
The lost frame ID: 45
The lost frame ID: 46
The lost frame ID: 47
The lost frame ID: 48
The lost frame ID: 49
The lost frame ID: 50

Saving camera trajectory to TrajectoryBeforeReset_oxf_sft_r03_seg22_pid231386_1757337622961.txt ...

trajectory saved!
[Tracking] wrote pre-reset trajectory to TrajectoryBeforeReset_oxf_sft_r03_seg22_pid231386_1757337622961.txt
[Tracking] LOST for 10 consecutive frames -> reset
System Reseting
Reseting Local Mapper... done
Reseting Loop Closing... done
Reseting Database... done
0
New map created with 311 points for 0 Feature Type 
Tracking Initlized in 1.73s
The initlized frame ID: 3
The lost frame ID: 46
The lost frame ID: 47
The lost frame ID: 48
The lost frame ID: 49
The lost frame ID: 50
The lost frame ID: 51
The lost frame ID: 52
The lost frame ID: 53
The lost frame ID: 54

Saving camera trajectory to TrajectoryBeforeReset_oxf_sft_r03_seg23_pid231386_1757337630093.txt ...

trajectory saved!
[Tracking] wrote pre-reset trajectory to TrajectoryBeforeReset_oxf_sft_r03_seg23_pid231386_1757337630093.txt
[Tracking] LOST for 10 consecutive frames -> reset
System Reseting
Reseting Local Mapper... done
Reseting Loop Closing... done
Reseting Database... done
0
New map created with 88 points for 0 Feature Type 
Wrong initialization, reseting...
System Reseting
Reseting Local Mapper... done
Reseting Loop Closing... done
Reseting Database... done
0
New map created with 509 points for 0 Feature Type 
Tracking Initlized in 5.21s
The initlized frame ID: 10
The lost frame ID: 472
The lost frame ID: 473
The lost frame ID: 474
The lost frame ID: 475
The lost frame ID: 476
The lost frame ID: 477
The lost frame ID: 478
The lost frame ID: 479
The lost frame ID: 480

Saving camera trajectory to TrajectoryBeforeReset_oxf_sft_r03_seg24_pid231386_1757337707047.txt ...

trajectory saved!
[Tracking] wrote pre-reset trajectory to TrajectoryBeforeReset_oxf_sft_r03_seg24_pid231386_1757337707047.txt
[Tracking] LOST for 10 consecutive frames -> reset
System Reseting
Reseting Local Mapper... done
Reseting Loop Closing... done
Reseting Database... done
0
New map created with 369 points for 0 Feature Type 
Tracking Initlized in 1.22s
The initlized frame ID: 2
The lost frame ID: 11
The lost frame ID: 12
The lost frame ID: 13
The lost frame ID: 14
The lost frame ID: 15
The lost frame ID: 16
The lost frame ID: 17
The lost frame ID: 18
The lost frame ID: 19

Saving camera trajectory to TrajectoryBeforeReset_oxf_sft_r03_seg25_pid231386_1757337710256.txt ...

trajectory saved!
[Tracking] wrote pre-reset trajectory to TrajectoryBeforeReset_oxf_sft_r03_seg25_pid231386_1757337710256.txt
[Tracking] LOST for 10 consecutive frames -> reset
System Reseting
Reseting Local Mapper... done
Reseting Loop Closing... done
Reseting Database... done
0
New map created with 416 points for 0 Feature Type 
Tracking Initlized in 1.70s
The initlized frame ID: 3
The lost frame ID: 175
The lost frame ID: 179
The lost frame ID: 180
The lost frame ID: 181
The lost frame ID: 182
The lost frame ID: 183
The lost frame ID: 184
The lost frame ID: 185
The lost frame ID: 186
The lost frame ID: 187

Saving camera trajectory to TrajectoryBeforeReset_oxf_sft_r03_seg26_pid231386_1757337736030.txt ...

trajectory saved!
[Tracking] wrote pre-reset trajectory to TrajectoryBeforeReset_oxf_sft_r03_seg26_pid231386_1757337736030.txt
[Tracking] LOST for 10 consecutive frames -> reset
System Reseting
Reseting Local Mapper... done
Reseting Loop Closing... done
Reseting Database... done
0
New map created with 488 points for 0 Feature Type 
Tracking Initlized in 1.25s
The initlized frame ID: 2
The lost frame ID: 139
The lost frame ID: 140
The lost frame ID: 141
The lost frame ID: 142
The lost frame ID: 143
The lost frame ID: 144
The lost frame ID: 145
The lost frame ID: 146
The lost frame ID: 147

Saving camera trajectory to TrajectoryBeforeReset_oxf_sft_r03_seg27_pid231386_1757337756708.txt ...

trajectory saved!
[Tracking] wrote pre-reset trajectory to TrajectoryBeforeReset_oxf_sft_r03_seg27_pid231386_1757337756708.txt
[Tracking] LOST for 10 consecutive frames -> reset
System Reseting
Reseting Local Mapper... done
Reseting Loop Closing... done
Reseting Database... done
0
New map created with 378 points for 0 Feature Type 
Tracking Initlized in 1.25s
The initlized frame ID: 2
The lost frame ID: 581
The lost frame ID: 582
The lost frame ID: 583
The lost frame ID: 584
The lost frame ID: 585
The lost frame ID: 586
The lost frame ID: 587
The lost frame ID: 588
The lost frame ID: 589

Saving camera trajectory to TrajectoryBeforeReset_oxf_sft_r03_seg28_pid231386_1757337843718.txt ...

trajectory saved!
[Tracking] wrote pre-reset trajectory to TrajectoryBeforeReset_oxf_sft_r03_seg28_pid231386_1757337843718.txt
[Tracking] LOST for 10 consecutive frames -> reset
System Reseting
Reseting Local Mapper... done
Reseting Loop Closing... done
Reseting Database... done
0
New map created with 787 points for 0 Feature Type 
Tracking Initlized in 1.26s
The initlized frame ID: 2
The lost frame ID: 631
The lost frame ID: 632
The lost frame ID: 633
The lost frame ID: 634
The lost frame ID: 635
The lost frame ID: 636
The lost frame ID: 637
The lost frame ID: 638
The lost frame ID: 639

Saving camera trajectory to TrajectoryBeforeReset_oxf_sft_r03_seg29_pid231386_1757337940465.txt ...

trajectory saved!
[Tracking] wrote pre-reset trajectory to TrajectoryBeforeReset_oxf_sft_r03_seg29_pid231386_1757337940465.txt
[Tracking] LOST for 10 consecutive frames -> reset
System Reseting
Reseting Local Mapper... done
Reseting Loop Closing... done
Reseting Database... done
0
New map created with 428 points for 0 Feature Type 
Tracking Initlized in 2.64s
The initlized frame ID: 4
The lost frame ID: 1603
The lost frame ID: 1604
The lost frame ID: 1605
The lost frame ID: 1606
The lost frame ID: 1607
The lost frame ID: 1608
The lost frame ID: 1609
The lost frame ID: 1610
The lost frame ID: 1611

Saving camera trajectory to TrajectoryBeforeReset_oxf_sft_r03_seg30_pid231386_1757338201515.txt ...

trajectory saved!
[Tracking] wrote pre-reset trajectory to TrajectoryBeforeReset_oxf_sft_r03_seg30_pid231386_1757338201515.txt
[Tracking] LOST for 10 consecutive frames -> reset
System Reseting
Reseting Local Mapper... done
Reseting Loop Closing... done
Reseting Database... done
0
New map created with 147 points for 0 Feature Type 
Tracking Initlized in 5.87s
The initlized frame ID: 11
Track lost soon after initialisation, reseting...
System Reseting
Reseting Local Mapper... done
Reseting Loop Closing... done
Reseting Database... done
0
New map created with 198 points for 0 Feature Type 
Tracking Initlized in 1.19s
The initlized frame ID: 2
The lost frame ID: 14
The lost frame ID: 15
The lost frame ID: 16
The lost frame ID: 17
The lost frame ID: 18
The lost frame ID: 19
The lost frame ID: 20
The lost frame ID: 21
The lost frame ID: 22

Saving camera trajectory to TrajectoryBeforeReset_oxf_sft_r03_seg31_pid231386_1757338207963.txt ...

trajectory saved!
[Tracking] wrote pre-reset trajectory to TrajectoryBeforeReset_oxf_sft_r03_seg31_pid231386_1757338207963.txt
[Tracking] LOST for 10 consecutive frames -> reset
System Reseting
Reseting Local Mapper... done
Reseting Loop Closing... done
Reseting Database... done
0
New map created with 267 points for 0 Feature Type 
Tracking Initlized in 0.67s
The initlized frame ID: 1
Track lost soon after initialisation, reseting...
System Reseting
Reseting Local Mapper... done
Reseting Loop Closing... done
Reseting Database... done
0
New map created with 367 points for 0 Feature Type 
Tracking Initlized in 0.61s
The initlized frame ID: 1
The lost frame ID: 14
The lost frame ID: 15
The lost frame ID: 16
The lost frame ID: 17
The lost frame ID: 18
The lost frame ID: 19
The lost frame ID: 20
The lost frame ID: 21
The lost frame ID: 22

Saving camera trajectory to TrajectoryBeforeReset_oxf_sft_r03_seg32_pid231386_1757338212349.txt ...

trajectory saved!
[Tracking] wrote pre-reset trajectory to TrajectoryBeforeReset_oxf_sft_r03_seg32_pid231386_1757338212349.txt
[Tracking] LOST for 10 consecutive frames -> reset
System Reseting
Reseting Local Mapper... done
Reseting Loop Closing... done
Reseting Database... done
0
New map created with 356 points for 0 Feature Type 
Tracking Initlized in 0.66s
The initlized frame ID: 1
The lost frame ID: 83
The lost frame ID: 84
The lost frame ID: 85
The lost frame ID: 86
The lost frame ID: 87
The lost frame ID: 88
The lost frame ID: 89
The lost frame ID: 90
The lost frame ID: 91

Saving camera trajectory to TrajectoryBeforeReset_oxf_sft_r03_seg33_pid231386_1757338226383.txt ...

trajectory saved!
[Tracking] wrote pre-reset trajectory to TrajectoryBeforeReset_oxf_sft_r03_seg33_pid231386_1757338226383.txt
[Tracking] LOST for 10 consecutive frames -> reset
System Reseting
Reseting Local Mapper... done
Reseting Loop Closing... done
Reseting Database... done
0
New map created with 315 points for 0 Feature Type 
Tracking Initlized in 1.19s
The initlized frame ID: 2
Track lost soon after initialisation, reseting...
System Reseting
Reseting Local Mapper... done
Reseting Loop Closing... done
Reseting Database... done
0
New map created with 279 points for 0 Feature Type 
Tracking Initlized in 1.32s
The initlized frame ID: 2
System::StopViewer()
System::StopViewer() done

Saving correlation status...

Correlation status saved!

System Shutdown
-------

median tracking time: 0.124312
mean tracking time: 0.127496

Saving camera trajectory to result03.txt ...

trajectory saved!
All done

========== Performance Summary (ms) ==========
name                                mean      median        rmse         min         max       count
Lost Count                         1.000       1.000       0.000       1.000       1.000          33
Tracking                           4.578       4.005       3.547       0.817     175.580        7129
Reset Count                        1.000       1.000       0.000       1.000       1.000          56
Correlation                        0.001       0.000       0.002       0.000       0.185        6774
Total Init                     25159.831   25159.831       0.000   25159.831   25159.831           1
Pipeline                         127.086     124.008      24.282      76.192     314.840        7513
SIFT Extract                     117.420     114.961      21.140      73.165     213.887        7513
