Registering ORBextractor...
Registering AKAZEextractor...
Registering BRISKextractor...
Registering SIFTextractor...
Registering KAZEextractor...
Registering SuperPointExtractor...

ORB-SLAM2 Copyright (C) 2014-2016 Raul Mur-Artal, University of Zaragoza.
This program comes with ABSOLUTELY NO WARRANTY;
This is free software, and you are welcome to redistribute it
under certain conditions. See LICENSE.txt.

Input sensor was set to: Monocular

Loading Vocabulary : /home/howard/Refactored_ORB_SLAM2/Install/var/lib/orbslam2/voc/sift_cv.fbow
This could take a while...
Loading SIFT Vocabulary in FBoW.
SIFT Vocabulary loaded in 0.024336s


Camera Parameters: 
- fx: 983.044
- fy: 983.044
- cx: 643.647
- cy: 493.379
- k1: 0
- k2: 0
- p1: 0
- p2: 0
- fps: 16
- color order: RGB (ignored if grayscale)

[Feature 0] SIFT Extractor Parameters: 
 ( TH_LOW: 300, TH_HIGH: 500 )
- Number of Features  : 1000
- Scale Levels        : 1
- Scale Factor        : 1
- Contrast Threshold  : 0.001
- Edge Threshold      : 5
- nOctaves            : 3
- Sigma               : 1.6

-------
Start processing sequence ...
Images in the sequence: 7513

0
New map created with 487 points for 0 Feature Type 
Tracking Initlized in 82.42s
The initlized frame ID: 139
The lost frame ID: 830
The lost frame ID: 831
The lost frame ID: 832
The lost frame ID: 833
The lost frame ID: 834
The lost frame ID: 835
The lost frame ID: 836
The lost frame ID: 837
The lost frame ID: 838

Saving camera trajectory to TrajectoryBeforeReset_oxf_sft_r18_seg01_pid3513576_1757376030396.txt ...

trajectory saved!
[Tracking] wrote pre-reset trajectory to TrajectoryBeforeReset_oxf_sft_r18_seg01_pid3513576_1757376030396.txt
[Tracking] LOST for 10 consecutive frames -> reset
System Reseting
Reseting Local Mapper... done
Reseting Loop Closing... done
Reseting Database... done
0
New map created with 98 points for 0 Feature Type 
Wrong initialization, reseting...
System Reseting
Reseting Local Mapper... done
Reseting Loop Closing... done
Reseting Database... done
0
New map created with 651 points for 0 Feature Type 
Tracking Initlized in 1.22s
The initlized frame ID: 2
The lost frame ID: 329
The lost frame ID: 330
The lost frame ID: 331
The lost frame ID: 332
The lost frame ID: 333
The lost frame ID: 334
The lost frame ID: 335
The lost frame ID: 336
The lost frame ID: 337

Saving camera trajectory to TrajectoryBeforeReset_oxf_sft_r18_seg02_pid3513576_1757376092333.txt ...

trajectory saved!
[Tracking] wrote pre-reset trajectory to TrajectoryBeforeReset_oxf_sft_r18_seg02_pid3513576_1757376092333.txt
[Tracking] LOST for 10 consecutive frames -> reset
System Reseting
Reseting Local Mapper... done
Reseting Loop Closing... done
Reseting Database... done
0
New map created with 392 points for 0 Feature Type 
Tracking Initlized in 1.91s
The initlized frame ID: 3
The lost frame ID: 92
The lost frame ID: 93
The lost frame ID: 94
The lost frame ID: 95
The lost frame ID: 96
The lost frame ID: 97
The lost frame ID: 98
The lost frame ID: 99
The lost frame ID: 100

Saving camera trajectory to TrajectoryBeforeReset_oxf_sft_r18_seg03_pid3513576_1757376110865.txt ...

trajectory saved!
[Tracking] wrote pre-reset trajectory to TrajectoryBeforeReset_oxf_sft_r18_seg03_pid3513576_1757376110865.txt
[Tracking] LOST for 10 consecutive frames -> reset
System Reseting
Reseting Local Mapper... done
Reseting Loop Closing... done
Reseting Database... done
0
New map created with 399 points for 0 Feature Type 
Tracking Initlized in 1.23s
The initlized frame ID: 2
The lost frame ID: 194
The lost frame ID: 195
The lost frame ID: 196
The lost frame ID: 197
The lost frame ID: 198
The lost frame ID: 199
The lost frame ID: 200
The lost frame ID: 201
The lost frame ID: 202

Saving camera trajectory to TrajectoryBeforeReset_oxf_sft_r18_seg04_pid3513576_1757376147757.txt ...

trajectory saved!
[Tracking] wrote pre-reset trajectory to TrajectoryBeforeReset_oxf_sft_r18_seg04_pid3513576_1757376147757.txt
[Tracking] LOST for 10 consecutive frames -> reset
System Reseting
Reseting Local Mapper... done
Reseting Loop Closing... done
Reseting Database... done
0
New map created with 259 points for 0 Feature Type 
Tracking Initlized in 2.06s
The initlized frame ID: 3
The lost frame ID: 250
The lost frame ID: 251
The lost frame ID: 252
The lost frame ID: 253
The lost frame ID: 254
The lost frame ID: 255
The lost frame ID: 256
The lost frame ID: 257
The lost frame ID: 258

Saving camera trajectory to TrajectoryBeforeReset_oxf_sft_r18_seg05_pid3513576_1757376188710.txt ...

trajectory saved!
[Tracking] wrote pre-reset trajectory to TrajectoryBeforeReset_oxf_sft_r18_seg05_pid3513576_1757376188710.txt
[Tracking] LOST for 10 consecutive frames -> reset
System Reseting
Reseting Local Mapper... done
Reseting Loop Closing... done
Reseting Database... done
0
New map created with 329 points for 0 Feature Type 
Tracking Initlized in 1.16s
The initlized frame ID: 2
The lost frame ID: 294
The lost frame ID: 295
The lost frame ID: 296
The lost frame ID: 297
The lost frame ID: 298
The lost frame ID: 299
The lost frame ID: 300
The lost frame ID: 301
The lost frame ID: 302

Saving camera trajectory to TrajectoryBeforeReset_oxf_sft_r18_seg06_pid3513576_1757376242046.txt ...

trajectory saved!
[Tracking] wrote pre-reset trajectory to TrajectoryBeforeReset_oxf_sft_r18_seg06_pid3513576_1757376242046.txt
[Tracking] LOST for 10 consecutive frames -> reset
System Reseting
Reseting Local Mapper... done
Reseting Loop Closing... done
Reseting Database... done
0
New map created with 467 points for 0 Feature Type 
Tracking Initlized in 0.76s
The initlized frame ID: 1
The lost frame ID: 350
The lost frame ID: 351
The lost frame ID: 352
The lost frame ID: 353
The lost frame ID: 354
The lost frame ID: 355
The lost frame ID: 356
The lost frame ID: 357
The lost frame ID: 358

Saving camera trajectory to TrajectoryBeforeReset_oxf_sft_r18_seg07_pid3513576_1757376309812.txt ...

trajectory saved!
[Tracking] wrote pre-reset trajectory to TrajectoryBeforeReset_oxf_sft_r18_seg07_pid3513576_1757376309812.txt
[Tracking] LOST for 10 consecutive frames -> reset
System Reseting
Reseting Local Mapper... done
Reseting Loop Closing... done
Reseting Database... done
0
New map created with 350 points for 0 Feature Type 
Tracking Initlized in 3.16s
The initlized frame ID: 5
The lost frame ID: 134
The lost frame ID: 135
The lost frame ID: 136
The lost frame ID: 137
The lost frame ID: 138
The lost frame ID: 139
The lost frame ID: 140
The lost frame ID: 141
The lost frame ID: 142

Saving camera trajectory to TrajectoryBeforeReset_oxf_sft_r18_seg08_pid3513576_1757376335558.txt ...

trajectory saved!
[Tracking] wrote pre-reset trajectory to TrajectoryBeforeReset_oxf_sft_r18_seg08_pid3513576_1757376335558.txt
[Tracking] LOST for 10 consecutive frames -> reset
System Reseting
Reseting Local Mapper... done
Reseting Loop Closing... done
Reseting Database... done
0
New map created with 350 points for 0 Feature Type 
Tracking Initlized in 1.30s
The initlized frame ID: 2
The lost frame ID: 13
The lost frame ID: 14
The lost frame ID: 15
The lost frame ID: 16
The lost frame ID: 18
The lost frame ID: 78
The lost frame ID: 79
The lost frame ID: 80
The lost frame ID: 81
The lost frame ID: 82
The lost frame ID: 83
The lost frame ID: 84
The lost frame ID: 85
The lost frame ID: 86

Saving camera trajectory to TrajectoryBeforeReset_oxf_sft_r18_seg09_pid3513576_1757376349165.txt ...

trajectory saved!
[Tracking] wrote pre-reset trajectory to TrajectoryBeforeReset_oxf_sft_r18_seg09_pid3513576_1757376349165.txt
[Tracking] LOST for 10 consecutive frames -> reset
System Reseting
Reseting Local Mapper... done
Reseting Loop Closing... done
Reseting Database... done
0
New map created with 266 points for 0 Feature Type 
Tracking Initlized in 0.65s
The initlized frame ID: 1
Track lost soon after initialisation, reseting...
System Reseting
Reseting Local Mapper... done
Reseting Loop Closing... done
Reseting Database... done
0
New map created with 292 points for 0 Feature Type 
Tracking Initlized in 0.64s
The initlized frame ID: 1
Track lost soon after initialisation, reseting...
System Reseting
Reseting Local Mapper... done
Reseting Loop Closing... done
Reseting Database... done
0
New map created with 390 points for 0 Feature Type 
Tracking Initlized in 0.54s
The initlized frame ID: 1
The lost frame ID: 16
The lost frame ID: 17
The lost frame ID: 18
The lost frame ID: 19
The lost frame ID: 20
The lost frame ID: 21
The lost frame ID: 22
The lost frame ID: 23
The lost frame ID: 24

Saving camera trajectory to TrajectoryBeforeReset_oxf_sft_r18_seg10_pid3513576_1757376355083.txt ...

trajectory saved!
[Tracking] wrote pre-reset trajectory to TrajectoryBeforeReset_oxf_sft_r18_seg10_pid3513576_1757376355083.txt
[Tracking] LOST for 10 consecutive frames -> reset
System Reseting
Reseting Local Mapper... done
Reseting Loop Closing... done
Reseting Database... done
0
New map created with 516 points for 0 Feature Type 
Tracking Initlized in 0.64s
The initlized frame ID: 1
The lost frame ID: 67
The lost frame ID: 68
The lost frame ID: 69
The lost frame ID: 70
The lost frame ID: 71
The lost frame ID: 72
The lost frame ID: 73
The lost frame ID: 74
The lost frame ID: 75

Saving camera trajectory to TrajectoryBeforeReset_oxf_sft_r18_seg11_pid3513576_1757376366636.txt ...

trajectory saved!
[Tracking] wrote pre-reset trajectory to TrajectoryBeforeReset_oxf_sft_r18_seg11_pid3513576_1757376366636.txt
[Tracking] LOST for 10 consecutive frames -> reset
System Reseting
Reseting Local Mapper... done
Reseting Loop Closing... done
Reseting Database... done
0
New map created with 87 points for 0 Feature Type 
Wrong initialization, reseting...
System Reseting
Reseting Local Mapper... done
Reseting Loop Closing... done
Reseting Database... done
0
New map created with 214 points for 0 Feature Type 
Tracking Initlized in 4.97s
The initlized frame ID: 8
Track lost soon after initialisation, reseting...
System Reseting
Reseting Local Mapper... done
Reseting Loop Closing... done
Reseting Database... done
0
New map created with 187 points for 0 Feature Type 
Tracking Initlized in 1.21s
The initlized frame ID: 2
Track lost soon after initialisation, reseting...
System Reseting
Reseting Local Mapper... done
Reseting Loop Closing... done
Reseting Database... done
0
New map created with 215 points for 0 Feature Type 
Tracking Initlized in 1.22s
The initlized frame ID: 2
Track lost soon after initialisation, reseting...
System Reseting
Reseting Local Mapper... done
Reseting Loop Closing... done
Reseting Database... done
0
New map created with 231 points for 0 Feature Type 
Tracking Initlized in 0.62s
The initlized frame ID: 1
Track lost soon after initialisation, reseting...
System Reseting
Reseting Local Mapper... done
Reseting Loop Closing... done
Reseting Database... done
0
New map created with 239 points for 0 Feature Type 
Tracking Initlized in 0.64s
The initlized frame ID: 1
Track lost soon after initialisation, reseting...
System Reseting
Reseting Local Mapper... done
Reseting Loop Closing... done
Reseting Database... done
0
New map created with 298 points for 0 Feature Type 
Tracking Initlized in 0.66s
The initlized frame ID: 1
The lost frame ID: 119
The lost frame ID: 120
The lost frame ID: 121
The lost frame ID: 122
The lost frame ID: 123
The lost frame ID: 124
The lost frame ID: 125
The lost frame ID: 126
The lost frame ID: 127

Saving camera trajectory to TrajectoryBeforeReset_oxf_sft_r18_seg12_pid3513576_1757376394413.txt ...

trajectory saved!
[Tracking] wrote pre-reset trajectory to TrajectoryBeforeReset_oxf_sft_r18_seg12_pid3513576_1757376394413.txt
[Tracking] LOST for 10 consecutive frames -> reset
System Reseting
Reseting Local Mapper... done
Reseting Loop Closing... done
Reseting Database... done
0
New map created with 118 points for 0 Feature Type 
Tracking Initlized in 1.68s
The initlized frame ID: 3
Track lost soon after initialisation, reseting...
System Reseting
Reseting Local Mapper... done
Reseting Loop Closing... done
Reseting Database... done
0
New map created with 190 points for 0 Feature Type 
Tracking Initlized in 1.18s
The initlized frame ID: 2
Track lost soon after initialisation, reseting...
System Reseting
Reseting Local Mapper... done
Reseting Loop Closing... done
Reseting Database... done
0
New map created with 135 points for 0 Feature Type 
Tracking Initlized in 1.25s
The initlized frame ID: 2
Track lost soon after initialisation, reseting...
System Reseting
Reseting Local Mapper... done
Reseting Loop Closing... done
Reseting Database... done
0
New map created with 136 points for 0 Feature Type 
Tracking Initlized in 1.81s
The initlized frame ID: 3
Track lost soon after initialisation, reseting...
System Reseting
Reseting Local Mapper... done
Reseting Loop Closing... done
Reseting Database... done
0
New map created with 139 points for 0 Feature Type 
Tracking Initlized in 1.95s
The initlized frame ID: 3
Track lost soon after initialisation, reseting...
System Reseting
Reseting Local Mapper... done
Reseting Loop Closing... done
Reseting Database... done
0
New map created with 179 points for 0 Feature Type 
Tracking Initlized in 15.49s
The initlized frame ID: 26
The lost frame ID: 225
The lost frame ID: 226
The lost frame ID: 227
The lost frame ID: 228
The lost frame ID: 229
The lost frame ID: 230
The lost frame ID: 231
The lost frame ID: 232
The lost frame ID: 233

Saving camera trajectory to TrajectoryBeforeReset_oxf_sft_r18_seg13_pid3513576_1757376434482.txt ...

trajectory saved!
[Tracking] wrote pre-reset trajectory to TrajectoryBeforeReset_oxf_sft_r18_seg13_pid3513576_1757376434482.txt
[Tracking] LOST for 10 consecutive frames -> reset
System Reseting
Reseting Local Mapper... done
Reseting Loop Closing... done
Reseting Database... done
0
New map created with 194 points for 0 Feature Type 
Tracking Initlized in 0.76s
The initlized frame ID: 1
Track lost soon after initialisation, reseting...
System Reseting
Reseting Local Mapper... done
Reseting Loop Closing... done
Reseting Database... done
0
New map created with 173 points for 0 Feature Type 
Tracking Initlized in 1.15s
The initlized frame ID: 2
Track lost soon after initialisation, reseting...
System Reseting
Reseting Local Mapper... done
Reseting Loop Closing... done
Reseting Database... done
0
New map created with 203 points for 0 Feature Type 
Tracking Initlized in 1.31s
The initlized frame ID: 2
Track lost soon after initialisation, reseting...
System Reseting
Reseting Local Mapper... done
Reseting Loop Closing... done
Reseting Database... done
0
New map created with 188 points for 0 Feature Type 
Tracking Initlized in 1.16s
The initlized frame ID: 2
Track lost soon after initialisation, reseting...
System Reseting
Reseting Local Mapper... done
Reseting Loop Closing... done
Reseting Database... done
0
New map created with 150 points for 0 Feature Type 
Tracking Initlized in 1.36s
The initlized frame ID: 2
Track lost soon after initialisation, reseting...
System Reseting
Reseting Local Mapper... done
Reseting Loop Closing... done
Reseting Database... done
0
New map created with 171 points for 0 Feature Type 
Tracking Initlized in 2.36s
The initlized frame ID: 4
The lost frame ID: 14
The lost frame ID: 15
The lost frame ID: 16
The lost frame ID: 17
The lost frame ID: 18
The lost frame ID: 19
The lost frame ID: 20
The lost frame ID: 21
The lost frame ID: 22

Saving camera trajectory to TrajectoryBeforeReset_oxf_sft_r18_seg14_pid3513576_1757376443398.txt ...

trajectory saved!
[Tracking] wrote pre-reset trajectory to TrajectoryBeforeReset_oxf_sft_r18_seg14_pid3513576_1757376443398.txt
[Tracking] LOST for 10 consecutive frames -> reset
System Reseting
Reseting Local Mapper... done
Reseting Loop Closing... done
Reseting Database... done
0
New map created with 251 points for 0 Feature Type 
Tracking Initlized in 1.77s
The initlized frame ID: 3
The lost frame ID: 47
The lost frame ID: 48
The lost frame ID: 49
The lost frame ID: 50
The lost frame ID: 51
The lost frame ID: 52
The lost frame ID: 53
The lost frame ID: 54
The lost frame ID: 55

Saving camera trajectory to TrajectoryBeforeReset_oxf_sft_r18_seg15_pid3513576_1757376452088.txt ...

trajectory saved!
[Tracking] wrote pre-reset trajectory to TrajectoryBeforeReset_oxf_sft_r18_seg15_pid3513576_1757376452088.txt
[Tracking] LOST for 10 consecutive frames -> reset
System Reseting
Reseting Local Mapper... done
Reseting Loop Closing... done
Reseting Database... done
0
New map created with 275 points for 0 Feature Type 
Tracking Initlized in 1.83s
The initlized frame ID: 3
The lost frame ID: 68
The lost frame ID: 69
The lost frame ID: 70
The lost frame ID: 71
The lost frame ID: 72
The lost frame ID: 73
The lost frame ID: 74
The lost frame ID: 75
The lost frame ID: 76

Saving camera trajectory to TrajectoryBeforeReset_oxf_sft_r18_seg16_pid3513576_1757376463738.txt ...

trajectory saved!
[Tracking] wrote pre-reset trajectory to TrajectoryBeforeReset_oxf_sft_r18_seg16_pid3513576_1757376463738.txt
[Tracking] LOST for 10 consecutive frames -> reset
System Reseting
Reseting Local Mapper... done
Reseting Loop Closing... done
Reseting Database... done
0
New map created with 274 points for 0 Feature Type 
Tracking Initlized in 1.27s
The initlized frame ID: 2
Track lost soon after initialisation, reseting...
System Reseting
Reseting Local Mapper... done
Reseting Loop Closing... done
Reseting Database... done
0
New map created with 287 points for 0 Feature Type 
Tracking Initlized in 1.11s
The initlized frame ID: 2
Track lost soon after initialisation, reseting...
System Reseting
Reseting Local Mapper... done
Reseting Loop Closing... done
Reseting Database... done
0
New map created with 309 points for 0 Feature Type 
Tracking Initlized in 0.52s
The initlized frame ID: 1
Track lost soon after initialisation, reseting...
System Reseting
Reseting Local Mapper... done
Reseting Loop Closing... done
Reseting Database... done
0
New map created with 241 points for 0 Feature Type 
Tracking Initlized in 1.16s
The initlized frame ID: 2
Track lost soon after initialisation, reseting...
System Reseting
Reseting Local Mapper... done
Reseting Loop Closing... done
Reseting Database... done
0
New map created with 242 points for 0 Feature Type 
Tracking Initlized in 1.35s
The initlized frame ID: 2
Track lost soon after initialisation, reseting...
System Reseting
Reseting Local Mapper... done
Reseting Loop Closing... done
Reseting Database... done
0
New map created with 252 points for 0 Feature Type 
Tracking Initlized in 1.19s
The initlized frame ID: 2
The lost frame ID: 8
The lost frame ID: 9
The lost frame ID: 10
The lost frame ID: 11
The lost frame ID: 12
The lost frame ID: 13
The lost frame ID: 14
The lost frame ID: 15
The lost frame ID: 16

Saving camera trajectory to TrajectoryBeforeReset_oxf_sft_r18_seg17_pid3513576_1757376469952.txt ...

trajectory saved!
[Tracking] wrote pre-reset trajectory to TrajectoryBeforeReset_oxf_sft_r18_seg17_pid3513576_1757376469952.txt
[Tracking] LOST for 10 consecutive frames -> reset
System Reseting
Reseting Local Mapper... done
Reseting Loop Closing... done
Reseting Database... done
0
New map created with 157 points for 0 Feature Type 
Tracking Initlized in 1.05s
The initlized frame ID: 2
Track lost soon after initialisation, reseting...
System Reseting
Reseting Local Mapper... done
Reseting Loop Closing... done
Reseting Database... done
0
New map created with 147 points for 0 Feature Type 
Tracking Initlized in 1.59s
The initlized frame ID: 3
Track lost soon after initialisation, reseting...
System Reseting
Reseting Local Mapper... done
Reseting Loop Closing... done
Reseting Database... done
0
New map created with 150 points for 0 Feature Type 
Tracking Initlized in 1.87s
The initlized frame ID: 3
Track lost soon after initialisation, reseting...
System Reseting
Reseting Local Mapper... done
Reseting Loop Closing... done
Reseting Database... done
0
New map created with 154 points for 0 Feature Type 
Tracking Initlized in 1.52s
The initlized frame ID: 3
Track lost soon after initialisation, reseting...
System Reseting
Reseting Local Mapper... done
Reseting Loop Closing... done
Reseting Database... done
0
New map created with 206 points for 0 Feature Type 
Tracking Initlized in 1.90s
The initlized frame ID: 3
The lost frame ID: 54
The lost frame ID: 55
The lost frame ID: 56
The lost frame ID: 57
The lost frame ID: 58
The lost frame ID: 59
The lost frame ID: 60
The lost frame ID: 61
The lost frame ID: 62

Saving camera trajectory to TrajectoryBeforeReset_oxf_sft_r18_seg18_pid3513576_1757376483700.txt ...

trajectory saved!
[Tracking] wrote pre-reset trajectory to TrajectoryBeforeReset_oxf_sft_r18_seg18_pid3513576_1757376483700.txt
[Tracking] LOST for 10 consecutive frames -> reset
System Reseting
Reseting Local Mapper... done
Reseting Loop Closing... done
Reseting Database... done
0
New map created with 291 points for 0 Feature Type 
Tracking Initlized in 1.68s
The initlized frame ID: 3
The lost frame ID: 46
The lost frame ID: 47
The lost frame ID: 48
The lost frame ID: 49
The lost frame ID: 50
The lost frame ID: 51
The lost frame ID: 52
The lost frame ID: 53
The lost frame ID: 54

Saving camera trajectory to TrajectoryBeforeReset_oxf_sft_r18_seg19_pid3513576_1757376492459.txt ...

trajectory saved!
[Tracking] wrote pre-reset trajectory to TrajectoryBeforeReset_oxf_sft_r18_seg19_pid3513576_1757376492459.txt
[Tracking] LOST for 10 consecutive frames -> reset
System Reseting
Reseting Local Mapper... done
Reseting Loop Closing... done
Reseting Database... done
0
New map created with 473 points for 0 Feature Type 
Tracking Initlized in 12.89s
The initlized frame ID: 23
The lost frame ID: 424
The lost frame ID: 425
The lost frame ID: 426
The lost frame ID: 427
The lost frame ID: 428
The lost frame ID: 429
The lost frame ID: 430
The lost frame ID: 431
The lost frame ID: 432

Saving camera trajectory to TrajectoryBeforeReset_oxf_sft_r18_seg20_pid3513576_1757376563978.txt ...

trajectory saved!
[Tracking] wrote pre-reset trajectory to TrajectoryBeforeReset_oxf_sft_r18_seg20_pid3513576_1757376563978.txt
[Tracking] LOST for 10 consecutive frames -> reset
System Reseting
Reseting Local Mapper... done
Reseting Loop Closing... done
Reseting Database... done
0
New map created with 332 points for 0 Feature Type 
Tracking Initlized in 1.34s
The initlized frame ID: 2
The lost frame ID: 72
The lost frame ID: 73
The lost frame ID: 74
The lost frame ID: 75
The lost frame ID: 76
The lost frame ID: 77
The lost frame ID: 78
The lost frame ID: 79
The lost frame ID: 80

Saving camera trajectory to TrajectoryBeforeReset_oxf_sft_r18_seg21_pid3513576_1757376579120.txt ...

trajectory saved!
[Tracking] wrote pre-reset trajectory to TrajectoryBeforeReset_oxf_sft_r18_seg21_pid3513576_1757376579120.txt
[Tracking] LOST for 10 consecutive frames -> reset
System Reseting
Reseting Local Mapper... done
Reseting Loop Closing... done
Reseting Database... done
0
New map created with 364 points for 0 Feature Type 
Tracking Initlized in 1.83s
The initlized frame ID: 3
Track lost soon after initialisation, reseting...
System Reseting
Reseting Local Mapper... done
Reseting Loop Closing... done
Reseting Database... done
0
New map created with 307 points for 0 Feature Type 
Tracking Initlized in 1.33s
The initlized frame ID: 2
Track lost soon after initialisation, reseting...
System Reseting
Reseting Local Mapper... done
Reseting Loop Closing... done
Reseting Database... done
0
New map created with 326 points for 0 Feature Type 
Tracking Initlized in 1.22s
The initlized frame ID: 2
The lost frame ID: 168
The lost frame ID: 169
The lost frame ID: 170
The lost frame ID: 171
The lost frame ID: 172
The lost frame ID: 173
The lost frame ID: 174
The lost frame ID: 175
The lost frame ID: 176

Saving camera trajectory to TrajectoryBeforeReset_oxf_sft_r18_seg22_pid3513576_1757376609794.txt ...

trajectory saved!
[Tracking] wrote pre-reset trajectory to TrajectoryBeforeReset_oxf_sft_r18_seg22_pid3513576_1757376609794.txt
[Tracking] LOST for 10 consecutive frames -> reset
System Reseting
Reseting Local Mapper... done
Reseting Loop Closing... done
Reseting Database... done
0
New map created with 504 points for 0 Feature Type 
Tracking Initlized in 1.24s
The initlized frame ID: 2
The lost frame ID: 58
The lost frame ID: 59
The lost frame ID: 60
The lost frame ID: 61
The lost frame ID: 62
The lost frame ID: 63
The lost frame ID: 64
The lost frame ID: 65
The lost frame ID: 66

Saving camera trajectory to TrajectoryBeforeReset_oxf_sft_r18_seg23_pid3513576_1757376619974.txt ...

trajectory saved!
[Tracking] wrote pre-reset trajectory to TrajectoryBeforeReset_oxf_sft_r18_seg23_pid3513576_1757376619974.txt
[Tracking] LOST for 10 consecutive frames -> reset
System Reseting
Reseting Local Mapper... done
Reseting Loop Closing... done
Reseting Database... done
0
New map created with 256 points for 0 Feature Type 
Tracking Initlized in 1.19s
The initlized frame ID: 2
The lost frame ID: 8
The lost frame ID: 9
The lost frame ID: 10
The lost frame ID: 11
The lost frame ID: 12
The lost frame ID: 13
The lost frame ID: 14
The lost frame ID: 15
The lost frame ID: 16

Saving camera trajectory to TrajectoryBeforeReset_oxf_sft_r18_seg24_pid3513576_1757376622652.txt ...

trajectory saved!
[Tracking] wrote pre-reset trajectory to TrajectoryBeforeReset_oxf_sft_r18_seg24_pid3513576_1757376622652.txt
[Tracking] LOST for 10 consecutive frames -> reset
System Reseting
Reseting Local Mapper... done
Reseting Loop Closing... done
Reseting Database... done
0
New map created with 313 points for 0 Feature Type 
Tracking Initlized in 1.29s
The initlized frame ID: 2
The lost frame ID: 15
The lost frame ID: 16
The lost frame ID: 17
The lost frame ID: 18
The lost frame ID: 19
The lost frame ID: 20
The lost frame ID: 21
The lost frame ID: 22
The lost frame ID: 23

Saving camera trajectory to TrajectoryBeforeReset_oxf_sft_r18_seg25_pid3513576_1757376626386.txt ...

trajectory saved!
[Tracking] wrote pre-reset trajectory to TrajectoryBeforeReset_oxf_sft_r18_seg25_pid3513576_1757376626386.txt
[Tracking] LOST for 10 consecutive frames -> reset
System Reseting
Reseting Local Mapper... done
Reseting Loop Closing... done
Reseting Database... done
0
New map created with 384 points for 0 Feature Type 
Tracking Initlized in 1.37s
The initlized frame ID: 2
The lost frame ID: 28
The lost frame ID: 29
The lost frame ID: 30
The lost frame ID: 31
The lost frame ID: 32
The lost frame ID: 33
The lost frame ID: 34
The lost frame ID: 35
The lost frame ID: 36

Saving camera trajectory to TrajectoryBeforeReset_oxf_sft_r18_seg26_pid3513576_1757376631989.txt ...

trajectory saved!
[Tracking] wrote pre-reset trajectory to TrajectoryBeforeReset_oxf_sft_r18_seg26_pid3513576_1757376631989.txt
[Tracking] LOST for 10 consecutive frames -> reset
System Reseting
Reseting Local Mapper... done
Reseting Loop Closing... done
Reseting Database... done
0
New map created with 378 points for 0 Feature Type 
Tracking Initlized in 1.18s
The initlized frame ID: 2
The lost frame ID: 581
The lost frame ID: 582
The lost frame ID: 583
The lost frame ID: 584
The lost frame ID: 585
The lost frame ID: 586
The lost frame ID: 587
The lost frame ID: 588
The lost frame ID: 589

Saving camera trajectory to TrajectoryBeforeReset_oxf_sft_r18_seg27_pid3513576_1757376732322.txt ...

trajectory saved!
[Tracking] wrote pre-reset trajectory to TrajectoryBeforeReset_oxf_sft_r18_seg27_pid3513576_1757376732322.txt
[Tracking] LOST for 10 consecutive frames -> reset
System Reseting
Reseting Local Mapper... done
Reseting Loop Closing... done
Reseting Database... done
0
New map created with 792 points for 0 Feature Type 
Tracking Initlized in 1.15s
The initlized frame ID: 2
The lost frame ID: 2242
The lost frame ID: 2243
The lost frame ID: 2244
The lost frame ID: 2245
The lost frame ID: 2246
The lost frame ID: 2247
The lost frame ID: 2248
The lost frame ID: 2249
The lost frame ID: 2250

Saving camera trajectory to TrajectoryBeforeReset_oxf_sft_r18_seg28_pid3513576_1757377108432.txt ...

trajectory saved!
[Tracking] wrote pre-reset trajectory to TrajectoryBeforeReset_oxf_sft_r18_seg28_pid3513576_1757377108432.txt
[Tracking] LOST for 10 consecutive frames -> reset
System Reseting
Reseting Local Mapper... done
Reseting Loop Closing... done
Reseting Database... done
0
New map created with 147 points for 0 Feature Type 
Tracking Initlized in 7.25s
The initlized frame ID: 12
Track lost soon after initialisation, reseting...
System Reseting
Reseting Local Mapper... done
Reseting Loop Closing... done
Reseting Database... done
0
New map created with 186 points for 0 Feature Type 
Tracking Initlized in 1.33s
The initlized frame ID: 2
Track lost soon after initialisation, reseting...
System Reseting
Reseting Local Mapper... done
Reseting Loop Closing... done
Reseting Database... done
0
New map created with 250 points for 0 Feature Type 
Tracking Initlized in 1.33s
The initlized frame ID: 2
The lost frame ID: 8
The lost frame ID: 9
The lost frame ID: 10
The lost frame ID: 11
The lost frame ID: 12
The lost frame ID: 13
The lost frame ID: 14
The lost frame ID: 15
The lost frame ID: 16

Saving camera trajectory to TrajectoryBeforeReset_oxf_sft_r18_seg29_pid3513576_1757377117292.txt ...

trajectory saved!
[Tracking] wrote pre-reset trajectory to TrajectoryBeforeReset_oxf_sft_r18_seg29_pid3513576_1757377117292.txt
[Tracking] LOST for 10 consecutive frames -> reset
System Reseting
Reseting Local Mapper... done
Reseting Loop Closing... done
Reseting Database... done
0
New map created with 291 points for 0 Feature Type 
Tracking Initlized in 1.32s
The initlized frame ID: 2
The lost frame ID: 23
The lost frame ID: 24
The lost frame ID: 25
The lost frame ID: 26
The lost frame ID: 27
The lost frame ID: 28
The lost frame ID: 29
The lost frame ID: 30
The lost frame ID: 31

Saving camera trajectory to TrajectoryBeforeReset_oxf_sft_r18_seg30_pid3513576_1757377123717.txt ...

trajectory saved!
[Tracking] wrote pre-reset trajectory to TrajectoryBeforeReset_oxf_sft_r18_seg30_pid3513576_1757377123717.txt
[Tracking] LOST for 10 consecutive frames -> reset
System Reseting
Reseting Local Mapper... done
Reseting Loop Closing... done
Reseting Database... done
0
New map created with 371 points for 0 Feature Type 
Tracking Initlized in 0.68s
The initlized frame ID: 1
The lost frame ID: 78
The lost frame ID: 79
The lost frame ID: 80
The lost frame ID: 81
The lost frame ID: 82
The lost frame ID: 83
The lost frame ID: 84
The lost frame ID: 85
The lost frame ID: 86

Saving camera trajectory to TrajectoryBeforeReset_oxf_sft_r18_seg31_pid3513576_1757377140718.txt ...

trajectory saved!
[Tracking] wrote pre-reset trajectory to TrajectoryBeforeReset_oxf_sft_r18_seg31_pid3513576_1757377140718.txt
[Tracking] LOST for 10 consecutive frames -> reset
System Reseting
Reseting Local Mapper... done
Reseting Loop Closing... done
Reseting Database... done
0
New map created with 302 points for 0 Feature Type 
Tracking Initlized in 1.30s
The initlized frame ID: 2
Track lost soon after initialisation, reseting...
System Reseting
Reseting Local Mapper... done
Reseting Loop Closing... done
Reseting Database... done
0
New map created with 266 points for 0 Feature Type 
Tracking Initlized in 1.30s
The initlized frame ID: 2
System::StopViewer()
System::StopViewer() done

Saving correlation status...

Correlation status saved!

System Shutdown
-------

median tracking time: 0.145649
mean tracking time: 0.148239

Saving camera trajectory to result18.txt ...

trajectory saved!
All done

========== Performance Summary (ms) ==========
name                                mean      median        rmse         min         max       count
Lost Count                         1.000       1.000       0.000       1.000       1.000          31
Tracking                           5.433       4.614       6.200       0.871     419.054        7109
Reset Count                        1.000       1.000       0.000       1.000       1.000          64
Correlation                        0.001       0.001       0.001       0.000       0.026        6763
Total Init                     28026.173   28026.173       0.000   28026.173   28026.173           1
Pipeline                         147.741     145.464      29.364      78.935     569.229        7513
SIFT Extract                     136.056     133.957      25.928      75.798     246.778        7513
