Registering ORBextractor...
Registering AKAZEextractor...
Registering BRISKextractor...
Registering SIFTextractor...
Registering KAZEextractor...
Registering SuperPointExtractor...

ORB-SLAM2 Copyright (C) 2014-2016 Raul Mur-Artal, University of Zaragoza.
This program comes with ABSOLUTELY NO WARRANTY;
This is free software, and you are welcome to redistribute it
under certain conditions. See LICENSE.txt.

Input sensor was set to: Monocular

Loading Vocabulary : /home/howard/PM-SLAM/Install/var/lib/orbslam2/voc/superpoint.fbow
This could take a while...
Loading SuperPoint Vocabulary in FBoW.
SuperPoint Vocabulary loaded in 0.008095s


Camera Parameters: 
- fx: 718.856
- fy: 718.856
- cx: 607.193
- cy: 185.216
- k1: 0
- k2: 0
- p1: 0
- p2: 0
- fps: 10
- color order: RGB (ignored if grayscale)

[Feature 0] SuperPoint Extractor Parameters: 
 ( TH_LOW: 0.7, TH_HIGH: 0.9 )
- Number of Features: 2000
- Scale Levels: 4
- Scale Factor: 1.2
- Use CUDA: 1
- Use NMS: 1
- iniTh: 0.08
- minTh: 0.04

-------
Start processing sequence ...
Images in the sequence: 1101

0
New map created with 108 points for 0 Feature Type 
Tracking Initlized in 55.84s
The initlized frame ID: 90
System::StopViewer()
System::StopViewer() done
Viewer thread finished.
Viewer started, waiting for thread.
System::StopViewer()
System::StopViewer() done
Tracking thread joined...

Saving correlation status...

Correlation status saved!

-------

median tracking time: 0.118848
mean tracking time: 0.120089

Saving camera trajectory to result06.txt ...

trajectory saved!

========== Performance Summary (ms) ==========
name                                mean      median        rmse         min         max       count
Tracking                           5.917       5.748       1.727       2.535      18.908        1010
Correlation                        0.000       0.000       0.001       0.000       0.026        1010
Total Init                     12418.256   12418.256       0.000   12418.256   12418.256           1
Pipeline                         120.082     118.841      15.533      91.977     417.995        1101
SuperPoint Extract               111.509     110.731      13.653      87.487     395.361        1101
