Registering ORBextractor...
Registering AKAZEextractor...
Registering BRISKextractor...
Registering SIFTextractor...
Registering KAZEextractor...
Registering SuperPointExtractor...

ORB-SLAM2 Copyright (C) 2014-2016 Raul Mur-Artal, University of Zaragoza.
This program comes with ABSOLUTELY NO WARRANTY;
This is free software, and you are welcome to redistribute it
under certain conditions. See LICENSE.txt.

Input sensor was set to: Monocular

Loading Vocabulary : /home/howard/PM-SLAM/Install/var/lib/orbslam2/voc/orb_mur.fbow
This could take a while...
Loading ORB Vocabulary in FBoW.
ORB Vocabulary loaded in 0.009242s


Loading Vocabulary : /home/howard/PM-SLAM/Install/var/lib/orbslam2/voc/kaze_cv.fbow
This could take a while...
Loading KAZE Vocabulary in FBoW.
KAZE Vocabulary loaded in 0.007022s


Camera Parameters: 
- fx: 718.856
- fy: 718.856
- cx: 607.193
- cy: 185.216
- k1: 0
- k2: 0
- p1: 0
- p2: 0
- fps: 10
- color order: RGB (ignored if grayscale)

[Feature 0] ORB Extractor Parameters: 
 ( TH_LOW: 50, TH_HIGH: 100 )
- Number of Features: 2000
- Scale Levels: 8
- Scale Factor: 1.2
- Initial Fast Threshold: 20
- Minimum Fast Threshold: 7

[Feature 1] KAZE Extractor Parameters: 
 ( TH_LOW: 0.5, TH_HIGH: 1 )
- Number of Features : 2000
- Scale Levels       : 4
- Scale Factor       : 1.2
- Threshold          : 0.001
- nOctaves           : 4
- nOctaveLayers      : 4
- Extended (128‑dim) : 0
- Upright            : 0

-------
Start processing sequence ...
Images in the sequence: 1101

1
New map created with 130 points for 0 Feature Type 
New map created with 273 points for 1 Feature Type 
Tracking Initlized in 18.18s
The initlized frame ID: 19
System::StopViewer()
System::StopViewer() done
Viewer thread finished.
Viewer started, waiting for thread.
System::StopViewer()
System::StopViewer() done
Tracking thread joined...

Saving correlation status...

========== Global Summary ==========
Frames: 1081
avg_CorrEdges: 3.89362
avg_match_A: 92.3201
avg_match_B: 119.317
global_RI_MNR: 0.0421752
global_RI_GNR: 0.0370983
global_RI_DICE: 0.0367952

========== Per-Channel Summary ==========
   chA   chB     avgCorr        avgA        avgB   avgRI_MNR   avgRI_GNR  avgRI_DICE
     0     1     3.89362     92.3201     119.317   0.0465159   0.0398168   0.0391972

Correlation status saved!

-------

median tracking time: 0.180848
mean tracking time: 0.184575

Saving camera trajectory to result06.txt ...

trajectory saved!

========== Performance Summary (ms) ==========
name                                mean      median        rmse         min         max       count
Tracking                           8.665       8.966       3.706       1.752      16.947        1081
Correlation                        0.154       0.154       0.062       0.047       0.550        1081
Total Init                      4409.326    4409.326       0.000    4409.326    4409.326           1
Pipeline                         184.568     180.842      16.194     157.464     261.590        1101
KAZE Extract                     174.013     169.737      15.896     147.299     252.589        1101
ORB Extract                       11.079      10.621       1.695       8.719      20.952        1101
