Registering ORBextractor...
Registering AKAZEextractor...
Registering BRISKextractor...
Registering SIFTextractor...
Registering KAZEextractor...
Registering SuperPointExtractor...

ORB-SLAM2 Copyright (C) 2014-2016 Raul Mur-Artal, University of Zaragoza.
This program comes with ABSOLUTELY NO WARRANTY;
This is free software, and you are welcome to redistribute it
under certain conditions. See LICENSE.txt.

Input sensor was set to: Monocular

Loading Vocabulary : /home/howard/PM-SLAM/Install/var/lib/orbslam2/voc/brisk_cv.fbow
This could take a while...
Loading BRISK Vocabulary in FBoW.
BRISK Vocabulary loaded in 0.002863s


Camera Parameters: 
- fx: 718.856
- fy: 718.856
- cx: 607.193
- cy: 185.216
- k1: 0
- k2: 0
- p1: 0
- p2: 0
- fps: 10
- color order: RGB (ignored if grayscale)

[Feature 0] BRISK Extractor Parameters: 
 ( TH_LOW: 150, TH_HIGH: 250 )
- Number of Features: 2000
- Scale Levels: 6
- Scale Factor: 1.414
- Threshold: 50
- Num of Octaves: 3
- Pattern Scale: 1

-------
Start processing sequence ...
Images in the sequence: 4541

0
New map created with 385 points for 0 Feature Type 
Tracking Initlized in 0.34s
The initlized frame ID: 2
The lost frame ID: 1559
The lost frame ID: 1560
The lost frame ID: 1561
The lost frame ID: 1562
The lost frame ID: 1563
The lost frame ID: 1564
The lost frame ID: 1565
The lost frame ID: 1566
The lost frame ID: 1567
The lost frame ID: 1568
The lost frame ID: 1569
The lost frame ID: 3274
The lost frame ID: 3275
The lost frame ID: 3276
The lost frame ID: 3277
The lost frame ID: 3278
The lost frame ID: 3279
The lost frame ID: 3280
The lost frame ID: 3281
The lost frame ID: 3282
The lost frame ID: 3283
The lost frame ID: 3284
The lost frame ID: 3285
The lost frame ID: 3286
The lost frame ID: 3287
The lost frame ID: 3288
The lost frame ID: 3289
The lost frame ID: 3291
The lost frame ID: 3293
[LoopClosing] Sim3 choosed on channel 0
Loop detected!
Local Mapping STOP
Local Mapping RELEASE
Starting Global Bundle Adjustment
Global Bundle Adjustment finished
Updating map ...
Local Mapping STOP
Local Mapping RELEASE
Map updated!
[LoopClosing] Sim3 choosed on channel 0
Loop detected!
Local Mapping STOP
Local Mapping RELEASE
Starting Global Bundle Adjustment
System::StopViewer()
System::StopViewer() done
Viewer thread finished.
Viewer started, waiting for thread.
System::StopViewer()
System::StopViewer() done
Tracking thread joined...
Global Bundle Adjustment finished
Updating map ...
Map updated!

Saving correlation status...

Correlation status saved!

-------

median tracking time: 0.0339689
mean tracking time: 0.0358537

Saving camera trajectory to result13.txt ...

trajectory saved!

========== Performance Summary (ms) ==========
name                                mean      median        rmse         min         max       count
Tracking                           6.897       4.921       5.392       0.943     117.821        4538
Correlation                        0.000       0.000       0.000       0.000       0.004        4509
Total Init                       243.562     243.562       0.000     243.562     243.562           1
Pipeline                          35.847      33.962      16.870       9.356     659.451        4541
BRISK Extract                     27.018      25.692      10.286       5.556     106.800        4541
