Registering ORBextractor...
Registering AKAZEextractor...
Registering BRISKextractor...
Registering SIFTextractor...
Registering KAZEextractor...
Registering SuperPointExtractor...

ORB-SLAM2 Copyright (C) 2014-2016 Raul Mur-Artal, University of Zaragoza.
This program comes with ABSOLUTELY NO WARRANTY;
This is free software, and you are welcome to redistribute it
under certain conditions. See LICENSE.txt.

Input sensor was set to: Monocular

Loading Vocabulary : /home/howard/PM-SLAM/Install/var/lib/orbslam2/voc/orb_mur.fbow
This could take a while...
Loading ORB Vocabulary in FBoW.
ORB Vocabulary loaded in 0.008619s


Camera Parameters: 
- fx: 718.856
- fy: 718.856
- cx: 607.193
- cy: 185.216
- k1: 0
- k2: 0
- p1: 0
- p2: 0
- fps: 10
- color order: RGB (ignored if grayscale)

[Feature 0] ORB Extractor Parameters: 
 ( TH_LOW: 50, TH_HIGH: 100 )
- Number of Features: 2000
- Scale Levels: 8
- Scale Factor: 1.2
- Initial Fast Threshold: 20
- Minimum Fast Threshold: 7

-------
Start processing sequence ...
Images in the sequence: 1101

0
New map created with 110 points for 0 Feature Type 
Tracking Initlized in 2.96s
The initlized frame ID: 37
The lost frame ID: 918
The lost frame ID: 919
The lost frame ID: 923
The lost frame ID: 924
The lost frame ID: 929
The lost frame ID: 930
The lost frame ID: 931
The lost frame ID: 932
The lost frame ID: 933
The lost frame ID: 934
The lost frame ID: 935
The lost frame ID: 936
The lost frame ID: 937
The lost frame ID: 938
The lost frame ID: 939
The lost frame ID: 940
The lost frame ID: 941
The lost frame ID: 942
The lost frame ID: 943
The lost frame ID: 944
The lost frame ID: 945
The lost frame ID: 946
The lost frame ID: 947
The lost frame ID: 948
The lost frame ID: 949
The lost frame ID: 950
The lost frame ID: 951
The lost frame ID: 957
The lost frame ID: 961
The lost frame ID: 971
The lost frame ID: 974
The lost frame ID: 987
The lost frame ID: 1019
The lost frame ID: 1035
The lost frame ID: 1054
The lost frame ID: 1060
The lost frame ID: 1062
The lost frame ID: 1063
The lost frame ID: 1065
The lost frame ID: 1068
The lost frame ID: 1069
The lost frame ID: 1071
The lost frame ID: 1072
The lost frame ID: 1073
The lost frame ID: 1074
The lost frame ID: 1075
The lost frame ID: 1076
The lost frame ID: 1077
System::StopViewer()
System::StopViewer() done
Viewer thread finished.
Viewer started, waiting for thread.
System::StopViewer()
System::StopViewer() done
Tracking thread joined...

Saving correlation status...

Correlation status saved!

-------

median tracking time: 0.0223458
mean tracking time: 0.0260701

Saving camera trajectory to result07.txt ...

trajectory saved!

========== Performance Summary (ms) ==========
name                                mean      median        rmse         min         max       count
Tracking                           7.594       6.546       4.291       1.908      44.605        1063
Correlation                        0.000       0.000       0.002       0.000       0.067        1015
Total Init                      4226.022    4226.022       0.000    4226.022    4226.022           1
Pipeline                          26.062      22.339      10.532      12.930      71.602        1101
ORB Extract                       16.096      13.216       7.023       8.534      52.523        1101
