Registering ORBextractor...
Registering AKAZEextractor...
Registering BRISKextractor...
Registering SIFTextractor...
Registering KAZEextractor...
Registering SuperPointExtractor...

ORB-SLAM2 Copyright (C) 2014-2016 Raul Mur-Artal, University of Zaragoza.
This program comes with ABSOLUTELY NO WARRANTY;
This is free software, and you are welcome to redistribute it
under certain conditions. See LICENSE.txt.

Input sensor was set to: Monocular

Loading Vocabulary : /home/howard/Refactored_ORB_SLAM2/Install/var/lib/orbslam2/voc/sift_cv.fbow
This could take a while...
Loading SIFT Vocabulary in FBoW.
SIFT Vocabulary loaded in 0.041383s


Loading Vocabulary : /home/howard/Refactored_ORB_SLAM2/Install/var/lib/orbslam2/voc/superpoint.fbow
This could take a while...
Loading SuperPoint Vocabulary in FBoW.
SuperPoint Vocabulary loaded in 0.022866s


Camera Parameters: 
- fx: 718.856
- fy: 718.856
- cx: 607.193
- cy: 185.216
- k1: 0
- k2: 0
- p1: 0
- p2: 0
- fps: 10
- color order: RGB (ignored if grayscale)

[Feature 0] SIFT Extractor Parameters: 
 ( TH_LOW: 300, TH_HIGH: 500 )
- Number of Features  : 2000
- Scale Levels        : 1
- Scale Factor        : 1
- Contrast Threshold  : 0.01
- Edge Threshold      : 5
- nOctaves            : 3
- Sigma               : 1.6

[Feature 1] SuperPoint Extractor Parameters: 
 ( TH_LOW: 0.7, TH_HIGH: 0.9 )
- Number of Features: 2000
- Scale Levels: 4
- Scale Factor: 1.2
- Use CUDA: 1
- Use NMS: 1
- iniTh: 0.08
- minTh: 0.04

-------
Start processing sequence ...
Images in the sequence: 4541

Viewer started, waiting for thread.
0
New map created with 931 points for 0 Feature Type 
New map created with 277 points for 1 Feature Type 
Tracking Initlized in 1.87s
The initlized frame ID: 1
The lost frame ID: 1479
The lost frame ID: 1480
The lost frame ID: 1481
The lost frame ID: 1482
The lost frame ID: 1483
The lost frame ID: 1484
The lost frame ID: 1485
The lost frame ID: 1486
The lost frame ID: 1487
The lost frame ID: 1488
The lost frame ID: 1489
The lost frame ID: 1490
The lost frame ID: 1491
The lost frame ID: 1492
The lost frame ID: 1493
The lost frame ID: 1494
The lost frame ID: 1495
The lost frame ID: 1496
The lost frame ID: 1497
The lost frame ID: 1498
The lost frame ID: 1499
The lost frame ID: 1500
The lost frame ID: 1501
The lost frame ID: 1502
The lost frame ID: 1503
The lost frame ID: 1504
The lost frame ID: 1505
The lost frame ID: 1506
The lost frame ID: 1507
The lost frame ID: 1508
The lost frame ID: 1509
The lost frame ID: 1510
The lost frame ID: 1511
The lost frame ID: 1512
The lost frame ID: 1513
The lost frame ID: 1514
The lost frame ID: 1515
The lost frame ID: 1516
The lost frame ID: 1517
The lost frame ID: 1518
The lost frame ID: 1519
The lost frame ID: 1520
The lost frame ID: 1521
The lost frame ID: 1522
The lost frame ID: 1523
The lost frame ID: 1524
The lost frame ID: 1525
The lost frame ID: 1526
The lost frame ID: 1527
The lost frame ID: 1528
The lost frame ID: 1529
The lost frame ID: 1530
The lost frame ID: 1531
The lost frame ID: 1532
The lost frame ID: 1533
The lost frame ID: 1534
The lost frame ID: 1535
The lost frame ID: 1536
The lost frame ID: 1537
The lost frame ID: 1538
The lost frame ID: 1539
The lost frame ID: 1540
The lost frame ID: 1541
The lost frame ID: 1542
The lost frame ID: 1543
The lost frame ID: 1544
The lost frame ID: 1545
The lost frame ID: 1546
The lost frame ID: 1547
The lost frame ID: 1548
The lost frame ID: 1549
The lost frame ID: 1550
The lost frame ID: 1551
The lost frame ID: 1552
The lost frame ID: 1553
The lost frame ID: 1554
The lost frame ID: 1555
The lost frame ID: 1556
The lost frame ID: 1557
The lost frame ID: 1558
The lost frame ID: 1559
The lost frame ID: 1560
The lost frame ID: 1561
The lost frame ID: 1562
The lost frame ID: 1563
The lost frame ID: 1564
The lost frame ID: 1565
The lost frame ID: 1566
The lost frame ID: 1567
The lost frame ID: 1568
The lost frame ID: 1569
The lost frame ID: 1570
The lost frame ID: 1571
The lost frame ID: 1805
The lost frame ID: 1806
The lost frame ID: 1807
The lost frame ID: 1808
The lost frame ID: 1809
The lost frame ID: 1810
The lost frame ID: 1811
The lost frame ID: 1812
The lost frame ID: 1813
The lost frame ID: 1814
The lost frame ID: 1815
The lost frame ID: 1816
The lost frame ID: 1817
The lost frame ID: 1818
The lost frame ID: 1819
The lost frame ID: 1820
The lost frame ID: 1821
The lost frame ID: 1822
The lost frame ID: 1823
The lost frame ID: 1824
The lost frame ID: 1825
The lost frame ID: 1826
The lost frame ID: 1827
The lost frame ID: 1828
The lost frame ID: 1829
The lost frame ID: 1830
The lost frame ID: 1831
The lost frame ID: 1832
The lost frame ID: 1833
The lost frame ID: 1834
The lost frame ID: 1835
The lost frame ID: 1836
The lost frame ID: 1837
The lost frame ID: 1838
The lost frame ID: 1839
The lost frame ID: 1840
The lost frame ID: 1841
The lost frame ID: 1842
The lost frame ID: 1843
The lost frame ID: 1844
The lost frame ID: 1845
The lost frame ID: 1846
The lost frame ID: 1847
The lost frame ID: 1848
The lost frame ID: 1849
The lost frame ID: 1850
The lost frame ID: 1851
The lost frame ID: 1852
The lost frame ID: 1853
The lost frame ID: 1854
The lost frame ID: 1855
The lost frame ID: 1856
The lost frame ID: 1857
The lost frame ID: 1858
The lost frame ID: 1859
The lost frame ID: 1860
The lost frame ID: 1861
The lost frame ID: 1862
The lost frame ID: 1863
The lost frame ID: 1864
The lost frame ID: 1865
The lost frame ID: 1866
The lost frame ID: 1867
The lost frame ID: 1868
The lost frame ID: 1869
The lost frame ID: 1870
The lost frame ID: 1871
The lost frame ID: 1872
The lost frame ID: 1873
The lost frame ID: 1874
The lost frame ID: 1875
The lost frame ID: 1876
The lost frame ID: 1877
The lost frame ID: 1878
The lost frame ID: 1879
The lost frame ID: 1880
The lost frame ID: 1881
The lost frame ID: 1882
The lost frame ID: 1883
The lost frame ID: 1884
The lost frame ID: 1885
The lost frame ID: 1886
The lost frame ID: 1887
The lost frame ID: 1888
The lost frame ID: 1889
The lost frame ID: 1890
The lost frame ID: 1891
The lost frame ID: 1892
The lost frame ID: 1893
The lost frame ID: 1894
The lost frame ID: 1895
The lost frame ID: 1896
The lost frame ID: 1897
The lost frame ID: 1898
The lost frame ID: 1899
The lost frame ID: 1900
The lost frame ID: 1901
The lost frame ID: 1902
The lost frame ID: 1903
The lost frame ID: 1904
The lost frame ID: 1905
The lost frame ID: 1906
The lost frame ID: 1907
The lost frame ID: 1908
The lost frame ID: 1909
The lost frame ID: 1910
The lost frame ID: 1911
The lost frame ID: 1912
The lost frame ID: 1913
The lost frame ID: 1914
The lost frame ID: 1915
The lost frame ID: 1916
The lost frame ID: 1917
The lost frame ID: 1918
The lost frame ID: 1919
The lost frame ID: 1920
The lost frame ID: 1921
The lost frame ID: 1922
The lost frame ID: 1923
The lost frame ID: 1924
The lost frame ID: 1925
The lost frame ID: 1926
The lost frame ID: 1927
The lost frame ID: 1928
The lost frame ID: 1929
The lost frame ID: 1930
The lost frame ID: 1931
The lost frame ID: 1932
The lost frame ID: 1933
The lost frame ID: 1934
The lost frame ID: 1935
The lost frame ID: 1936
The lost frame ID: 1937
The lost frame ID: 1938
The lost frame ID: 1939
The lost frame ID: 1940
The lost frame ID: 1941
The lost frame ID: 1942
The lost frame ID: 1943
The lost frame ID: 1944
The lost frame ID: 1945
The lost frame ID: 1946
The lost frame ID: 1947
The lost frame ID: 1948
The lost frame ID: 1949
The lost frame ID: 1950
The lost frame ID: 1951
The lost frame ID: 1952
The lost frame ID: 1953
The lost frame ID: 1954
The lost frame ID: 1955
The lost frame ID: 1956
The lost frame ID: 1957
The lost frame ID: 1958
The lost frame ID: 1959
The lost frame ID: 1960
The lost frame ID: 1961
The lost frame ID: 1962
The lost frame ID: 1963
The lost frame ID: 1964
The lost frame ID: 1965
The lost frame ID: 1966
The lost frame ID: 1967
The lost frame ID: 1968
The lost frame ID: 1969
The lost frame ID: 1970
The lost frame ID: 1971
The lost frame ID: 1972
The lost frame ID: 1973
The lost frame ID: 1974
The lost frame ID: 1975
The lost frame ID: 1976
The lost frame ID: 1977
The lost frame ID: 1978
The lost frame ID: 1979
The lost frame ID: 1980
The lost frame ID: 1981
The lost frame ID: 1982
The lost frame ID: 1983
The lost frame ID: 1984
The lost frame ID: 1985
The lost frame ID: 1986
The lost frame ID: 1987
The lost frame ID: 1988
The lost frame ID: 1989
The lost frame ID: 1990
The lost frame ID: 1991
The lost frame ID: 1992
The lost frame ID: 1993
The lost frame ID: 1994
The lost frame ID: 1995
The lost frame ID: 1996
The lost frame ID: 1997
The lost frame ID: 1998
The lost frame ID: 1999
The lost frame ID: 2000
The lost frame ID: 2001
The lost frame ID: 2002
The lost frame ID: 2003
The lost frame ID: 2004
The lost frame ID: 2005
The lost frame ID: 2006
The lost frame ID: 2007
The lost frame ID: 2008
The lost frame ID: 2009
The lost frame ID: 2010
The lost frame ID: 2011
The lost frame ID: 2012
The lost frame ID: 2013
The lost frame ID: 2014
The lost frame ID: 2015
The lost frame ID: 2016
The lost frame ID: 2017
The lost frame ID: 2018
The lost frame ID: 2019
The lost frame ID: 2020
The lost frame ID: 2021
The lost frame ID: 2022
The lost frame ID: 2023
The lost frame ID: 2024
The lost frame ID: 2025
The lost frame ID: 2026
The lost frame ID: 2027
The lost frame ID: 2028
The lost frame ID: 2029
The lost frame ID: 2030
The lost frame ID: 2031
The lost frame ID: 2032
The lost frame ID: 2033
The lost frame ID: 2034
The lost frame ID: 2035
The lost frame ID: 2036
The lost frame ID: 2037
The lost frame ID: 2038
The lost frame ID: 2039
The lost frame ID: 2040
The lost frame ID: 2041
The lost frame ID: 2042
The lost frame ID: 2043
The lost frame ID: 2044
The lost frame ID: 2045
The lost frame ID: 2046
The lost frame ID: 2047
The lost frame ID: 2048
The lost frame ID: 2049
The lost frame ID: 2050
The lost frame ID: 2051
The lost frame ID: 2052
The lost frame ID: 2053
The lost frame ID: 2054
The lost frame ID: 2055
The lost frame ID: 2056
The lost frame ID: 2057
The lost frame ID: 2058
The lost frame ID: 2059
The lost frame ID: 2060
The lost frame ID: 2061
The lost frame ID: 2062
The lost frame ID: 2063
The lost frame ID: 2064
The lost frame ID: 2065
The lost frame ID: 2066
The lost frame ID: 2067
The lost frame ID: 2068
The lost frame ID: 2069
The lost frame ID: 2070
The lost frame ID: 2071
The lost frame ID: 2072
The lost frame ID: 2073
The lost frame ID: 2074
The lost frame ID: 2075
The lost frame ID: 2076
The lost frame ID: 2077
The lost frame ID: 2078
The lost frame ID: 2079
The lost frame ID: 2080
The lost frame ID: 2081
The lost frame ID: 2082
The lost frame ID: 2083
The lost frame ID: 2084
The lost frame ID: 2085
The lost frame ID: 2086
The lost frame ID: 2087
The lost frame ID: 2088
The lost frame ID: 2089
The lost frame ID: 2090
The lost frame ID: 2091
The lost frame ID: 2092
The lost frame ID: 2093
The lost frame ID: 2094
The lost frame ID: 2095
The lost frame ID: 2096
The lost frame ID: 2097
The lost frame ID: 2098
The lost frame ID: 2099
The lost frame ID: 2100
The lost frame ID: 2101
The lost frame ID: 2102
The lost frame ID: 2103
The lost frame ID: 2104
The lost frame ID: 2105
The lost frame ID: 2106
The lost frame ID: 2107
The lost frame ID: 2108
The lost frame ID: 2109
The lost frame ID: 2110
The lost frame ID: 2111
The lost frame ID: 2112
The lost frame ID: 2113
The lost frame ID: 2114
The lost frame ID: 2115
The lost frame ID: 2116
The lost frame ID: 2117
The lost frame ID: 2118
The lost frame ID: 2119
The lost frame ID: 2120
The lost frame ID: 2121
The lost frame ID: 2122
The lost frame ID: 2123
The lost frame ID: 2124
The lost frame ID: 2125
The lost frame ID: 2126
The lost frame ID: 2127
The lost frame ID: 2128
The lost frame ID: 2129
The lost frame ID: 2130
The lost frame ID: 2131
The lost frame ID: 2132
The lost frame ID: 2133
The lost frame ID: 2134
The lost frame ID: 2135
The lost frame ID: 2136
The lost frame ID: 2137
The lost frame ID: 2138
The lost frame ID: 2139
The lost frame ID: 2140
The lost frame ID: 2141
The lost frame ID: 2142
The lost frame ID: 2143
The lost frame ID: 2144
The lost frame ID: 2145
The lost frame ID: 2146
The lost frame ID: 2147
The lost frame ID: 2148
The lost frame ID: 2149
The lost frame ID: 2150
The lost frame ID: 2151
The lost frame ID: 2152
The lost frame ID: 2153
The lost frame ID: 2154
The lost frame ID: 2155
The lost frame ID: 2156
The lost frame ID: 2157
The lost frame ID: 2158
The lost frame ID: 2159
The lost frame ID: 2160
The lost frame ID: 2161
The lost frame ID: 2162
The lost frame ID: 2163
The lost frame ID: 2164
The lost frame ID: 2165
The lost frame ID: 2166
The lost frame ID: 2167
The lost frame ID: 2168
The lost frame ID: 2169
The lost frame ID: 2170
The lost frame ID: 2171
The lost frame ID: 2172
The lost frame ID: 2173
The lost frame ID: 2174
The lost frame ID: 2175
The lost frame ID: 2176
The lost frame ID: 2177
The lost frame ID: 2178
The lost frame ID: 2179
The lost frame ID: 2180
The lost frame ID: 2181
The lost frame ID: 2182
The lost frame ID: 2183
The lost frame ID: 2184
The lost frame ID: 2185
The lost frame ID: 2186
The lost frame ID: 2187
The lost frame ID: 2188
The lost frame ID: 2189
The lost frame ID: 2190
The lost frame ID: 2191
The lost frame ID: 2192
The lost frame ID: 2193
The lost frame ID: 2194
The lost frame ID: 2195
The lost frame ID: 2196
The lost frame ID: 2197
The lost frame ID: 2198
The lost frame ID: 2199
The lost frame ID: 2200
The lost frame ID: 2201
The lost frame ID: 2202
The lost frame ID: 2203
The lost frame ID: 2204
The lost frame ID: 2205
The lost frame ID: 2206
The lost frame ID: 2207
The lost frame ID: 2208
The lost frame ID: 2209
The lost frame ID: 2210
The lost frame ID: 2211
The lost frame ID: 2212
The lost frame ID: 2213
The lost frame ID: 2214
The lost frame ID: 2215
The lost frame ID: 2216
The lost frame ID: 2217
The lost frame ID: 2218
The lost frame ID: 2219
The lost frame ID: 2220
The lost frame ID: 2221
The lost frame ID: 2222
The lost frame ID: 2223
The lost frame ID: 2224
The lost frame ID: 2225
The lost frame ID: 2226
The lost frame ID: 2227
The lost frame ID: 2228
The lost frame ID: 2229
The lost frame ID: 2230
The lost frame ID: 2231
The lost frame ID: 2232
The lost frame ID: 2233
The lost frame ID: 2234
The lost frame ID: 2235
The lost frame ID: 2236
The lost frame ID: 2237
The lost frame ID: 2238
The lost frame ID: 2239
The lost frame ID: 2240
The lost frame ID: 2241
The lost frame ID: 2242
The lost frame ID: 2243
The lost frame ID: 2244
The lost frame ID: 2245
The lost frame ID: 2246
The lost frame ID: 2247
The lost frame ID: 2248
The lost frame ID: 2249
The lost frame ID: 2250
The lost frame ID: 2251
The lost frame ID: 2252
The lost frame ID: 2253
The lost frame ID: 2254
The lost frame ID: 2255
The lost frame ID: 2256
The lost frame ID: 2257
The lost frame ID: 2258
The lost frame ID: 2259
The lost frame ID: 2260
The lost frame ID: 2261
The lost frame ID: 2262
The lost frame ID: 2263
The lost frame ID: 2264
The lost frame ID: 2265
The lost frame ID: 2266
The lost frame ID: 2267
The lost frame ID: 2268
The lost frame ID: 2269
The lost frame ID: 2270
The lost frame ID: 2271
The lost frame ID: 2272
The lost frame ID: 2273
The lost frame ID: 2274
The lost frame ID: 2275
The lost frame ID: 2276
The lost frame ID: 2277
The lost frame ID: 2278
The lost frame ID: 2279
The lost frame ID: 2280
The lost frame ID: 2281
The lost frame ID: 2282
The lost frame ID: 2283
The lost frame ID: 2284
The lost frame ID: 2285
The lost frame ID: 2286
The lost frame ID: 2287
The lost frame ID: 2288
The lost frame ID: 2289
The lost frame ID: 2290
The lost frame ID: 2291
The lost frame ID: 2292
The lost frame ID: 2293
The lost frame ID: 2294
The lost frame ID: 2295
The lost frame ID: 2296
The lost frame ID: 2297
The lost frame ID: 2298
The lost frame ID: 2299
The lost frame ID: 2300
The lost frame ID: 2301
The lost frame ID: 2302
The lost frame ID: 2303
The lost frame ID: 2304
The lost frame ID: 2305
The lost frame ID: 2306
The lost frame ID: 2307
The lost frame ID: 2308
The lost frame ID: 2309
The lost frame ID: 2310
The lost frame ID: 2311
The lost frame ID: 2312
The lost frame ID: 2313
The lost frame ID: 2314
The lost frame ID: 2315
The lost frame ID: 2316
The lost frame ID: 2317
The lost frame ID: 2318
The lost frame ID: 2319
The lost frame ID: 2320
The lost frame ID: 2321
The lost frame ID: 2322
The lost frame ID: 2323
The lost frame ID: 2324
The lost frame ID: 2325
The lost frame ID: 2326
The lost frame ID: 2327
The lost frame ID: 2328
The lost frame ID: 2329
The lost frame ID: 2330
The lost frame ID: 2331
The lost frame ID: 2332
The lost frame ID: 2333
The lost frame ID: 2334
The lost frame ID: 2335
The lost frame ID: 2336
The lost frame ID: 2337
The lost frame ID: 2338
The lost frame ID: 2339
The lost frame ID: 2340
The lost frame ID: 2341
The lost frame ID: 2342
The lost frame ID: 2343
The lost frame ID: 2344
The lost frame ID: 2345
The lost frame ID: 2346
The lost frame ID: 2347
The lost frame ID: 2348
The lost frame ID: 2349
The lost frame ID: 2350
The lost frame ID: 2351
The lost frame ID: 2352
The lost frame ID: 2353
The lost frame ID: 2354
The lost frame ID: 2355
The lost frame ID: 2356
The lost frame ID: 2357
The lost frame ID: 2358
The lost frame ID: 2359
The lost frame ID: 2360
The lost frame ID: 2361
The lost frame ID: 2362
The lost frame ID: 2363
The lost frame ID: 2364
The lost frame ID: 2365
The lost frame ID: 2366
The lost frame ID: 2367
The lost frame ID: 2368
The lost frame ID: 2369
The lost frame ID: 2370
The lost frame ID: 2371
The lost frame ID: 2372
The lost frame ID: 2373
The lost frame ID: 2374
The lost frame ID: 2375
The lost frame ID: 2376
The lost frame ID: 2377
The lost frame ID: 2378
The lost frame ID: 2379
The lost frame ID: 2380
The lost frame ID: 2381
The lost frame ID: 2382
The lost frame ID: 2383
The lost frame ID: 2384
The lost frame ID: 2385
The lost frame ID: 2386
The lost frame ID: 2387
The lost frame ID: 2388
The lost frame ID: 2389
The lost frame ID: 2390
The lost frame ID: 2391
The lost frame ID: 2392
The lost frame ID: 2393
The lost frame ID: 2394
The lost frame ID: 2395
The lost frame ID: 2396
The lost frame ID: 2397
The lost frame ID: 2398
The lost frame ID: 2399
The lost frame ID: 2400
The lost frame ID: 2401
The lost frame ID: 2402
The lost frame ID: 2403
The lost frame ID: 2404
The lost frame ID: 2405
The lost frame ID: 2406
The lost frame ID: 2407
The lost frame ID: 2408
The lost frame ID: 2409
The lost frame ID: 2410
The lost frame ID: 2411
The lost frame ID: 2412
The lost frame ID: 2413
The lost frame ID: 2414
The lost frame ID: 2415
The lost frame ID: 2416
The lost frame ID: 2417
The lost frame ID: 2418
The lost frame ID: 2419
The lost frame ID: 2420
The lost frame ID: 2421
The lost frame ID: 2422
The lost frame ID: 2423
The lost frame ID: 2424
The lost frame ID: 2425
The lost frame ID: 2426
The lost frame ID: 2427
The lost frame ID: 2428
The lost frame ID: 2429
The lost frame ID: 2430
The lost frame ID: 2431
The lost frame ID: 2432
The lost frame ID: 2433
The lost frame ID: 2434
The lost frame ID: 2435
The lost frame ID: 2436
The lost frame ID: 2437
The lost frame ID: 2438
The lost frame ID: 2439
The lost frame ID: 2440
The lost frame ID: 2441
The lost frame ID: 2442
The lost frame ID: 2443
The lost frame ID: 2444
The lost frame ID: 2445
The lost frame ID: 2446
The lost frame ID: 2447
The lost frame ID: 2448
The lost frame ID: 2449
The lost frame ID: 2480
The lost frame ID: 2481
The lost frame ID: 2482
The lost frame ID: 2483
The lost frame ID: 2487
The lost frame ID: 2488
The lost frame ID: 2489
The lost frame ID: 2490
The lost frame ID: 2491
The lost frame ID: 2492
The lost frame ID: 2493
The lost frame ID: 2494
The lost frame ID: 2495
The lost frame ID: 2496
The lost frame ID: 2497
The lost frame ID: 2498
The lost frame ID: 2499
The lost frame ID: 2500
The lost frame ID: 2501
The lost frame ID: 2502
The lost frame ID: 2503
The lost frame ID: 2504
The lost frame ID: 2505
The lost frame ID: 2506
The lost frame ID: 2507
The lost frame ID: 2508
The lost frame ID: 2509
The lost frame ID: 2510
The lost frame ID: 2511
The lost frame ID: 2512
The lost frame ID: 2513
The lost frame ID: 2514
The lost frame ID: 2515
The lost frame ID: 2516
The lost frame ID: 2517
The lost frame ID: 2518
The lost frame ID: 2519
The lost frame ID: 2520
The lost frame ID: 2521
The lost frame ID: 2522
The lost frame ID: 2523
The lost frame ID: 2524
The lost frame ID: 2525
The lost frame ID: 2526
The lost frame ID: 2527
The lost frame ID: 2528
The lost frame ID: 2529
The lost frame ID: 2530
The lost frame ID: 2531
The lost frame ID: 2532
The lost frame ID: 2533
The lost frame ID: 2534
The lost frame ID: 2535
The lost frame ID: 2536
The lost frame ID: 2537
The lost frame ID: 2538
The lost frame ID: 2539
The lost frame ID: 2540
The lost frame ID: 2541
The lost frame ID: 2542
The lost frame ID: 2543
The lost frame ID: 2544
The lost frame ID: 2545
The lost frame ID: 2546
The lost frame ID: 2547
The lost frame ID: 2548
The lost frame ID: 2549
The lost frame ID: 2550
The lost frame ID: 2551
The lost frame ID: 2552
The lost frame ID: 2553
The lost frame ID: 2554
The lost frame ID: 2555
The lost frame ID: 2556
The lost frame ID: 2557
The lost frame ID: 2558
The lost frame ID: 2559
The lost frame ID: 2560
The lost frame ID: 2561
The lost frame ID: 2562
The lost frame ID: 2563
The lost frame ID: 2564
The lost frame ID: 2565
The lost frame ID: 2566
The lost frame ID: 2567
The lost frame ID: 2568
The lost frame ID: 2569
The lost frame ID: 2570
The lost frame ID: 2571
The lost frame ID: 2572
The lost frame ID: 2573
The lost frame ID: 2574
The lost frame ID: 2575
The lost frame ID: 2576
The lost frame ID: 2577
The lost frame ID: 2578
The lost frame ID: 2579
The lost frame ID: 2580
The lost frame ID: 2581
The lost frame ID: 2582
The lost frame ID: 2583
The lost frame ID: 2584
The lost frame ID: 2585
The lost frame ID: 2586
The lost frame ID: 2587
The lost frame ID: 2588
The lost frame ID: 2589
The lost frame ID: 2590
The lost frame ID: 2591
The lost frame ID: 2592
The lost frame ID: 2593
The lost frame ID: 2594
The lost frame ID: 2595
The lost frame ID: 2596
The lost frame ID: 2597
The lost frame ID: 2598
The lost frame ID: 2599
The lost frame ID: 2600
The lost frame ID: 2601
The lost frame ID: 2602
The lost frame ID: 2603
The lost frame ID: 2604
The lost frame ID: 2605
The lost frame ID: 2606
The lost frame ID: 2607
The lost frame ID: 2608
The lost frame ID: 2609
The lost frame ID: 2610
The lost frame ID: 2611
The lost frame ID: 2612
The lost frame ID: 2613
The lost frame ID: 2614
The lost frame ID: 2615
The lost frame ID: 2616
The lost frame ID: 2617
The lost frame ID: 2618
The lost frame ID: 2619
The lost frame ID: 2620
The lost frame ID: 2621
The lost frame ID: 2622
The lost frame ID: 2623
The lost frame ID: 2624
The lost frame ID: 2625
The lost frame ID: 2626
The lost frame ID: 2627
The lost frame ID: 2628
The lost frame ID: 2629
The lost frame ID: 2630
The lost frame ID: 2631
The lost frame ID: 2632
The lost frame ID: 2633
The lost frame ID: 2634
The lost frame ID: 2635
The lost frame ID: 2636
The lost frame ID: 2637
The lost frame ID: 2638
The lost frame ID: 2639
The lost frame ID: 2640
The lost frame ID: 2641
The lost frame ID: 2642
The lost frame ID: 2643
The lost frame ID: 2644
The lost frame ID: 2645
The lost frame ID: 2646
The lost frame ID: 2647
The lost frame ID: 2648
The lost frame ID: 2649
The lost frame ID: 2650
The lost frame ID: 2651
The lost frame ID: 2652
The lost frame ID: 2653
The lost frame ID: 2654
The lost frame ID: 2655
The lost frame ID: 2656
The lost frame ID: 2657
The lost frame ID: 2658
The lost frame ID: 2659
The lost frame ID: 2660
The lost frame ID: 2661
The lost frame ID: 2662
The lost frame ID: 2663
The lost frame ID: 2664
The lost frame ID: 2665
The lost frame ID: 2666
The lost frame ID: 2667
The lost frame ID: 2668
The lost frame ID: 2669
The lost frame ID: 2670
The lost frame ID: 2671
The lost frame ID: 2672
The lost frame ID: 2673
The lost frame ID: 2674
The lost frame ID: 2675
The lost frame ID: 2676
The lost frame ID: 2677
The lost frame ID: 2678
The lost frame ID: 2679
The lost frame ID: 2680
The lost frame ID: 2681
The lost frame ID: 2682
The lost frame ID: 2683
The lost frame ID: 2684
The lost frame ID: 2685
The lost frame ID: 2686
The lost frame ID: 2687
The lost frame ID: 2688
The lost frame ID: 2689
The lost frame ID: 2690
The lost frame ID: 2691
The lost frame ID: 2692
The lost frame ID: 2693
The lost frame ID: 2694
The lost frame ID: 2695
The lost frame ID: 2696
The lost frame ID: 2697
The lost frame ID: 2698
The lost frame ID: 2699
The lost frame ID: 2700
The lost frame ID: 2701
The lost frame ID: 2702
The lost frame ID: 2703
The lost frame ID: 2704
The lost frame ID: 2705
The lost frame ID: 2706
The lost frame ID: 2707
The lost frame ID: 2708
The lost frame ID: 2709
The lost frame ID: 2710
The lost frame ID: 2711
The lost frame ID: 2712
The lost frame ID: 2713
The lost frame ID: 2714
The lost frame ID: 2715
The lost frame ID: 2716
The lost frame ID: 2717
The lost frame ID: 2718
The lost frame ID: 2719
The lost frame ID: 2720
The lost frame ID: 2721
The lost frame ID: 2722
The lost frame ID: 2723
The lost frame ID: 2724
The lost frame ID: 2725
The lost frame ID: 2726
The lost frame ID: 2727
The lost frame ID: 2728
The lost frame ID: 2729
The lost frame ID: 2730
The lost frame ID: 2731
The lost frame ID: 2732
The lost frame ID: 2733
The lost frame ID: 2734
The lost frame ID: 2735
The lost frame ID: 2736
The lost frame ID: 2737
The lost frame ID: 2738
The lost frame ID: 2739
The lost frame ID: 2740
The lost frame ID: 2741
The lost frame ID: 2742
The lost frame ID: 2743
The lost frame ID: 2744
The lost frame ID: 2745
The lost frame ID: 2746
The lost frame ID: 2747
The lost frame ID: 2748
The lost frame ID: 2749
The lost frame ID: 2750
The lost frame ID: 2751
The lost frame ID: 2752
The lost frame ID: 2753
The lost frame ID: 2754
The lost frame ID: 2755
The lost frame ID: 2756
The lost frame ID: 2757
The lost frame ID: 2758
The lost frame ID: 2759
The lost frame ID: 2760
The lost frame ID: 2761
The lost frame ID: 2762
The lost frame ID: 2763
The lost frame ID: 2764
The lost frame ID: 2765
The lost frame ID: 2766
The lost frame ID: 2767
The lost frame ID: 2768
The lost frame ID: 2769
The lost frame ID: 2770
The lost frame ID: 2771
The lost frame ID: 2772
The lost frame ID: 2773
The lost frame ID: 2774
The lost frame ID: 2775
The lost frame ID: 2776
The lost frame ID: 2777
The lost frame ID: 2778
The lost frame ID: 2779
The lost frame ID: 2780
The lost frame ID: 2781
The lost frame ID: 2782
The lost frame ID: 2783
The lost frame ID: 2784
The lost frame ID: 2785
The lost frame ID: 2786
The lost frame ID: 2787
The lost frame ID: 2788
The lost frame ID: 2789
The lost frame ID: 2790
The lost frame ID: 2791
The lost frame ID: 2792
The lost frame ID: 2793
The lost frame ID: 2794
The lost frame ID: 2795
The lost frame ID: 2796
The lost frame ID: 2797
The lost frame ID: 2798
The lost frame ID: 2799
The lost frame ID: 2800
The lost frame ID: 2801
The lost frame ID: 2802
The lost frame ID: 2803
The lost frame ID: 2804
The lost frame ID: 2805
The lost frame ID: 2806
The lost frame ID: 2807
The lost frame ID: 2808
The lost frame ID: 2809
The lost frame ID: 2810
The lost frame ID: 2811
The lost frame ID: 2812
The lost frame ID: 2813
The lost frame ID: 2814
The lost frame ID: 2815
The lost frame ID: 2816
The lost frame ID: 2817
The lost frame ID: 2818
The lost frame ID: 2819
The lost frame ID: 2820
The lost frame ID: 2821
The lost frame ID: 2822
The lost frame ID: 2823
The lost frame ID: 2824
The lost frame ID: 2825
The lost frame ID: 2826
The lost frame ID: 2827
The lost frame ID: 2828
The lost frame ID: 2829
The lost frame ID: 2830
The lost frame ID: 2831
The lost frame ID: 2832
The lost frame ID: 2833
The lost frame ID: 2834
The lost frame ID: 2835
The lost frame ID: 2836
The lost frame ID: 2837
The lost frame ID: 2838
The lost frame ID: 2839
The lost frame ID: 2840
The lost frame ID: 2841
The lost frame ID: 2842
The lost frame ID: 2843
The lost frame ID: 2844
The lost frame ID: 2845
The lost frame ID: 2846
The lost frame ID: 2847
The lost frame ID: 2848
The lost frame ID: 2849
The lost frame ID: 2850
The lost frame ID: 2851
The lost frame ID: 2852
The lost frame ID: 2853
The lost frame ID: 2854
The lost frame ID: 2855
The lost frame ID: 2856
The lost frame ID: 2857
The lost frame ID: 2858
The lost frame ID: 2859
The lost frame ID: 2860
The lost frame ID: 2861
The lost frame ID: 2862
The lost frame ID: 2863
The lost frame ID: 2864
The lost frame ID: 2865
The lost frame ID: 2866
The lost frame ID: 2867
The lost frame ID: 2868
The lost frame ID: 2869
The lost frame ID: 2870
The lost frame ID: 2871
The lost frame ID: 2872
The lost frame ID: 2873
The lost frame ID: 2874
The lost frame ID: 2875
The lost frame ID: 2876
The lost frame ID: 2877
The lost frame ID: 2878
The lost frame ID: 2879
The lost frame ID: 2880
The lost frame ID: 2881
The lost frame ID: 2882
The lost frame ID: 2883
The lost frame ID: 2884
The lost frame ID: 2885
The lost frame ID: 2886
The lost frame ID: 2887
The lost frame ID: 2888
The lost frame ID: 2889
The lost frame ID: 2890
The lost frame ID: 2891
The lost frame ID: 2892
The lost frame ID: 2893
The lost frame ID: 2894
The lost frame ID: 2895
The lost frame ID: 2896
The lost frame ID: 2897
The lost frame ID: 2898
The lost frame ID: 2899
The lost frame ID: 2900
The lost frame ID: 2901
The lost frame ID: 2902
The lost frame ID: 2903
The lost frame ID: 2904
The lost frame ID: 2905
The lost frame ID: 2906
The lost frame ID: 2907
The lost frame ID: 2908
The lost frame ID: 2909
The lost frame ID: 2910
The lost frame ID: 2911
The lost frame ID: 2912
The lost frame ID: 2913
The lost frame ID: 2914
The lost frame ID: 2915
The lost frame ID: 2916
The lost frame ID: 2917
The lost frame ID: 2918
The lost frame ID: 2919
The lost frame ID: 2920
The lost frame ID: 2921
The lost frame ID: 2922
The lost frame ID: 2923
The lost frame ID: 2924
The lost frame ID: 2925
The lost frame ID: 2926
The lost frame ID: 2927
The lost frame ID: 2928
The lost frame ID: 2929
The lost frame ID: 2930
The lost frame ID: 2931
The lost frame ID: 2932
The lost frame ID: 2933
The lost frame ID: 2934
The lost frame ID: 2935
The lost frame ID: 2936
The lost frame ID: 2937
The lost frame ID: 2938
The lost frame ID: 2939
The lost frame ID: 2940
The lost frame ID: 2941
The lost frame ID: 2942
The lost frame ID: 2943
The lost frame ID: 2944
The lost frame ID: 2945
The lost frame ID: 2946
The lost frame ID: 2947
The lost frame ID: 2948
The lost frame ID: 2949
The lost frame ID: 2950
The lost frame ID: 2951
The lost frame ID: 2952
The lost frame ID: 2953
The lost frame ID: 2954
The lost frame ID: 2955
The lost frame ID: 2956
The lost frame ID: 2957
The lost frame ID: 2958
The lost frame ID: 2959
The lost frame ID: 2960
The lost frame ID: 2961
The lost frame ID: 2962
The lost frame ID: 2963
The lost frame ID: 2964
The lost frame ID: 2965
The lost frame ID: 2966
The lost frame ID: 2967
The lost frame ID: 2968
The lost frame ID: 2969
The lost frame ID: 2970
The lost frame ID: 2971
The lost frame ID: 2972
The lost frame ID: 2973
The lost frame ID: 2974
The lost frame ID: 2975
The lost frame ID: 2976
The lost frame ID: 2977
The lost frame ID: 2978
The lost frame ID: 2979
The lost frame ID: 2980
The lost frame ID: 2981
The lost frame ID: 2982
The lost frame ID: 2983
The lost frame ID: 2984
The lost frame ID: 2985
The lost frame ID: 2986
The lost frame ID: 2987
The lost frame ID: 2988
The lost frame ID: 2989
The lost frame ID: 2990
The lost frame ID: 2991
The lost frame ID: 2992
The lost frame ID: 2993
The lost frame ID: 2994
The lost frame ID: 2995
The lost frame ID: 2996
The lost frame ID: 2997
The lost frame ID: 2998
The lost frame ID: 2999
The lost frame ID: 3000
The lost frame ID: 3001
The lost frame ID: 3002
The lost frame ID: 3003
The lost frame ID: 3004
The lost frame ID: 3005
The lost frame ID: 3006
The lost frame ID: 3007
The lost frame ID: 3008
The lost frame ID: 3009
The lost frame ID: 3010
The lost frame ID: 3011
The lost frame ID: 3012
The lost frame ID: 3013
The lost frame ID: 3014
The lost frame ID: 3015
The lost frame ID: 3016
The lost frame ID: 3017
The lost frame ID: 3018
The lost frame ID: 3019
The lost frame ID: 3020
The lost frame ID: 3021
The lost frame ID: 3022
The lost frame ID: 3023
The lost frame ID: 3024
The lost frame ID: 3025
The lost frame ID: 3026
The lost frame ID: 3027
The lost frame ID: 3028
The lost frame ID: 3029
The lost frame ID: 3030
The lost frame ID: 3031
The lost frame ID: 3032
The lost frame ID: 3033
The lost frame ID: 3034
The lost frame ID: 3035
The lost frame ID: 3036
The lost frame ID: 3037
The lost frame ID: 3038
The lost frame ID: 3039
The lost frame ID: 3040
The lost frame ID: 3041
The lost frame ID: 3042
The lost frame ID: 3043
The lost frame ID: 3044
The lost frame ID: 3045
The lost frame ID: 3046
The lost frame ID: 3047
The lost frame ID: 3048
The lost frame ID: 3049
The lost frame ID: 3050
The lost frame ID: 3051
The lost frame ID: 3052
The lost frame ID: 3053
The lost frame ID: 3054
The lost frame ID: 3055
The lost frame ID: 3056
The lost frame ID: 3057
The lost frame ID: 3058
The lost frame ID: 3059
The lost frame ID: 3060
The lost frame ID: 3061
The lost frame ID: 3062
The lost frame ID: 3063
The lost frame ID: 3064
The lost frame ID: 3065
The lost frame ID: 3066
The lost frame ID: 3067
The lost frame ID: 3068
The lost frame ID: 3069
The lost frame ID: 3070
The lost frame ID: 3071
The lost frame ID: 3072
The lost frame ID: 3073
The lost frame ID: 3074
The lost frame ID: 3075
The lost frame ID: 3076
The lost frame ID: 3077
The lost frame ID: 3078
The lost frame ID: 3079
The lost frame ID: 3080
The lost frame ID: 3081
The lost frame ID: 3082
The lost frame ID: 3083
The lost frame ID: 3084
The lost frame ID: 3085
The lost frame ID: 3086
The lost frame ID: 3087
The lost frame ID: 3088
The lost frame ID: 3089
The lost frame ID: 3090
The lost frame ID: 3091
The lost frame ID: 3092
The lost frame ID: 3093
The lost frame ID: 3094
The lost frame ID: 3095
The lost frame ID: 3096
The lost frame ID: 3097
The lost frame ID: 3098
The lost frame ID: 3099
The lost frame ID: 3100
The lost frame ID: 3101
The lost frame ID: 3102
The lost frame ID: 3103
The lost frame ID: 3104
The lost frame ID: 3105
The lost frame ID: 3106
The lost frame ID: 3107
The lost frame ID: 3108
The lost frame ID: 3109
The lost frame ID: 3110
The lost frame ID: 3111
The lost frame ID: 3112
The lost frame ID: 3113
The lost frame ID: 3114
The lost frame ID: 3115
The lost frame ID: 3116
The lost frame ID: 3117
The lost frame ID: 3118
The lost frame ID: 3119
The lost frame ID: 3120
The lost frame ID: 3121
The lost frame ID: 3122
The lost frame ID: 3123
The lost frame ID: 3124
The lost frame ID: 3125
The lost frame ID: 3126
The lost frame ID: 3127
The lost frame ID: 3128
The lost frame ID: 3129
The lost frame ID: 3130
The lost frame ID: 3131
The lost frame ID: 3132
The lost frame ID: 3133
The lost frame ID: 3134
The lost frame ID: 3135
The lost frame ID: 3136
The lost frame ID: 3137
The lost frame ID: 3138
The lost frame ID: 3139
The lost frame ID: 3140
The lost frame ID: 3141
The lost frame ID: 3142
The lost frame ID: 3143
The lost frame ID: 3144
The lost frame ID: 3145
The lost frame ID: 3146
The lost frame ID: 3147
The lost frame ID: 3148
The lost frame ID: 3149
The lost frame ID: 3150
The lost frame ID: 3151
The lost frame ID: 3152
The lost frame ID: 3153
The lost frame ID: 3154
The lost frame ID: 3155
The lost frame ID: 3156
The lost frame ID: 3157
The lost frame ID: 3158
The lost frame ID: 3159
The lost frame ID: 3160
The lost frame ID: 3161
The lost frame ID: 3162
The lost frame ID: 3163
The lost frame ID: 3164
The lost frame ID: 3165
The lost frame ID: 3166
The lost frame ID: 3167
The lost frame ID: 3168
The lost frame ID: 3169
The lost frame ID: 3170
The lost frame ID: 3171
The lost frame ID: 3172
The lost frame ID: 3173
The lost frame ID: 3174
The lost frame ID: 3175
The lost frame ID: 3176
The lost frame ID: 3177
The lost frame ID: 3178
The lost frame ID: 3179
The lost frame ID: 3180
The lost frame ID: 3181
The lost frame ID: 3182
The lost frame ID: 3183
The lost frame ID: 3184
The lost frame ID: 3185
The lost frame ID: 3186
The lost frame ID: 3187
The lost frame ID: 3188
The lost frame ID: 3189
The lost frame ID: 3190
The lost frame ID: 3191
The lost frame ID: 3192
The lost frame ID: 3193
The lost frame ID: 3194
The lost frame ID: 3195
The lost frame ID: 3196
The lost frame ID: 3197
The lost frame ID: 3198
The lost frame ID: 3199
The lost frame ID: 3200
The lost frame ID: 3201
The lost frame ID: 3202
The lost frame ID: 3203
The lost frame ID: 3204
The lost frame ID: 3205
The lost frame ID: 3206
The lost frame ID: 3207
The lost frame ID: 3208
The lost frame ID: 3209
The lost frame ID: 3210
The lost frame ID: 3211
The lost frame ID: 3212
The lost frame ID: 3213
The lost frame ID: 3214
The lost frame ID: 3215
The lost frame ID: 3216
The lost frame ID: 3217
The lost frame ID: 3218
The lost frame ID: 3219
The lost frame ID: 3220
The lost frame ID: 3221
The lost frame ID: 3222
The lost frame ID: 3223
The lost frame ID: 3224
The lost frame ID: 3225
The lost frame ID: 3226
The lost frame ID: 3227
The lost frame ID: 3228
The lost frame ID: 3229
The lost frame ID: 3230
The lost frame ID: 3231
The lost frame ID: 3232
The lost frame ID: 3233
The lost frame ID: 3234
The lost frame ID: 3235
The lost frame ID: 3236
The lost frame ID: 3237
The lost frame ID: 3238
The lost frame ID: 3239
The lost frame ID: 3240
The lost frame ID: 3241
The lost frame ID: 3242
The lost frame ID: 3243
The lost frame ID: 3244
The lost frame ID: 3245
The lost frame ID: 3246
The lost frame ID: 3247
The lost frame ID: 3248
The lost frame ID: 3249
The lost frame ID: 3250
The lost frame ID: 3251
The lost frame ID: 3252
The lost frame ID: 3253
The lost frame ID: 3254
The lost frame ID: 3255
The lost frame ID: 3256
The lost frame ID: 3257
The lost frame ID: 3258
The lost frame ID: 3259
The lost frame ID: 3260
The lost frame ID: 3261
The lost frame ID: 3262
The lost frame ID: 3263
The lost frame ID: 3264
The lost frame ID: 3265
The lost frame ID: 3266
The lost frame ID: 3267
The lost frame ID: 3268
The lost frame ID: 3269
The lost frame ID: 3270
The lost frame ID: 3271
The lost frame ID: 3272
The lost frame ID: 3273
The lost frame ID: 3274
The lost frame ID: 3275
The lost frame ID: 3276
The lost frame ID: 3277
The lost frame ID: 3278
The lost frame ID: 3279
The lost frame ID: 3280
The lost frame ID: 3281
The lost frame ID: 3282
The lost frame ID: 3283
The lost frame ID: 3284
The lost frame ID: 3285
The lost frame ID: 3286
The lost frame ID: 3287
The lost frame ID: 3288
The lost frame ID: 3289
The lost frame ID: 3290
The lost frame ID: 3291
The lost frame ID: 3292
The lost frame ID: 3293
The lost frame ID: 3294
The lost frame ID: 3295
The lost frame ID: 3296
The lost frame ID: 3297
The lost frame ID: 3298
The lost frame ID: 3299
The lost frame ID: 3300
The lost frame ID: 3301
The lost frame ID: 3302
The lost frame ID: 3303
The lost frame ID: 3304
The lost frame ID: 3305
The lost frame ID: 3306
The lost frame ID: 3307
The lost frame ID: 3308
The lost frame ID: 3309
The lost frame ID: 3310
The lost frame ID: 3311
The lost frame ID: 3312
The lost frame ID: 3313
The lost frame ID: 3314
The lost frame ID: 3315
The lost frame ID: 3316
The lost frame ID: 3317
The lost frame ID: 3318
The lost frame ID: 3319
The lost frame ID: 3320
The lost frame ID: 3321
The lost frame ID: 3322
The lost frame ID: 3323
The lost frame ID: 3324
The lost frame ID: 3325
The lost frame ID: 3326
The lost frame ID: 3327
The lost frame ID: 3328
The lost frame ID: 3329
The lost frame ID: 3330
The lost frame ID: 3331
The lost frame ID: 3332
The lost frame ID: 3333
The lost frame ID: 3334
The lost frame ID: 3335
The lost frame ID: 3336
The lost frame ID: 3337
The lost frame ID: 3338
The lost frame ID: 3339
The lost frame ID: 3340
The lost frame ID: 3341
The lost frame ID: 3342
The lost frame ID: 3343
The lost frame ID: 3344
The lost frame ID: 3345
The lost frame ID: 3346
The lost frame ID: 3347
The lost frame ID: 3348
The lost frame ID: 3349
The lost frame ID: 3350
The lost frame ID: 3351
The lost frame ID: 3352
The lost frame ID: 3353
The lost frame ID: 3354
The lost frame ID: 3355
The lost frame ID: 3356
The lost frame ID: 3357
The lost frame ID: 3358
The lost frame ID: 3359
The lost frame ID: 3360
The lost frame ID: 3361
The lost frame ID: 3362
The lost frame ID: 3363
The lost frame ID: 3364
The lost frame ID: 3365
The lost frame ID: 3366
The lost frame ID: 3367
The lost frame ID: 3368
The lost frame ID: 3369
The lost frame ID: 3370
The lost frame ID: 3371
The lost frame ID: 3372
The lost frame ID: 3373
The lost frame ID: 3374
The lost frame ID: 3375
The lost frame ID: 3376
The lost frame ID: 3377
The lost frame ID: 3378
The lost frame ID: 3379
The lost frame ID: 3380
The lost frame ID: 3381
The lost frame ID: 3382
The lost frame ID: 3383
The lost frame ID: 3384
The lost frame ID: 3385
The lost frame ID: 3386
The lost frame ID: 3387
The lost frame ID: 3388
The lost frame ID: 3389
The lost frame ID: 3390
The lost frame ID: 3391
The lost frame ID: 3392
The lost frame ID: 3393
The lost frame ID: 3394
The lost frame ID: 3395
The lost frame ID: 3396
The lost frame ID: 3397
The lost frame ID: 3398
The lost frame ID: 3399
The lost frame ID: 4049
The lost frame ID: 4050
The lost frame ID: 4051
The lost frame ID: 4052
The lost frame ID: 4053
The lost frame ID: 4054
The lost frame ID: 4055
The lost frame ID: 4056
The lost frame ID: 4057
The lost frame ID: 4058
The lost frame ID: 4059
The lost frame ID: 4060
The lost frame ID: 4061
The lost frame ID: 4062
The lost frame ID: 4063
The lost frame ID: 4064
The lost frame ID: 4065
The lost frame ID: 4066
The lost frame ID: 4067
The lost frame ID: 4068
The lost frame ID: 4069
The lost frame ID: 4070
The lost frame ID: 4071
The lost frame ID: 4072
The lost frame ID: 4073
The lost frame ID: 4074
The lost frame ID: 4075
The lost frame ID: 4076
The lost frame ID: 4077
The lost frame ID: 4078
The lost frame ID: 4079
The lost frame ID: 4080
The lost frame ID: 4081
The lost frame ID: 4082
The lost frame ID: 4084
The lost frame ID: 4085
The lost frame ID: 4086
The lost frame ID: 4087
The lost frame ID: 4088
The lost frame ID: 4089
The lost frame ID: 4090
The lost frame ID: 4092
The lost frame ID: 4093
The lost frame ID: 4094
The lost frame ID: 4096
The lost frame ID: 4097
The lost frame ID: 4098
The lost frame ID: 4099
The lost frame ID: 4100
The lost frame ID: 4101
The lost frame ID: 4102
The lost frame ID: 4103
The lost frame ID: 4104
The lost frame ID: 4105
The lost frame ID: 4106
The lost frame ID: 4107
The lost frame ID: 4108
The lost frame ID: 4109
The lost frame ID: 4110
The lost frame ID: 4111
The lost frame ID: 4112
The lost frame ID: 4113
The lost frame ID: 4114
The lost frame ID: 4115
The lost frame ID: 4116
The lost frame ID: 4117
The lost frame ID: 4118
The lost frame ID: 4119
The lost frame ID: 4120
The lost frame ID: 4121
The lost frame ID: 4122
The lost frame ID: 4123
The lost frame ID: 4124
The lost frame ID: 4125
The lost frame ID: 4126
The lost frame ID: 4127
The lost frame ID: 4128
The lost frame ID: 4129
The lost frame ID: 4130
The lost frame ID: 4131
The lost frame ID: 4132
The lost frame ID: 4133
The lost frame ID: 4134
The lost frame ID: 4135
The lost frame ID: 4136
The lost frame ID: 4137
The lost frame ID: 4138
The lost frame ID: 4139
The lost frame ID: 4140
The lost frame ID: 4141
The lost frame ID: 4142
The lost frame ID: 4143
The lost frame ID: 4144
The lost frame ID: 4145
The lost frame ID: 4146
The lost frame ID: 4147
The lost frame ID: 4148
The lost frame ID: 4149
The lost frame ID: 4150
The lost frame ID: 4151
The lost frame ID: 4152
The lost frame ID: 4153
The lost frame ID: 4154
The lost frame ID: 4155
The lost frame ID: 4156
The lost frame ID: 4157
The lost frame ID: 4158
The lost frame ID: 4159
The lost frame ID: 4160
The lost frame ID: 4161
The lost frame ID: 4162
The lost frame ID: 4163
The lost frame ID: 4164
The lost frame ID: 4165
The lost frame ID: 4166
The lost frame ID: 4167
The lost frame ID: 4168
The lost frame ID: 4169
The lost frame ID: 4170
The lost frame ID: 4172
The lost frame ID: 4173
The lost frame ID: 4174
The lost frame ID: 4175
The lost frame ID: 4176
The lost frame ID: 4177
The lost frame ID: 4178
The lost frame ID: 4179
The lost frame ID: 4180
The lost frame ID: 4181
The lost frame ID: 4182
The lost frame ID: 4183
The lost frame ID: 4184
The lost frame ID: 4185
The lost frame ID: 4186
The lost frame ID: 4187
The lost frame ID: 4188
The lost frame ID: 4189
The lost frame ID: 4190
The lost frame ID: 4191
The lost frame ID: 4192
The lost frame ID: 4193
The lost frame ID: 4194
The lost frame ID: 4195
The lost frame ID: 4196
The lost frame ID: 4197
The lost frame ID: 4198
The lost frame ID: 4199
The lost frame ID: 4200
The lost frame ID: 4201
The lost frame ID: 4202
The lost frame ID: 4203
The lost frame ID: 4204
The lost frame ID: 4205
The lost frame ID: 4206
The lost frame ID: 4207
The lost frame ID: 4208
The lost frame ID: 4209
The lost frame ID: 4210
The lost frame ID: 4211
The lost frame ID: 4212
The lost frame ID: 4213
The lost frame ID: 4214
The lost frame ID: 4215
The lost frame ID: 4216
The lost frame ID: 4217
The lost frame ID: 4218
The lost frame ID: 4219
The lost frame ID: 4220
The lost frame ID: 4221
The lost frame ID: 4222
The lost frame ID: 4223
The lost frame ID: 4224
The lost frame ID: 4225
The lost frame ID: 4226
The lost frame ID: 4227
The lost frame ID: 4228
The lost frame ID: 4229
The lost frame ID: 4230
The lost frame ID: 4231
The lost frame ID: 4232
The lost frame ID: 4233
The lost frame ID: 4234
The lost frame ID: 4235
The lost frame ID: 4236
The lost frame ID: 4237
The lost frame ID: 4238
The lost frame ID: 4239
The lost frame ID: 4240
The lost frame ID: 4241
The lost frame ID: 4242
The lost frame ID: 4243
The lost frame ID: 4244
The lost frame ID: 4245
The lost frame ID: 4246
The lost frame ID: 4247
The lost frame ID: 4248
The lost frame ID: 4249
The lost frame ID: 4250
The lost frame ID: 4251
The lost frame ID: 4252
The lost frame ID: 4253
The lost frame ID: 4254
The lost frame ID: 4255
The lost frame ID: 4256
The lost frame ID: 4258
The lost frame ID: 4259
The lost frame ID: 4260
The lost frame ID: 4261
The lost frame ID: 4262
The lost frame ID: 4263
The lost frame ID: 4264
The lost frame ID: 4265
The lost frame ID: 4266
The lost frame ID: 4267
The lost frame ID: 4268
The lost frame ID: 4269
The lost frame ID: 4270
The lost frame ID: 4271
The lost frame ID: 4272
The lost frame ID: 4273
The lost frame ID: 4274
The lost frame ID: 4275
The lost frame ID: 4276
The lost frame ID: 4277
The lost frame ID: 4278
The lost frame ID: 4279
The lost frame ID: 4280
The lost frame ID: 4281
The lost frame ID: 4282
The lost frame ID: 4283
The lost frame ID: 4284
The lost frame ID: 4285
The lost frame ID: 4286
The lost frame ID: 4287
The lost frame ID: 4288
The lost frame ID: 4289
The lost frame ID: 4290
The lost frame ID: 4291
The lost frame ID: 4292
The lost frame ID: 4293
The lost frame ID: 4294
The lost frame ID: 4295
The lost frame ID: 4296
The lost frame ID: 4297
The lost frame ID: 4298
The lost frame ID: 4299
The lost frame ID: 4300
The lost frame ID: 4301
The lost frame ID: 4302
The lost frame ID: 4303
The lost frame ID: 4304
The lost frame ID: 4305
The lost frame ID: 4306
The lost frame ID: 4307
The lost frame ID: 4308
The lost frame ID: 4309
The lost frame ID: 4310
The lost frame ID: 4311
The lost frame ID: 4312
The lost frame ID: 4313
The lost frame ID: 4314
The lost frame ID: 4315
The lost frame ID: 4316
The lost frame ID: 4317
The lost frame ID: 4318
The lost frame ID: 4319
The lost frame ID: 4320
The lost frame ID: 4321
The lost frame ID: 4322
The lost frame ID: 4323
The lost frame ID: 4324
The lost frame ID: 4325
The lost frame ID: 4326
The lost frame ID: 4327
The lost frame ID: 4328
The lost frame ID: 4329
The lost frame ID: 4330
The lost frame ID: 4331
The lost frame ID: 4332
The lost frame ID: 4333
The lost frame ID: 4334
The lost frame ID: 4335
The lost frame ID: 4336
The lost frame ID: 4337
The lost frame ID: 4338
The lost frame ID: 4339
The lost frame ID: 4340
The lost frame ID: 4341
The lost frame ID: 4342
The lost frame ID: 4343
The lost frame ID: 4344
The lost frame ID: 4345
The lost frame ID: 4346
The lost frame ID: 4347
The lost frame ID: 4348
The lost frame ID: 4349
The lost frame ID: 4350
The lost frame ID: 4351
The lost frame ID: 4352
The lost frame ID: 4353
The lost frame ID: 4354
The lost frame ID: 4355
The lost frame ID: 4356
The lost frame ID: 4357
The lost frame ID: 4358
The lost frame ID: 4359
The lost frame ID: 4360
The lost frame ID: 4361
The lost frame ID: 4362
The lost frame ID: 4363
The lost frame ID: 4364
The lost frame ID: 4365
The lost frame ID: 4366
The lost frame ID: 4367
The lost frame ID: 4368
The lost frame ID: 4369
The lost frame ID: 4370
The lost frame ID: 4371
The lost frame ID: 4372
The lost frame ID: 4373
The lost frame ID: 4374
The lost frame ID: 4375
The lost frame ID: 4376
The lost frame ID: 4377
The lost frame ID: 4378
The lost frame ID: 4379
The lost frame ID: 4380
The lost frame ID: 4381
The lost frame ID: 4382
The lost frame ID: 4383
The lost frame ID: 4384
The lost frame ID: 4385
The lost frame ID: 4386
The lost frame ID: 4387
The lost frame ID: 4388
The lost frame ID: 4389
The lost frame ID: 4390
The lost frame ID: 4391
The lost frame ID: 4392
The lost frame ID: 4393
The lost frame ID: 4394
The lost frame ID: 4395
The lost frame ID: 4396
The lost frame ID: 4397
The lost frame ID: 4398
The lost frame ID: 4399
The lost frame ID: 4400
The lost frame ID: 4401
The lost frame ID: 4402
The lost frame ID: 4403
The lost frame ID: 4404
The lost frame ID: 4405
The lost frame ID: 4406
The lost frame ID: 4407
The lost frame ID: 4408
The lost frame ID: 4409
The lost frame ID: 4410
The lost frame ID: 4411
The lost frame ID: 4412
The lost frame ID: 4413
The lost frame ID: 4414
The lost frame ID: 4415
The lost frame ID: 4416
The lost frame ID: 4417
The lost frame ID: 4418
The lost frame ID: 4419
The lost frame ID: 4420
The lost frame ID: 4421
The lost frame ID: 4422
The lost frame ID: 4423
The lost frame ID: 4424
The lost frame ID: 4425
The lost frame ID: 4426
The lost frame ID: 4427
The lost frame ID: 4428
The lost frame ID: 4429
The lost frame ID: 4430
The lost frame ID: 4431
The lost frame ID: 4432
The lost frame ID: 4433
The lost frame ID: 4434
The lost frame ID: 4435
The lost frame ID: 4436
The lost frame ID: 4437
The lost frame ID: 4438
The lost frame ID: 4439
The lost frame ID: 4440
The lost frame ID: 4441
The lost frame ID: 4442
The lost frame ID: 4443
The lost frame ID: 4444
The lost frame ID: 4445
The lost frame ID: 4446
The lost frame ID: 4447
The lost frame ID: 4448
The lost frame ID: 4449
The lost frame ID: 4450
The lost frame ID: 4451
The lost frame ID: 4452
System::StopViewer()
System::StopViewer() done
System::StopViewer()
System::StopViewer() done
Tracking thread joined...

Saving correlation status...

========== Global Summary ==========
Frames: 2484
avg_CorrEdges: 1.02939
avg_match_A: 135.946
avg_match_B: 92.8257
global_RI_MNR: 0.0110895
global_RI_GNR: 0.00916352
global_RI_DICE: 0.00899928

========== Per-Channel Summary ==========
   chA   chB     avgCorr        avgA        avgB   avgRI_MNR   avgRI_GNR  avgRI_DICE
     0     1     1.02939     135.946     92.8257  0.00776621  0.00637914  0.00622582

Correlation status saved!

-------

median tracking time: 0.318198
mean tracking time: 0.323318

Saving camera trajectory to result06.txt ...

trajectory saved!

========== Performance Summary (ms) ==========
name                                mean      median        rmse         min         max       count
Tracking                          45.796      19.471      44.417       1.487     251.000        4539
Correlation                        0.233       0.137       0.671       0.005      12.194        2485
Total Init                       711.296     711.296       0.000     711.296     711.296           1
Pipeline                         323.308     318.187      56.534     161.521     706.741        4541
SuperPoint Extract               267.640     267.632      35.242     120.999     652.375        4541
SIFT Extract                      99.906      97.929      23.446      34.890     206.074        4541
