Registering ORBextractor...
Registering AKAZEextractor...
Registering BRISKextractor...
Registering SIFTextractor...
Registering KAZEextractor...
Registering SuperPointExtractor...

ORB-SLAM2 Copyright (C) 2014-2016 Raul Mur-Artal, University of Zaragoza.
This program comes with ABSOLUTELY NO WARRANTY;
This is free software, and you are welcome to redistribute it
under certain conditions. See LICENSE.txt.

Input sensor was set to: Monocular

Loading Vocabulary : /home/howard/Refactored_ORB_SLAM2/Install/var/lib/orbslam2/voc/sift_cv.fbow
This could take a while...
Loading SIFT Vocabulary in FBoW.
SIFT Vocabulary loaded in 0.016703s


Loading Vocabulary : /home/howard/Refactored_ORB_SLAM2/Install/var/lib/orbslam2/voc/superpoint.fbow
This could take a while...
Loading SuperPoint Vocabulary in FBoW.
SuperPoint Vocabulary loaded in 0.013450s


Camera Parameters: 
- fx: 718.856
- fy: 718.856
- cx: 607.193
- cy: 185.216
- k1: 0
- k2: 0
- p1: 0
- p2: 0
- fps: 10
- color order: RGB (ignored if grayscale)

[Feature 0] SIFT Extractor Parameters: 
 ( TH_LOW: 300, TH_HIGH: 500 )
- Number of Features  : 2000
- Scale Levels        : 1
- Scale Factor        : 1
- Contrast Threshold  : 0.01
- Edge Threshold      : 5
- nOctaves            : 3
- Sigma               : 1.6

[Feature 1] SuperPoint Extractor Parameters: 
 ( TH_LOW: 0.7, TH_HIGH: 0.9 )
- Number of Features: 2000
- Scale Levels: 4
- Scale Factor: 1.2
- Use CUDA: 1
- Use NMS: 1
- iniTh: 0.08
- minTh: 0.04

-------
Start processing sequence ...
Images in the sequence: 4541

Viewer started, waiting for thread.
0
New map created with 931 points for 0 Feature Type 
New map created with 277 points for 1 Feature Type 
Tracking Initlized in 1.00s
The initlized frame ID: 1
The lost frame ID: 791
The lost frame ID: 792
The lost frame ID: 793
The lost frame ID: 794
The lost frame ID: 795
The lost frame ID: 796
The lost frame ID: 797
The lost frame ID: 798
The lost frame ID: 799
The lost frame ID: 800
The lost frame ID: 801
The lost frame ID: 802
The lost frame ID: 803
The lost frame ID: 804
The lost frame ID: 805
The lost frame ID: 806
The lost frame ID: 807
The lost frame ID: 808
The lost frame ID: 809
The lost frame ID: 810
The lost frame ID: 811
The lost frame ID: 812
The lost frame ID: 813
The lost frame ID: 814
The lost frame ID: 815
The lost frame ID: 816
The lost frame ID: 817
The lost frame ID: 818
The lost frame ID: 819
The lost frame ID: 820
The lost frame ID: 821
The lost frame ID: 822
The lost frame ID: 823
The lost frame ID: 824
The lost frame ID: 825
The lost frame ID: 826
The lost frame ID: 827
The lost frame ID: 828
The lost frame ID: 829
The lost frame ID: 830
The lost frame ID: 831
The lost frame ID: 832
The lost frame ID: 833
The lost frame ID: 834
The lost frame ID: 835
The lost frame ID: 836
The lost frame ID: 837
The lost frame ID: 838
The lost frame ID: 839
The lost frame ID: 840
The lost frame ID: 841
The lost frame ID: 842
The lost frame ID: 843
The lost frame ID: 844
The lost frame ID: 845
The lost frame ID: 846
The lost frame ID: 847
The lost frame ID: 848
The lost frame ID: 849
The lost frame ID: 850
The lost frame ID: 851
The lost frame ID: 852
The lost frame ID: 853
The lost frame ID: 854
The lost frame ID: 855
The lost frame ID: 856
The lost frame ID: 857
The lost frame ID: 858
The lost frame ID: 859
The lost frame ID: 860
The lost frame ID: 861
The lost frame ID: 862
The lost frame ID: 863
The lost frame ID: 864
The lost frame ID: 865
The lost frame ID: 866
The lost frame ID: 867
The lost frame ID: 868
The lost frame ID: 869
The lost frame ID: 870
The lost frame ID: 871
The lost frame ID: 872
The lost frame ID: 873
The lost frame ID: 874
The lost frame ID: 875
The lost frame ID: 876
The lost frame ID: 877
The lost frame ID: 878
The lost frame ID: 879
The lost frame ID: 880
The lost frame ID: 881
The lost frame ID: 882
The lost frame ID: 883
The lost frame ID: 884
The lost frame ID: 885
The lost frame ID: 886
The lost frame ID: 887
The lost frame ID: 888
The lost frame ID: 889
The lost frame ID: 890
The lost frame ID: 891
The lost frame ID: 892
The lost frame ID: 893
The lost frame ID: 894
The lost frame ID: 895
The lost frame ID: 896
The lost frame ID: 897
The lost frame ID: 898
The lost frame ID: 899
The lost frame ID: 900
The lost frame ID: 901
The lost frame ID: 902
The lost frame ID: 903
The lost frame ID: 904
The lost frame ID: 905
The lost frame ID: 906
The lost frame ID: 907
The lost frame ID: 908
The lost frame ID: 909
The lost frame ID: 910
The lost frame ID: 911
The lost frame ID: 912
The lost frame ID: 913
The lost frame ID: 914
The lost frame ID: 915
The lost frame ID: 916
The lost frame ID: 917
The lost frame ID: 918
The lost frame ID: 919
The lost frame ID: 920
The lost frame ID: 921
The lost frame ID: 922
The lost frame ID: 923
The lost frame ID: 924
The lost frame ID: 925
The lost frame ID: 926
The lost frame ID: 927
The lost frame ID: 928
The lost frame ID: 929
The lost frame ID: 930
The lost frame ID: 931
The lost frame ID: 932
The lost frame ID: 933
The lost frame ID: 934
The lost frame ID: 935
The lost frame ID: 936
The lost frame ID: 937
The lost frame ID: 938
The lost frame ID: 939
The lost frame ID: 940
The lost frame ID: 941
The lost frame ID: 942
The lost frame ID: 943
The lost frame ID: 944
The lost frame ID: 945
The lost frame ID: 946
The lost frame ID: 947
The lost frame ID: 948
The lost frame ID: 949
The lost frame ID: 950
The lost frame ID: 951
The lost frame ID: 952
The lost frame ID: 953
The lost frame ID: 954
The lost frame ID: 955
The lost frame ID: 956
The lost frame ID: 957
The lost frame ID: 958
The lost frame ID: 959
The lost frame ID: 960
The lost frame ID: 961
The lost frame ID: 962
The lost frame ID: 963
The lost frame ID: 964
The lost frame ID: 965
The lost frame ID: 966
The lost frame ID: 967
The lost frame ID: 968
The lost frame ID: 969
The lost frame ID: 970
The lost frame ID: 971
The lost frame ID: 972
The lost frame ID: 973
The lost frame ID: 974
The lost frame ID: 975
The lost frame ID: 976
The lost frame ID: 977
The lost frame ID: 978
The lost frame ID: 979
The lost frame ID: 980
The lost frame ID: 981
The lost frame ID: 982
The lost frame ID: 983
The lost frame ID: 984
The lost frame ID: 985
The lost frame ID: 986
The lost frame ID: 987
The lost frame ID: 988
The lost frame ID: 989
The lost frame ID: 990
The lost frame ID: 991
The lost frame ID: 992
The lost frame ID: 993
The lost frame ID: 994
The lost frame ID: 995
The lost frame ID: 996
The lost frame ID: 997
The lost frame ID: 998
The lost frame ID: 999
The lost frame ID: 1000
The lost frame ID: 1001
The lost frame ID: 1002
The lost frame ID: 1003
The lost frame ID: 1004
The lost frame ID: 1005
The lost frame ID: 1006
The lost frame ID: 1007
The lost frame ID: 1008
The lost frame ID: 1009
The lost frame ID: 1010
The lost frame ID: 1011
The lost frame ID: 1012
The lost frame ID: 1013
The lost frame ID: 1014
The lost frame ID: 1015
The lost frame ID: 1016
The lost frame ID: 1017
The lost frame ID: 1018
The lost frame ID: 1019
The lost frame ID: 1020
The lost frame ID: 1021
The lost frame ID: 1022
The lost frame ID: 1023
The lost frame ID: 1024
The lost frame ID: 1025
The lost frame ID: 1026
The lost frame ID: 1027
The lost frame ID: 1028
The lost frame ID: 1029
The lost frame ID: 1030
The lost frame ID: 1031
The lost frame ID: 1032
The lost frame ID: 1033
The lost frame ID: 1034
The lost frame ID: 1035
The lost frame ID: 1036
The lost frame ID: 1037
The lost frame ID: 1038
The lost frame ID: 1039
The lost frame ID: 1040
The lost frame ID: 1041
The lost frame ID: 1042
The lost frame ID: 1043
The lost frame ID: 1044
The lost frame ID: 1045
The lost frame ID: 1046
The lost frame ID: 1047
The lost frame ID: 1048
The lost frame ID: 1049
The lost frame ID: 1050
The lost frame ID: 1051
The lost frame ID: 1052
The lost frame ID: 1053
The lost frame ID: 1054
The lost frame ID: 1055
The lost frame ID: 1056
The lost frame ID: 1057
The lost frame ID: 1058
The lost frame ID: 1059
The lost frame ID: 1060
The lost frame ID: 1061
The lost frame ID: 1062
The lost frame ID: 1063
The lost frame ID: 1064
The lost frame ID: 1065
The lost frame ID: 1066
The lost frame ID: 1067
The lost frame ID: 1068
The lost frame ID: 1069
The lost frame ID: 1070
The lost frame ID: 1071
The lost frame ID: 1072
The lost frame ID: 1073
The lost frame ID: 1074
The lost frame ID: 1075
The lost frame ID: 1076
The lost frame ID: 1077
The lost frame ID: 1078
The lost frame ID: 1079
The lost frame ID: 1080
The lost frame ID: 1081
The lost frame ID: 1082
The lost frame ID: 1083
The lost frame ID: 1084
The lost frame ID: 1085
The lost frame ID: 1086
The lost frame ID: 1087
The lost frame ID: 1088
The lost frame ID: 1089
The lost frame ID: 1090
The lost frame ID: 1091
The lost frame ID: 1092
The lost frame ID: 1093
The lost frame ID: 1094
The lost frame ID: 1095
The lost frame ID: 1096
The lost frame ID: 1097
The lost frame ID: 1098
The lost frame ID: 1099
The lost frame ID: 1100
The lost frame ID: 1101
The lost frame ID: 1102
The lost frame ID: 1103
The lost frame ID: 1104
The lost frame ID: 1105
The lost frame ID: 1106
The lost frame ID: 1107
The lost frame ID: 1108
The lost frame ID: 1109
The lost frame ID: 1110
The lost frame ID: 1111
The lost frame ID: 1112
The lost frame ID: 1113
The lost frame ID: 1114
The lost frame ID: 1115
The lost frame ID: 1116
The lost frame ID: 1117
The lost frame ID: 1118
The lost frame ID: 1119
The lost frame ID: 1120
The lost frame ID: 1121
The lost frame ID: 1122
The lost frame ID: 1123
The lost frame ID: 1124
The lost frame ID: 1125
The lost frame ID: 1126
The lost frame ID: 1127
The lost frame ID: 1128
The lost frame ID: 1129
The lost frame ID: 1130
The lost frame ID: 1131
The lost frame ID: 1132
The lost frame ID: 1133
The lost frame ID: 1134
The lost frame ID: 1135
The lost frame ID: 1136
The lost frame ID: 1137
The lost frame ID: 1138
The lost frame ID: 1139
The lost frame ID: 1140
The lost frame ID: 1141
The lost frame ID: 1142
The lost frame ID: 1143
The lost frame ID: 1144
The lost frame ID: 1145
The lost frame ID: 1146
The lost frame ID: 1147
The lost frame ID: 1148
The lost frame ID: 1149
The lost frame ID: 1150
The lost frame ID: 1151
The lost frame ID: 1152
The lost frame ID: 1153
The lost frame ID: 1154
The lost frame ID: 1155
The lost frame ID: 1156
The lost frame ID: 1157
The lost frame ID: 1158
The lost frame ID: 1159
The lost frame ID: 1160
The lost frame ID: 1161
The lost frame ID: 1162
The lost frame ID: 1163
The lost frame ID: 1164
The lost frame ID: 1165
The lost frame ID: 1166
The lost frame ID: 1167
The lost frame ID: 1168
The lost frame ID: 1169
The lost frame ID: 1170
The lost frame ID: 1171
The lost frame ID: 1172
The lost frame ID: 1173
The lost frame ID: 1174
The lost frame ID: 1175
The lost frame ID: 1176
The lost frame ID: 1177
The lost frame ID: 1178
The lost frame ID: 1179
The lost frame ID: 1180
The lost frame ID: 1181
The lost frame ID: 1182
The lost frame ID: 1183
The lost frame ID: 1184
The lost frame ID: 1185
The lost frame ID: 1186
The lost frame ID: 1187
The lost frame ID: 1188
The lost frame ID: 1189
The lost frame ID: 1190
The lost frame ID: 1191
The lost frame ID: 1192
The lost frame ID: 1193
The lost frame ID: 1194
The lost frame ID: 1195
The lost frame ID: 1196
The lost frame ID: 1197
The lost frame ID: 1198
The lost frame ID: 1199
The lost frame ID: 1200
The lost frame ID: 1201
The lost frame ID: 1202
The lost frame ID: 1203
The lost frame ID: 1204
The lost frame ID: 1205
The lost frame ID: 1206
The lost frame ID: 1207
The lost frame ID: 1208
The lost frame ID: 1209
The lost frame ID: 1210
The lost frame ID: 1211
The lost frame ID: 1212
The lost frame ID: 1213
The lost frame ID: 1214
The lost frame ID: 1215
The lost frame ID: 1216
The lost frame ID: 1217
The lost frame ID: 1218
The lost frame ID: 1219
The lost frame ID: 1220
The lost frame ID: 1221
The lost frame ID: 1222
The lost frame ID: 1223
The lost frame ID: 1224
The lost frame ID: 1225
The lost frame ID: 1226
The lost frame ID: 1227
The lost frame ID: 1228
The lost frame ID: 1229
The lost frame ID: 1230
The lost frame ID: 1231
The lost frame ID: 1232
The lost frame ID: 1233
The lost frame ID: 1234
The lost frame ID: 1235
The lost frame ID: 1236
The lost frame ID: 1237
The lost frame ID: 1238
The lost frame ID: 1239
The lost frame ID: 1240
The lost frame ID: 1241
The lost frame ID: 1242
The lost frame ID: 1243
The lost frame ID: 1244
The lost frame ID: 1245
The lost frame ID: 1246
The lost frame ID: 1247
The lost frame ID: 1248
The lost frame ID: 1249
The lost frame ID: 1250
The lost frame ID: 1251
The lost frame ID: 1252
The lost frame ID: 1253
The lost frame ID: 1254
The lost frame ID: 1255
The lost frame ID: 1256
The lost frame ID: 1257
The lost frame ID: 1258
The lost frame ID: 1259
The lost frame ID: 1260
The lost frame ID: 1261
The lost frame ID: 1262
The lost frame ID: 1263
The lost frame ID: 1264
The lost frame ID: 1265
The lost frame ID: 1266
The lost frame ID: 1267
The lost frame ID: 1268
The lost frame ID: 1269
The lost frame ID: 1270
The lost frame ID: 1271
The lost frame ID: 1272
The lost frame ID: 1273
The lost frame ID: 1274
The lost frame ID: 1275
The lost frame ID: 1276
The lost frame ID: 1277
The lost frame ID: 1278
The lost frame ID: 1279
The lost frame ID: 1280
The lost frame ID: 1281
The lost frame ID: 1282
The lost frame ID: 1283
The lost frame ID: 1284
The lost frame ID: 1285
The lost frame ID: 1286
The lost frame ID: 1287
The lost frame ID: 1288
The lost frame ID: 1289
The lost frame ID: 1290
The lost frame ID: 1291
The lost frame ID: 1292
The lost frame ID: 1293
The lost frame ID: 1294
The lost frame ID: 1295
The lost frame ID: 1296
The lost frame ID: 1297
The lost frame ID: 1298
The lost frame ID: 1299
The lost frame ID: 1300
The lost frame ID: 1301
The lost frame ID: 1302
The lost frame ID: 1303
The lost frame ID: 1304
The lost frame ID: 1305
The lost frame ID: 1306
The lost frame ID: 1307
The lost frame ID: 1308
The lost frame ID: 1309
The lost frame ID: 1310
The lost frame ID: 1311
The lost frame ID: 1312
The lost frame ID: 1313
The lost frame ID: 1314
The lost frame ID: 1315
The lost frame ID: 1316
The lost frame ID: 1317
The lost frame ID: 1318
The lost frame ID: 1319
The lost frame ID: 1320
The lost frame ID: 1321
The lost frame ID: 1322
The lost frame ID: 1323
The lost frame ID: 1324
The lost frame ID: 1325
The lost frame ID: 1326
The lost frame ID: 1327
The lost frame ID: 1328
The lost frame ID: 1329
The lost frame ID: 1330
The lost frame ID: 1331
The lost frame ID: 1332
The lost frame ID: 1333
The lost frame ID: 1334
The lost frame ID: 1335
The lost frame ID: 1336
The lost frame ID: 1337
The lost frame ID: 1338
The lost frame ID: 1339
The lost frame ID: 1340
The lost frame ID: 1341
The lost frame ID: 1342
The lost frame ID: 1343
The lost frame ID: 1344
The lost frame ID: 1345
The lost frame ID: 1346
The lost frame ID: 1347
The lost frame ID: 1348
The lost frame ID: 1349
The lost frame ID: 1350
The lost frame ID: 1351
The lost frame ID: 1352
The lost frame ID: 1353
The lost frame ID: 1354
The lost frame ID: 1355
The lost frame ID: 1356
The lost frame ID: 1357
The lost frame ID: 1358
The lost frame ID: 1359
The lost frame ID: 1360
The lost frame ID: 1361
The lost frame ID: 1362
The lost frame ID: 1363
The lost frame ID: 1364
The lost frame ID: 1365
The lost frame ID: 1366
The lost frame ID: 1367
The lost frame ID: 1368
The lost frame ID: 1369
The lost frame ID: 1370
The lost frame ID: 1371
The lost frame ID: 1372
The lost frame ID: 1373
The lost frame ID: 1374
The lost frame ID: 1375
The lost frame ID: 1376
The lost frame ID: 1377
The lost frame ID: 1378
The lost frame ID: 1379
The lost frame ID: 1380
The lost frame ID: 1381
The lost frame ID: 1382
The lost frame ID: 1383
The lost frame ID: 1384
The lost frame ID: 1385
The lost frame ID: 1386
The lost frame ID: 1387
The lost frame ID: 1388
The lost frame ID: 1389
The lost frame ID: 1390
The lost frame ID: 1391
The lost frame ID: 1392
The lost frame ID: 1393
The lost frame ID: 1394
The lost frame ID: 1395
The lost frame ID: 1396
The lost frame ID: 1397
The lost frame ID: 1398
The lost frame ID: 1399
The lost frame ID: 1400
The lost frame ID: 1401
The lost frame ID: 1402
The lost frame ID: 1403
The lost frame ID: 1404
The lost frame ID: 1405
The lost frame ID: 1406
The lost frame ID: 1407
The lost frame ID: 1408
The lost frame ID: 1409
The lost frame ID: 1410
The lost frame ID: 1411
The lost frame ID: 1412
The lost frame ID: 1413
The lost frame ID: 1414
The lost frame ID: 1415
The lost frame ID: 1416
The lost frame ID: 1417
The lost frame ID: 1418
The lost frame ID: 1419
The lost frame ID: 1420
The lost frame ID: 1421
The lost frame ID: 1422
The lost frame ID: 1423
The lost frame ID: 1424
The lost frame ID: 1425
The lost frame ID: 1426
The lost frame ID: 1427
The lost frame ID: 1428
The lost frame ID: 1429
The lost frame ID: 1430
The lost frame ID: 1431
The lost frame ID: 1432
The lost frame ID: 1433
The lost frame ID: 1434
The lost frame ID: 1435
The lost frame ID: 1436
The lost frame ID: 1437
The lost frame ID: 1438
The lost frame ID: 1439
The lost frame ID: 1440
The lost frame ID: 1441
The lost frame ID: 1442
The lost frame ID: 1443
The lost frame ID: 1444
The lost frame ID: 1445
The lost frame ID: 1446
The lost frame ID: 1447
The lost frame ID: 1448
The lost frame ID: 1449
The lost frame ID: 1450
The lost frame ID: 1451
The lost frame ID: 1452
The lost frame ID: 1453
The lost frame ID: 1454
The lost frame ID: 1455
The lost frame ID: 1456
The lost frame ID: 1457
The lost frame ID: 1458
The lost frame ID: 1459
The lost frame ID: 1460
The lost frame ID: 1461
The lost frame ID: 1462
The lost frame ID: 1463
The lost frame ID: 1464
The lost frame ID: 1465
The lost frame ID: 1466
The lost frame ID: 1467
The lost frame ID: 1468
The lost frame ID: 1469
The lost frame ID: 1470
The lost frame ID: 1471
The lost frame ID: 1472
The lost frame ID: 1473
The lost frame ID: 1474
The lost frame ID: 1475
The lost frame ID: 1476
The lost frame ID: 1477
The lost frame ID: 1478
The lost frame ID: 1479
The lost frame ID: 1480
The lost frame ID: 1481
The lost frame ID: 1482
The lost frame ID: 1483
The lost frame ID: 1484
The lost frame ID: 1485
The lost frame ID: 1486
The lost frame ID: 1487
The lost frame ID: 1488
The lost frame ID: 1489
The lost frame ID: 1490
The lost frame ID: 1491
The lost frame ID: 1492
The lost frame ID: 1493
The lost frame ID: 1494
The lost frame ID: 1495
The lost frame ID: 1496
The lost frame ID: 1497
The lost frame ID: 1498
The lost frame ID: 1499
The lost frame ID: 1500
The lost frame ID: 1501
The lost frame ID: 1502
The lost frame ID: 1503
The lost frame ID: 1504
The lost frame ID: 1505
The lost frame ID: 1506
The lost frame ID: 1507
The lost frame ID: 1508
The lost frame ID: 1509
The lost frame ID: 1510
The lost frame ID: 1511
The lost frame ID: 1512
The lost frame ID: 1513
The lost frame ID: 1514
The lost frame ID: 1515
The lost frame ID: 1516
The lost frame ID: 1517
The lost frame ID: 1518
The lost frame ID: 1519
The lost frame ID: 1520
The lost frame ID: 1521
The lost frame ID: 1522
The lost frame ID: 1523
The lost frame ID: 1524
The lost frame ID: 1525
The lost frame ID: 1526
The lost frame ID: 1527
The lost frame ID: 1528
The lost frame ID: 1529
The lost frame ID: 1530
The lost frame ID: 1531
The lost frame ID: 1532
The lost frame ID: 1533
The lost frame ID: 1534
The lost frame ID: 1535
The lost frame ID: 1536
The lost frame ID: 1537
The lost frame ID: 1538
The lost frame ID: 1539
The lost frame ID: 1540
The lost frame ID: 1541
The lost frame ID: 1542
The lost frame ID: 1543
The lost frame ID: 1544
The lost frame ID: 1545
The lost frame ID: 1546
The lost frame ID: 1547
The lost frame ID: 1548
The lost frame ID: 1549
The lost frame ID: 1550
The lost frame ID: 1551
The lost frame ID: 1552
The lost frame ID: 1553
The lost frame ID: 1554
The lost frame ID: 1555
The lost frame ID: 1556
The lost frame ID: 1557
The lost frame ID: 1558
The lost frame ID: 1559
The lost frame ID: 1560
The lost frame ID: 1561
The lost frame ID: 1562
The lost frame ID: 1563
The lost frame ID: 1564
The lost frame ID: 1565
The lost frame ID: 1566
The lost frame ID: 1567
The lost frame ID: 1568
The lost frame ID: 1569
The lost frame ID: 1570
The lost frame ID: 1571
The lost frame ID: 1837
The lost frame ID: 1838
The lost frame ID: 1839
The lost frame ID: 1840
The lost frame ID: 1841
The lost frame ID: 1842
The lost frame ID: 1843
The lost frame ID: 1844
The lost frame ID: 1845
The lost frame ID: 1846
The lost frame ID: 1847
The lost frame ID: 1848
The lost frame ID: 1849
The lost frame ID: 1850
The lost frame ID: 1851
The lost frame ID: 1852
The lost frame ID: 1853
The lost frame ID: 1854
The lost frame ID: 1855
The lost frame ID: 1856
The lost frame ID: 1857
The lost frame ID: 1858
The lost frame ID: 1859
The lost frame ID: 1860
The lost frame ID: 1861
The lost frame ID: 1862
The lost frame ID: 1863
The lost frame ID: 1864
The lost frame ID: 1865
The lost frame ID: 1866
The lost frame ID: 1867
The lost frame ID: 1868
The lost frame ID: 1869
The lost frame ID: 1870
The lost frame ID: 1871
The lost frame ID: 1872
The lost frame ID: 1873
The lost frame ID: 1874
The lost frame ID: 1875
The lost frame ID: 1876
The lost frame ID: 1877
The lost frame ID: 1878
The lost frame ID: 1879
The lost frame ID: 1880
The lost frame ID: 1881
The lost frame ID: 1882
The lost frame ID: 1883
The lost frame ID: 1884
The lost frame ID: 1885
The lost frame ID: 1886
The lost frame ID: 1887
The lost frame ID: 1888
The lost frame ID: 1889
The lost frame ID: 1890
The lost frame ID: 1891
The lost frame ID: 1892
The lost frame ID: 1893
The lost frame ID: 1894
The lost frame ID: 1895
The lost frame ID: 1896
The lost frame ID: 1897
The lost frame ID: 1898
The lost frame ID: 1899
The lost frame ID: 1900
The lost frame ID: 1901
The lost frame ID: 1902
The lost frame ID: 1903
The lost frame ID: 1904
The lost frame ID: 1905
The lost frame ID: 1906
The lost frame ID: 1907
The lost frame ID: 1908
The lost frame ID: 1909
The lost frame ID: 1910
The lost frame ID: 1911
The lost frame ID: 1912
The lost frame ID: 1913
The lost frame ID: 1914
The lost frame ID: 1915
The lost frame ID: 1916
The lost frame ID: 1917
The lost frame ID: 1918
The lost frame ID: 1919
The lost frame ID: 1920
The lost frame ID: 1921
The lost frame ID: 1922
The lost frame ID: 1923
The lost frame ID: 1924
The lost frame ID: 1925
The lost frame ID: 1926
The lost frame ID: 1927
The lost frame ID: 1928
The lost frame ID: 1929
The lost frame ID: 1930
The lost frame ID: 1931
The lost frame ID: 1932
The lost frame ID: 1933
The lost frame ID: 1934
The lost frame ID: 1935
The lost frame ID: 1936
The lost frame ID: 1937
The lost frame ID: 1938
The lost frame ID: 1939
The lost frame ID: 1940
The lost frame ID: 1941
The lost frame ID: 1942
The lost frame ID: 1943
The lost frame ID: 1944
The lost frame ID: 1945
The lost frame ID: 1946
The lost frame ID: 1947
The lost frame ID: 1948
The lost frame ID: 1949
The lost frame ID: 1950
The lost frame ID: 1951
The lost frame ID: 1952
The lost frame ID: 1953
The lost frame ID: 1954
The lost frame ID: 1955
The lost frame ID: 1956
The lost frame ID: 1957
The lost frame ID: 1958
The lost frame ID: 1959
The lost frame ID: 1960
The lost frame ID: 1961
The lost frame ID: 1962
The lost frame ID: 1963
The lost frame ID: 1964
The lost frame ID: 1965
The lost frame ID: 1966
The lost frame ID: 1967
The lost frame ID: 1968
The lost frame ID: 1969
The lost frame ID: 1970
The lost frame ID: 1971
The lost frame ID: 1972
The lost frame ID: 1973
The lost frame ID: 1974
The lost frame ID: 1975
The lost frame ID: 1976
The lost frame ID: 1977
The lost frame ID: 1978
The lost frame ID: 1979
The lost frame ID: 1980
The lost frame ID: 1981
The lost frame ID: 1982
The lost frame ID: 1983
The lost frame ID: 1984
The lost frame ID: 1985
The lost frame ID: 1986
The lost frame ID: 1987
The lost frame ID: 1988
The lost frame ID: 1989
The lost frame ID: 1990
The lost frame ID: 1991
The lost frame ID: 1992
The lost frame ID: 1993
The lost frame ID: 1994
The lost frame ID: 1995
The lost frame ID: 1996
The lost frame ID: 1997
The lost frame ID: 1998
The lost frame ID: 1999
The lost frame ID: 2000
The lost frame ID: 2001
The lost frame ID: 2002
The lost frame ID: 2003
The lost frame ID: 2004
The lost frame ID: 2005
The lost frame ID: 2006
The lost frame ID: 2007
The lost frame ID: 2008
The lost frame ID: 2009
The lost frame ID: 2010
The lost frame ID: 2011
The lost frame ID: 2012
The lost frame ID: 2013
The lost frame ID: 2014
The lost frame ID: 2015
The lost frame ID: 2016
The lost frame ID: 2017
The lost frame ID: 2018
The lost frame ID: 2019
The lost frame ID: 2020
The lost frame ID: 2021
The lost frame ID: 2022
The lost frame ID: 2023
The lost frame ID: 2024
The lost frame ID: 2025
The lost frame ID: 2026
The lost frame ID: 2027
The lost frame ID: 2028
The lost frame ID: 2029
The lost frame ID: 2030
The lost frame ID: 2031
The lost frame ID: 2032
The lost frame ID: 2033
The lost frame ID: 2034
The lost frame ID: 2035
The lost frame ID: 2036
The lost frame ID: 2037
The lost frame ID: 2038
The lost frame ID: 2039
The lost frame ID: 2040
The lost frame ID: 2041
The lost frame ID: 2042
The lost frame ID: 2043
The lost frame ID: 2044
The lost frame ID: 2045
The lost frame ID: 2046
The lost frame ID: 2047
The lost frame ID: 2048
The lost frame ID: 2049
The lost frame ID: 2050
The lost frame ID: 2051
The lost frame ID: 2052
The lost frame ID: 2053
The lost frame ID: 2054
The lost frame ID: 2055
The lost frame ID: 2056
The lost frame ID: 2057
The lost frame ID: 2058
The lost frame ID: 2059
The lost frame ID: 2060
The lost frame ID: 2061
The lost frame ID: 2062
The lost frame ID: 2063
The lost frame ID: 2064
The lost frame ID: 2065
The lost frame ID: 2066
The lost frame ID: 2067
The lost frame ID: 2068
The lost frame ID: 2069
The lost frame ID: 2070
The lost frame ID: 2071
The lost frame ID: 2072
The lost frame ID: 2073
The lost frame ID: 2074
The lost frame ID: 2075
The lost frame ID: 2076
The lost frame ID: 2077
The lost frame ID: 2078
The lost frame ID: 2079
The lost frame ID: 2080
The lost frame ID: 2081
The lost frame ID: 2082
The lost frame ID: 2083
The lost frame ID: 2084
The lost frame ID: 2085
The lost frame ID: 2086
The lost frame ID: 2087
The lost frame ID: 2088
The lost frame ID: 2089
The lost frame ID: 2090
The lost frame ID: 2091
The lost frame ID: 2092
The lost frame ID: 2093
The lost frame ID: 2094
The lost frame ID: 2095
The lost frame ID: 2096
The lost frame ID: 2097
The lost frame ID: 2098
The lost frame ID: 2099
The lost frame ID: 2100
The lost frame ID: 2101
The lost frame ID: 2102
The lost frame ID: 2103
The lost frame ID: 2104
The lost frame ID: 2105
The lost frame ID: 2106
The lost frame ID: 2107
The lost frame ID: 2108
The lost frame ID: 2109
The lost frame ID: 2110
The lost frame ID: 2111
The lost frame ID: 2112
The lost frame ID: 2113
The lost frame ID: 2114
The lost frame ID: 2115
The lost frame ID: 2116
The lost frame ID: 2117
The lost frame ID: 2118
The lost frame ID: 2119
The lost frame ID: 2120
The lost frame ID: 2121
The lost frame ID: 2122
The lost frame ID: 2123
The lost frame ID: 2124
The lost frame ID: 2125
The lost frame ID: 2126
The lost frame ID: 2127
The lost frame ID: 2128
The lost frame ID: 2129
The lost frame ID: 2130
The lost frame ID: 2131
The lost frame ID: 2132
The lost frame ID: 2133
The lost frame ID: 2134
The lost frame ID: 2135
The lost frame ID: 2136
The lost frame ID: 2137
The lost frame ID: 2138
The lost frame ID: 2139
The lost frame ID: 2140
The lost frame ID: 2141
The lost frame ID: 2142
The lost frame ID: 2143
The lost frame ID: 2144
The lost frame ID: 2145
The lost frame ID: 2146
The lost frame ID: 2147
The lost frame ID: 2148
The lost frame ID: 2149
The lost frame ID: 2150
The lost frame ID: 2151
The lost frame ID: 2152
The lost frame ID: 2153
The lost frame ID: 2154
The lost frame ID: 2155
The lost frame ID: 2156
The lost frame ID: 2157
The lost frame ID: 2158
The lost frame ID: 2159
The lost frame ID: 2160
The lost frame ID: 2161
The lost frame ID: 2162
The lost frame ID: 2163
The lost frame ID: 2164
The lost frame ID: 2165
The lost frame ID: 2166
The lost frame ID: 2167
The lost frame ID: 2168
The lost frame ID: 2169
The lost frame ID: 2170
The lost frame ID: 2171
The lost frame ID: 2172
The lost frame ID: 2173
The lost frame ID: 2174
The lost frame ID: 2175
The lost frame ID: 2176
The lost frame ID: 2177
The lost frame ID: 2178
The lost frame ID: 2179
The lost frame ID: 2180
The lost frame ID: 2181
The lost frame ID: 2182
The lost frame ID: 2183
The lost frame ID: 2184
The lost frame ID: 2185
The lost frame ID: 2186
The lost frame ID: 2187
The lost frame ID: 2188
The lost frame ID: 2189
The lost frame ID: 2190
The lost frame ID: 2191
The lost frame ID: 2192
The lost frame ID: 2193
The lost frame ID: 2194
The lost frame ID: 2195
The lost frame ID: 2196
The lost frame ID: 2197
The lost frame ID: 2198
The lost frame ID: 2199
The lost frame ID: 2200
The lost frame ID: 2201
The lost frame ID: 2202
The lost frame ID: 2203
The lost frame ID: 2204
The lost frame ID: 2205
The lost frame ID: 2206
The lost frame ID: 2207
The lost frame ID: 2208
The lost frame ID: 2209
The lost frame ID: 2210
The lost frame ID: 2211
The lost frame ID: 2212
The lost frame ID: 2213
The lost frame ID: 2214
The lost frame ID: 2215
The lost frame ID: 2216
The lost frame ID: 2217
The lost frame ID: 2218
The lost frame ID: 2219
The lost frame ID: 2220
The lost frame ID: 2221
The lost frame ID: 2222
The lost frame ID: 2223
The lost frame ID: 2224
The lost frame ID: 2225
The lost frame ID: 2226
The lost frame ID: 2227
The lost frame ID: 2228
The lost frame ID: 2229
The lost frame ID: 2230
The lost frame ID: 2231
The lost frame ID: 2232
The lost frame ID: 2233
The lost frame ID: 2234
The lost frame ID: 2235
The lost frame ID: 2236
The lost frame ID: 2237
The lost frame ID: 2238
The lost frame ID: 2239
The lost frame ID: 2240
The lost frame ID: 2241
The lost frame ID: 2242
The lost frame ID: 2243
The lost frame ID: 2244
The lost frame ID: 2245
The lost frame ID: 2246
The lost frame ID: 2247
The lost frame ID: 2248
The lost frame ID: 2249
The lost frame ID: 2250
The lost frame ID: 2251
The lost frame ID: 2252
The lost frame ID: 2253
The lost frame ID: 2254
The lost frame ID: 2255
The lost frame ID: 2256
The lost frame ID: 2257
The lost frame ID: 2258
The lost frame ID: 2259
The lost frame ID: 2260
The lost frame ID: 2261
The lost frame ID: 2262
The lost frame ID: 2263
The lost frame ID: 2264
The lost frame ID: 2265
The lost frame ID: 2266
The lost frame ID: 2267
The lost frame ID: 2268
The lost frame ID: 2269
The lost frame ID: 2270
The lost frame ID: 2271
The lost frame ID: 2272
The lost frame ID: 2273
The lost frame ID: 2274
The lost frame ID: 2275
The lost frame ID: 2276
The lost frame ID: 2277
The lost frame ID: 2278
The lost frame ID: 2279
The lost frame ID: 2280
The lost frame ID: 2281
The lost frame ID: 2282
The lost frame ID: 2283
The lost frame ID: 2284
The lost frame ID: 2285
The lost frame ID: 2286
The lost frame ID: 2287
The lost frame ID: 2288
The lost frame ID: 2289
The lost frame ID: 2290
The lost frame ID: 2291
The lost frame ID: 2292
The lost frame ID: 2293
The lost frame ID: 2294
The lost frame ID: 2295
The lost frame ID: 2296
The lost frame ID: 2297
The lost frame ID: 2298
The lost frame ID: 2299
The lost frame ID: 2300
The lost frame ID: 2301
The lost frame ID: 2302
The lost frame ID: 2303
The lost frame ID: 2304
The lost frame ID: 2305
The lost frame ID: 2306
The lost frame ID: 2307
The lost frame ID: 2308
The lost frame ID: 2309
The lost frame ID: 2310
The lost frame ID: 2311
The lost frame ID: 2312
The lost frame ID: 2313
The lost frame ID: 2314
The lost frame ID: 2315
The lost frame ID: 2316
The lost frame ID: 2317
The lost frame ID: 2318
The lost frame ID: 2319
The lost frame ID: 2320
The lost frame ID: 2321
The lost frame ID: 2322
The lost frame ID: 2323
The lost frame ID: 2324
The lost frame ID: 2325
The lost frame ID: 2326
The lost frame ID: 2327
The lost frame ID: 2328
The lost frame ID: 2329
The lost frame ID: 2330
The lost frame ID: 2331
The lost frame ID: 2332
The lost frame ID: 2333
The lost frame ID: 2334
The lost frame ID: 2335
The lost frame ID: 2336
The lost frame ID: 2337
The lost frame ID: 2338
The lost frame ID: 2339
The lost frame ID: 2340
The lost frame ID: 2341
The lost frame ID: 2342
The lost frame ID: 2343
The lost frame ID: 2344
The lost frame ID: 2345
The lost frame ID: 2346
The lost frame ID: 2347
The lost frame ID: 2348
The lost frame ID: 2349
The lost frame ID: 2350
The lost frame ID: 2351
The lost frame ID: 2352
The lost frame ID: 2353
The lost frame ID: 2354
The lost frame ID: 2355
The lost frame ID: 2356
The lost frame ID: 2357
The lost frame ID: 2358
The lost frame ID: 2359
The lost frame ID: 2360
The lost frame ID: 2361
The lost frame ID: 2362
The lost frame ID: 2363
The lost frame ID: 2364
The lost frame ID: 2365
The lost frame ID: 2366
The lost frame ID: 2367
The lost frame ID: 2368
The lost frame ID: 2369
The lost frame ID: 2370
The lost frame ID: 2371
The lost frame ID: 2372
The lost frame ID: 2373
The lost frame ID: 2374
The lost frame ID: 2375
The lost frame ID: 2376
The lost frame ID: 2377
The lost frame ID: 2378
The lost frame ID: 2379
The lost frame ID: 2380
The lost frame ID: 2381
The lost frame ID: 2382
The lost frame ID: 2383
The lost frame ID: 2384
The lost frame ID: 2385
The lost frame ID: 2386
The lost frame ID: 2387
The lost frame ID: 2388
The lost frame ID: 2389
The lost frame ID: 2390
The lost frame ID: 2391
The lost frame ID: 2392
The lost frame ID: 2393
The lost frame ID: 2394
The lost frame ID: 2395
The lost frame ID: 2396
The lost frame ID: 2397
The lost frame ID: 2398
The lost frame ID: 2399
The lost frame ID: 2400
The lost frame ID: 2401
The lost frame ID: 2402
The lost frame ID: 2403
The lost frame ID: 2404
The lost frame ID: 2405
The lost frame ID: 2406
The lost frame ID: 2407
The lost frame ID: 2408
The lost frame ID: 2409
The lost frame ID: 2410
The lost frame ID: 2411
The lost frame ID: 2412
The lost frame ID: 2413
The lost frame ID: 2414
The lost frame ID: 2415
The lost frame ID: 2416
The lost frame ID: 2417
The lost frame ID: 2418
The lost frame ID: 2419
The lost frame ID: 2420
The lost frame ID: 2421
The lost frame ID: 2422
The lost frame ID: 2423
The lost frame ID: 2424
The lost frame ID: 2425
The lost frame ID: 2426
The lost frame ID: 2427
The lost frame ID: 2428
The lost frame ID: 2429
The lost frame ID: 2430
The lost frame ID: 2431
The lost frame ID: 2432
The lost frame ID: 2433
The lost frame ID: 2434
The lost frame ID: 2435
The lost frame ID: 2436
The lost frame ID: 2437
The lost frame ID: 2438
The lost frame ID: 2439
The lost frame ID: 2440
The lost frame ID: 2441
The lost frame ID: 2442
The lost frame ID: 2443
The lost frame ID: 2444
The lost frame ID: 2445
The lost frame ID: 2446
The lost frame ID: 2447
The lost frame ID: 2448
The lost frame ID: 2449
The lost frame ID: 2781
The lost frame ID: 2782
The lost frame ID: 2783
The lost frame ID: 2784
The lost frame ID: 2785
The lost frame ID: 2786
The lost frame ID: 2787
The lost frame ID: 2788
The lost frame ID: 2789
The lost frame ID: 2790
The lost frame ID: 2791
The lost frame ID: 2792
The lost frame ID: 2793
The lost frame ID: 2794
The lost frame ID: 2795
The lost frame ID: 2796
The lost frame ID: 2797
The lost frame ID: 2798
The lost frame ID: 2799
The lost frame ID: 2800
The lost frame ID: 2801
The lost frame ID: 2802
The lost frame ID: 2803
The lost frame ID: 2804
The lost frame ID: 2805
The lost frame ID: 2806
The lost frame ID: 2807
The lost frame ID: 2808
The lost frame ID: 2809
The lost frame ID: 2810
The lost frame ID: 2811
The lost frame ID: 2812
The lost frame ID: 2813
The lost frame ID: 2814
The lost frame ID: 2815
The lost frame ID: 2816
The lost frame ID: 2817
The lost frame ID: 2818
The lost frame ID: 2819
The lost frame ID: 2820
The lost frame ID: 2821
The lost frame ID: 2822
The lost frame ID: 2823
The lost frame ID: 2824
The lost frame ID: 2825
The lost frame ID: 2826
The lost frame ID: 2827
The lost frame ID: 2828
The lost frame ID: 2829
The lost frame ID: 2830
The lost frame ID: 2831
The lost frame ID: 2832
The lost frame ID: 2833
The lost frame ID: 2834
The lost frame ID: 2835
The lost frame ID: 2836
The lost frame ID: 2837
The lost frame ID: 2838
The lost frame ID: 2839
The lost frame ID: 2840
The lost frame ID: 2841
The lost frame ID: 2842
The lost frame ID: 2843
The lost frame ID: 2844
The lost frame ID: 2845
The lost frame ID: 2846
The lost frame ID: 2847
The lost frame ID: 2848
The lost frame ID: 2849
The lost frame ID: 2850
The lost frame ID: 2851
The lost frame ID: 2852
The lost frame ID: 2853
The lost frame ID: 2854
The lost frame ID: 2855
The lost frame ID: 2856
The lost frame ID: 2857
The lost frame ID: 2858
The lost frame ID: 2859
The lost frame ID: 2860
The lost frame ID: 2861
The lost frame ID: 2862
The lost frame ID: 2863
The lost frame ID: 2864
The lost frame ID: 2865
The lost frame ID: 2866
The lost frame ID: 2867
The lost frame ID: 2868
The lost frame ID: 2869
The lost frame ID: 2870
The lost frame ID: 2871
The lost frame ID: 2872
The lost frame ID: 2873
The lost frame ID: 2874
The lost frame ID: 2875
The lost frame ID: 2876
The lost frame ID: 2877
The lost frame ID: 2878
The lost frame ID: 2879
The lost frame ID: 2880
The lost frame ID: 2881
The lost frame ID: 2882
The lost frame ID: 2883
The lost frame ID: 2884
The lost frame ID: 2885
The lost frame ID: 2886
The lost frame ID: 2887
The lost frame ID: 2888
The lost frame ID: 2889
The lost frame ID: 2890
The lost frame ID: 2891
The lost frame ID: 2892
The lost frame ID: 2893
The lost frame ID: 2894
The lost frame ID: 2895
The lost frame ID: 2896
The lost frame ID: 2897
The lost frame ID: 2898
The lost frame ID: 2899
The lost frame ID: 2900
The lost frame ID: 2901
The lost frame ID: 2902
The lost frame ID: 2903
The lost frame ID: 2904
The lost frame ID: 2905
The lost frame ID: 2906
The lost frame ID: 2907
The lost frame ID: 2908
The lost frame ID: 2909
The lost frame ID: 2910
The lost frame ID: 2911
The lost frame ID: 2912
The lost frame ID: 2913
The lost frame ID: 2914
The lost frame ID: 2915
The lost frame ID: 2916
The lost frame ID: 2917
The lost frame ID: 2918
The lost frame ID: 2919
The lost frame ID: 2920
The lost frame ID: 2921
The lost frame ID: 2922
The lost frame ID: 2923
The lost frame ID: 2924
The lost frame ID: 2925
The lost frame ID: 2926
The lost frame ID: 2927
The lost frame ID: 2928
The lost frame ID: 2929
The lost frame ID: 2930
The lost frame ID: 2931
The lost frame ID: 2932
The lost frame ID: 2933
The lost frame ID: 2934
The lost frame ID: 2935
The lost frame ID: 2936
The lost frame ID: 2937
The lost frame ID: 2938
The lost frame ID: 2939
The lost frame ID: 2940
The lost frame ID: 2941
The lost frame ID: 2942
The lost frame ID: 2943
The lost frame ID: 2944
The lost frame ID: 2945
The lost frame ID: 2946
The lost frame ID: 2947
The lost frame ID: 2948
The lost frame ID: 2949
The lost frame ID: 2950
The lost frame ID: 2951
The lost frame ID: 2952
The lost frame ID: 2953
The lost frame ID: 2954
The lost frame ID: 2955
The lost frame ID: 2956
The lost frame ID: 2957
The lost frame ID: 2958
The lost frame ID: 2959
The lost frame ID: 2960
The lost frame ID: 2961
The lost frame ID: 2962
The lost frame ID: 2963
The lost frame ID: 2964
The lost frame ID: 2965
The lost frame ID: 2966
The lost frame ID: 2967
The lost frame ID: 2968
The lost frame ID: 2969
The lost frame ID: 2970
The lost frame ID: 2971
The lost frame ID: 2972
The lost frame ID: 2973
The lost frame ID: 2974
The lost frame ID: 2975
The lost frame ID: 2976
The lost frame ID: 2977
The lost frame ID: 2978
The lost frame ID: 2979
The lost frame ID: 2980
The lost frame ID: 2981
The lost frame ID: 2982
The lost frame ID: 2983
The lost frame ID: 2984
The lost frame ID: 2985
The lost frame ID: 2986
The lost frame ID: 2987
The lost frame ID: 2988
The lost frame ID: 2989
The lost frame ID: 2990
The lost frame ID: 2991
The lost frame ID: 2992
The lost frame ID: 2993
The lost frame ID: 2994
The lost frame ID: 2995
The lost frame ID: 2996
The lost frame ID: 2997
The lost frame ID: 2998
The lost frame ID: 2999
The lost frame ID: 3000
The lost frame ID: 3001
The lost frame ID: 3002
The lost frame ID: 3003
The lost frame ID: 3004
The lost frame ID: 3005
The lost frame ID: 3006
The lost frame ID: 3007
The lost frame ID: 3008
The lost frame ID: 3009
The lost frame ID: 3010
The lost frame ID: 3011
The lost frame ID: 3012
The lost frame ID: 3013
The lost frame ID: 3014
The lost frame ID: 3015
The lost frame ID: 3016
The lost frame ID: 3017
The lost frame ID: 3018
The lost frame ID: 3019
The lost frame ID: 3020
The lost frame ID: 3021
The lost frame ID: 3022
The lost frame ID: 3023
The lost frame ID: 3024
The lost frame ID: 3025
The lost frame ID: 3026
The lost frame ID: 3027
The lost frame ID: 3028
The lost frame ID: 3029
The lost frame ID: 3030
The lost frame ID: 3031
The lost frame ID: 3032
The lost frame ID: 3033
The lost frame ID: 3034
The lost frame ID: 3035
The lost frame ID: 3036
The lost frame ID: 3037
The lost frame ID: 3038
The lost frame ID: 3039
The lost frame ID: 3040
The lost frame ID: 3041
The lost frame ID: 3042
The lost frame ID: 3043
The lost frame ID: 3044
The lost frame ID: 3045
The lost frame ID: 3046
The lost frame ID: 3047
The lost frame ID: 3048
The lost frame ID: 3049
The lost frame ID: 3050
The lost frame ID: 3051
The lost frame ID: 3052
The lost frame ID: 3053
The lost frame ID: 3054
The lost frame ID: 3055
The lost frame ID: 3056
The lost frame ID: 3057
The lost frame ID: 3058
The lost frame ID: 3059
The lost frame ID: 3060
The lost frame ID: 3061
The lost frame ID: 3062
The lost frame ID: 3063
The lost frame ID: 3064
The lost frame ID: 3065
The lost frame ID: 3066
The lost frame ID: 3067
The lost frame ID: 3068
The lost frame ID: 3069
The lost frame ID: 3070
The lost frame ID: 3071
The lost frame ID: 3072
The lost frame ID: 3073
The lost frame ID: 3074
The lost frame ID: 3075
The lost frame ID: 3076
The lost frame ID: 3077
The lost frame ID: 3078
The lost frame ID: 3079
The lost frame ID: 3080
The lost frame ID: 3081
The lost frame ID: 3082
The lost frame ID: 3083
The lost frame ID: 3084
The lost frame ID: 3085
The lost frame ID: 3086
The lost frame ID: 3087
The lost frame ID: 3088
The lost frame ID: 3089
The lost frame ID: 3090
The lost frame ID: 3091
The lost frame ID: 3092
The lost frame ID: 3093
The lost frame ID: 3094
The lost frame ID: 3095
The lost frame ID: 3096
The lost frame ID: 3097
The lost frame ID: 3098
The lost frame ID: 3099
The lost frame ID: 3100
The lost frame ID: 3101
The lost frame ID: 3102
The lost frame ID: 3103
The lost frame ID: 3104
The lost frame ID: 3105
The lost frame ID: 3106
The lost frame ID: 3107
The lost frame ID: 3108
The lost frame ID: 3109
The lost frame ID: 3110
The lost frame ID: 3111
The lost frame ID: 3112
The lost frame ID: 3113
The lost frame ID: 3114
The lost frame ID: 3115
The lost frame ID: 3116
The lost frame ID: 3117
The lost frame ID: 3118
The lost frame ID: 3119
The lost frame ID: 3120
The lost frame ID: 3121
The lost frame ID: 3122
The lost frame ID: 3123
The lost frame ID: 3124
The lost frame ID: 3125
The lost frame ID: 3126
The lost frame ID: 3127
The lost frame ID: 3128
The lost frame ID: 3129
The lost frame ID: 3130
The lost frame ID: 3131
The lost frame ID: 3132
The lost frame ID: 3133
The lost frame ID: 3134
The lost frame ID: 3135
The lost frame ID: 3136
The lost frame ID: 3137
The lost frame ID: 3138
The lost frame ID: 3139
The lost frame ID: 3140
The lost frame ID: 3141
The lost frame ID: 3142
The lost frame ID: 3143
The lost frame ID: 3144
The lost frame ID: 3145
The lost frame ID: 3146
The lost frame ID: 3147
The lost frame ID: 3148
The lost frame ID: 3149
The lost frame ID: 3150
The lost frame ID: 3151
The lost frame ID: 3152
The lost frame ID: 3153
The lost frame ID: 3154
The lost frame ID: 3155
The lost frame ID: 3156
The lost frame ID: 3157
The lost frame ID: 3158
The lost frame ID: 3159
The lost frame ID: 3160
The lost frame ID: 3161
The lost frame ID: 3162
The lost frame ID: 3163
The lost frame ID: 3164
The lost frame ID: 3165
The lost frame ID: 3166
The lost frame ID: 3167
The lost frame ID: 3168
The lost frame ID: 3169
The lost frame ID: 3170
The lost frame ID: 3171
The lost frame ID: 3172
The lost frame ID: 3173
The lost frame ID: 3174
The lost frame ID: 3175
The lost frame ID: 3176
The lost frame ID: 3177
The lost frame ID: 3178
The lost frame ID: 3179
The lost frame ID: 3180
The lost frame ID: 3181
The lost frame ID: 3182
The lost frame ID: 3183
The lost frame ID: 3184
The lost frame ID: 3185
The lost frame ID: 3186
The lost frame ID: 3187
The lost frame ID: 3188
The lost frame ID: 3189
The lost frame ID: 3190
The lost frame ID: 3191
The lost frame ID: 3192
The lost frame ID: 3193
The lost frame ID: 3194
The lost frame ID: 3195
The lost frame ID: 3196
The lost frame ID: 3197
The lost frame ID: 3198
The lost frame ID: 3199
The lost frame ID: 3200
The lost frame ID: 3201
The lost frame ID: 3202
The lost frame ID: 3203
The lost frame ID: 3204
The lost frame ID: 3205
The lost frame ID: 3206
The lost frame ID: 3207
The lost frame ID: 3208
The lost frame ID: 3209
The lost frame ID: 3210
The lost frame ID: 3211
The lost frame ID: 3212
The lost frame ID: 3213
The lost frame ID: 3214
The lost frame ID: 3215
The lost frame ID: 3216
The lost frame ID: 3217
The lost frame ID: 3218
The lost frame ID: 3219
The lost frame ID: 3220
The lost frame ID: 3221
The lost frame ID: 3222
The lost frame ID: 3223
The lost frame ID: 3224
The lost frame ID: 3225
The lost frame ID: 3226
The lost frame ID: 3227
The lost frame ID: 3228
The lost frame ID: 3229
The lost frame ID: 3230
The lost frame ID: 3231
The lost frame ID: 3232
The lost frame ID: 3233
The lost frame ID: 3234
The lost frame ID: 3235
The lost frame ID: 3236
The lost frame ID: 3237
The lost frame ID: 3238
The lost frame ID: 3239
The lost frame ID: 3240
The lost frame ID: 3241
The lost frame ID: 3242
The lost frame ID: 3243
The lost frame ID: 3244
The lost frame ID: 3245
The lost frame ID: 3246
The lost frame ID: 3247
The lost frame ID: 3248
The lost frame ID: 3249
The lost frame ID: 3250
The lost frame ID: 3251
The lost frame ID: 3252
The lost frame ID: 3253
The lost frame ID: 3254
The lost frame ID: 3255
The lost frame ID: 3256
The lost frame ID: 3257
The lost frame ID: 3258
The lost frame ID: 3259
The lost frame ID: 3260
The lost frame ID: 3261
The lost frame ID: 3262
The lost frame ID: 3263
The lost frame ID: 3264
The lost frame ID: 3265
The lost frame ID: 3266
The lost frame ID: 3267
The lost frame ID: 3268
The lost frame ID: 3269
The lost frame ID: 3270
The lost frame ID: 3271
The lost frame ID: 3272
The lost frame ID: 3273
The lost frame ID: 3274
The lost frame ID: 3275
The lost frame ID: 3276
The lost frame ID: 3277
The lost frame ID: 3278
The lost frame ID: 3279
The lost frame ID: 3280
The lost frame ID: 3281
The lost frame ID: 3282
The lost frame ID: 3283
The lost frame ID: 3284
The lost frame ID: 3285
The lost frame ID: 3286
The lost frame ID: 3287
The lost frame ID: 3288
The lost frame ID: 3289
The lost frame ID: 3290
The lost frame ID: 3291
The lost frame ID: 3292
The lost frame ID: 3293
The lost frame ID: 3294
The lost frame ID: 3295
The lost frame ID: 3296
The lost frame ID: 3297
The lost frame ID: 3298
The lost frame ID: 3299
The lost frame ID: 3300
The lost frame ID: 3301
The lost frame ID: 3302
The lost frame ID: 3303
The lost frame ID: 3304
The lost frame ID: 3305
The lost frame ID: 3306
The lost frame ID: 3307
The lost frame ID: 3308
The lost frame ID: 3309
The lost frame ID: 3310
The lost frame ID: 3311
The lost frame ID: 3312
The lost frame ID: 3313
The lost frame ID: 3314
The lost frame ID: 3315
The lost frame ID: 3316
The lost frame ID: 3317
The lost frame ID: 3318
The lost frame ID: 3319
The lost frame ID: 3320
The lost frame ID: 3321
The lost frame ID: 3322
The lost frame ID: 3323
The lost frame ID: 3324
The lost frame ID: 3325
The lost frame ID: 3326
The lost frame ID: 3327
The lost frame ID: 3328
The lost frame ID: 3329
The lost frame ID: 3330
The lost frame ID: 3331
The lost frame ID: 3332
The lost frame ID: 3333
The lost frame ID: 3334
The lost frame ID: 3335
The lost frame ID: 3336
The lost frame ID: 3337
The lost frame ID: 3338
The lost frame ID: 3339
The lost frame ID: 3340
The lost frame ID: 3341
The lost frame ID: 3342
The lost frame ID: 3343
The lost frame ID: 3344
The lost frame ID: 3345
The lost frame ID: 3346
The lost frame ID: 3347
The lost frame ID: 3348
The lost frame ID: 3349
The lost frame ID: 3350
The lost frame ID: 3351
The lost frame ID: 3352
The lost frame ID: 3353
The lost frame ID: 3354
The lost frame ID: 3355
The lost frame ID: 3356
The lost frame ID: 3357
The lost frame ID: 3358
The lost frame ID: 3359
The lost frame ID: 3360
The lost frame ID: 3361
The lost frame ID: 3362
The lost frame ID: 3363
The lost frame ID: 3364
The lost frame ID: 3365
The lost frame ID: 3366
The lost frame ID: 3367
The lost frame ID: 3368
The lost frame ID: 3369
The lost frame ID: 3370
The lost frame ID: 3371
The lost frame ID: 3372
The lost frame ID: 3373
The lost frame ID: 3374
The lost frame ID: 3375
The lost frame ID: 3376
The lost frame ID: 3377
The lost frame ID: 3378
The lost frame ID: 3379
The lost frame ID: 3380
The lost frame ID: 3381
The lost frame ID: 3382
The lost frame ID: 3383
The lost frame ID: 3384
The lost frame ID: 3385
The lost frame ID: 3386
The lost frame ID: 3387
The lost frame ID: 3388
The lost frame ID: 3389
The lost frame ID: 3390
The lost frame ID: 3391
The lost frame ID: 3392
The lost frame ID: 3393
The lost frame ID: 3394
The lost frame ID: 3395
The lost frame ID: 3396
The lost frame ID: 3397
The lost frame ID: 3398
[LoopClosing] Sim3 choosed on channel 0
Loop detected!
Local Mapping STOP
Local Mapping RELEASE
Starting Global Bundle Adjustment
Global Bundle Adjustment finished
Updating map ...
Local Mapping STOP
Local Mapping RELEASE
Map updated!
The lost frame ID: 3748
The lost frame ID: 3749
The lost frame ID: 3750
The lost frame ID: 3751
The lost frame ID: 3752
The lost frame ID: 3753
The lost frame ID: 3754
The lost frame ID: 3755
The lost frame ID: 3756
The lost frame ID: 3757
The lost frame ID: 3758
The lost frame ID: 3759
The lost frame ID: 3760
The lost frame ID: 3761
The lost frame ID: 3762
The lost frame ID: 3763
The lost frame ID: 3764
The lost frame ID: 3765
The lost frame ID: 3766
The lost frame ID: 3767
The lost frame ID: 3768
The lost frame ID: 3769
The lost frame ID: 3770
The lost frame ID: 3771
The lost frame ID: 3772
The lost frame ID: 3773
The lost frame ID: 3774
The lost frame ID: 3775
The lost frame ID: 3776
The lost frame ID: 3777
The lost frame ID: 3778
The lost frame ID: 3779
The lost frame ID: 3780
The lost frame ID: 3781
The lost frame ID: 3782
The lost frame ID: 3783
The lost frame ID: 3784
The lost frame ID: 3785
The lost frame ID: 3786
The lost frame ID: 3787
The lost frame ID: 3788
The lost frame ID: 3789
The lost frame ID: 3790
The lost frame ID: 3791
The lost frame ID: 3792
The lost frame ID: 3793
The lost frame ID: 3794
The lost frame ID: 3795
The lost frame ID: 3796
The lost frame ID: 3797
The lost frame ID: 3798
The lost frame ID: 3799
The lost frame ID: 3800
The lost frame ID: 3801
The lost frame ID: 3802
The lost frame ID: 3803
The lost frame ID: 3804
The lost frame ID: 3805
The lost frame ID: 3806
The lost frame ID: 3807
The lost frame ID: 3808
The lost frame ID: 3809
The lost frame ID: 3810
The lost frame ID: 3811
The lost frame ID: 3812
The lost frame ID: 3813
The lost frame ID: 3814
The lost frame ID: 3815
The lost frame ID: 3816
The lost frame ID: 3817
The lost frame ID: 3818
The lost frame ID: 3819
The lost frame ID: 3820
The lost frame ID: 3821
The lost frame ID: 3822
The lost frame ID: 3823
The lost frame ID: 3824
The lost frame ID: 3825
The lost frame ID: 3826
The lost frame ID: 3827
The lost frame ID: 3828
The lost frame ID: 3829
The lost frame ID: 3830
The lost frame ID: 3831
The lost frame ID: 3832
The lost frame ID: 3833
The lost frame ID: 3834
The lost frame ID: 3835
The lost frame ID: 3836
The lost frame ID: 3837
The lost frame ID: 3838
The lost frame ID: 3839
The lost frame ID: 3840
The lost frame ID: 3841
The lost frame ID: 3842
The lost frame ID: 3843
The lost frame ID: 3844
The lost frame ID: 3845
The lost frame ID: 3846
The lost frame ID: 3847
The lost frame ID: 3848
The lost frame ID: 3849
The lost frame ID: 3850
The lost frame ID: 3851
The lost frame ID: 3852
The lost frame ID: 3853
The lost frame ID: 3854
The lost frame ID: 3855
The lost frame ID: 3856
The lost frame ID: 3857
The lost frame ID: 3858
The lost frame ID: 3859
The lost frame ID: 3860
The lost frame ID: 3861
The lost frame ID: 3862
The lost frame ID: 3863
The lost frame ID: 3864
The lost frame ID: 3865
The lost frame ID: 3866
The lost frame ID: 3867
The lost frame ID: 3868
The lost frame ID: 3869
The lost frame ID: 3870
The lost frame ID: 3871
The lost frame ID: 3872
The lost frame ID: 3873
The lost frame ID: 3874
The lost frame ID: 3875
The lost frame ID: 3876
The lost frame ID: 3877
The lost frame ID: 3878
The lost frame ID: 3879
The lost frame ID: 3880
The lost frame ID: 3881
The lost frame ID: 3882
The lost frame ID: 3883
The lost frame ID: 3884
The lost frame ID: 3885
The lost frame ID: 3886
The lost frame ID: 3887
The lost frame ID: 3888
The lost frame ID: 3889
The lost frame ID: 3890
The lost frame ID: 3891
The lost frame ID: 3892
The lost frame ID: 3893
The lost frame ID: 3894
The lost frame ID: 3895
The lost frame ID: 3896
The lost frame ID: 3897
The lost frame ID: 3898
The lost frame ID: 3899
The lost frame ID: 3900
The lost frame ID: 3901
The lost frame ID: 3902
The lost frame ID: 3903
The lost frame ID: 3904
The lost frame ID: 3905
The lost frame ID: 3906
The lost frame ID: 3907
The lost frame ID: 3908
The lost frame ID: 3909
The lost frame ID: 3910
The lost frame ID: 3911
The lost frame ID: 3912
The lost frame ID: 3913
The lost frame ID: 3914
The lost frame ID: 3915
The lost frame ID: 3916
The lost frame ID: 3917
The lost frame ID: 3918
The lost frame ID: 3919
The lost frame ID: 3920
The lost frame ID: 3921
The lost frame ID: 3922
The lost frame ID: 3923
The lost frame ID: 3924
The lost frame ID: 3925
The lost frame ID: 3926
The lost frame ID: 3927
The lost frame ID: 3928
The lost frame ID: 3929
The lost frame ID: 3930
The lost frame ID: 3931
The lost frame ID: 3932
The lost frame ID: 3933
The lost frame ID: 3934
The lost frame ID: 3935
The lost frame ID: 3936
The lost frame ID: 3937
The lost frame ID: 3938
The lost frame ID: 3939
The lost frame ID: 3940
The lost frame ID: 3941
The lost frame ID: 3942
The lost frame ID: 3943
The lost frame ID: 3944
The lost frame ID: 3945
The lost frame ID: 3946
The lost frame ID: 3947
The lost frame ID: 3948
The lost frame ID: 3949
The lost frame ID: 3950
The lost frame ID: 3951
The lost frame ID: 3952
The lost frame ID: 3953
The lost frame ID: 3954
The lost frame ID: 3955
The lost frame ID: 3956
The lost frame ID: 3957
The lost frame ID: 3958
The lost frame ID: 3959
The lost frame ID: 3960
The lost frame ID: 3961
The lost frame ID: 3962
The lost frame ID: 3963
The lost frame ID: 3964
The lost frame ID: 3965
The lost frame ID: 3966
The lost frame ID: 3967
The lost frame ID: 3968
The lost frame ID: 3969
The lost frame ID: 3970
The lost frame ID: 3971
The lost frame ID: 3972
The lost frame ID: 3973
The lost frame ID: 3974
The lost frame ID: 3975
The lost frame ID: 3976
The lost frame ID: 3977
The lost frame ID: 3978
The lost frame ID: 3979
The lost frame ID: 3980
The lost frame ID: 3981
The lost frame ID: 3982
The lost frame ID: 3983
The lost frame ID: 3984
The lost frame ID: 3985
The lost frame ID: 3986
The lost frame ID: 3987
The lost frame ID: 3988
The lost frame ID: 3989
The lost frame ID: 3990
The lost frame ID: 3991
The lost frame ID: 3992
The lost frame ID: 3993
The lost frame ID: 3994
The lost frame ID: 3995
The lost frame ID: 3996
The lost frame ID: 3997
The lost frame ID: 3998
The lost frame ID: 3999
The lost frame ID: 4000
The lost frame ID: 4001
The lost frame ID: 4002
The lost frame ID: 4003
The lost frame ID: 4004
The lost frame ID: 4005
The lost frame ID: 4006
The lost frame ID: 4007
The lost frame ID: 4008
The lost frame ID: 4009
The lost frame ID: 4010
The lost frame ID: 4011
The lost frame ID: 4012
The lost frame ID: 4013
The lost frame ID: 4014
The lost frame ID: 4015
The lost frame ID: 4016
The lost frame ID: 4017
The lost frame ID: 4018
The lost frame ID: 4019
The lost frame ID: 4020
The lost frame ID: 4021
The lost frame ID: 4022
The lost frame ID: 4023
The lost frame ID: 4024
The lost frame ID: 4025
The lost frame ID: 4026
The lost frame ID: 4027
The lost frame ID: 4028
The lost frame ID: 4029
The lost frame ID: 4030
The lost frame ID: 4031
The lost frame ID: 4032
The lost frame ID: 4033
The lost frame ID: 4034
The lost frame ID: 4035
The lost frame ID: 4036
The lost frame ID: 4037
The lost frame ID: 4038
The lost frame ID: 4039
The lost frame ID: 4040
The lost frame ID: 4041
The lost frame ID: 4042
The lost frame ID: 4043
The lost frame ID: 4044
The lost frame ID: 4045
The lost frame ID: 4046
The lost frame ID: 4047
The lost frame ID: 4048
The lost frame ID: 4049
The lost frame ID: 4050
The lost frame ID: 4051
The lost frame ID: 4052
The lost frame ID: 4053
The lost frame ID: 4054
The lost frame ID: 4055
The lost frame ID: 4056
The lost frame ID: 4057
The lost frame ID: 4058
The lost frame ID: 4059
The lost frame ID: 4060
The lost frame ID: 4061
The lost frame ID: 4062
The lost frame ID: 4063
The lost frame ID: 4064
The lost frame ID: 4065
The lost frame ID: 4066
The lost frame ID: 4067
The lost frame ID: 4068
The lost frame ID: 4069
The lost frame ID: 4070
The lost frame ID: 4071
The lost frame ID: 4072
The lost frame ID: 4073
The lost frame ID: 4074
The lost frame ID: 4075
The lost frame ID: 4076
The lost frame ID: 4077
The lost frame ID: 4078
The lost frame ID: 4079
The lost frame ID: 4080
The lost frame ID: 4081
The lost frame ID: 4082
The lost frame ID: 4083
The lost frame ID: 4084
The lost frame ID: 4085
The lost frame ID: 4086
The lost frame ID: 4087
The lost frame ID: 4088
The lost frame ID: 4089
The lost frame ID: 4090
The lost frame ID: 4091
The lost frame ID: 4092
The lost frame ID: 4093
The lost frame ID: 4094
The lost frame ID: 4095
The lost frame ID: 4096
The lost frame ID: 4097
The lost frame ID: 4098
The lost frame ID: 4099
The lost frame ID: 4100
The lost frame ID: 4101
The lost frame ID: 4102
The lost frame ID: 4103
The lost frame ID: 4104
The lost frame ID: 4105
The lost frame ID: 4106
The lost frame ID: 4107
The lost frame ID: 4108
The lost frame ID: 4109
The lost frame ID: 4110
The lost frame ID: 4111
The lost frame ID: 4112
The lost frame ID: 4113
The lost frame ID: 4114
The lost frame ID: 4115
The lost frame ID: 4116
The lost frame ID: 4117
The lost frame ID: 4118
The lost frame ID: 4119
The lost frame ID: 4120
The lost frame ID: 4121
The lost frame ID: 4122
The lost frame ID: 4123
The lost frame ID: 4124
The lost frame ID: 4125
The lost frame ID: 4126
The lost frame ID: 4127
The lost frame ID: 4128
The lost frame ID: 4129
The lost frame ID: 4130
The lost frame ID: 4131
The lost frame ID: 4132
The lost frame ID: 4133
The lost frame ID: 4134
The lost frame ID: 4135
The lost frame ID: 4136
The lost frame ID: 4137
The lost frame ID: 4138
The lost frame ID: 4139
The lost frame ID: 4140
The lost frame ID: 4141
The lost frame ID: 4142
The lost frame ID: 4143
The lost frame ID: 4144
The lost frame ID: 4145
The lost frame ID: 4146
The lost frame ID: 4147
The lost frame ID: 4148
The lost frame ID: 4149
The lost frame ID: 4150
The lost frame ID: 4151
The lost frame ID: 4152
The lost frame ID: 4153
The lost frame ID: 4154
The lost frame ID: 4155
The lost frame ID: 4156
The lost frame ID: 4157
The lost frame ID: 4158
The lost frame ID: 4159
The lost frame ID: 4160
The lost frame ID: 4161
The lost frame ID: 4162
The lost frame ID: 4163
The lost frame ID: 4164
The lost frame ID: 4165
The lost frame ID: 4166
The lost frame ID: 4167
The lost frame ID: 4168
The lost frame ID: 4169
The lost frame ID: 4170
The lost frame ID: 4171
The lost frame ID: 4172
The lost frame ID: 4173
The lost frame ID: 4174
The lost frame ID: 4175
The lost frame ID: 4176
The lost frame ID: 4177
The lost frame ID: 4178
The lost frame ID: 4179
The lost frame ID: 4180
The lost frame ID: 4181
The lost frame ID: 4182
The lost frame ID: 4183
The lost frame ID: 4184
The lost frame ID: 4185
The lost frame ID: 4186
The lost frame ID: 4187
The lost frame ID: 4188
The lost frame ID: 4189
The lost frame ID: 4190
The lost frame ID: 4191
The lost frame ID: 4192
The lost frame ID: 4193
The lost frame ID: 4194
The lost frame ID: 4195
The lost frame ID: 4196
The lost frame ID: 4197
The lost frame ID: 4198
The lost frame ID: 4199
The lost frame ID: 4200
The lost frame ID: 4201
The lost frame ID: 4202
The lost frame ID: 4203
The lost frame ID: 4204
The lost frame ID: 4205
The lost frame ID: 4206
The lost frame ID: 4207
The lost frame ID: 4208
The lost frame ID: 4209
The lost frame ID: 4210
The lost frame ID: 4211
The lost frame ID: 4212
The lost frame ID: 4213
The lost frame ID: 4214
The lost frame ID: 4215
The lost frame ID: 4216
The lost frame ID: 4217
The lost frame ID: 4218
The lost frame ID: 4219
The lost frame ID: 4220
The lost frame ID: 4221
The lost frame ID: 4222
The lost frame ID: 4223
The lost frame ID: 4224
The lost frame ID: 4225
The lost frame ID: 4226
The lost frame ID: 4227
The lost frame ID: 4228
The lost frame ID: 4229
The lost frame ID: 4230
The lost frame ID: 4231
The lost frame ID: 4232
The lost frame ID: 4233
The lost frame ID: 4234
The lost frame ID: 4235
The lost frame ID: 4236
The lost frame ID: 4237
The lost frame ID: 4238
The lost frame ID: 4239
The lost frame ID: 4240
The lost frame ID: 4241
The lost frame ID: 4242
The lost frame ID: 4243
The lost frame ID: 4244
The lost frame ID: 4245
The lost frame ID: 4246
The lost frame ID: 4247
The lost frame ID: 4248
The lost frame ID: 4249
The lost frame ID: 4250
The lost frame ID: 4251
The lost frame ID: 4252
The lost frame ID: 4253
The lost frame ID: 4254
The lost frame ID: 4255
The lost frame ID: 4256
The lost frame ID: 4257
The lost frame ID: 4258
The lost frame ID: 4259
The lost frame ID: 4260
The lost frame ID: 4261
The lost frame ID: 4262
The lost frame ID: 4263
The lost frame ID: 4264
The lost frame ID: 4265
The lost frame ID: 4266
The lost frame ID: 4267
The lost frame ID: 4268
The lost frame ID: 4269
The lost frame ID: 4270
The lost frame ID: 4271
The lost frame ID: 4272
The lost frame ID: 4273
The lost frame ID: 4274
The lost frame ID: 4275
The lost frame ID: 4276
The lost frame ID: 4277
The lost frame ID: 4278
The lost frame ID: 4279
The lost frame ID: 4280
The lost frame ID: 4281
The lost frame ID: 4282
The lost frame ID: 4283
The lost frame ID: 4284
The lost frame ID: 4285
The lost frame ID: 4286
The lost frame ID: 4287
The lost frame ID: 4288
The lost frame ID: 4289
The lost frame ID: 4290
The lost frame ID: 4291
The lost frame ID: 4292
The lost frame ID: 4293
The lost frame ID: 4294
The lost frame ID: 4295
The lost frame ID: 4296
The lost frame ID: 4297
The lost frame ID: 4298
The lost frame ID: 4299
The lost frame ID: 4300
The lost frame ID: 4301
The lost frame ID: 4302
The lost frame ID: 4303
The lost frame ID: 4304
The lost frame ID: 4305
The lost frame ID: 4306
The lost frame ID: 4307
The lost frame ID: 4308
The lost frame ID: 4309
The lost frame ID: 4310
The lost frame ID: 4311
The lost frame ID: 4312
The lost frame ID: 4313
The lost frame ID: 4314
The lost frame ID: 4315
The lost frame ID: 4316
The lost frame ID: 4317
The lost frame ID: 4318
The lost frame ID: 4319
The lost frame ID: 4320
The lost frame ID: 4321
The lost frame ID: 4322
The lost frame ID: 4323
The lost frame ID: 4324
The lost frame ID: 4325
The lost frame ID: 4326
The lost frame ID: 4327
The lost frame ID: 4328
The lost frame ID: 4329
The lost frame ID: 4330
The lost frame ID: 4331
The lost frame ID: 4332
The lost frame ID: 4333
The lost frame ID: 4334
The lost frame ID: 4335
The lost frame ID: 4336
The lost frame ID: 4337
The lost frame ID: 4338
The lost frame ID: 4339
The lost frame ID: 4340
The lost frame ID: 4341
The lost frame ID: 4342
The lost frame ID: 4343
The lost frame ID: 4344
The lost frame ID: 4345
The lost frame ID: 4346
The lost frame ID: 4347
The lost frame ID: 4348
The lost frame ID: 4349
The lost frame ID: 4350
The lost frame ID: 4351
The lost frame ID: 4352
The lost frame ID: 4353
The lost frame ID: 4354
The lost frame ID: 4355
The lost frame ID: 4356
The lost frame ID: 4357
The lost frame ID: 4358
The lost frame ID: 4359
The lost frame ID: 4360
The lost frame ID: 4361
The lost frame ID: 4362
The lost frame ID: 4363
The lost frame ID: 4364
The lost frame ID: 4365
The lost frame ID: 4366
The lost frame ID: 4367
The lost frame ID: 4368
The lost frame ID: 4369
The lost frame ID: 4370
The lost frame ID: 4371
The lost frame ID: 4372
The lost frame ID: 4373
The lost frame ID: 4374
The lost frame ID: 4375
The lost frame ID: 4376
The lost frame ID: 4377
The lost frame ID: 4378
The lost frame ID: 4379
The lost frame ID: 4380
The lost frame ID: 4381
The lost frame ID: 4382
The lost frame ID: 4383
The lost frame ID: 4384
The lost frame ID: 4385
The lost frame ID: 4386
The lost frame ID: 4387
The lost frame ID: 4388
The lost frame ID: 4389
The lost frame ID: 4390
The lost frame ID: 4391
The lost frame ID: 4392
The lost frame ID: 4393
The lost frame ID: 4394
The lost frame ID: 4395
The lost frame ID: 4396
The lost frame ID: 4397
The lost frame ID: 4398
The lost frame ID: 4399
The lost frame ID: 4400
The lost frame ID: 4401
The lost frame ID: 4402
The lost frame ID: 4403
The lost frame ID: 4404
The lost frame ID: 4405
The lost frame ID: 4406
The lost frame ID: 4407
The lost frame ID: 4408
The lost frame ID: 4409
The lost frame ID: 4410
The lost frame ID: 4411
The lost frame ID: 4412
The lost frame ID: 4413
The lost frame ID: 4414
The lost frame ID: 4415
The lost frame ID: 4416
The lost frame ID: 4417
The lost frame ID: 4418
The lost frame ID: 4419
The lost frame ID: 4420
The lost frame ID: 4421
The lost frame ID: 4422
The lost frame ID: 4423
The lost frame ID: 4424
The lost frame ID: 4425
The lost frame ID: 4426
The lost frame ID: 4427
The lost frame ID: 4428
The lost frame ID: 4429
The lost frame ID: 4430
The lost frame ID: 4431
The lost frame ID: 4432
The lost frame ID: 4433
The lost frame ID: 4434
The lost frame ID: 4435
The lost frame ID: 4436
The lost frame ID: 4437
The lost frame ID: 4438
The lost frame ID: 4439
The lost frame ID: 4440
The lost frame ID: 4441
The lost frame ID: 4442
The lost frame ID: 4443
The lost frame ID: 4444
The lost frame ID: 4445
The lost frame ID: 4446
The lost frame ID: 4447
The lost frame ID: 4448
The lost frame ID: 4449
The lost frame ID: 4450
System::StopViewer()
System::StopViewer() done
System::StopViewer()
System::StopViewer() done
Tracking thread joined...

Saving correlation status...

========== Global Summary ==========
Frames: 1824
avg_CorrEdges: 1.18476
avg_match_A: 149.957
avg_match_B: 101.726
global_RI_MNR: 0.0116466
global_RI_GNR: 0.00959249
global_RI_DICE: 0.00941471

========== Per-Channel Summary ==========
   chA   chB     avgCorr        avgA        avgB   avgRI_MNR   avgRI_GNR  avgRI_DICE
     0     1     1.18476     149.957     101.726  0.00772919  0.00636902  0.00621204

Correlation status saved!

-------

median tracking time: 0.151162
mean tracking time: 0.157022

Saving camera trajectory to result19.txt ...

trajectory saved!

========== Performance Summary (ms) ==========
name                                mean      median        rmse         min         max       count
Tracking                          39.486      43.663      30.555       1.333     157.701        4539
Correlation                        0.151       0.122       0.099       0.032       1.030        1824
Total Init                       346.350     346.350       0.000     346.350     346.350           1
Pipeline                         157.016     151.157      35.904      87.278     360.962        4541
SuperPoint Extract               114.933     116.319      20.437      65.597     357.790        4541
SIFT Extract                      45.208      45.362       7.936      25.263      74.893        4541
