Registering ORBextractor...
Registering AKAZEextractor...
Registering BRISKextractor...
Registering SIFTextractor...
Registering KAZEextractor...
Registering SuperPointExtractor...

ORB-SLAM2 Copyright (C) 2014-2016 Raul Mur-Artal, University of Zaragoza.
This program comes with ABSOLUTELY NO WARRANTY;
This is free software, and you are welcome to redistribute it
under certain conditions. See LICENSE.txt.

Input sensor was set to: Monocular

Loading Vocabulary : /home/howard/Refactored_ORB_SLAM2/Install/var/lib/orbslam2/voc/sift_cv.fbow
This could take a while...
Loading SIFT Vocabulary in FBoW.
SIFT Vocabulary loaded in 0.017044s


Loading Vocabulary : /home/howard/Refactored_ORB_SLAM2/Install/var/lib/orbslam2/voc/superpoint.fbow
This could take a while...
Loading SuperPoint Vocabulary in FBoW.
SuperPoint Vocabulary loaded in 0.011219s


Camera Parameters: 
- fx: 718.856
- fy: 718.856
- cx: 607.193
- cy: 185.216
- k1: 0
- k2: 0
- p1: 0
- p2: 0
- fps: 10
- color order: RGB (ignored if grayscale)

[Feature 0] SIFT Extractor Parameters: 
 ( TH_LOW: 300, TH_HIGH: 500 )
- Number of Features  : 2000
- Scale Levels        : 1
- Scale Factor        : 1
- Contrast Threshold  : 0.01
- Edge Threshold      : 5
- nOctaves            : 3
- Sigma               : 1.6

[Feature 1] SuperPoint Extractor Parameters: 
 ( TH_LOW: 0.7, TH_HIGH: 0.9 )
- Number of Features: 2000
- Scale Levels: 4
- Scale Factor: 1.2
- Use CUDA: 1
- Use NMS: 1
- iniTh: 0.08
- minTh: 0.04

-------
Start processing sequence ...
Images in the sequence: 4541

Viewer started, waiting for thread.
0
New map created with 931 points for 0 Feature Type 
New map created with 277 points for 1 Feature Type 
Tracking Initlized in 0.89s
The initlized frame ID: 1
The lost frame ID: 800
The lost frame ID: 801
The lost frame ID: 802
The lost frame ID: 803
The lost frame ID: 804
The lost frame ID: 805
The lost frame ID: 806
The lost frame ID: 807
The lost frame ID: 808
The lost frame ID: 809
The lost frame ID: 810
The lost frame ID: 811
The lost frame ID: 812
The lost frame ID: 813
The lost frame ID: 814
The lost frame ID: 815
The lost frame ID: 816
The lost frame ID: 817
The lost frame ID: 818
The lost frame ID: 819
The lost frame ID: 820
The lost frame ID: 821
The lost frame ID: 822
The lost frame ID: 823
The lost frame ID: 824
The lost frame ID: 825
The lost frame ID: 826
The lost frame ID: 827
The lost frame ID: 828
The lost frame ID: 829
The lost frame ID: 830
The lost frame ID: 831
The lost frame ID: 832
The lost frame ID: 833
The lost frame ID: 834
The lost frame ID: 835
The lost frame ID: 836
The lost frame ID: 837
The lost frame ID: 838
The lost frame ID: 839
The lost frame ID: 840
The lost frame ID: 841
The lost frame ID: 842
The lost frame ID: 843
The lost frame ID: 844
The lost frame ID: 845
The lost frame ID: 846
The lost frame ID: 847
The lost frame ID: 848
The lost frame ID: 849
The lost frame ID: 850
The lost frame ID: 851
The lost frame ID: 852
The lost frame ID: 853
The lost frame ID: 854
The lost frame ID: 855
The lost frame ID: 856
The lost frame ID: 857
The lost frame ID: 858
The lost frame ID: 859
The lost frame ID: 860
The lost frame ID: 861
The lost frame ID: 862
The lost frame ID: 863
The lost frame ID: 864
The lost frame ID: 865
The lost frame ID: 866
The lost frame ID: 867
The lost frame ID: 868
The lost frame ID: 869
The lost frame ID: 870
The lost frame ID: 871
The lost frame ID: 872
The lost frame ID: 873
The lost frame ID: 874
The lost frame ID: 875
The lost frame ID: 876
The lost frame ID: 877
The lost frame ID: 878
The lost frame ID: 879
The lost frame ID: 880
The lost frame ID: 881
The lost frame ID: 882
The lost frame ID: 883
The lost frame ID: 884
The lost frame ID: 885
The lost frame ID: 886
The lost frame ID: 887
The lost frame ID: 888
The lost frame ID: 889
The lost frame ID: 890
The lost frame ID: 891
The lost frame ID: 892
The lost frame ID: 893
The lost frame ID: 894
The lost frame ID: 895
The lost frame ID: 896
The lost frame ID: 897
The lost frame ID: 898
The lost frame ID: 899
The lost frame ID: 900
The lost frame ID: 901
The lost frame ID: 902
The lost frame ID: 903
The lost frame ID: 904
The lost frame ID: 905
The lost frame ID: 906
The lost frame ID: 907
The lost frame ID: 908
The lost frame ID: 909
The lost frame ID: 910
The lost frame ID: 911
The lost frame ID: 912
The lost frame ID: 913
The lost frame ID: 914
The lost frame ID: 915
The lost frame ID: 916
The lost frame ID: 917
The lost frame ID: 918
The lost frame ID: 919
The lost frame ID: 920
The lost frame ID: 921
The lost frame ID: 922
The lost frame ID: 923
The lost frame ID: 924
The lost frame ID: 925
The lost frame ID: 926
The lost frame ID: 927
The lost frame ID: 928
The lost frame ID: 929
The lost frame ID: 930
The lost frame ID: 931
The lost frame ID: 932
The lost frame ID: 933
The lost frame ID: 934
The lost frame ID: 935
The lost frame ID: 936
The lost frame ID: 937
The lost frame ID: 938
The lost frame ID: 939
The lost frame ID: 940
The lost frame ID: 941
The lost frame ID: 942
The lost frame ID: 943
The lost frame ID: 944
The lost frame ID: 945
The lost frame ID: 946
The lost frame ID: 947
The lost frame ID: 948
The lost frame ID: 949
The lost frame ID: 950
The lost frame ID: 951
The lost frame ID: 952
The lost frame ID: 953
The lost frame ID: 954
The lost frame ID: 955
The lost frame ID: 956
The lost frame ID: 957
The lost frame ID: 958
The lost frame ID: 959
The lost frame ID: 960
The lost frame ID: 961
The lost frame ID: 962
The lost frame ID: 963
The lost frame ID: 964
The lost frame ID: 965
The lost frame ID: 966
The lost frame ID: 967
The lost frame ID: 968
The lost frame ID: 969
The lost frame ID: 970
The lost frame ID: 971
The lost frame ID: 972
The lost frame ID: 973
The lost frame ID: 974
The lost frame ID: 975
The lost frame ID: 976
The lost frame ID: 977
The lost frame ID: 978
The lost frame ID: 979
The lost frame ID: 980
The lost frame ID: 981
The lost frame ID: 982
The lost frame ID: 983
The lost frame ID: 984
The lost frame ID: 985
The lost frame ID: 986
The lost frame ID: 987
The lost frame ID: 988
The lost frame ID: 989
The lost frame ID: 990
The lost frame ID: 991
The lost frame ID: 992
The lost frame ID: 993
The lost frame ID: 994
The lost frame ID: 995
The lost frame ID: 996
The lost frame ID: 997
The lost frame ID: 998
The lost frame ID: 999
The lost frame ID: 1000
The lost frame ID: 1001
The lost frame ID: 1002
The lost frame ID: 1003
The lost frame ID: 1004
The lost frame ID: 1005
The lost frame ID: 1006
The lost frame ID: 1007
The lost frame ID: 1008
The lost frame ID: 1009
The lost frame ID: 1010
The lost frame ID: 1011
The lost frame ID: 1012
The lost frame ID: 1013
The lost frame ID: 1014
The lost frame ID: 1015
The lost frame ID: 1016
The lost frame ID: 1017
The lost frame ID: 1018
The lost frame ID: 1019
The lost frame ID: 1020
The lost frame ID: 1021
The lost frame ID: 1022
The lost frame ID: 1023
The lost frame ID: 1024
The lost frame ID: 1025
The lost frame ID: 1026
The lost frame ID: 1027
The lost frame ID: 1028
The lost frame ID: 1029
The lost frame ID: 1030
The lost frame ID: 1031
The lost frame ID: 1032
The lost frame ID: 1033
The lost frame ID: 1034
The lost frame ID: 1035
The lost frame ID: 1036
The lost frame ID: 1037
The lost frame ID: 1038
The lost frame ID: 1039
The lost frame ID: 1040
The lost frame ID: 1041
The lost frame ID: 1042
The lost frame ID: 1043
The lost frame ID: 1044
The lost frame ID: 1045
The lost frame ID: 1046
The lost frame ID: 1047
The lost frame ID: 1048
The lost frame ID: 1049
The lost frame ID: 1050
The lost frame ID: 1051
The lost frame ID: 1052
The lost frame ID: 1053
The lost frame ID: 1054
The lost frame ID: 1055
The lost frame ID: 1056
The lost frame ID: 1057
The lost frame ID: 1058
The lost frame ID: 1059
The lost frame ID: 1060
The lost frame ID: 1061
The lost frame ID: 1062
The lost frame ID: 1063
The lost frame ID: 1064
The lost frame ID: 1065
The lost frame ID: 1066
The lost frame ID: 1067
The lost frame ID: 1068
The lost frame ID: 1069
The lost frame ID: 1070
The lost frame ID: 1071
The lost frame ID: 1072
The lost frame ID: 1073
The lost frame ID: 1074
The lost frame ID: 1075
The lost frame ID: 1076
The lost frame ID: 1077
The lost frame ID: 1078
The lost frame ID: 1079
The lost frame ID: 1080
The lost frame ID: 1081
The lost frame ID: 1082
The lost frame ID: 1083
The lost frame ID: 1084
The lost frame ID: 1085
The lost frame ID: 1086
The lost frame ID: 1087
The lost frame ID: 1088
The lost frame ID: 1089
The lost frame ID: 1090
The lost frame ID: 1091
The lost frame ID: 1092
The lost frame ID: 1093
The lost frame ID: 1094
The lost frame ID: 1095
The lost frame ID: 1096
The lost frame ID: 1097
The lost frame ID: 1098
The lost frame ID: 1099
The lost frame ID: 1100
The lost frame ID: 1101
The lost frame ID: 1102
The lost frame ID: 1103
The lost frame ID: 1104
The lost frame ID: 1105
The lost frame ID: 1106
The lost frame ID: 1107
The lost frame ID: 1108
The lost frame ID: 1109
The lost frame ID: 1110
The lost frame ID: 1111
The lost frame ID: 1112
The lost frame ID: 1113
The lost frame ID: 1114
The lost frame ID: 1115
The lost frame ID: 1116
The lost frame ID: 1117
The lost frame ID: 1118
The lost frame ID: 1119
The lost frame ID: 1120
The lost frame ID: 1121
The lost frame ID: 1122
The lost frame ID: 1123
The lost frame ID: 1124
The lost frame ID: 1125
The lost frame ID: 1126
The lost frame ID: 1127
The lost frame ID: 1128
The lost frame ID: 1129
The lost frame ID: 1130
The lost frame ID: 1131
The lost frame ID: 1132
The lost frame ID: 1133
The lost frame ID: 1134
The lost frame ID: 1135
The lost frame ID: 1136
The lost frame ID: 1137
The lost frame ID: 1138
The lost frame ID: 1139
The lost frame ID: 1140
The lost frame ID: 1141
The lost frame ID: 1142
The lost frame ID: 1143
The lost frame ID: 1144
The lost frame ID: 1145
The lost frame ID: 1146
The lost frame ID: 1147
The lost frame ID: 1148
The lost frame ID: 1149
The lost frame ID: 1150
The lost frame ID: 1151
The lost frame ID: 1152
The lost frame ID: 1153
The lost frame ID: 1154
The lost frame ID: 1155
The lost frame ID: 1156
The lost frame ID: 1157
The lost frame ID: 1158
The lost frame ID: 1159
The lost frame ID: 1160
The lost frame ID: 1161
The lost frame ID: 1162
The lost frame ID: 1163
The lost frame ID: 1164
The lost frame ID: 1165
The lost frame ID: 1166
The lost frame ID: 1167
The lost frame ID: 1168
The lost frame ID: 1169
The lost frame ID: 1170
The lost frame ID: 1171
The lost frame ID: 1172
The lost frame ID: 1173
The lost frame ID: 1174
The lost frame ID: 1175
The lost frame ID: 1176
The lost frame ID: 1177
The lost frame ID: 1178
The lost frame ID: 1179
The lost frame ID: 1180
The lost frame ID: 1181
The lost frame ID: 1182
The lost frame ID: 1183
The lost frame ID: 1184
The lost frame ID: 1185
The lost frame ID: 1186
The lost frame ID: 1187
The lost frame ID: 1188
The lost frame ID: 1189
The lost frame ID: 1190
The lost frame ID: 1191
The lost frame ID: 1192
The lost frame ID: 1193
The lost frame ID: 1194
The lost frame ID: 1195
The lost frame ID: 1196
The lost frame ID: 1197
The lost frame ID: 1198
The lost frame ID: 1199
The lost frame ID: 1200
The lost frame ID: 1201
The lost frame ID: 1202
The lost frame ID: 1203
The lost frame ID: 1204
The lost frame ID: 1205
The lost frame ID: 1206
The lost frame ID: 1207
The lost frame ID: 1208
The lost frame ID: 1209
The lost frame ID: 1210
The lost frame ID: 1211
The lost frame ID: 1212
The lost frame ID: 1213
The lost frame ID: 1214
The lost frame ID: 1215
The lost frame ID: 1216
The lost frame ID: 1217
The lost frame ID: 1218
The lost frame ID: 1219
The lost frame ID: 1220
The lost frame ID: 1221
The lost frame ID: 1222
The lost frame ID: 1223
The lost frame ID: 1224
The lost frame ID: 1225
The lost frame ID: 1226
The lost frame ID: 1227
The lost frame ID: 1228
The lost frame ID: 1229
The lost frame ID: 1230
The lost frame ID: 1231
The lost frame ID: 1232
The lost frame ID: 1233
The lost frame ID: 1234
The lost frame ID: 1235
The lost frame ID: 1236
The lost frame ID: 1237
The lost frame ID: 1238
The lost frame ID: 1239
The lost frame ID: 1240
The lost frame ID: 1241
The lost frame ID: 1242
The lost frame ID: 1243
The lost frame ID: 1244
The lost frame ID: 1245
The lost frame ID: 1246
The lost frame ID: 1247
The lost frame ID: 1248
The lost frame ID: 1249
The lost frame ID: 1250
The lost frame ID: 1251
The lost frame ID: 1252
The lost frame ID: 1253
The lost frame ID: 1254
The lost frame ID: 1255
The lost frame ID: 1256
The lost frame ID: 1257
The lost frame ID: 1258
The lost frame ID: 1259
The lost frame ID: 1260
The lost frame ID: 1261
The lost frame ID: 1262
The lost frame ID: 1263
The lost frame ID: 1264
The lost frame ID: 1265
The lost frame ID: 1266
The lost frame ID: 1267
The lost frame ID: 1268
The lost frame ID: 1269
The lost frame ID: 1270
The lost frame ID: 1271
The lost frame ID: 1272
The lost frame ID: 1273
The lost frame ID: 1274
The lost frame ID: 1275
The lost frame ID: 1276
The lost frame ID: 1277
The lost frame ID: 1278
The lost frame ID: 1279
The lost frame ID: 1280
The lost frame ID: 1281
The lost frame ID: 1282
The lost frame ID: 1283
The lost frame ID: 1284
The lost frame ID: 1285
The lost frame ID: 1286
The lost frame ID: 1287
The lost frame ID: 1288
The lost frame ID: 1289
The lost frame ID: 1290
The lost frame ID: 1291
The lost frame ID: 1292
The lost frame ID: 1293
The lost frame ID: 1294
The lost frame ID: 1295
The lost frame ID: 1296
The lost frame ID: 1297
The lost frame ID: 1298
The lost frame ID: 1299
The lost frame ID: 1300
The lost frame ID: 1301
The lost frame ID: 1302
The lost frame ID: 1303
The lost frame ID: 1304
The lost frame ID: 1305
The lost frame ID: 1306
The lost frame ID: 1307
The lost frame ID: 1308
The lost frame ID: 1309
The lost frame ID: 1310
The lost frame ID: 1311
The lost frame ID: 1312
The lost frame ID: 1313
The lost frame ID: 1314
The lost frame ID: 1315
The lost frame ID: 1316
The lost frame ID: 1317
The lost frame ID: 1318
The lost frame ID: 1319
The lost frame ID: 1320
The lost frame ID: 1321
The lost frame ID: 1322
The lost frame ID: 1323
The lost frame ID: 1324
The lost frame ID: 1325
The lost frame ID: 1326
The lost frame ID: 1327
The lost frame ID: 1328
The lost frame ID: 1329
The lost frame ID: 1330
The lost frame ID: 1331
The lost frame ID: 1332
The lost frame ID: 1333
The lost frame ID: 1334
The lost frame ID: 1335
The lost frame ID: 1336
The lost frame ID: 1337
The lost frame ID: 1338
The lost frame ID: 1339
The lost frame ID: 1340
The lost frame ID: 1341
The lost frame ID: 1342
The lost frame ID: 1343
The lost frame ID: 1344
The lost frame ID: 1345
The lost frame ID: 1346
The lost frame ID: 1347
The lost frame ID: 1348
The lost frame ID: 1349
The lost frame ID: 1350
The lost frame ID: 1351
The lost frame ID: 1352
The lost frame ID: 1353
The lost frame ID: 1354
The lost frame ID: 1355
The lost frame ID: 1356
The lost frame ID: 1357
The lost frame ID: 1358
The lost frame ID: 1359
The lost frame ID: 1360
The lost frame ID: 1361
The lost frame ID: 1362
The lost frame ID: 1363
The lost frame ID: 1364
The lost frame ID: 1365
The lost frame ID: 1366
The lost frame ID: 1367
The lost frame ID: 1368
The lost frame ID: 1369
The lost frame ID: 1370
The lost frame ID: 1371
The lost frame ID: 1372
The lost frame ID: 1373
The lost frame ID: 1374
The lost frame ID: 1375
The lost frame ID: 1376
The lost frame ID: 1377
The lost frame ID: 1378
The lost frame ID: 1379
The lost frame ID: 1380
The lost frame ID: 1381
The lost frame ID: 1382
The lost frame ID: 1383
The lost frame ID: 1384
The lost frame ID: 1385
The lost frame ID: 1386
The lost frame ID: 1387
The lost frame ID: 1388
The lost frame ID: 1389
The lost frame ID: 1390
The lost frame ID: 1391
The lost frame ID: 1392
The lost frame ID: 1393
The lost frame ID: 1394
The lost frame ID: 1395
The lost frame ID: 1396
The lost frame ID: 1397
The lost frame ID: 1398
The lost frame ID: 1399
The lost frame ID: 1400
The lost frame ID: 1401
The lost frame ID: 1402
The lost frame ID: 1403
The lost frame ID: 1404
The lost frame ID: 1405
The lost frame ID: 1406
The lost frame ID: 1407
The lost frame ID: 1408
The lost frame ID: 1409
The lost frame ID: 1410
The lost frame ID: 1411
The lost frame ID: 1412
The lost frame ID: 1413
The lost frame ID: 1414
The lost frame ID: 1415
The lost frame ID: 1416
The lost frame ID: 1417
The lost frame ID: 1418
The lost frame ID: 1419
The lost frame ID: 1420
The lost frame ID: 1421
The lost frame ID: 1422
The lost frame ID: 1423
The lost frame ID: 1424
The lost frame ID: 1425
The lost frame ID: 1426
The lost frame ID: 1427
The lost frame ID: 1428
The lost frame ID: 1429
The lost frame ID: 1430
The lost frame ID: 1431
The lost frame ID: 1432
The lost frame ID: 1433
The lost frame ID: 1434
The lost frame ID: 1435
The lost frame ID: 1436
The lost frame ID: 1437
The lost frame ID: 1438
The lost frame ID: 1439
The lost frame ID: 1440
The lost frame ID: 1441
The lost frame ID: 1442
The lost frame ID: 1443
The lost frame ID: 1444
The lost frame ID: 1445
The lost frame ID: 1446
The lost frame ID: 1447
The lost frame ID: 1448
The lost frame ID: 1449
The lost frame ID: 1450
The lost frame ID: 1451
The lost frame ID: 1452
The lost frame ID: 1453
The lost frame ID: 1454
The lost frame ID: 1455
The lost frame ID: 1456
The lost frame ID: 1457
The lost frame ID: 1458
The lost frame ID: 1459
The lost frame ID: 1460
The lost frame ID: 1461
The lost frame ID: 1462
The lost frame ID: 1463
The lost frame ID: 1464
The lost frame ID: 1465
The lost frame ID: 1466
The lost frame ID: 1467
The lost frame ID: 1468
The lost frame ID: 1469
The lost frame ID: 1470
The lost frame ID: 1471
The lost frame ID: 1472
The lost frame ID: 1473
The lost frame ID: 1474
The lost frame ID: 1475
The lost frame ID: 1476
The lost frame ID: 1477
The lost frame ID: 1478
The lost frame ID: 1479
The lost frame ID: 1480
The lost frame ID: 1481
The lost frame ID: 1482
The lost frame ID: 1483
The lost frame ID: 1484
The lost frame ID: 1485
The lost frame ID: 1486
The lost frame ID: 1487
The lost frame ID: 1488
The lost frame ID: 1489
The lost frame ID: 1490
The lost frame ID: 1491
The lost frame ID: 1492
The lost frame ID: 1493
The lost frame ID: 1494
The lost frame ID: 1495
The lost frame ID: 1496
The lost frame ID: 1497
The lost frame ID: 1498
The lost frame ID: 1499
The lost frame ID: 1500
The lost frame ID: 1501
The lost frame ID: 1502
The lost frame ID: 1503
The lost frame ID: 1504
The lost frame ID: 1505
The lost frame ID: 1506
The lost frame ID: 1507
The lost frame ID: 1508
The lost frame ID: 1509
The lost frame ID: 1510
The lost frame ID: 1511
The lost frame ID: 1512
The lost frame ID: 1513
The lost frame ID: 1514
The lost frame ID: 1515
The lost frame ID: 1516
The lost frame ID: 1517
The lost frame ID: 1518
The lost frame ID: 1519
The lost frame ID: 1520
The lost frame ID: 1521
The lost frame ID: 1522
The lost frame ID: 1523
The lost frame ID: 1524
The lost frame ID: 1525
The lost frame ID: 1526
The lost frame ID: 1527
The lost frame ID: 1528
The lost frame ID: 1529
The lost frame ID: 1530
The lost frame ID: 1531
The lost frame ID: 1532
The lost frame ID: 1533
The lost frame ID: 1534
The lost frame ID: 1535
The lost frame ID: 1536
The lost frame ID: 1537
The lost frame ID: 1538
The lost frame ID: 1539
The lost frame ID: 1540
The lost frame ID: 1541
The lost frame ID: 1542
The lost frame ID: 1543
The lost frame ID: 1544
The lost frame ID: 1545
The lost frame ID: 1546
The lost frame ID: 1547
The lost frame ID: 1548
The lost frame ID: 1549
The lost frame ID: 1550
The lost frame ID: 1551
The lost frame ID: 1552
The lost frame ID: 1553
The lost frame ID: 1554
The lost frame ID: 1555
The lost frame ID: 1556
The lost frame ID: 1557
The lost frame ID: 1558
The lost frame ID: 1559
The lost frame ID: 1560
The lost frame ID: 1561
The lost frame ID: 1562
The lost frame ID: 1563
The lost frame ID: 1564
The lost frame ID: 1565
The lost frame ID: 1566
The lost frame ID: 1567
The lost frame ID: 1568
The lost frame ID: 1569
The lost frame ID: 1570
The lost frame ID: 1571
[LoopClosing] Sim3 choosed on channel 1
Loop detected!
Local Mapping STOP
Local Mapping RELEASE
Starting Global Bundle Adjustment
Global Bundle Adjustment finished
Updating map ...
Local Mapping STOP
Local Mapping RELEASE
Map updated!
The lost frame ID: 3226
The lost frame ID: 3227
The lost frame ID: 3230
The lost frame ID: 3231
The lost frame ID: 3232
The lost frame ID: 3233
The lost frame ID: 3234
The lost frame ID: 3235
The lost frame ID: 3236
The lost frame ID: 3237
The lost frame ID: 3238
The lost frame ID: 3239
The lost frame ID: 3240
The lost frame ID: 3241
The lost frame ID: 3242
The lost frame ID: 3243
The lost frame ID: 3244
The lost frame ID: 3245
The lost frame ID: 3246
The lost frame ID: 3247
The lost frame ID: 3248
The lost frame ID: 3249
The lost frame ID: 3250
The lost frame ID: 3251
The lost frame ID: 3252
The lost frame ID: 3253
The lost frame ID: 3254
The lost frame ID: 3255
The lost frame ID: 3256
The lost frame ID: 3257
The lost frame ID: 3258
The lost frame ID: 3259
The lost frame ID: 3260
The lost frame ID: 3261
The lost frame ID: 3262
The lost frame ID: 3263
The lost frame ID: 3264
The lost frame ID: 3265
The lost frame ID: 3266
The lost frame ID: 3267
The lost frame ID: 3268
The lost frame ID: 3269
The lost frame ID: 3270
The lost frame ID: 3271
The lost frame ID: 3272
The lost frame ID: 3273
The lost frame ID: 3274
The lost frame ID: 3275
The lost frame ID: 3276
The lost frame ID: 3277
The lost frame ID: 3278
The lost frame ID: 3279
The lost frame ID: 3280
The lost frame ID: 3281
The lost frame ID: 3282
The lost frame ID: 3283
The lost frame ID: 3284
The lost frame ID: 3285
The lost frame ID: 3286
The lost frame ID: 3287
The lost frame ID: 3288
The lost frame ID: 3289
The lost frame ID: 3290
The lost frame ID: 3291
The lost frame ID: 3292
The lost frame ID: 3293
The lost frame ID: 3294
[LoopClosing] Sim3 choosed on channel 1
Loop detected!
Local Mapping STOP
Local Mapping RELEASE
Starting Global Bundle Adjustment
Global Bundle Adjustment finished
Updating map ...
Local Mapping STOP
Local Mapping RELEASE
Map updated!
The lost frame ID: 4050
The lost frame ID: 4051
The lost frame ID: 4052
The lost frame ID: 4053
The lost frame ID: 4054
The lost frame ID: 4055
The lost frame ID: 4056
The lost frame ID: 4057
The lost frame ID: 4058
The lost frame ID: 4059
The lost frame ID: 4060
The lost frame ID: 4061
The lost frame ID: 4062
The lost frame ID: 4063
The lost frame ID: 4064
The lost frame ID: 4065
The lost frame ID: 4066
The lost frame ID: 4067
The lost frame ID: 4068
The lost frame ID: 4069
The lost frame ID: 4070
The lost frame ID: 4071
The lost frame ID: 4072
The lost frame ID: 4073
The lost frame ID: 4074
The lost frame ID: 4075
The lost frame ID: 4076
The lost frame ID: 4077
The lost frame ID: 4078
The lost frame ID: 4079
The lost frame ID: 4080
The lost frame ID: 4081
The lost frame ID: 4082
The lost frame ID: 4083
The lost frame ID: 4084
The lost frame ID: 4085
The lost frame ID: 4086
The lost frame ID: 4087
The lost frame ID: 4088
The lost frame ID: 4089
The lost frame ID: 4090
The lost frame ID: 4091
The lost frame ID: 4092
The lost frame ID: 4093
The lost frame ID: 4094
The lost frame ID: 4095
The lost frame ID: 4096
The lost frame ID: 4097
The lost frame ID: 4098
The lost frame ID: 4099
The lost frame ID: 4100
The lost frame ID: 4101
The lost frame ID: 4102
The lost frame ID: 4103
The lost frame ID: 4104
The lost frame ID: 4105
The lost frame ID: 4106
The lost frame ID: 4107
The lost frame ID: 4108
The lost frame ID: 4109
The lost frame ID: 4110
The lost frame ID: 4111
The lost frame ID: 4112
The lost frame ID: 4113
The lost frame ID: 4114
The lost frame ID: 4115
The lost frame ID: 4116
The lost frame ID: 4117
The lost frame ID: 4118
The lost frame ID: 4119
The lost frame ID: 4120
The lost frame ID: 4121
The lost frame ID: 4122
The lost frame ID: 4123
The lost frame ID: 4124
The lost frame ID: 4125
The lost frame ID: 4126
The lost frame ID: 4127
The lost frame ID: 4128
The lost frame ID: 4129
The lost frame ID: 4130
The lost frame ID: 4131
The lost frame ID: 4132
The lost frame ID: 4133
The lost frame ID: 4134
The lost frame ID: 4135
The lost frame ID: 4136
The lost frame ID: 4137
The lost frame ID: 4138
The lost frame ID: 4139
The lost frame ID: 4140
The lost frame ID: 4141
The lost frame ID: 4142
The lost frame ID: 4143
The lost frame ID: 4144
The lost frame ID: 4145
The lost frame ID: 4146
The lost frame ID: 4147
The lost frame ID: 4148
The lost frame ID: 4149
The lost frame ID: 4150
The lost frame ID: 4151
The lost frame ID: 4152
The lost frame ID: 4153
The lost frame ID: 4154
The lost frame ID: 4155
The lost frame ID: 4156
The lost frame ID: 4157
The lost frame ID: 4158
The lost frame ID: 4159
The lost frame ID: 4160
The lost frame ID: 4161
The lost frame ID: 4162
The lost frame ID: 4163
The lost frame ID: 4164
The lost frame ID: 4165
The lost frame ID: 4166
The lost frame ID: 4167
The lost frame ID: 4168
The lost frame ID: 4169
The lost frame ID: 4170
The lost frame ID: 4171
The lost frame ID: 4172
The lost frame ID: 4173
The lost frame ID: 4174
The lost frame ID: 4175
The lost frame ID: 4176
The lost frame ID: 4177
The lost frame ID: 4178
The lost frame ID: 4179
The lost frame ID: 4180
The lost frame ID: 4181
The lost frame ID: 4182
The lost frame ID: 4183
The lost frame ID: 4184
The lost frame ID: 4185
The lost frame ID: 4186
The lost frame ID: 4187
The lost frame ID: 4188
The lost frame ID: 4189
The lost frame ID: 4190
The lost frame ID: 4191
The lost frame ID: 4192
The lost frame ID: 4193
The lost frame ID: 4194
The lost frame ID: 4195
The lost frame ID: 4196
The lost frame ID: 4197
The lost frame ID: 4198
The lost frame ID: 4199
The lost frame ID: 4200
The lost frame ID: 4201
The lost frame ID: 4202
The lost frame ID: 4203
The lost frame ID: 4204
The lost frame ID: 4205
The lost frame ID: 4206
The lost frame ID: 4207
The lost frame ID: 4208
The lost frame ID: 4209
The lost frame ID: 4210
The lost frame ID: 4211
The lost frame ID: 4212
The lost frame ID: 4213
The lost frame ID: 4214
The lost frame ID: 4215
The lost frame ID: 4216
The lost frame ID: 4217
The lost frame ID: 4218
The lost frame ID: 4219
The lost frame ID: 4220
The lost frame ID: 4221
The lost frame ID: 4222
The lost frame ID: 4223
The lost frame ID: 4224
The lost frame ID: 4225
The lost frame ID: 4226
The lost frame ID: 4227
The lost frame ID: 4228
The lost frame ID: 4229
The lost frame ID: 4230
The lost frame ID: 4231
The lost frame ID: 4232
The lost frame ID: 4233
The lost frame ID: 4234
The lost frame ID: 4235
The lost frame ID: 4236
The lost frame ID: 4237
The lost frame ID: 4238
The lost frame ID: 4239
The lost frame ID: 4240
The lost frame ID: 4241
The lost frame ID: 4242
The lost frame ID: 4243
The lost frame ID: 4244
The lost frame ID: 4245
The lost frame ID: 4246
The lost frame ID: 4247
The lost frame ID: 4248
The lost frame ID: 4249
The lost frame ID: 4250
The lost frame ID: 4251
The lost frame ID: 4252
The lost frame ID: 4253
The lost frame ID: 4254
The lost frame ID: 4255
The lost frame ID: 4256
The lost frame ID: 4257
The lost frame ID: 4258
The lost frame ID: 4259
The lost frame ID: 4260
The lost frame ID: 4261
The lost frame ID: 4262
The lost frame ID: 4263
The lost frame ID: 4264
The lost frame ID: 4265
The lost frame ID: 4266
The lost frame ID: 4267
The lost frame ID: 4268
The lost frame ID: 4269
The lost frame ID: 4270
The lost frame ID: 4271
The lost frame ID: 4272
The lost frame ID: 4273
The lost frame ID: 4274
The lost frame ID: 4275
The lost frame ID: 4276
The lost frame ID: 4277
The lost frame ID: 4278
The lost frame ID: 4279
The lost frame ID: 4280
The lost frame ID: 4281
The lost frame ID: 4282
The lost frame ID: 4283
The lost frame ID: 4284
The lost frame ID: 4285
The lost frame ID: 4286
The lost frame ID: 4287
The lost frame ID: 4288
The lost frame ID: 4289
The lost frame ID: 4290
The lost frame ID: 4291
The lost frame ID: 4292
The lost frame ID: 4293
The lost frame ID: 4294
The lost frame ID: 4295
The lost frame ID: 4296
The lost frame ID: 4297
The lost frame ID: 4298
The lost frame ID: 4299
The lost frame ID: 4300
The lost frame ID: 4301
The lost frame ID: 4302
The lost frame ID: 4303
The lost frame ID: 4304
The lost frame ID: 4305
The lost frame ID: 4306
The lost frame ID: 4307
The lost frame ID: 4308
The lost frame ID: 4309
The lost frame ID: 4310
The lost frame ID: 4311
The lost frame ID: 4312
The lost frame ID: 4313
The lost frame ID: 4314
The lost frame ID: 4315
The lost frame ID: 4316
The lost frame ID: 4317
The lost frame ID: 4318
The lost frame ID: 4319
The lost frame ID: 4320
The lost frame ID: 4321
The lost frame ID: 4322
The lost frame ID: 4323
The lost frame ID: 4324
The lost frame ID: 4325
The lost frame ID: 4326
The lost frame ID: 4327
The lost frame ID: 4328
The lost frame ID: 4329
The lost frame ID: 4330
The lost frame ID: 4331
The lost frame ID: 4332
The lost frame ID: 4333
The lost frame ID: 4334
The lost frame ID: 4335
The lost frame ID: 4336
The lost frame ID: 4337
The lost frame ID: 4338
The lost frame ID: 4339
The lost frame ID: 4340
The lost frame ID: 4341
The lost frame ID: 4342
The lost frame ID: 4343
The lost frame ID: 4344
The lost frame ID: 4345
The lost frame ID: 4346
The lost frame ID: 4347
The lost frame ID: 4348
The lost frame ID: 4349
The lost frame ID: 4350
The lost frame ID: 4351
The lost frame ID: 4352
The lost frame ID: 4353
The lost frame ID: 4354
The lost frame ID: 4355
The lost frame ID: 4356
The lost frame ID: 4357
The lost frame ID: 4358
The lost frame ID: 4359
The lost frame ID: 4360
The lost frame ID: 4361
The lost frame ID: 4362
The lost frame ID: 4363
The lost frame ID: 4364
The lost frame ID: 4365
The lost frame ID: 4366
The lost frame ID: 4367
The lost frame ID: 4368
The lost frame ID: 4369
The lost frame ID: 4370
The lost frame ID: 4371
The lost frame ID: 4372
The lost frame ID: 4373
The lost frame ID: 4374
The lost frame ID: 4375
The lost frame ID: 4376
The lost frame ID: 4377
The lost frame ID: 4378
The lost frame ID: 4379
The lost frame ID: 4380
The lost frame ID: 4381
The lost frame ID: 4382
The lost frame ID: 4383
The lost frame ID: 4384
The lost frame ID: 4385
The lost frame ID: 4386
The lost frame ID: 4387
The lost frame ID: 4388
The lost frame ID: 4389
The lost frame ID: 4390
The lost frame ID: 4391
The lost frame ID: 4392
The lost frame ID: 4393
The lost frame ID: 4394
The lost frame ID: 4395
The lost frame ID: 4396
The lost frame ID: 4397
The lost frame ID: 4398
The lost frame ID: 4399
The lost frame ID: 4400
The lost frame ID: 4401
The lost frame ID: 4402
The lost frame ID: 4403
The lost frame ID: 4404
The lost frame ID: 4405
The lost frame ID: 4406
The lost frame ID: 4407
The lost frame ID: 4408
The lost frame ID: 4409
The lost frame ID: 4410
The lost frame ID: 4411
The lost frame ID: 4412
The lost frame ID: 4413
The lost frame ID: 4414
The lost frame ID: 4415
The lost frame ID: 4416
The lost frame ID: 4417
The lost frame ID: 4418
The lost frame ID: 4419
The lost frame ID: 4420
The lost frame ID: 4421
The lost frame ID: 4422
The lost frame ID: 4423
The lost frame ID: 4424
The lost frame ID: 4425
The lost frame ID: 4426
The lost frame ID: 4427
The lost frame ID: 4428
The lost frame ID: 4429
The lost frame ID: 4430
The lost frame ID: 4431
The lost frame ID: 4432
The lost frame ID: 4433
The lost frame ID: 4434
The lost frame ID: 4435
The lost frame ID: 4436
The lost frame ID: 4437
The lost frame ID: 4438
The lost frame ID: 4439
The lost frame ID: 4440
The lost frame ID: 4441
The lost frame ID: 4442
The lost frame ID: 4443
The lost frame ID: 4444
The lost frame ID: 4445
The lost frame ID: 4446
The lost frame ID: 4447
The lost frame ID: 4448
The lost frame ID: 4449
The lost frame ID: 4450
System::StopViewer()
System::StopViewer() done
System::StopViewer()
System::StopViewer() done
Tracking thread joined...

Saving correlation status...

========== Global Summary ==========
Frames: 3299
avg_CorrEdges: 0.651713
avg_match_A: 124.424
avg_match_B: 80.5456
global_RI_MNR: 0.00809122
global_RI_GNR: 0.00651002
global_RI_DICE: 0.0063591

========== Per-Channel Summary ==========
   chA   chB     avgCorr        avgA        avgB   avgRI_MNR   avgRI_GNR  avgRI_DICE
     0     1    0.651713     124.424     80.5456  0.00558322  0.00450881  0.00438418

Correlation status saved!

-------

median tracking time: 0.0956587
mean tracking time: 0.103854

Saving camera trajectory to result20.txt ...

trajectory saved!

========== Performance Summary (ms) ==========
name                                mean      median        rmse         min         max       count
Tracking                          16.131       4.384      20.487       1.076     168.771        4539
Correlation                        0.104       0.085       0.061       0.031       0.490        3299
Total Init                       305.945     305.945       0.000     305.945     305.945           1
Pipeline                         103.850      95.654      21.606      73.091     408.782        4541
SuperPoint Extract                85.964      85.579       6.822      65.918     260.146        4541
SIFT Extract                      36.866      38.046       5.083      25.540      55.863        4541
