Registering ORBextractor...
Registering AKAZEextractor...
Registering BRISKextractor...
Registering SIFTextractor...
Registering KAZEextractor...
Registering SuperPointExtractor...

ORB-SLAM2 Copyright (C) 2014-2016 Raul Mur-Artal, University of Zaragoza.
This program comes with ABSOLUTELY NO WARRANTY;
This is free software, and you are welcome to redistribute it
under certain conditions. See LICENSE.txt.

Input sensor was set to: Monocular

Loading Vocabulary : /home/howard/Refactored_ORB_SLAM2/Install/var/lib/orbslam2/voc/orb_mur.fbow
This could take a while...
Loading ORB Vocabulary in FBoW.
ORB Vocabulary loaded in 0.019096s


Loading Vocabulary : /home/howard/Refactored_ORB_SLAM2/Install/var/lib/orbslam2/voc/kaze_cv.fbow
This could take a while...
Loading KAZE Vocabulary in FBoW.
KAZE Vocabulary loaded in 0.017813s


Camera Parameters: 
- fx: 983.044
- fy: 983.044
- cx: 643.647
- cy: 493.379
- k1: 0
- k2: 0
- p1: 0
- p2: 0
- fps: 16
- color order: RGB (ignored if grayscale)

[Feature 0] ORB Extractor Parameters: 
 ( TH_LOW: 50, TH_HIGH: 100 )
- Number of Features: 2000
- Scale Levels: 8
- Scale Factor: 1.2
- Initial Fast Threshold: 20
- Minimum Fast Threshold: 7

[Feature 1] KAZE Extractor Parameters: 
 ( TH_LOW: 0.5, TH_HIGH: 1 )
- Number of Features : 1000
- Scale Levels       : 4
- Scale Factor       : 1.2
- Threshold          : 0.0005
- nOctaves           : 4
- nOctaveLayers      : 4
- Extended (128‑dim) : 0
- Upright            : 0

-------
Start processing sequence ...
Images in the sequence: 7513

0
New map created with 184 points for 0 Feature Type 
New map created with 466 points for 1 Feature Type 
Tracking Initlized in 321.04s
The initlized frame ID: 137
The lost frame ID: 831
The lost frame ID: 832
The lost frame ID: 833
The lost frame ID: 834
The lost frame ID: 835
The lost frame ID: 836
The lost frame ID: 837
The lost frame ID: 839
The lost frame ID: 840
The lost frame ID: 855
The lost frame ID: 856
The lost frame ID: 857
The lost frame ID: 858
The lost frame ID: 860
The lost frame ID: 861
The lost frame ID: 862
The lost frame ID: 864
The lost frame ID: 865
The lost frame ID: 866
The lost frame ID: 867
The lost frame ID: 868
The lost frame ID: 870
The lost frame ID: 872
The lost frame ID: 875
The lost frame ID: 876
The lost frame ID: 880
The lost frame ID: 881
The lost frame ID: 882
The lost frame ID: 883
The lost frame ID: 885
The lost frame ID: 892
The lost frame ID: 893
The lost frame ID: 894
The lost frame ID: 896
The lost frame ID: 900
The lost frame ID: 901
The lost frame ID: 902
The lost frame ID: 903
The lost frame ID: 904
The lost frame ID: 905
The lost frame ID: 909
The lost frame ID: 911
The lost frame ID: 915
The lost frame ID: 916
The lost frame ID: 919
The lost frame ID: 922
The lost frame ID: 926
The lost frame ID: 927
The lost frame ID: 930
The lost frame ID: 932
The lost frame ID: 934
The lost frame ID: 935
The lost frame ID: 936
The lost frame ID: 937
The lost frame ID: 938
The lost frame ID: 939
The lost frame ID: 940
The lost frame ID: 941
The lost frame ID: 942

Saving camera trajectory to TrajectoryBeforeReset_oxf_orb_kaz_r03_seg01_pid3418610_1757375213645.txt ...

trajectory saved!
[Tracking] wrote pre-reset trajectory to TrajectoryBeforeReset_oxf_orb_kaz_r03_seg01_pid3418610_1757375213645.txt
[Tracking] LOST for 10 consecutive frames -> reset
System Reseting
Reseting Local Mapper... done
Reseting Loop Closing... done
Reseting Database... done
0
New map created with 109 points for 0 Feature Type 
New map created with 297 points for 1 Feature Type 
Tracking Initlized in 4.74s
The initlized frame ID: 2
The lost frame ID: 535
The lost frame ID: 536
The lost frame ID: 537
The lost frame ID: 538
The lost frame ID: 539
The lost frame ID: 540
The lost frame ID: 541
The lost frame ID: 542
The lost frame ID: 543

Saving camera trajectory to TrajectoryBeforeReset_oxf_orb_kaz_r03_seg02_pid3418610_1757375483968.txt ...

trajectory saved!
[Tracking] wrote pre-reset trajectory to TrajectoryBeforeReset_oxf_orb_kaz_r03_seg02_pid3418610_1757375483968.txt
[Tracking] LOST for 10 consecutive frames -> reset
System Reseting
Reseting Local Mapper... done
Reseting Loop Closing... done
Reseting Database... done
1
New map created with 38 points for 0 Feature Type 
New map created with 150 points for 1 Feature Type 
Tracking Initlized in 7.06s
The initlized frame ID: 3
The lost frame ID: 251
The lost frame ID: 252
The lost frame ID: 253
The lost frame ID: 254
The lost frame ID: 255
The lost frame ID: 256
The lost frame ID: 257
The lost frame ID: 258
The lost frame ID: 259

Saving camera trajectory to TrajectoryBeforeReset_oxf_orb_kaz_r03_seg03_pid3418610_1757375620504.txt ...

trajectory saved!
[Tracking] wrote pre-reset trajectory to TrajectoryBeforeReset_oxf_orb_kaz_r03_seg03_pid3418610_1757375620504.txt
[Tracking] LOST for 10 consecutive frames -> reset
System Reseting
Reseting Local Mapper... done
Reseting Loop Closing... done
Reseting Database... done
0
New map created with 92 points for 0 Feature Type 
New map created with 159 points for 1 Feature Type 
Tracking Initlized in 62.56s
The initlized frame ID: 27
The lost frame ID: 1017
The lost frame ID: 1019
The lost frame ID: 1020
The lost frame ID: 1022
The lost frame ID: 1024
The lost frame ID: 1025
The lost frame ID: 1028
The lost frame ID: 1029
The lost frame ID: 1030
The lost frame ID: 1032
The lost frame ID: 1033
The lost frame ID: 1037
The lost frame ID: 1038
The lost frame ID: 1040
The lost frame ID: 1042
The lost frame ID: 1043
The lost frame ID: 1044
The lost frame ID: 1045
The lost frame ID: 1046
The lost frame ID: 1047
The lost frame ID: 1048
The lost frame ID: 1049
The lost frame ID: 1050

Saving camera trajectory to TrajectoryBeforeReset_oxf_orb_kaz_r03_seg04_pid3418610_1757376138015.txt ...

trajectory saved!
[Tracking] wrote pre-reset trajectory to TrajectoryBeforeReset_oxf_orb_kaz_r03_seg04_pid3418610_1757376138015.txt
[Tracking] LOST for 10 consecutive frames -> reset
System Reseting
Reseting Local Mapper... done
Reseting Loop Closing... done
Reseting Database... done
1
New map created with 61 points for 0 Feature Type 
New map created with 133 points for 1 Feature Type 
Tracking Initlized in 4.78s
The initlized frame ID: 2
Track lost soon after initialisation, reseting...
System Reseting
Reseting Local Mapper... done
Reseting Loop Closing... done
Reseting Database... done
1
New map created with 85 points for 0 Feature Type 
New map created with 203 points for 1 Feature Type 
Tracking Initlized in 2.68s
The initlized frame ID: 1
Track lost soon after initialisation, reseting...
System Reseting
Reseting Local Mapper... done
Reseting Loop Closing... done
Reseting Database... done
1
New map created with 47 points for 0 Feature Type 
New map created with 166 points for 1 Feature Type 
Tracking Initlized in 4.75s
The initlized frame ID: 2
Track lost soon after initialisation, reseting...
System Reseting
Reseting Local Mapper... done
Reseting Loop Closing... done
Reseting Database... done
1
New map created with 54 points for 0 Feature Type 
New map created with 139 points for 1 Feature Type 
Tracking Initlized in 4.76s
The initlized frame ID: 2
The lost frame ID: 140
The lost frame ID: 141
The lost frame ID: 142
The lost frame ID: 143
The lost frame ID: 144
The lost frame ID: 145
The lost frame ID: 146
The lost frame ID: 147
The lost frame ID: 148

Saving camera trajectory to TrajectoryBeforeReset_oxf_orb_kaz_r03_seg05_pid3418610_1757376220982.txt ...

trajectory saved!
[Tracking] wrote pre-reset trajectory to TrajectoryBeforeReset_oxf_orb_kaz_r03_seg05_pid3418610_1757376220982.txt
[Tracking] LOST for 10 consecutive frames -> reset
System Reseting
Reseting Local Mapper... done
Reseting Loop Closing... done
Reseting Database... done
1
New map created with 73 points for 0 Feature Type 
New map created with 154 points for 1 Feature Type 
Tracking Initlized in 41.59s
The initlized frame ID: 17
The lost frame ID: 593
The lost frame ID: 594
The lost frame ID: 595
The lost frame ID: 596
The lost frame ID: 597
The lost frame ID: 598
The lost frame ID: 599
The lost frame ID: 600
The lost frame ID: 601

Saving camera trajectory to TrajectoryBeforeReset_oxf_orb_kaz_r03_seg06_pid3418610_1757376537719.txt ...

trajectory saved!
[Tracking] wrote pre-reset trajectory to TrajectoryBeforeReset_oxf_orb_kaz_r03_seg06_pid3418610_1757376537719.txt
[Tracking] LOST for 10 consecutive frames -> reset
System Reseting
Reseting Local Mapper... done
Reseting Loop Closing... done
Reseting Database... done
1
New map created with 67 points for 0 Feature Type 
New map created with 243 points for 1 Feature Type 
Tracking Initlized in 6.38s
The initlized frame ID: 3
The lost frame ID: 1411
The lost frame ID: 1412
The lost frame ID: 1413
The lost frame ID: 1414
The lost frame ID: 1415
The lost frame ID: 1416
The lost frame ID: 1417
The lost frame ID: 1418
The lost frame ID: 1419

Saving camera trajectory to TrajectoryBeforeReset_oxf_orb_kaz_r03_seg07_pid3418610_1757377231003.txt ...

trajectory saved!
[Tracking] wrote pre-reset trajectory to TrajectoryBeforeReset_oxf_orb_kaz_r03_seg07_pid3418610_1757377231003.txt
[Tracking] LOST for 10 consecutive frames -> reset
System Reseting
Reseting Local Mapper... done
Reseting Loop Closing... done
Reseting Database... done
0
New map created with 145 points for 0 Feature Type 
New map created with 367 points for 1 Feature Type 
Tracking Initlized in 4.64s
The initlized frame ID: 2
The lost frame ID: 2242
The lost frame ID: 2243
The lost frame ID: 2244
The lost frame ID: 2245
The lost frame ID: 2246
The lost frame ID: 2247
The lost frame ID: 2248
The lost frame ID: 2249
The lost frame ID: 2250

Saving camera trajectory to TrajectoryBeforeReset_oxf_orb_kaz_r03_seg08_pid3418610_1757378381556.txt ...

trajectory saved!
[Tracking] wrote pre-reset trajectory to TrajectoryBeforeReset_oxf_orb_kaz_r03_seg08_pid3418610_1757378381556.txt
[Tracking] LOST for 10 consecutive frames -> reset
System Reseting
Reseting Local Mapper... done
Reseting Loop Closing... done
Reseting Database... done
1
New map created with 22 points for 0 Feature Type 
New map created with 116 points for 1 Feature Type 
Tracking Initlized in 20.67s
The initlized frame ID: 10
The lost frame ID: 156
The lost frame ID: 157
The lost frame ID: 158
The lost frame ID: 159
The lost frame ID: 160
The lost frame ID: 161
The lost frame ID: 162
The lost frame ID: 163
The lost frame ID: 164

Saving camera trajectory to TrajectoryBeforeReset_oxf_orb_kaz_r03_seg09_pid3418610_1757378470744.txt ...

trajectory saved!
[Tracking] wrote pre-reset trajectory to TrajectoryBeforeReset_oxf_orb_kaz_r03_seg09_pid3418610_1757378470744.txt
[Tracking] LOST for 10 consecutive frames -> reset
System Reseting
Reseting Local Mapper... done
Reseting Loop Closing... done
Reseting Database... done
0
New map created with 100 points for 0 Feature Type 
New map created with 223 points for 1 Feature Type 
Tracking Initlized in 2.54s
The initlized frame ID: 1
System::StopViewer()
System::StopViewer() done

Saving correlation status...

========== Global Summary ==========
Frames: 7131
avg_CorrEdges: 6.58239
avg_match_A: 117.981
avg_match_B: 132.658
global_RI_MNR: 0.0557922
global_RI_GNR: 0.0526152
global_RI_DICE: 0.0525249

========== Per-Channel Summary ==========
   chA   chB     avgCorr        avgA        avgB   avgRI_MNR   avgRI_GNR  avgRI_DICE
     0     1     6.58239     117.981     132.658   0.0542969   0.0470308   0.0463836

Correlation status saved!

System Shutdown
-------

median tracking time: 0.486655
mean tracking time: 0.486481

Saving camera trajectory to result03.txt ...

trajectory saved!
All done

========== Performance Summary (ms) ==========
name                                mean      median        rmse         min         max       count
Lost Count                         1.000       1.000       0.000       1.000       1.000           9
Tracking                          10.736       9.508       5.658       0.997      52.401        7291
Reset Count                        1.000       1.000       0.000       1.000       1.000          12
Correlation                        0.208       0.179       0.153       0.003       5.247        7134
Total Init                     77307.414   77307.414       0.000   77307.414   77307.414           1
Pipeline                         485.703     486.590      43.188     334.472     727.101        7513
KAZE Extract                     470.039     470.692      42.648     317.850     710.259        7513
ORB Extract                       31.471      30.136       7.401       6.832      75.574        7513
