Registering ORBextractor...
Registering AKAZEextractor...
Registering BRISKextractor...
Registering SIFTextractor...
Registering KAZEextractor...
Registering SuperPointExtractor...

ORB-SLAM2 Copyright (C) 2014-2016 Raul Mur-Artal, University of Zaragoza.
This program comes with ABSOLUTELY NO WARRANTY;
This is free software, and you are welcome to redistribute it
under certain conditions. See LICENSE.txt.

Input sensor was set to: Monocular

Loading Vocabulary : /home/howard/Refactored_ORB_SLAM2/Install/var/lib/orbslam2/voc/orb_mur.fbow
This could take a while...
Loading ORB Vocabulary in FBoW.
ORB Vocabulary loaded in 0.014245s


Loading Vocabulary : /home/howard/Refactored_ORB_SLAM2/Install/var/lib/orbslam2/voc/kaze_cv.fbow
This could take a while...
Loading KAZE Vocabulary in FBoW.
KAZE Vocabulary loaded in 0.011637s


Camera Parameters: 
- fx: 983.044
- fy: 983.044
- cx: 643.647
- cy: 493.379
- k1: 0
- k2: 0
- p1: 0
- p2: 0
- fps: 16
- color order: RGB (ignored if grayscale)

[Feature 0] ORB Extractor Parameters: 
 ( TH_LOW: 50, TH_HIGH: 100 )
- Number of Features: 2000
- Scale Levels: 8
- Scale Factor: 1.2
- Initial Fast Threshold: 20
- Minimum Fast Threshold: 7

[Feature 1] KAZE Extractor Parameters: 
 ( TH_LOW: 0.5, TH_HIGH: 1 )
- Number of Features : 1000
- Scale Levels       : 4
- Scale Factor       : 1.2
- Threshold          : 0.0005
- nOctaves           : 4
- nOctaveLayers      : 4
- Extended (128‑dim) : 0
- Upright            : 0

-------
Start processing sequence ...
Images in the sequence: 7513

1
New map created with 125 points for 0 Feature Type 
New map created with 416 points for 1 Feature Type 
Tracking Initlized in 295.05s
The initlized frame ID: 138
The lost frame ID: 831
The lost frame ID: 832
The lost frame ID: 833
The lost frame ID: 834
The lost frame ID: 835
The lost frame ID: 836
The lost frame ID: 837
The lost frame ID: 838
The lost frame ID: 839
The lost frame ID: 864
The lost frame ID: 867
The lost frame ID: 868
The lost frame ID: 870
The lost frame ID: 871
The lost frame ID: 873
The lost frame ID: 879
The lost frame ID: 880
The lost frame ID: 881
The lost frame ID: 882
The lost frame ID: 883
The lost frame ID: 887
The lost frame ID: 889
The lost frame ID: 890
The lost frame ID: 891
The lost frame ID: 892
The lost frame ID: 894
The lost frame ID: 897
The lost frame ID: 901
The lost frame ID: 902
The lost frame ID: 904
The lost frame ID: 906
The lost frame ID: 909
The lost frame ID: 910
The lost frame ID: 911
The lost frame ID: 913
The lost frame ID: 914
The lost frame ID: 915
The lost frame ID: 916
The lost frame ID: 918
The lost frame ID: 920
The lost frame ID: 921
The lost frame ID: 924
The lost frame ID: 926
The lost frame ID: 927
The lost frame ID: 929
The lost frame ID: 941
The lost frame ID: 960
The lost frame ID: 961
The lost frame ID: 962
The lost frame ID: 964
The lost frame ID: 965
The lost frame ID: 966
The lost frame ID: 968
The lost frame ID: 970
The lost frame ID: 1463
The lost frame ID: 1464
The lost frame ID: 1465
The lost frame ID: 1466
The lost frame ID: 1467
The lost frame ID: 1468
The lost frame ID: 1469
The lost frame ID: 1470
The lost frame ID: 1471

Saving camera trajectory to TrajectoryBeforeReset_oxf_orb_kaz_r05_seg01_pid4124360_1757382667942.txt ...

trajectory saved!
[Tracking] wrote pre-reset trajectory to TrajectoryBeforeReset_oxf_orb_kaz_r05_seg01_pid4124360_1757382667942.txt
[Tracking] LOST for 10 consecutive frames -> reset
System Reseting
Reseting Local Mapper... done
Reseting Loop Closing... done
Reseting Database... done
1
New map created with 22 points for 0 Feature Type 
New map created with 137 points for 1 Feature Type 
Tracking Initlized in 33.85s
The initlized frame ID: 16
The lost frame ID: 267
The lost frame ID: 268
The lost frame ID: 269
The lost frame ID: 270
The lost frame ID: 271
The lost frame ID: 272
The lost frame ID: 273
The lost frame ID: 274
The lost frame ID: 275

Saving camera trajectory to TrajectoryBeforeReset_oxf_orb_kaz_r05_seg02_pid4124360_1757382796382.txt ...

trajectory saved!
[Tracking] wrote pre-reset trajectory to TrajectoryBeforeReset_oxf_orb_kaz_r05_seg02_pid4124360_1757382796382.txt
[Tracking] LOST for 10 consecutive frames -> reset
System Reseting
Reseting Local Mapper... done
Reseting Loop Closing... done
Reseting Database... done
1
New map created with 77 points for 0 Feature Type 
New map created with 193 points for 1 Feature Type 
Tracking Initlized in 6.41s
The initlized frame ID: 3
The lost frame ID: 1012
The lost frame ID: 1013
The lost frame ID: 1014
The lost frame ID: 1015
The lost frame ID: 1016
The lost frame ID: 1017
The lost frame ID: 1018
The lost frame ID: 1019
The lost frame ID: 1020

Saving camera trajectory to TrajectoryBeforeReset_oxf_orb_kaz_r05_seg03_pid4124360_1757383268976.txt ...

trajectory saved!
[Tracking] wrote pre-reset trajectory to TrajectoryBeforeReset_oxf_orb_kaz_r05_seg03_pid4124360_1757383268976.txt
[Tracking] LOST for 10 consecutive frames -> reset
System Reseting
Reseting Local Mapper... done
Reseting Loop Closing... done
Reseting Database... done
1
New map created with 60 points for 0 Feature Type 
New map created with 142 points for 1 Feature Type 
Tracking Initlized in 4.32s
The initlized frame ID: 2
The lost frame ID: 180
The lost frame ID: 181
The lost frame ID: 182
The lost frame ID: 183
The lost frame ID: 184
The lost frame ID: 185
The lost frame ID: 186
The lost frame ID: 187
The lost frame ID: 188

Saving camera trajectory to TrajectoryBeforeReset_oxf_orb_kaz_r05_seg04_pid4124360_1757383359754.txt ...

trajectory saved!
[Tracking] wrote pre-reset trajectory to TrajectoryBeforeReset_oxf_orb_kaz_r05_seg04_pid4124360_1757383359754.txt
[Tracking] LOST for 10 consecutive frames -> reset
System Reseting
Reseting Local Mapper... done
Reseting Loop Closing... done
Reseting Database... done
1
New map created with 65 points for 0 Feature Type 
New map created with 152 points for 1 Feature Type 
Tracking Initlized in 38.40s
The initlized frame ID: 17
The lost frame ID: 595
The lost frame ID: 596
The lost frame ID: 597
The lost frame ID: 598
The lost frame ID: 599
The lost frame ID: 600
The lost frame ID: 601
The lost frame ID: 602
The lost frame ID: 603

Saving camera trajectory to TrajectoryBeforeReset_oxf_orb_kaz_r05_seg05_pid4124360_1757383647895.txt ...

trajectory saved!
[Tracking] wrote pre-reset trajectory to TrajectoryBeforeReset_oxf_orb_kaz_r05_seg05_pid4124360_1757383647895.txt
[Tracking] LOST for 10 consecutive frames -> reset
System Reseting
Reseting Local Mapper... done
Reseting Loop Closing... done
Reseting Database... done
1
New map created with 73 points for 0 Feature Type 
New map created with 259 points for 1 Feature Type 
Tracking Initlized in 6.09s
The initlized frame ID: 3
The lost frame ID: 1409
The lost frame ID: 1410
The lost frame ID: 1411
The lost frame ID: 1412
The lost frame ID: 1413
The lost frame ID: 1414
The lost frame ID: 1416
The lost frame ID: 1417
The lost frame ID: 1418
The lost frame ID: 1419
The lost frame ID: 1420
The lost frame ID: 1421
The lost frame ID: 1422
The lost frame ID: 1423
The lost frame ID: 1424

Saving camera trajectory to TrajectoryBeforeReset_oxf_orb_kaz_r05_seg06_pid4124360_1757384256203.txt ...

trajectory saved!
[Tracking] wrote pre-reset trajectory to TrajectoryBeforeReset_oxf_orb_kaz_r05_seg06_pid4124360_1757384256203.txt
[Tracking] LOST for 10 consecutive frames -> reset
System Reseting
Reseting Local Mapper... done
Reseting Loop Closing... done
Reseting Database... done
0
New map created with 138 points for 0 Feature Type 
New map created with 314 points for 1 Feature Type 
Tracking Initlized in 3.73s
The initlized frame ID: 2
The lost frame ID: 2235
The lost frame ID: 2236
The lost frame ID: 2237
The lost frame ID: 2238
The lost frame ID: 2239
The lost frame ID: 2240
The lost frame ID: 2241
The lost frame ID: 2242
The lost frame ID: 2243

Saving camera trajectory to TrajectoryBeforeReset_oxf_orb_kaz_r05_seg07_pid4124360_1757385244799.txt ...

trajectory saved!
[Tracking] wrote pre-reset trajectory to TrajectoryBeforeReset_oxf_orb_kaz_r05_seg07_pid4124360_1757385244799.txt
[Tracking] LOST for 10 consecutive frames -> reset
System Reseting
Reseting Local Mapper... done
Reseting Loop Closing... done
Reseting Database... done
1
New map created with 19 points for 0 Feature Type 
New map created with 107 points for 1 Feature Type 
Tracking Initlized in 19.20s
The initlized frame ID: 10
The lost frame ID: 156
The lost frame ID: 157
The lost frame ID: 158
The lost frame ID: 159
The lost frame ID: 160
The lost frame ID: 161
The lost frame ID: 162
The lost frame ID: 163
The lost frame ID: 164

Saving camera trajectory to TrajectoryBeforeReset_oxf_orb_kaz_r05_seg08_pid4124360_1757385324848.txt ...

trajectory saved!
[Tracking] wrote pre-reset trajectory to TrajectoryBeforeReset_oxf_orb_kaz_r05_seg08_pid4124360_1757385324848.txt
[Tracking] LOST for 10 consecutive frames -> reset
System Reseting
Reseting Local Mapper... done
Reseting Loop Closing... done
Reseting Database... done
0
New map created with 100 points for 0 Feature Type 
New map created with 228 points for 1 Feature Type 
Tracking Initlized in 2.62s
The initlized frame ID: 1
System::StopViewer()
System::StopViewer() done

Saving correlation status...

========== Global Summary ==========
Frames: 7171
avg_CorrEdges: 6.02287
avg_match_A: 112.511
avg_match_B: 125.959
global_RI_MNR: 0.0535313
global_RI_GNR: 0.0505931
global_RI_DICE: 0.0505126

========== Per-Channel Summary ==========
   chA   chB     avgCorr        avgA        avgB   avgRI_MNR   avgRI_GNR  avgRI_DICE
     0     1     6.02287     112.511     125.959   0.0514212   0.0446227   0.0440141

Correlation status saved!

System Shutdown
-------

median tracking time: 0.421478
mean tracking time: 0.424718

Saving camera trajectory to result05.txt ...

trajectory saved!
All done

========== Performance Summary (ms) ==========
name                                mean      median        rmse         min         max       count
Lost Count                         1.000       1.000       0.000       1.000       1.000           8
Tracking                           9.290       8.358       5.337       1.444     200.415        7312
Reset Count                        1.000       1.000       0.000       1.000       1.000           8
Correlation                        0.183       0.160       0.167       0.003       8.209        7172
Total Init                     68090.182   68090.182       0.000   68090.182   68090.182           1
Pipeline                         423.983     421.422      34.986     308.034     652.089        7513
KAZE Extract                     410.196     407.491      35.298     286.499     643.957        7513
ORB Extract                       30.314      28.974       7.107       7.189      66.107        7513
