Registering ORBextractor...
Registering AKAZEextractor...
Registering BRISKextractor...
Registering SIFTextractor...
Registering KAZEextractor...
Registering SuperPointExtractor...

ORB-SLAM2 Copyright (C) 2014-2016 Raul Mur-Artal, University of Zaragoza.
This program comes with ABSOLUTELY NO WARRANTY;
This is free software, and you are welcome to redistribute it
under certain conditions. See LICENSE.txt.

Input sensor was set to: Monocular

Loading Vocabulary : /home/howard/Refactored_ORB_SLAM2/Install/var/lib/orbslam2/voc/orb_mur.fbow
This could take a while...
Loading ORB Vocabulary in FBoW.
ORB Vocabulary loaded in 0.053500s


Loading Vocabulary : /home/howard/Refactored_ORB_SLAM2/Install/var/lib/orbslam2/voc/kaze_cv.fbow
This could take a while...
Loading KAZE Vocabulary in FBoW.
KAZE Vocabulary loaded in 0.021807s


Camera Parameters: 
- fx: 983.044
- fy: 983.044
- cx: 643.647
- cy: 493.379
- k1: 0
- k2: 0
- p1: 0
- p2: 0
- fps: 16
- color order: RGB (ignored if grayscale)

[Feature 0] ORB Extractor Parameters: 
 ( TH_LOW: 50, TH_HIGH: 100 )
- Number of Features: 2000
- Scale Levels: 8
- Scale Factor: 1.2
- Initial Fast Threshold: 20
- Minimum Fast Threshold: 7

[Feature 1] KAZE Extractor Parameters: 
 ( TH_LOW: 0.5, TH_HIGH: 1 )
- Number of Features : 2000
- Scale Levels       : 4
- Scale Factor       : 1.2
- Threshold          : 0.001
- nOctaves           : 4
- nOctaveLayers      : 4
- Extended (128‑dim) : 0
- Upright            : 0

-------
Start processing sequence ...
Images in the sequence: 7513

1
New map created with 24 points for 0 Feature Type 
New map created with 243 points for 1 Feature Type 
Tracking Initlized in 350.32s
The initlized frame ID: 141
The lost frame ID: 832
The lost frame ID: 833
The lost frame ID: 834
The lost frame ID: 835
The lost frame ID: 836
The lost frame ID: 837
The lost frame ID: 1467
The lost frame ID: 1468
The lost frame ID: 1469
The lost frame ID: 1470
The lost frame ID: 1472
The lost frame ID: 1473
The lost frame ID: 1474
The lost frame ID: 1475
The lost frame ID: 1476
The lost frame ID: 1477
The lost frame ID: 1478
The lost frame ID: 1479
The lost frame ID: 1480

Saving camera trajectory to TrajectoryBeforeReset_oxf_orb_kaz_r06_seg01_pid779017_1757505654760.txt ...

trajectory saved!
[Tracking] wrote pre-reset trajectory to TrajectoryBeforeReset_oxf_orb_kaz_r06_seg01_pid779017_1757505654760.txt
[Tracking] LOST for 10 consecutive frames -> reset
System Reseting
Reseting Local Mapper... done
Reseting Loop Closing... done
Reseting Database... done
1
New map created with 6 points for 0 Feature Type 
New map created with 89 points for 1 Feature Type 
Wrong initialization, reseting...
System Reseting
Reseting Local Mapper... done
Reseting Loop Closing... done
Reseting Database... done
1
New map created with 39 points for 0 Feature Type 
New map created with 351 points for 1 Feature Type 
Tracking Initlized in 11.12s
The initlized frame ID: 4
The lost frame ID: 1301
The lost frame ID: 1303
The lost frame ID: 1307
The lost frame ID: 1308
The lost frame ID: 1320
The lost frame ID: 1321
The lost frame ID: 1323
The lost frame ID: 1324
The lost frame ID: 1326
The lost frame ID: 1328
The lost frame ID: 1329
The lost frame ID: 1331
The lost frame ID: 1333
The lost frame ID: 1334
The lost frame ID: 1335
The lost frame ID: 1341
The lost frame ID: 1342
The lost frame ID: 1354
The lost frame ID: 1360
The lost frame ID: 1369
The lost frame ID: 1376
The lost frame ID: 1377
The lost frame ID: 1378
The lost frame ID: 1379
The lost frame ID: 1381
The lost frame ID: 1382
The lost frame ID: 1385
The lost frame ID: 1395
The lost frame ID: 1396
The lost frame ID: 1404
The lost frame ID: 1415
The lost frame ID: 1418
The lost frame ID: 1425
The lost frame ID: 1427
The lost frame ID: 1428
The lost frame ID: 1442
The lost frame ID: 1445
The lost frame ID: 1451
The lost frame ID: 1472
The lost frame ID: 1492
The lost frame ID: 1496
The lost frame ID: 1498
The lost frame ID: 1514
The lost frame ID: 1515
The lost frame ID: 1518
The lost frame ID: 1519
The lost frame ID: 1520
The lost frame ID: 1523
The lost frame ID: 1524
The lost frame ID: 1526
The lost frame ID: 1532
The lost frame ID: 1533
The lost frame ID: 1537
The lost frame ID: 1539
The lost frame ID: 1541
The lost frame ID: 1542
The lost frame ID: 1543
The lost frame ID: 1544
The lost frame ID: 1546
The lost frame ID: 1548
The lost frame ID: 1550
The lost frame ID: 1554
The lost frame ID: 1556
The lost frame ID: 1557
The lost frame ID: 1559
The lost frame ID: 1564
The lost frame ID: 1567
The lost frame ID: 1569
The lost frame ID: 1586
The lost frame ID: 1591
The lost frame ID: 1598
The lost frame ID: 1600
The lost frame ID: 1605
The lost frame ID: 1606
The lost frame ID: 1608
The lost frame ID: 1610
The lost frame ID: 1611
The lost frame ID: 1612
The lost frame ID: 1614
The lost frame ID: 1616
The lost frame ID: 1617
The lost frame ID: 1622
The lost frame ID: 1623
The lost frame ID: 1625
The lost frame ID: 1626
The lost frame ID: 1627
The lost frame ID: 1628
The lost frame ID: 1629
The lost frame ID: 1631
The lost frame ID: 1632
The lost frame ID: 1634
The lost frame ID: 1638
The lost frame ID: 1639
The lost frame ID: 1640
The lost frame ID: 1641
The lost frame ID: 1646
The lost frame ID: 1649
The lost frame ID: 1650
The lost frame ID: 1653
The lost frame ID: 1655
The lost frame ID: 1656
The lost frame ID: 1657
The lost frame ID: 1658
The lost frame ID: 1661
The lost frame ID: 1662
The lost frame ID: 1663
The lost frame ID: 1664
The lost frame ID: 1666
The lost frame ID: 1667
The lost frame ID: 1668
The lost frame ID: 1670
The lost frame ID: 1672
The lost frame ID: 1673
The lost frame ID: 1674
The lost frame ID: 1677
The lost frame ID: 1679
The lost frame ID: 1680
The lost frame ID: 1681
The lost frame ID: 1683
The lost frame ID: 1685
The lost frame ID: 1686
The lost frame ID: 1689
The lost frame ID: 1691
The lost frame ID: 1692
The lost frame ID: 1693
The lost frame ID: 1695
The lost frame ID: 1696
The lost frame ID: 1697
The lost frame ID: 1699
The lost frame ID: 1700
The lost frame ID: 1702
The lost frame ID: 1704
The lost frame ID: 1707
The lost frame ID: 1712
The lost frame ID: 1718
The lost frame ID: 1722
The lost frame ID: 1725
The lost frame ID: 1729
The lost frame ID: 1737
The lost frame ID: 1796
The lost frame ID: 1804
The lost frame ID: 1814
The lost frame ID: 1817
The lost frame ID: 1819
The lost frame ID: 1820
The lost frame ID: 1826
The lost frame ID: 1831
The lost frame ID: 1834
The lost frame ID: 1835
The lost frame ID: 1836
The lost frame ID: 1840
The lost frame ID: 1842
The lost frame ID: 1843
The lost frame ID: 1844
The lost frame ID: 1845
The lost frame ID: 1848
The lost frame ID: 1851
The lost frame ID: 1853
The lost frame ID: 1854
The lost frame ID: 1860
The lost frame ID: 1861
The lost frame ID: 1862
The lost frame ID: 1863
The lost frame ID: 1864
The lost frame ID: 1865
The lost frame ID: 1867
The lost frame ID: 1868
The lost frame ID: 1870
The lost frame ID: 1872
The lost frame ID: 1873
The lost frame ID: 1874
The lost frame ID: 1875
The lost frame ID: 1878
The lost frame ID: 1879
The lost frame ID: 1880
The lost frame ID: 1881
The lost frame ID: 1883
The lost frame ID: 1884
The lost frame ID: 1885
The lost frame ID: 1886
The lost frame ID: 1888
The lost frame ID: 1889
The lost frame ID: 1892
The lost frame ID: 1893
The lost frame ID: 1894
The lost frame ID: 1895
The lost frame ID: 1896
The lost frame ID: 1897
The lost frame ID: 1898
The lost frame ID: 1900
The lost frame ID: 1903
The lost frame ID: 1905
The lost frame ID: 1906
The lost frame ID: 1908
The lost frame ID: 1914
The lost frame ID: 1915
The lost frame ID: 1919
The lost frame ID: 1920
The lost frame ID: 1927
The lost frame ID: 1928
The lost frame ID: 1931
The lost frame ID: 1932
The lost frame ID: 1947
The lost frame ID: 1961
The lost frame ID: 1963
The lost frame ID: 1964
The lost frame ID: 1970
The lost frame ID: 1976
The lost frame ID: 1977
The lost frame ID: 1978
The lost frame ID: 1981
The lost frame ID: 1982
The lost frame ID: 1984
The lost frame ID: 1991
The lost frame ID: 1996
The lost frame ID: 2009
The lost frame ID: 2016
The lost frame ID: 2018
The lost frame ID: 2024
The lost frame ID: 2026
The lost frame ID: 2029
The lost frame ID: 2045
The lost frame ID: 2049
The lost frame ID: 2053
The lost frame ID: 2055
The lost frame ID: 2057
The lost frame ID: 2058
The lost frame ID: 2060
The lost frame ID: 2063
The lost frame ID: 2064
The lost frame ID: 2065
The lost frame ID: 2066
The lost frame ID: 2067
The lost frame ID: 2068
The lost frame ID: 2069
The lost frame ID: 2070
The lost frame ID: 2071

Saving camera trajectory to TrajectoryBeforeReset_oxf_orb_kaz_r06_seg02_pid779017_1757507151510.txt ...

trajectory saved!
[Tracking] wrote pre-reset trajectory to TrajectoryBeforeReset_oxf_orb_kaz_r06_seg02_pid779017_1757507151510.txt
[Tracking] LOST for 10 consecutive frames -> reset
System Reseting
Reseting Local Mapper... done
Reseting Loop Closing... done
Reseting Database... done
1
New map created with 10 points for 0 Feature Type 
New map created with 115 points for 1 Feature Type 
Tracking Initlized in 9.82s
The initlized frame ID: 4
The lost frame ID: 1413
The lost frame ID: 1414
The lost frame ID: 1415
The lost frame ID: 1416
The lost frame ID: 1417
The lost frame ID: 1418
The lost frame ID: 1420
The lost frame ID: 1421
The lost frame ID: 1422
The lost frame ID: 1423
The lost frame ID: 1424
The lost frame ID: 1425
The lost frame ID: 1426
The lost frame ID: 1427
The lost frame ID: 1428

Saving camera trajectory to TrajectoryBeforeReset_oxf_orb_kaz_r06_seg03_pid779017_1757508022506.txt ...

trajectory saved!
[Tracking] wrote pre-reset trajectory to TrajectoryBeforeReset_oxf_orb_kaz_r06_seg03_pid779017_1757508022506.txt
[Tracking] LOST for 10 consecutive frames -> reset
System Reseting
Reseting Local Mapper... done
Reseting Loop Closing... done
Reseting Database... done
0
New map created with 142 points for 0 Feature Type 
New map created with 366 points for 1 Feature Type 
Tracking Initlized in 4.78s
The initlized frame ID: 2
The lost frame ID: 2235
The lost frame ID: 2236
The lost frame ID: 2237
The lost frame ID: 2238
The lost frame ID: 2239
The lost frame ID: 2240
The lost frame ID: 2241
The lost frame ID: 2242
The lost frame ID: 2243

Saving camera trajectory to TrajectoryBeforeReset_oxf_orb_kaz_r06_seg04_pid779017_1757509264313.txt ...

trajectory saved!
[Tracking] wrote pre-reset trajectory to TrajectoryBeforeReset_oxf_orb_kaz_r06_seg04_pid779017_1757509264313.txt
[Tracking] LOST for 10 consecutive frames -> reset
System Reseting
Reseting Local Mapper... done
Reseting Loop Closing... done
Reseting Database... done
1
New map created with 88 points for 0 Feature Type 
New map created with 555 points for 1 Feature Type 
Tracking Initlized in 22.74s
The initlized frame ID: 10
The lost frame ID: 156
The lost frame ID: 157
The lost frame ID: 158
The lost frame ID: 159
The lost frame ID: 160
The lost frame ID: 161
The lost frame ID: 162
The lost frame ID: 163
The lost frame ID: 164

Saving camera trajectory to TrajectoryBeforeReset_oxf_orb_kaz_r06_seg05_pid779017_1757509354292.txt ...

trajectory saved!
[Tracking] wrote pre-reset trajectory to TrajectoryBeforeReset_oxf_orb_kaz_r06_seg05_pid779017_1757509354292.txt
[Tracking] LOST for 10 consecutive frames -> reset
System Reseting
Reseting Local Mapper... done
Reseting Loop Closing... done
Reseting Database... done
0
New map created with 101 points for 0 Feature Type 
New map created with 613 points for 1 Feature Type 
Tracking Initlized in 2.60s
The initlized frame ID: 1
System::StopViewer()
System::StopViewer() done

Saving correlation status...

========== Global Summary ==========
Frames: 6825
avg_CorrEdges: 8.01377
avg_match_A: 88.4736
avg_match_B: 206.95
global_RI_MNR: 0.0905782
global_RI_GNR: 0.059224
global_RI_DICE: 0.0542528

========== Per-Channel Summary ==========
   chA   chB     avgCorr        avgA        avgB   avgRI_MNR   avgRI_GNR  avgRI_DICE
     0     1     8.01377     88.4736      206.95   0.0799588    0.052376   0.0478766

Correlation status saved!

System Shutdown
-------

median tracking time: 0.604294
mean tracking time: 0.609083

Saving camera trajectory to result06.txt ...

trajectory saved!
All done

========== Performance Summary (ms) ==========
name                                mean      median        rmse         min         max       count
Lost Count                         1.000       1.000       0.000       1.000       1.000           5
Tracking                          18.554      14.937      14.101       1.863     276.772        7340
Reset Count                        1.000       1.000       0.000       1.000       1.000           6
Correlation                        0.274       0.236       0.233       0.003       9.419        7046
Total Init                     96029.828   96029.828       0.000   96029.828   96029.828           1
Pipeline                         607.986     604.096      90.140     345.893    1149.239        7513
KAZE Extract                     582.313     579.800      86.795     320.183    1040.249        7513
ORB Extract                       35.895      34.298       8.866       9.248      86.926        7513
