Registering ORBextractor...
Registering AKAZEextractor...
Registering BRISKextractor...
Registering SIFTextractor...
Registering KAZEextractor...
Registering SuperPointExtractor...

ORB-SLAM2 Copyright (C) 2014-2016 Raul Mur-Artal, University of Zaragoza.
This program comes with ABSOLUTELY NO WARRANTY;
This is free software, and you are welcome to redistribute it
under certain conditions. See LICENSE.txt.

Input sensor was set to: Monocular

Loading Vocabulary : /home/howard/Refactored_ORB_SLAM2/Install/var/lib/orbslam2/voc/orb_mur.fbow
This could take a while...
Loading ORB Vocabulary in FBoW.
ORB Vocabulary loaded in 0.030414s


Loading Vocabulary : /home/howard/Refactored_ORB_SLAM2/Install/var/lib/orbslam2/voc/kaze_cv.fbow
This could take a while...
Loading KAZE Vocabulary in FBoW.
KAZE Vocabulary loaded in 0.036884s


Camera Parameters: 
- fx: 983.044
- fy: 983.044
- cx: 643.647
- cy: 493.379
- k1: 0
- k2: 0
- p1: 0
- p2: 0
- fps: 16
- color order: RGB (ignored if grayscale)

[Feature 0] ORB Extractor Parameters: 
 ( TH_LOW: 50, TH_HIGH: 100 )
- Number of Features: 2000
- Scale Levels: 8
- Scale Factor: 1.2
- Initial Fast Threshold: 20
- Minimum Fast Threshold: 7

[Feature 1] KAZE Extractor Parameters: 
 ( TH_LOW: 0.5, TH_HIGH: 1 )
- Number of Features : 2000
- Scale Levels       : 4
- Scale Factor       : 1.2
- Threshold          : 0.001
- nOctaves           : 4
- nOctaveLayers      : 4
- Extended (128‑dim) : 0
- Upright            : 0

-------
Start processing sequence ...
Images in the sequence: 7513

1
New map created with 25 points for 0 Feature Type 
New map created with 243 points for 1 Feature Type 
Tracking Initlized in 343.33s
The initlized frame ID: 141
The lost frame ID: 831
The lost frame ID: 832
The lost frame ID: 833
The lost frame ID: 834
The lost frame ID: 835
The lost frame ID: 836
The lost frame ID: 837
The lost frame ID: 1467
The lost frame ID: 1468
The lost frame ID: 1469
The lost frame ID: 1470
The lost frame ID: 1471
The lost frame ID: 1472
The lost frame ID: 1473
The lost frame ID: 1474
The lost frame ID: 1475

Saving camera trajectory to TrajectoryBeforeReset_oxf_orb_kaz_r17_seg01_pid3865791_1757551480927.txt ...

trajectory saved!
[Tracking] wrote pre-reset trajectory to TrajectoryBeforeReset_oxf_orb_kaz_r17_seg01_pid3865791_1757551480927.txt
[Tracking] LOST for 10 consecutive frames -> reset
System Reseting
Reseting Local Mapper... done
Reseting Loop Closing... done
Reseting Database... done
1
New map created with 87 points for 0 Feature Type 
New map created with 459 points for 1 Feature Type 
Tracking Initlized in 44.71s
The initlized frame ID: 19
The lost frame ID: 1292
The lost frame ID: 1294
The lost frame ID: 1307
The lost frame ID: 1308
The lost frame ID: 1309
The lost frame ID: 1312
The lost frame ID: 1313
The lost frame ID: 1315
The lost frame ID: 1316
The lost frame ID: 1317
The lost frame ID: 1318
The lost frame ID: 1322
The lost frame ID: 1324
The lost frame ID: 1327
The lost frame ID: 1328
The lost frame ID: 1330
The lost frame ID: 1333
The lost frame ID: 1334
The lost frame ID: 1335
The lost frame ID: 1336
The lost frame ID: 1338
The lost frame ID: 1339
The lost frame ID: 1341
The lost frame ID: 1342
The lost frame ID: 1343
The lost frame ID: 1344
The lost frame ID: 1345
The lost frame ID: 1346
The lost frame ID: 1347
The lost frame ID: 1348
The lost frame ID: 1350
The lost frame ID: 1351
The lost frame ID: 1352
The lost frame ID: 1353
The lost frame ID: 1355
The lost frame ID: 1356
The lost frame ID: 1359
The lost frame ID: 1360
The lost frame ID: 1361
The lost frame ID: 1364
The lost frame ID: 1366
The lost frame ID: 1368
The lost frame ID: 1369
The lost frame ID: 1371
The lost frame ID: 1377
The lost frame ID: 1378
The lost frame ID: 1379
The lost frame ID: 1380
The lost frame ID: 1381
The lost frame ID: 1383
The lost frame ID: 1384
The lost frame ID: 1386
The lost frame ID: 1387
The lost frame ID: 1388
The lost frame ID: 1389
The lost frame ID: 1391
The lost frame ID: 1392
The lost frame ID: 1394
The lost frame ID: 1395
The lost frame ID: 1399
The lost frame ID: 1400
The lost frame ID: 1401
The lost frame ID: 1403
The lost frame ID: 1405
The lost frame ID: 1411
The lost frame ID: 1413
The lost frame ID: 1417
The lost frame ID: 1419
The lost frame ID: 1420
The lost frame ID: 1421
The lost frame ID: 1422
The lost frame ID: 1425
The lost frame ID: 1426
The lost frame ID: 1427
The lost frame ID: 1428
The lost frame ID: 1430
The lost frame ID: 1431
The lost frame ID: 1432
The lost frame ID: 1434
The lost frame ID: 1436
The lost frame ID: 1437
The lost frame ID: 1438
The lost frame ID: 1439
The lost frame ID: 1445
The lost frame ID: 1449
The lost frame ID: 1452
The lost frame ID: 1453
The lost frame ID: 1455
The lost frame ID: 1457
The lost frame ID: 1458
The lost frame ID: 1460
The lost frame ID: 1461
The lost frame ID: 1462
The lost frame ID: 1465
The lost frame ID: 1466
The lost frame ID: 1467
The lost frame ID: 1469
The lost frame ID: 1470
The lost frame ID: 1471
The lost frame ID: 1473
The lost frame ID: 1477
The lost frame ID: 1478
The lost frame ID: 1479
The lost frame ID: 1480
The lost frame ID: 1481
The lost frame ID: 1483
The lost frame ID: 1485
The lost frame ID: 1486
The lost frame ID: 1488
The lost frame ID: 1489
The lost frame ID: 1490
The lost frame ID: 1491
The lost frame ID: 1492
The lost frame ID: 1493
The lost frame ID: 1494
The lost frame ID: 1495
The lost frame ID: 1496

Saving camera trajectory to TrajectoryBeforeReset_oxf_orb_kaz_r17_seg02_pid3865791_1757552287437.txt ...

trajectory saved!
[Tracking] wrote pre-reset trajectory to TrajectoryBeforeReset_oxf_orb_kaz_r17_seg02_pid3865791_1757552287437.txt
[Tracking] LOST for 10 consecutive frames -> reset
System Reseting
Reseting Local Mapper... done
Reseting Loop Closing... done
Reseting Database... done
1
New map created with 95 points for 0 Feature Type 
New map created with 449 points for 1 Feature Type 
Tracking Initlized in 2.50s
The initlized frame ID: 1
Track lost soon after initialisation, reseting...
System Reseting
Reseting Local Mapper... done
Reseting Loop Closing... done
Reseting Database... done
1
New map created with 111 points for 0 Feature Type 
New map created with 415 points for 1 Feature Type 
Tracking Initlized in 2.77s
The initlized frame ID: 1
The lost frame ID: 576
The lost frame ID: 577
The lost frame ID: 578
The lost frame ID: 579
The lost frame ID: 580
The lost frame ID: 581
The lost frame ID: 582
The lost frame ID: 583
The lost frame ID: 584

Saving camera trajectory to TrajectoryBeforeReset_oxf_orb_kaz_r17_seg03_pid3865791_1757552607402.txt ...

trajectory saved!
[Tracking] wrote pre-reset trajectory to TrajectoryBeforeReset_oxf_orb_kaz_r17_seg03_pid3865791_1757552607402.txt
[Tracking] LOST for 10 consecutive frames -> reset
System Reseting
Reseting Local Mapper... done
Reseting Loop Closing... done
Reseting Database... done
1
New map created with 78 points for 0 Feature Type 
New map created with 635 points for 1 Feature Type 
Tracking Initlized in 4.70s
The initlized frame ID: 2
The lost frame ID: 1410
The lost frame ID: 1411
The lost frame ID: 1412
The lost frame ID: 1413
The lost frame ID: 1414
The lost frame ID: 1415
The lost frame ID: 1416
The lost frame ID: 1417
The lost frame ID: 1418

Saving camera trajectory to TrajectoryBeforeReset_oxf_orb_kaz_r17_seg04_pid3865791_1757553354005.txt ...

trajectory saved!
[Tracking] wrote pre-reset trajectory to TrajectoryBeforeReset_oxf_orb_kaz_r17_seg04_pid3865791_1757553354005.txt
[Tracking] LOST for 10 consecutive frames -> reset
System Reseting
Reseting Local Mapper... done
Reseting Loop Closing... done
Reseting Database... done
0
New map created with 145 points for 0 Feature Type 
New map created with 477 points for 1 Feature Type 
Tracking Initlized in 4.30s
The initlized frame ID: 2
The lost frame ID: 2242
The lost frame ID: 2243
The lost frame ID: 2244
The lost frame ID: 2245
The lost frame ID: 2246
The lost frame ID: 2247
The lost frame ID: 2248
The lost frame ID: 2249
The lost frame ID: 2250

Saving camera trajectory to TrajectoryBeforeReset_oxf_orb_kaz_r17_seg05_pid3865791_1757554555570.txt ...

trajectory saved!
[Tracking] wrote pre-reset trajectory to TrajectoryBeforeReset_oxf_orb_kaz_r17_seg05_pid3865791_1757554555570.txt
[Tracking] LOST for 10 consecutive frames -> reset
System Reseting
Reseting Local Mapper... done
Reseting Loop Closing... done
Reseting Database... done
1
New map created with 78 points for 0 Feature Type 
New map created with 561 points for 1 Feature Type 
Tracking Initlized in 22.17s
The initlized frame ID: 10
The lost frame ID: 156
The lost frame ID: 157
The lost frame ID: 158
The lost frame ID: 159
The lost frame ID: 160
The lost frame ID: 161
The lost frame ID: 162
The lost frame ID: 163
The lost frame ID: 164

Saving camera trajectory to TrajectoryBeforeReset_oxf_orb_kaz_r17_seg06_pid3865791_1757554658102.txt ...

trajectory saved!
[Tracking] wrote pre-reset trajectory to TrajectoryBeforeReset_oxf_orb_kaz_r17_seg06_pid3865791_1757554658102.txt
[Tracking] LOST for 10 consecutive frames -> reset
System Reseting
Reseting Local Mapper... done
Reseting Loop Closing... done
Reseting Database... done
1
New map created with 66 points for 0 Feature Type 
New map created with 563 points for 1 Feature Type 
Tracking Initlized in 2.77s
The initlized frame ID: 1
System::StopViewer()
System::StopViewer() done

Saving correlation status...

========== Global Summary ==========
Frames: 7119
avg_CorrEdges: 8.31268
avg_match_A: 94.0149
avg_match_B: 219.462
global_RI_MNR: 0.0884188
global_RI_GNR: 0.0578713
global_RI_DICE: 0.0530354

========== Per-Channel Summary ==========
   chA   chB     avgCorr        avgA        avgB   avgRI_MNR   avgRI_GNR  avgRI_DICE
     0     1     8.31268     94.0149     219.462   0.0803121   0.0524463   0.0478793

Correlation status saved!

System Shutdown
-------

median tracking time: 0.556053
mean tracking time: 0.561975

Saving camera trajectory to result17.txt ...

trajectory saved!
All done

========== Performance Summary (ms) ==========
name                                mean      median        rmse         min         max       count
Lost Count                         1.000       1.000       0.000       1.000       1.000           6
Tracking                          16.187      14.155      12.363       1.297     580.168        7328
Reset Count                        1.000       1.000       0.000       1.000       1.000           7
Correlation                        0.279       0.242       0.178       0.003       2.730        7152
Total Init                     99170.804   99170.804       0.000   99170.804   99170.804           1
Pipeline                         560.926     555.978      58.714     335.268    1189.105        7513
KAZE Extract                     538.041     534.128      56.000     324.712     876.601        7513
ORB Extract                       35.428      33.585       8.660       8.473     104.015        7513
