Registering ORBextractor...
Registering AKAZEextractor...
Registering BRISKextractor...
Registering SIFTextractor...
Registering KAZEextractor...
Registering SuperPointExtractor...

ORB-SLAM2 Copyright (C) 2014-2016 Raul Mur-Artal, University of Zaragoza.
This program comes with ABSOLUTELY NO WARRANTY;
This is free software, and you are welcome to redistribute it
under certain conditions. See LICENSE.txt.

Input sensor was set to: Monocular

Loading Vocabulary : /home/howard/Refactored_ORB_SLAM2/Install/var/lib/orbslam2/voc/orb_mur.fbow
This could take a while...
Loading ORB Vocabulary in FBoW.
ORB Vocabulary loaded in 0.034712s


Loading Vocabulary : /home/howard/Refactored_ORB_SLAM2/Install/var/lib/orbslam2/voc/kaze_cv.fbow
This could take a while...
Loading KAZE Vocabulary in FBoW.
KAZE Vocabulary loaded in 0.012328s


Camera Parameters: 
- fx: 983.044
- fy: 983.044
- cx: 643.647
- cy: 493.379
- k1: 0
- k2: 0
- p1: 0
- p2: 0
- fps: 16
- color order: RGB (ignored if grayscale)

[Feature 0] ORB Extractor Parameters: 
 ( TH_LOW: 50, TH_HIGH: 100 )
- Number of Features: 2000
- Scale Levels: 8
- Scale Factor: 1.2
- Initial Fast Threshold: 20
- Minimum Fast Threshold: 7

[Feature 1] KAZE Extractor Parameters: 
 ( TH_LOW: 0.5, TH_HIGH: 1 )
- Number of Features : 2000
- Scale Levels       : 4
- Scale Factor       : 1.2
- Threshold          : 0.001
- nOctaves           : 4
- nOctaveLayers      : 4
- Extended (128‑dim) : 0
- Upright            : 0

-------
Start processing sequence ...
Images in the sequence: 7513

1
New map created with 21 points for 0 Feature Type 
New map created with 245 points for 1 Feature Type 
Tracking Initlized in 336.15s
The initlized frame ID: 140
The lost frame ID: 831
The lost frame ID: 832
The lost frame ID: 833
The lost frame ID: 834
The lost frame ID: 835
The lost frame ID: 836
The lost frame ID: 837
The lost frame ID: 938
The lost frame ID: 939
The lost frame ID: 940
The lost frame ID: 941
The lost frame ID: 942
The lost frame ID: 943
The lost frame ID: 944
The lost frame ID: 945
The lost frame ID: 946

Saving camera trajectory to TrajectoryBeforeReset_oxf_orb_kaz_r13_seg01_pid2733154_1757534463118.txt ...

trajectory saved!
[Tracking] wrote pre-reset trajectory to TrajectoryBeforeReset_oxf_orb_kaz_r13_seg01_pid2733154_1757534463118.txt
[Tracking] LOST for 10 consecutive frames -> reset
System Reseting
Reseting Local Mapper... done
Reseting Loop Closing... done
Reseting Database... done
0
New map created with 138 points for 0 Feature Type 
New map created with 607 points for 1 Feature Type 
Tracking Initlized in 2.37s
The initlized frame ID: 1
The lost frame ID: 520
The lost frame ID: 521
The lost frame ID: 522
The lost frame ID: 523
The lost frame ID: 525
The lost frame ID: 526
The lost frame ID: 527
The lost frame ID: 528
The lost frame ID: 529
The lost frame ID: 530
The lost frame ID: 531
The lost frame ID: 532
The lost frame ID: 533
The lost frame ID: 535
The lost frame ID: 537
The lost frame ID: 538
The lost frame ID: 539
The lost frame ID: 541
The lost frame ID: 542
The lost frame ID: 543
The lost frame ID: 544
The lost frame ID: 545
The lost frame ID: 546
The lost frame ID: 547
The lost frame ID: 548
The lost frame ID: 549

Saving camera trajectory to TrajectoryBeforeReset_oxf_orb_kaz_r13_seg02_pid2733154_1757534769812.txt ...

trajectory saved!
[Tracking] wrote pre-reset trajectory to TrajectoryBeforeReset_oxf_orb_kaz_r13_seg02_pid2733154_1757534769812.txt
[Tracking] LOST for 10 consecutive frames -> reset
System Reseting
Reseting Local Mapper... done
Reseting Loop Closing... done
Reseting Database... done
1
New map created with 99 points for 0 Feature Type 
New map created with 737 points for 1 Feature Type 
Tracking Initlized in 9.85s
The initlized frame ID: 4
The lost frame ID: 1294
The lost frame ID: 1305
The lost frame ID: 1306
The lost frame ID: 1307
The lost frame ID: 1308
The lost frame ID: 1309
The lost frame ID: 1310
The lost frame ID: 1311
The lost frame ID: 1316
The lost frame ID: 1317
The lost frame ID: 1318
The lost frame ID: 1320
The lost frame ID: 1321
The lost frame ID: 1322
The lost frame ID: 1323
The lost frame ID: 1324
The lost frame ID: 1325
The lost frame ID: 1329
The lost frame ID: 1337
The lost frame ID: 1341
The lost frame ID: 1349
The lost frame ID: 1356
The lost frame ID: 1361
The lost frame ID: 1362
The lost frame ID: 1363
The lost frame ID: 1366
The lost frame ID: 1368
The lost frame ID: 1371
The lost frame ID: 1372
The lost frame ID: 1373
The lost frame ID: 1374
The lost frame ID: 1375
The lost frame ID: 1377
The lost frame ID: 1378
The lost frame ID: 1380
The lost frame ID: 1383
The lost frame ID: 1385
The lost frame ID: 1386
The lost frame ID: 1392
The lost frame ID: 1395
The lost frame ID: 1403
The lost frame ID: 1406
The lost frame ID: 1407
The lost frame ID: 1421
The lost frame ID: 1444
The lost frame ID: 1445
The lost frame ID: 1446
The lost frame ID: 1448
The lost frame ID: 1449
The lost frame ID: 1460
The lost frame ID: 1465
The lost frame ID: 1466
The lost frame ID: 1467
The lost frame ID: 1468
The lost frame ID: 1472
The lost frame ID: 1475
The lost frame ID: 1476
The lost frame ID: 1477
The lost frame ID: 1479
The lost frame ID: 1480
The lost frame ID: 1481
The lost frame ID: 1482
The lost frame ID: 1483
The lost frame ID: 1487
The lost frame ID: 1496
The lost frame ID: 1500
The lost frame ID: 1503
The lost frame ID: 1504
The lost frame ID: 1506
The lost frame ID: 1507
The lost frame ID: 1508
The lost frame ID: 1509
The lost frame ID: 1510
The lost frame ID: 1511
The lost frame ID: 1512
The lost frame ID: 1513
The lost frame ID: 1514

Saving camera trajectory to TrajectoryBeforeReset_oxf_orb_kaz_r13_seg03_pid2733154_1757535573233.txt ...

trajectory saved!
[Tracking] wrote pre-reset trajectory to TrajectoryBeforeReset_oxf_orb_kaz_r13_seg03_pid2733154_1757535573233.txt
[Tracking] LOST for 10 consecutive frames -> reset
System Reseting
Reseting Local Mapper... done
Reseting Loop Closing... done
Reseting Database... done
1
New map created with 100 points for 0 Feature Type 
New map created with 544 points for 1 Feature Type 
Tracking Initlized in 2.38s
The initlized frame ID: 1
The lost frame ID: 541
The lost frame ID: 542
The lost frame ID: 544
The lost frame ID: 548
The lost frame ID: 549
The lost frame ID: 550
The lost frame ID: 551
The lost frame ID: 552
The lost frame ID: 553
The lost frame ID: 554
The lost frame ID: 556
The lost frame ID: 557
The lost frame ID: 558
The lost frame ID: 559
The lost frame ID: 560
The lost frame ID: 561
The lost frame ID: 562
The lost frame ID: 563
The lost frame ID: 564

Saving camera trajectory to TrajectoryBeforeReset_oxf_orb_kaz_r13_seg04_pid2733154_1757535901006.txt ...

trajectory saved!
[Tracking] wrote pre-reset trajectory to TrajectoryBeforeReset_oxf_orb_kaz_r13_seg04_pid2733154_1757535901006.txt
[Tracking] LOST for 10 consecutive frames -> reset
System Reseting
Reseting Local Mapper... done
Reseting Loop Closing... done
Reseting Database... done
1
New map created with 114 points for 0 Feature Type 
New map created with 643 points for 1 Feature Type 
Tracking Initlized in 2.34s
The initlized frame ID: 1
Track lost soon after initialisation, reseting...
System Reseting
Reseting Local Mapper... done
Reseting Loop Closing... done
Reseting Database... done
0
New map created with 125 points for 0 Feature Type 
New map created with 617 points for 1 Feature Type 
Tracking Initlized in 2.32s
The initlized frame ID: 1
Track lost soon after initialisation, reseting...
System Reseting
Reseting Local Mapper... done
Reseting Loop Closing... done
Reseting Database... done
0
New map created with 125 points for 0 Feature Type 
New map created with 651 points for 1 Feature Type 
Tracking Initlized in 2.27s
The initlized frame ID: 1
The lost frame ID: 1386
The lost frame ID: 1387
The lost frame ID: 1388
The lost frame ID: 1389
The lost frame ID: 1390
The lost frame ID: 1391
The lost frame ID: 1392
The lost frame ID: 1393
The lost frame ID: 1394

Saving camera trajectory to TrajectoryBeforeReset_oxf_orb_kaz_r13_seg05_pid2733154_1757536684820.txt ...

trajectory saved!
[Tracking] wrote pre-reset trajectory to TrajectoryBeforeReset_oxf_orb_kaz_r13_seg05_pid2733154_1757536684820.txt
[Tracking] LOST for 10 consecutive frames -> reset
System Reseting
Reseting Local Mapper... done
Reseting Loop Closing... done
Reseting Database... done
0
New map created with 170 points for 0 Feature Type 
New map created with 607 points for 1 Feature Type 
Tracking Initlized in 4.49s
The initlized frame ID: 2
The lost frame ID: 2244
The lost frame ID: 2245
The lost frame ID: 2246
The lost frame ID: 2247
The lost frame ID: 2248
The lost frame ID: 2249
The lost frame ID: 2250
The lost frame ID: 2251
The lost frame ID: 2252

Saving camera trajectory to TrajectoryBeforeReset_oxf_orb_kaz_r13_seg06_pid2733154_1757537908258.txt ...

trajectory saved!
[Tracking] wrote pre-reset trajectory to TrajectoryBeforeReset_oxf_orb_kaz_r13_seg06_pid2733154_1757537908258.txt
[Tracking] LOST for 10 consecutive frames -> reset
System Reseting
Reseting Local Mapper... done
Reseting Loop Closing... done
Reseting Database... done
1
New map created with 86 points for 0 Feature Type 
New map created with 577 points for 1 Feature Type 
Tracking Initlized in 21.91s
The initlized frame ID: 10
The lost frame ID: 154
The lost frame ID: 155
The lost frame ID: 156
The lost frame ID: 157
The lost frame ID: 158
The lost frame ID: 159
The lost frame ID: 160
The lost frame ID: 161
The lost frame ID: 162

Saving camera trajectory to TrajectoryBeforeReset_oxf_orb_kaz_r13_seg07_pid2733154_1757537999694.txt ...

trajectory saved!
[Tracking] wrote pre-reset trajectory to TrajectoryBeforeReset_oxf_orb_kaz_r13_seg07_pid2733154_1757537999694.txt
[Tracking] LOST for 10 consecutive frames -> reset
System Reseting
Reseting Local Mapper... done
Reseting Loop Closing... done
Reseting Database... done
1
New map created with 98 points for 0 Feature Type 
New map created with 627 points for 1 Feature Type 
Tracking Initlized in 2.51s
The initlized frame ID: 1
System::StopViewer()
System::StopViewer() done

Saving correlation status...

========== Global Summary ==========
Frames: 7103
avg_CorrEdges: 8.02844
avg_match_A: 91.962
avg_match_B: 217.618
global_RI_MNR: 0.0873017
global_RI_GNR: 0.0567518
global_RI_DICE: 0.0518667

========== Per-Channel Summary ==========
   chA   chB     avgCorr        avgA        avgB   avgRI_MNR   avgRI_GNR  avgRI_DICE
     0     1     8.02844      91.962     217.618   0.0791094   0.0513325   0.0467607

Correlation status saved!

System Shutdown
-------

median tracking time: 0.55125
mean tracking time: 0.552251

Saving camera trajectory to result13.txt ...

trajectory saved!
All done

========== Performance Summary (ms) ==========
name                                mean      median        rmse         min         max       count
Lost Count                         1.000       1.000       0.000       1.000       1.000           7
Tracking                          15.319      13.489       9.322       1.466     266.203        7341
Reset Count                        1.000       1.000       0.000       1.000       1.000           9
Correlation                        0.274       0.234       0.224       0.003      10.231        7167
Total Init                     89310.706   89310.706       0.000   89310.706   89310.706           1
Pipeline                         551.167     551.127      46.321     318.042    1347.193        7513
KAZE Extract                     529.202     529.588      45.245     305.115    1316.832        7513
ORB Extract                       35.287      33.568       8.498       8.726      86.922        7513
