Registering ORBextractor...
Registering AKAZEextractor...
Registering BRISKextractor...
Registering SIFTextractor...
Registering KAZEextractor...
Registering SuperPointExtractor...

ORB-SLAM2 Copyright (C) 2014-2016 Raul Mur-Artal, University of Zaragoza.
This program comes with ABSOLUTELY NO WARRANTY;
This is free software, and you are welcome to redistribute it
under certain conditions. See LICENSE.txt.

Input sensor was set to: Monocular

Loading Vocabulary : /home/howard/Refactored_ORB_SLAM2/Install/var/lib/orbslam2/voc/orb_mur.fbow
This could take a while...
Loading ORB Vocabulary in FBoW.
ORB Vocabulary loaded in 0.077367s


Loading Vocabulary : /home/howard/Refactored_ORB_SLAM2/Install/var/lib/orbslam2/voc/kaze_cv.fbow
This could take a while...
Loading KAZE Vocabulary in FBoW.
KAZE Vocabulary loaded in 0.089565s


Camera Parameters: 
- fx: 983.044
- fy: 983.044
- cx: 643.647
- cy: 493.379
- k1: 0
- k2: 0
- p1: 0
- p2: 0
- fps: 16
- color order: RGB (ignored if grayscale)

[Feature 0] ORB Extractor Parameters: 
 ( TH_LOW: 50, TH_HIGH: 100 )
- Number of Features: 2000
- Scale Levels: 8
- Scale Factor: 1.2
- Initial Fast Threshold: 20
- Minimum Fast Threshold: 7

[Feature 1] KAZE Extractor Parameters: 
 ( TH_LOW: 0.5, TH_HIGH: 1 )
- Number of Features : 1000
- Scale Levels       : 4
- Scale Factor       : 1.2
- Threshold          : 0.0005
- nOctaves           : 4
- nOctaveLayers      : 4
- Extended (128‑dim) : 0
- Upright            : 0

-------
Start processing sequence ...
Images in the sequence: 7513

1
New map created with 125 points for 0 Feature Type 
New map created with 416 points for 1 Feature Type 
Tracking Initlized in 281.96s
The initlized frame ID: 138
The lost frame ID: 831
The lost frame ID: 832
The lost frame ID: 833
The lost frame ID: 834
The lost frame ID: 835
The lost frame ID: 836
The lost frame ID: 837
The lost frame ID: 838
The lost frame ID: 839
The lost frame ID: 856
The lost frame ID: 858
The lost frame ID: 865
The lost frame ID: 871
The lost frame ID: 875
The lost frame ID: 877
The lost frame ID: 880
The lost frame ID: 881
The lost frame ID: 883
The lost frame ID: 885
The lost frame ID: 887
The lost frame ID: 892
The lost frame ID: 894
The lost frame ID: 895
The lost frame ID: 898
The lost frame ID: 900
The lost frame ID: 905
The lost frame ID: 906
The lost frame ID: 908
The lost frame ID: 909
The lost frame ID: 910
The lost frame ID: 914
The lost frame ID: 916
The lost frame ID: 921
The lost frame ID: 924
The lost frame ID: 935
The lost frame ID: 938
The lost frame ID: 939
The lost frame ID: 940
The lost frame ID: 941
The lost frame ID: 944
The lost frame ID: 945
The lost frame ID: 947
The lost frame ID: 948
The lost frame ID: 953
The lost frame ID: 955
The lost frame ID: 956
The lost frame ID: 957
The lost frame ID: 958
The lost frame ID: 959
The lost frame ID: 960
The lost frame ID: 961
The lost frame ID: 964
The lost frame ID: 965
The lost frame ID: 969
The lost frame ID: 971
The lost frame ID: 972
The lost frame ID: 974
The lost frame ID: 975
The lost frame ID: 976
The lost frame ID: 981
The lost frame ID: 985
The lost frame ID: 986
The lost frame ID: 987
The lost frame ID: 990
The lost frame ID: 991
The lost frame ID: 992
The lost frame ID: 996
The lost frame ID: 999
The lost frame ID: 1001
The lost frame ID: 1004
The lost frame ID: 1008
The lost frame ID: 1479
The lost frame ID: 1480
The lost frame ID: 1481
The lost frame ID: 1482
The lost frame ID: 1483
The lost frame ID: 1484
The lost frame ID: 1485
The lost frame ID: 1486
The lost frame ID: 1487

Saving camera trajectory to TrajectoryBeforeReset_oxf_orb_kaz_r18_seg01_pid4099748_1757425598460.txt ...

trajectory saved!
[Tracking] wrote pre-reset trajectory to TrajectoryBeforeReset_oxf_orb_kaz_r18_seg01_pid4099748_1757425598460.txt
[Tracking] LOST for 10 consecutive frames -> reset
System Reseting
Reseting Local Mapper... done
Reseting Loop Closing... done
Reseting Database... done
1
New map created with 66 points for 0 Feature Type 
New map created with 154 points for 1 Feature Type 
Tracking Initlized in 6.18s
The initlized frame ID: 3
The lost frame ID: 251
The lost frame ID: 252
The lost frame ID: 253
The lost frame ID: 254
The lost frame ID: 255
The lost frame ID: 256
The lost frame ID: 257
The lost frame ID: 258
The lost frame ID: 259

Saving camera trajectory to TrajectoryBeforeReset_oxf_orb_kaz_r18_seg02_pid4099748_1757425694567.txt ...

trajectory saved!
[Tracking] wrote pre-reset trajectory to TrajectoryBeforeReset_oxf_orb_kaz_r18_seg02_pid4099748_1757425694567.txt
[Tracking] LOST for 10 consecutive frames -> reset
System Reseting
Reseting Local Mapper... done
Reseting Loop Closing... done
Reseting Database... done
1
New map created with 74 points for 0 Feature Type 
New map created with 188 points for 1 Feature Type 
Tracking Initlized in 5.92s
The initlized frame ID: 3
The lost frame ID: 1012
The lost frame ID: 1013
The lost frame ID: 1014
The lost frame ID: 1015
The lost frame ID: 1016
The lost frame ID: 1017
The lost frame ID: 1018
The lost frame ID: 1019
The lost frame ID: 1020

Saving camera trajectory to TrajectoryBeforeReset_oxf_orb_kaz_r18_seg03_pid4099748_1757426087068.txt ...

trajectory saved!
[Tracking] wrote pre-reset trajectory to TrajectoryBeforeReset_oxf_orb_kaz_r18_seg03_pid4099748_1757426087068.txt
[Tracking] LOST for 10 consecutive frames -> reset
System Reseting
Reseting Local Mapper... done
Reseting Loop Closing... done
Reseting Database... done
1
New map created with 55 points for 0 Feature Type 
New map created with 141 points for 1 Feature Type 
Tracking Initlized in 4.24s
The initlized frame ID: 2
The lost frame ID: 180
The lost frame ID: 181
The lost frame ID: 182
The lost frame ID: 183
The lost frame ID: 184
The lost frame ID: 185
The lost frame ID: 186
The lost frame ID: 187
The lost frame ID: 188

Saving camera trajectory to TrajectoryBeforeReset_oxf_orb_kaz_r18_seg04_pid4099748_1757426167123.txt ...

trajectory saved!
[Tracking] wrote pre-reset trajectory to TrajectoryBeforeReset_oxf_orb_kaz_r18_seg04_pid4099748_1757426167123.txt
[Tracking] LOST for 10 consecutive frames -> reset
System Reseting
Reseting Local Mapper... done
Reseting Loop Closing... done
Reseting Database... done
1
New map created with 73 points for 0 Feature Type 
New map created with 154 points for 1 Feature Type 
Tracking Initlized in 36.86s
The initlized frame ID: 17
The lost frame ID: 595
The lost frame ID: 596
The lost frame ID: 597
The lost frame ID: 598
The lost frame ID: 599
The lost frame ID: 600
The lost frame ID: 601
The lost frame ID: 602
The lost frame ID: 603

Saving camera trajectory to TrajectoryBeforeReset_oxf_orb_kaz_r18_seg05_pid4099748_1757426409116.txt ...

trajectory saved!
[Tracking] wrote pre-reset trajectory to TrajectoryBeforeReset_oxf_orb_kaz_r18_seg05_pid4099748_1757426409116.txt
[Tracking] LOST for 10 consecutive frames -> reset
System Reseting
Reseting Local Mapper... done
Reseting Loop Closing... done
Reseting Database... done
1
New map created with 73 points for 0 Feature Type 
New map created with 281 points for 1 Feature Type 
Tracking Initlized in 6.11s
The initlized frame ID: 3
The lost frame ID: 1409
The lost frame ID: 1410
The lost frame ID: 1411
The lost frame ID: 1412
The lost frame ID: 1413
The lost frame ID: 1414
The lost frame ID: 1415
The lost frame ID: 1416
The lost frame ID: 1417

Saving camera trajectory to TrajectoryBeforeReset_oxf_orb_kaz_r18_seg06_pid4099748_1757426944951.txt ...

trajectory saved!
[Tracking] wrote pre-reset trajectory to TrajectoryBeforeReset_oxf_orb_kaz_r18_seg06_pid4099748_1757426944951.txt
[Tracking] LOST for 10 consecutive frames -> reset
System Reseting
Reseting Local Mapper... done
Reseting Loop Closing... done
Reseting Database... done
0
New map created with 135 points for 0 Feature Type 
New map created with 345 points for 1 Feature Type 
Tracking Initlized in 4.12s
The initlized frame ID: 2
The lost frame ID: 2242
The lost frame ID: 2243
The lost frame ID: 2244
The lost frame ID: 2245
The lost frame ID: 2246
The lost frame ID: 2247
The lost frame ID: 2248
The lost frame ID: 2249
The lost frame ID: 2250

Saving camera trajectory to TrajectoryBeforeReset_oxf_orb_kaz_r18_seg07_pid4099748_1757427782536.txt ...

trajectory saved!
[Tracking] wrote pre-reset trajectory to TrajectoryBeforeReset_oxf_orb_kaz_r18_seg07_pid4099748_1757427782536.txt
[Tracking] LOST for 10 consecutive frames -> reset
System Reseting
Reseting Local Mapper... done
Reseting Loop Closing... done
Reseting Database... done
1
New map created with 14 points for 0 Feature Type 
New map created with 110 points for 1 Feature Type 
Tracking Initlized in 18.70s
The initlized frame ID: 10
Track lost soon after initialisation, reseting...
System Reseting
Reseting Local Mapper... done
Reseting Loop Closing... done
Reseting Database... done
1
New map created with 55 points for 0 Feature Type 
New map created with 215 points for 1 Feature Type 
Tracking Initlized in 4.19s
The initlized frame ID: 2
The lost frame ID: 139
The lost frame ID: 140
The lost frame ID: 141
The lost frame ID: 142
The lost frame ID: 143
The lost frame ID: 144
The lost frame ID: 145
The lost frame ID: 146
The lost frame ID: 147

Saving camera trajectory to TrajectoryBeforeReset_oxf_orb_kaz_r18_seg08_pid4099748_1757427850232.txt ...

trajectory saved!
[Tracking] wrote pre-reset trajectory to TrajectoryBeforeReset_oxf_orb_kaz_r18_seg08_pid4099748_1757427850232.txt
[Tracking] LOST for 10 consecutive frames -> reset
System Reseting
Reseting Local Mapper... done
Reseting Loop Closing... done
Reseting Database... done
1
New map created with 69 points for 0 Feature Type 
New map created with 194 points for 1 Feature Type 
Tracking Initlized in 4.50s
The initlized frame ID: 2
System::StopViewer()
System::StopViewer() done

Saving correlation status...

========== Global Summary ==========
Frames: 7157
avg_CorrEdges: 6.17773
avg_match_A: 113.867
avg_match_B: 127.213
global_RI_MNR: 0.054254
global_RI_GNR: 0.0513293
global_RI_DICE: 0.0512506

========== Per-Channel Summary ==========
   chA   chB     avgCorr        avgA        avgB   avgRI_MNR   avgRI_GNR  avgRI_DICE
     0     1     6.17773     113.867     127.213   0.0528324   0.0459793   0.0453676

Correlation status saved!

System Shutdown
-------

median tracking time: 0.372934
mean tracking time: 0.377283

Saving camera trajectory to result18.txt ...

trajectory saved!
All done

========== Performance Summary (ms) ==========
name                                mean      median        rmse         min         max       count
Lost Count                         1.000       1.000       0.000       1.000       1.000           8
Tracking                           8.550       7.587       6.779       0.967     436.231        7321
Reset Count                        1.000       1.000       0.000       1.000       1.000           9
Correlation                        0.170       0.154       0.091       0.003       1.645        7169
Total Init                     62176.585   62176.585       0.000   62176.585   62176.585           1
Pipeline                         376.744     372.904      39.479     275.276    1700.436        7513
KAZE Extract                     363.840     360.054      39.059     264.976    1691.578        7513
ORB Extract                       28.610      27.243       6.687       7.104      61.577        7513
