Registering ORBextractor...
Registering AKAZEextractor...
Registering BRISKextractor...
Registering SIFTextractor...
Registering KAZEextractor...
Loading images...
Loaded 2700 images.
Creating SLAM system...

ORB-SLAM2 Copyright (C) 2014-2016 Raul Mur-Artal, University of Zaragoza.
This program comes with ABSOLUTELY NO WARRANTY;
This is free software, and you are welcome to redistribute it
under certain conditions. See LICENSE.txt.

Input sensor was set to: Monocular

Loading Vocabulary : /home/ucacsjj/Proj/UCL/Projects/PM-SLAM/Install/var/lib/orbslam2/voc/akaze_cv.fbow
This could take a while...
Loading AKAZE Vocabulary in FBoW.
AKAZE Vocabulary loaded in 0.003702s


Loading Vocabulary : /home/ucacsjj/Proj/UCL/Projects/PM-SLAM/Install/var/lib/orbslam2/voc/brisk_cv.fbow
This could take a while...
Loading BRISK Vocabulary in FBoW.
BRISK Vocabulary loaded in 0.003891s


Camera Parameters: 
- fx: 458.654
- fy: 457.296
- cx: 367.215
- cy: 248.375
- k1: -0.283408
- k2: 0.0739591
- p1: 0.00019359
- p2: 1.76187e-05
- fps: 20
- color order: RGB (ignored if grayscale)

[Feature 0] AKAZE Extractor Parameters: 
 ( TH_LOW: 100, TH_HIGH: 200 )
- Number of Features: 1000
- Scale Levels: 4
- Scale Factor: 1.2
- Threshold: 0.001
- Num of Octaves: 4
- Num of Octave Layers: 4

[Feature 1] BRISK Extractor Parameters: 
 ( TH_LOW: 100, TH_HIGH: 200 )
- Number of Features: 1000
- Scale Levels: 6
- Scale Factor: 1.414
- Threshold: 10
- Num of Octaves: 3
- Pattern Scale: 1

-------
Start processing sequence ...
Images in the sequence: 2700

Viewer started, waiting for thread.
0
New map created with 849 points for 0 Feature Type 
New map created with 602 points for 1 Feature Type 
Tracking Initlized in 55.34s
The initlized frame ID: 55
The lost frame ID: 1813
The lost frame ID: 1814
The lost frame ID: 1815
The lost frame ID: 1816
The lost frame ID: 1817
The lost frame ID: 1818
The lost frame ID: 1819
The lost frame ID: 1820
The lost frame ID: 1821
The lost frame ID: 1822
The lost frame ID: 1823
The lost frame ID: 1824
The lost frame ID: 1825
The lost frame ID: 1826
The lost frame ID: 1827
The lost frame ID: 1828
The lost frame ID: 1829
The lost frame ID: 1830
The lost frame ID: 1831
The lost frame ID: 1832
The lost frame ID: 1833
The lost frame ID: 1834
The lost frame ID: 1835
The lost frame ID: 1836
The lost frame ID: 1837
The lost frame ID: 1838
The lost frame ID: 1839
The lost frame ID: 1840
The lost frame ID: 1841
The lost frame ID: 1842
The lost frame ID: 1843
The lost frame ID: 1844
The lost frame ID: 1845
The lost frame ID: 1846
The lost frame ID: 1847
The lost frame ID: 1848
The lost frame ID: 1849
The lost frame ID: 1850
The lost frame ID: 1851
The lost frame ID: 1852
The lost frame ID: 1853
The lost frame ID: 1854
The lost frame ID: 1855
The lost frame ID: 1856
The lost frame ID: 1857
The lost frame ID: 1858
The lost frame ID: 1859
The lost frame ID: 1860
The lost frame ID: 1861
The lost frame ID: 1862
The lost frame ID: 1863
The lost frame ID: 1864
The lost frame ID: 1865
The lost frame ID: 1866
The lost frame ID: 1867
The lost frame ID: 1868
The lost frame ID: 1869
The lost frame ID: 1870
The lost frame ID: 1871
The lost frame ID: 1872
The lost frame ID: 1873
The lost frame ID: 1874
The lost frame ID: 1875
The lost frame ID: 1876
The lost frame ID: 1877
The lost frame ID: 1878
The lost frame ID: 1879
The lost frame ID: 1880
The lost frame ID: 1881
The lost frame ID: 1882
The lost frame ID: 1883
The lost frame ID: 1884
The lost frame ID: 1885
The lost frame ID: 1886
The lost frame ID: 1887
The lost frame ID: 1888
The lost frame ID: 1889
The lost frame ID: 1890
The lost frame ID: 1891
The lost frame ID: 1892
The lost frame ID: 1893
The lost frame ID: 1894
The lost frame ID: 1895
The lost frame ID: 1896
The lost frame ID: 1897
The lost frame ID: 1898
The lost frame ID: 1899
The lost frame ID: 1900
The lost frame ID: 1901
The lost frame ID: 1902
The lost frame ID: 1903
The lost frame ID: 1904
The lost frame ID: 1905
The lost frame ID: 1906
The lost frame ID: 1907
The lost frame ID: 1908
The lost frame ID: 1909
The lost frame ID: 1910
The lost frame ID: 1911
The lost frame ID: 1912
The lost frame ID: 1913
The lost frame ID: 1914
The lost frame ID: 1915
The lost frame ID: 1916
The lost frame ID: 1917
The lost frame ID: 1918
The lost frame ID: 1919
The lost frame ID: 1920
The lost frame ID: 1921
The lost frame ID: 1922
The lost frame ID: 1923
The lost frame ID: 1924
The lost frame ID: 1925
The lost frame ID: 1926
The lost frame ID: 1927
The lost frame ID: 1928
The lost frame ID: 1929
The lost frame ID: 1930
The lost frame ID: 1931
The lost frame ID: 1932
The lost frame ID: 1933
The lost frame ID: 1934
The lost frame ID: 1935
The lost frame ID: 1936
The lost frame ID: 1937
The lost frame ID: 1938
The lost frame ID: 1939
The lost frame ID: 1940
The lost frame ID: 1941
The lost frame ID: 1942
The lost frame ID: 1943
The lost frame ID: 1944
The lost frame ID: 1945
The lost frame ID: 1946
The lost frame ID: 1947
The lost frame ID: 1948
The lost frame ID: 1949
The lost frame ID: 1950
The lost frame ID: 1951
The lost frame ID: 1952
The lost frame ID: 1953
The lost frame ID: 1954
The lost frame ID: 1955
The lost frame ID: 1956
The lost frame ID: 1957
The lost frame ID: 1958
The lost frame ID: 1959
The lost frame ID: 1960
The lost frame ID: 1961
The lost frame ID: 1962
The lost frame ID: 1963
The lost frame ID: 1964
The lost frame ID: 1965
The lost frame ID: 1966
The lost frame ID: 1967
The lost frame ID: 1968
The lost frame ID: 1969
The lost frame ID: 1970
The lost frame ID: 1971
The lost frame ID: 1972
The lost frame ID: 1973
The lost frame ID: 1974
The lost frame ID: 1975
The lost frame ID: 1976
The lost frame ID: 1977
The lost frame ID: 1978
The lost frame ID: 1979
The lost frame ID: 1980
The lost frame ID: 1981
The lost frame ID: 1982
The lost frame ID: 1983
The lost frame ID: 1984
The lost frame ID: 1985
The lost frame ID: 1986
The lost frame ID: 1987
The lost frame ID: 1988
The lost frame ID: 1989
The lost frame ID: 1990
The lost frame ID: 1991
The lost frame ID: 1992
The lost frame ID: 1993
The lost frame ID: 1994
The lost frame ID: 1995
The lost frame ID: 1996
The lost frame ID: 1997
The lost frame ID: 1998
The lost frame ID: 1999
The lost frame ID: 2000
The lost frame ID: 2001
The lost frame ID: 2002
The lost frame ID: 2003
The lost frame ID: 2004
The lost frame ID: 2005
The lost frame ID: 2006
The lost frame ID: 2007
The lost frame ID: 2008
The lost frame ID: 2009
The lost frame ID: 2010
The lost frame ID: 2011
The lost frame ID: 2012
The lost frame ID: 2013
The lost frame ID: 2014
The lost frame ID: 2015
The lost frame ID: 2016
The lost frame ID: 2017
The lost frame ID: 2018
The lost frame ID: 2019
The lost frame ID: 2020
The lost frame ID: 2021
The lost frame ID: 2022
The lost frame ID: 2023
The lost frame ID: 2024
The lost frame ID: 2025
The lost frame ID: 2026
The lost frame ID: 2027
The lost frame ID: 2028
The lost frame ID: 2029
The lost frame ID: 2030
The lost frame ID: 2031
The lost frame ID: 2032
The lost frame ID: 2033
The lost frame ID: 2034
The lost frame ID: 2035
The lost frame ID: 2036
The lost frame ID: 2037
The lost frame ID: 2038
The lost frame ID: 2039
The lost frame ID: 2040
The lost frame ID: 2043
The lost frame ID: 2044
The lost frame ID: 2045
The lost frame ID: 2046
The lost frame ID: 2047
The lost frame ID: 2048
The lost frame ID: 2049
The lost frame ID: 2050
System::StopViewer()
System::StopViewer() done
Tracking thread joined...

Saving correlation status...

========== Global Summary ==========
Frames: 2408
avg_CorrEdges: 24.262
avg_match_A: 179.933
avg_match_B: 190.206
global_RI_MNR: 0.134839
global_RI_GNR: 0.131148
global_RI_DICE: 0.131097

========== Per-Channel Summary ==========
   chA   chB     avgCorr        avgA        avgB   avgRI_MNR   avgRI_GNR  avgRI_DICE
     0     1      24.262     179.933     190.206    0.128589    0.114018    0.112475

Correlation status saved!

-------

median tracking time: 0.178369
mean tracking time: 0.189968

Saving camera trajectory to Trajectory.txt ...

trajectory saved!

========== Performance Summary (ms) ==========
name                                mean      median        rmse         min         max       count
Tracking                          21.662      20.524       8.626       2.352      59.190        2644
Total Init                     31676.670   31676.670       0.000   31676.670   31676.670           1
Pipeline                         189.962     178.307      85.386      56.695     641.889        2700
BRISK Extract                    158.753     150.177      64.462      41.066     348.621        2700
Correlation                        0.504       0.430       0.350       0.036       4.411        2408
AKAZE Extract                     62.142      61.657       7.507      41.243      89.801        2700
