Registering ORBextractor...
Registering AKAZEextractor...
Registering BRISKextractor...
Registering SIFTextractor...
Registering KAZEextractor...
Loading images...
Loaded 2700 images.
Creating SLAM system...

ORB-SLAM2 Copyright (C) 2014-2016 Raul Mur-Artal, University of Zaragoza.
This program comes with ABSOLUTELY NO WARRANTY;
This is free software, and you are welcome to redistribute it
under certain conditions. See LICENSE.txt.

Input sensor was set to: Monocular

Loading Vocabulary : /home/ucacsjj/Proj/UCL/Projects/PM-SLAM/Install/var/lib/orbslam2/voc/akaze_cv.fbow
This could take a while...
Loading AKAZE Vocabulary in FBoW.
AKAZE Vocabulary loaded in 0.004019s


Loading Vocabulary : /home/ucacsjj/Proj/UCL/Projects/PM-SLAM/Install/var/lib/orbslam2/voc/brisk_cv.fbow
This could take a while...
Loading BRISK Vocabulary in FBoW.
BRISK Vocabulary loaded in 0.003989s


Camera Parameters: 
- fx: 458.654
- fy: 457.296
- cx: 367.215
- cy: 248.375
- k1: -0.283408
- k2: 0.0739591
- p1: 0.00019359
- p2: 1.76187e-05
- fps: 20
- color order: RGB (ignored if grayscale)

[Feature 0] AKAZE Extractor Parameters: 
 ( TH_LOW: 100, TH_HIGH: 200 )
- Number of Features: 1000
- Scale Levels: 4
- Scale Factor: 1.2
- Threshold: 0.001
- Num of Octaves: 4
- Num of Octave Layers: 4

[Feature 1] BRISK Extractor Parameters: 
 ( TH_LOW: 100, TH_HIGH: 200 )
- Number of Features: 1000
- Scale Levels: 6
- Scale Factor: 1.414
- Threshold: 10
- Num of Octaves: 3
- Pattern Scale: 1

-------
Start processing sequence ...
Images in the sequence: 2700

Viewer started, waiting for thread.
0
New map created with 849 points for 0 Feature Type 
New map created with 602 points for 1 Feature Type 
Tracking Initlized in 55.14s
The initlized frame ID: 55
The lost frame ID: 1336
The lost frame ID: 1337
The lost frame ID: 1338
The lost frame ID: 1339
The lost frame ID: 1340
The lost frame ID: 1341
The lost frame ID: 1342
The lost frame ID: 1343
The lost frame ID: 1344
The lost frame ID: 1345
The lost frame ID: 1346
The lost frame ID: 1347
The lost frame ID: 1348
The lost frame ID: 1349
The lost frame ID: 1350
The lost frame ID: 1351
The lost frame ID: 1352
The lost frame ID: 1353
The lost frame ID: 1354
The lost frame ID: 1355
The lost frame ID: 1356
The lost frame ID: 1357
The lost frame ID: 1358
The lost frame ID: 1359
The lost frame ID: 1360
The lost frame ID: 1361
The lost frame ID: 1362
The lost frame ID: 1363
The lost frame ID: 1364
System::StopViewer()
System::StopViewer() done
Tracking thread joined...

Saving correlation status...

========== Global Summary ==========
Frames: 2615
avg_CorrEdges: 31.7101
avg_match_A: 201.681
avg_match_B: 219.559
global_RI_MNR: 0.157229
global_RI_GNR: 0.150692
global_RI_DICE: 0.150556

========== Per-Channel Summary ==========
   chA   chB     avgCorr        avgA        avgB   avgRI_MNR   avgRI_GNR  avgRI_DICE
     0     1     31.7101     201.681     219.559    0.144806    0.127966    0.126293

Correlation status saved!

-------

median tracking time: 0.1854
mean tracking time: 0.19838

Saving camera trajectory to Trajectory.txt ...

trajectory saved!

========== Performance Summary (ms) ==========
name                                mean      median        rmse         min         max       count
Tracking                          27.741      26.582      11.070       4.696      73.918        2644
Total Init                     30759.562   30759.562       0.000   30759.562   30759.562           1
Pipeline                         198.374     185.356      86.363      61.290     628.334        2700
BRISK Extract                    159.844     149.146      65.454      38.917     334.137        2700
Correlation                        0.569       0.498       0.383       0.042       4.902        2615
AKAZE Extract                     57.856      57.870       8.720      33.930      95.214        2700
