Registering ORBextractor...
Registering AKAZEextractor...
Registering BRISKextractor...
Registering SIFTextractor...
Registering KAZEextractor...
Loading images...
Loaded 2700 images.
Creating SLAM system...

ORB-SLAM2 Copyright (C) 2014-2016 Raul Mur-Artal, University of Zaragoza.
This program comes with ABSOLUTELY NO WARRANTY;
This is free software, and you are welcome to redistribute it
under certain conditions. See LICENSE.txt.

Input sensor was set to: Monocular

Loading Vocabulary : /home/ucacsjj/Proj/UCL/Projects/PM-SLAM/Install/var/lib/orbslam2/voc/akaze_cv.fbow
This could take a while...
Loading AKAZE Vocabulary in FBoW.
AKAZE Vocabulary loaded in 0.003932s


Loading Vocabulary : /home/ucacsjj/Proj/UCL/Projects/PM-SLAM/Install/var/lib/orbslam2/voc/brisk_cv.fbow
This could take a while...
Loading BRISK Vocabulary in FBoW.
BRISK Vocabulary loaded in 0.003966s


Camera Parameters: 
- fx: 458.654
- fy: 457.296
- cx: 367.215
- cy: 248.375
- k1: -0.283408
- k2: 0.0739591
- p1: 0.00019359
- p2: 1.76187e-05
- fps: 20
- color order: RGB (ignored if grayscale)

[Feature 0] AKAZE Extractor Parameters: 
 ( TH_LOW: 100, TH_HIGH: 200 )
- Number of Features: 1000
- Scale Levels: 4
- Scale Factor: 1.2
- Threshold: 0.001
- Num of Octaves: 4
- Num of Octave Layers: 4

[Feature 1] BRISK Extractor Parameters: 
 ( TH_LOW: 100, TH_HIGH: 200 )
- Number of Features: 1000
- Scale Levels: 6
- Scale Factor: 1.414
- Threshold: 10
- Num of Octaves: 3
- Pattern Scale: 1

-------
Start processing sequence ...
Images in the sequence: 2700

Viewer started, waiting for thread.
0
New map created with 849 points for 0 Feature Type 
New map created with 602 points for 1 Feature Type 
Tracking Initlized in 56.80s
The initlized frame ID: 55
[LoopClosing] Sim3 choosed on channel 0
Loop detected!
Local Mapping STOP
Local Mapping RELEASE
Starting Global Bundle Adjustment
Global Bundle Adjustment finished
Updating map ...
Local Mapping STOP
Local Mapping RELEASE
Map updated!
System::StopViewer()
System::StopViewer() done
Tracking thread joined...

Saving correlation status...

========== Global Summary ==========
Frames: 2644
avg_CorrEdges: 20.4871
avg_match_A: 165.865
avg_match_B: 164.945
global_RI_MNR: 0.124206
global_RI_GNR: 0.123861
global_RI_DICE: 0.12386

========== Per-Channel Summary ==========
   chA   chB     avgCorr        avgA        avgB   avgRI_MNR   avgRI_GNR  avgRI_DICE
     0     1     20.4871     165.865     164.945    0.123807    0.109724     0.10829

Correlation status saved!

-------

median tracking time: 0.1771
mean tracking time: 0.190529

Saving camera trajectory to Trajectory.txt ...

trajectory saved!

========== Performance Summary (ms) ==========
name                                mean      median        rmse         min         max       count
Tracking                          24.001      22.865      10.479       4.060      68.305        2644
Total Init                     30333.826   30333.826       0.000   30333.826   30333.826           1
Pipeline                         190.524     176.957      85.518      58.413     631.130        2700
BRISK Extract                    157.412     150.377      64.290      35.132     331.144        2700
Correlation                        0.456       0.368       0.323       0.053       3.508        2644
AKAZE Extract                     62.019      62.744      11.290      31.774      96.419        2700
