Registering ORBextractor...
Registering AKAZEextractor...
Registering BRISKextractor...
Registering SIFTextractor...
Registering KAZEextractor...
Registering SuperPointExtractor...

ORB-SLAM2 Copyright (C) 2014-2016 Raul Mur-Artal, University of Zaragoza.
This program comes with ABSOLUTELY NO WARRANTY;
This is free software, and you are welcome to redistribute it
under certain conditions. See LICENSE.txt.

Input sensor was set to: Monocular

Loading Vocabulary : /home/howard/Refactored_ORB_SLAM2/Install/var/lib/orbslam2/voc/akaze_cv.fbow
This could take a while...
Loading AKAZE Vocabulary in FBoW.
AKAZE Vocabulary loaded in 0.009193s


Loading Vocabulary : /home/howard/Refactored_ORB_SLAM2/Install/var/lib/orbslam2/voc/sift_cv.fbow
This could take a while...
Loading SIFT Vocabulary in FBoW.
SIFT Vocabulary loaded in 0.066190s


Camera Parameters: 
- fx: 983.044
- fy: 983.044
- cx: 643.647
- cy: 493.379
- k1: 0
- k2: 0
- p1: 0
- p2: 0
- fps: 16
- color order: RGB (ignored if grayscale)

[Feature 0] AKAZE Extractor Parameters: 
 ( TH_LOW: 100, TH_HIGH: 200 )
- Number of Features: 2000
- Scale Levels: 4
- Scale Factor: 1.2
- Threshold: 0.0001
- Num of Octaves: 4
- Num of Octave Layers: 4

[Feature 1] SIFT Extractor Parameters: 
 ( TH_LOW: 300, TH_HIGH: 500 )
- Number of Features  : 2000
- Scale Levels        : 1
- Scale Factor        : 1
- Contrast Threshold  : 0.01
- Edge Threshold      : 5
- nOctaves            : 3
- Sigma               : 1.6

-------
Start processing sequence ...
Images in the sequence: 7513

0
New map created with 878 points for 0 Feature Type 
New map created with 982 points for 1 Feature Type 
Tracking Initlized in 225.25s
The initlized frame ID: 151
The lost frame ID: 831
The lost frame ID: 832
The lost frame ID: 833
The lost frame ID: 834
The lost frame ID: 835
The lost frame ID: 836
The lost frame ID: 837
The lost frame ID: 838
The lost frame ID: 839

Saving camera trajectory to TrajectoryBeforeReset_oxf_akz_sft_r05_seg01_pid3797025_1757474412502.txt ...

trajectory saved!
[Tracking] wrote pre-reset trajectory to TrajectoryBeforeReset_oxf_akz_sft_r05_seg01_pid3797025_1757474412502.txt
[Tracking] LOST for 10 consecutive frames -> reset
System Reseting
Reseting Local Mapper... done
Reseting Loop Closing... done
Reseting Database... done
0
New map created with 1045 points for 0 Feature Type 
New map created with 1113 points for 1 Feature Type 
Tracking Initlized in 1.82s
The initlized frame ID: 1
The lost frame ID: 641
The lost frame ID: 642
The lost frame ID: 643
The lost frame ID: 644
The lost frame ID: 645
The lost frame ID: 646
The lost frame ID: 647
The lost frame ID: 648
The lost frame ID: 649

Saving camera trajectory to TrajectoryBeforeReset_oxf_akz_sft_r05_seg02_pid3797025_1757474595596.txt ...

trajectory saved!
[Tracking] wrote pre-reset trajectory to TrajectoryBeforeReset_oxf_akz_sft_r05_seg02_pid3797025_1757474595596.txt
[Tracking] LOST for 10 consecutive frames -> reset
System Reseting
Reseting Local Mapper... done
Reseting Loop Closing... done
Reseting Database... done
0
New map created with 664 points for 0 Feature Type 
New map created with 731 points for 1 Feature Type 
Tracking Initlized in 5.41s
The initlized frame ID: 3
Track lost soon after initialisation, reseting...
System Reseting
Reseting Local Mapper... done
Reseting Loop Closing... done
Reseting Database... done
0
New map created with 685 points for 0 Feature Type 
New map created with 809 points for 1 Feature Type 
Tracking Initlized in 5.19s
The initlized frame ID: 3
Track lost soon after initialisation, reseting...
System Reseting
Reseting Local Mapper... done
Reseting Loop Closing... done
Reseting Database... done
0
New map created with 1154 points for 0 Feature Type 
New map created with 1305 points for 1 Feature Type 
Tracking Initlized in 5.38s
The initlized frame ID: 3
Track lost soon after initialisation, reseting...
System Reseting
Reseting Local Mapper... done
Reseting Loop Closing... done
Reseting Database... done
0
New map created with 930 points for 0 Feature Type 
New map created with 937 points for 1 Feature Type 
Tracking Initlized in 3.80s
The initlized frame ID: 2
Track lost soon after initialisation, reseting...
System Reseting
Reseting Local Mapper... done
Reseting Loop Closing... done
Reseting Database... done
0
New map created with 1061 points for 0 Feature Type 
New map created with 1062 points for 1 Feature Type 
Tracking Initlized in 4.03s
The initlized frame ID: 2
The lost frame ID: 1251
The lost frame ID: 1252
The lost frame ID: 1253
The lost frame ID: 1254
The lost frame ID: 1255
The lost frame ID: 1256
The lost frame ID: 1257
The lost frame ID: 1258
The lost frame ID: 1259

Saving camera trajectory to TrajectoryBeforeReset_oxf_akz_sft_r05_seg03_pid3797025_1757474965085.txt ...

trajectory saved!
[Tracking] wrote pre-reset trajectory to TrajectoryBeforeReset_oxf_akz_sft_r05_seg03_pid3797025_1757474965085.txt
[Tracking] LOST for 10 consecutive frames -> reset
System Reseting
Reseting Local Mapper... done
Reseting Loop Closing... done
Reseting Database... done
0
New map created with 586 points for 0 Feature Type 
New map created with 414 points for 1 Feature Type 
Tracking Initlized in 1.74s
The initlized frame ID: 1
The lost frame ID: 180
The lost frame ID: 181
The lost frame ID: 182
The lost frame ID: 183
The lost frame ID: 184
The lost frame ID: 185
The lost frame ID: 186
The lost frame ID: 187
The lost frame ID: 188

Saving camera trajectory to TrajectoryBeforeReset_oxf_akz_sft_r05_seg04_pid3797025_1757475026887.txt ...

trajectory saved!
[Tracking] wrote pre-reset trajectory to TrajectoryBeforeReset_oxf_akz_sft_r05_seg04_pid3797025_1757475026887.txt
[Tracking] LOST for 10 consecutive frames -> reset
System Reseting
Reseting Local Mapper... done
Reseting Loop Closing... done
Reseting Database... done
0
New map created with 480 points for 0 Feature Type 
New map created with 357 points for 1 Feature Type 
Tracking Initlized in 1.84s
The initlized frame ID: 1
The lost frame ID: 590
The lost frame ID: 591
The lost frame ID: 592
The lost frame ID: 593
The lost frame ID: 594
The lost frame ID: 595
The lost frame ID: 596
The lost frame ID: 597
The lost frame ID: 598

Saving camera trajectory to TrajectoryBeforeReset_oxf_akz_sft_r05_seg05_pid3797025_1757475191691.txt ...

trajectory saved!
[Tracking] wrote pre-reset trajectory to TrajectoryBeforeReset_oxf_akz_sft_r05_seg05_pid3797025_1757475191691.txt
[Tracking] LOST for 10 consecutive frames -> reset
System Reseting
Reseting Local Mapper... done
Reseting Loop Closing... done
Reseting Database... done
0
New map created with 1015 points for 0 Feature Type 
New map created with 1160 points for 1 Feature Type 
Tracking Initlized in 27.79s
The initlized frame ID: 19
The lost frame ID: 668
The lost frame ID: 677
The lost frame ID: 678
The lost frame ID: 679
The lost frame ID: 680
The lost frame ID: 681
The lost frame ID: 682
The lost frame ID: 683
The lost frame ID: 684
The lost frame ID: 685

Saving camera trajectory to TrajectoryBeforeReset_oxf_akz_sft_r05_seg06_pid3797025_1757475385148.txt ...

trajectory saved!
[Tracking] wrote pre-reset trajectory to TrajectoryBeforeReset_oxf_akz_sft_r05_seg06_pid3797025_1757475385148.txt
[Tracking] LOST for 10 consecutive frames -> reset
System Reseting
Reseting Local Mapper... done
Reseting Loop Closing... done
Reseting Database... done
0
New map created with 985 points for 0 Feature Type 
New map created with 922 points for 1 Feature Type 
Tracking Initlized in 3.62s
The initlized frame ID: 2
The lost frame ID: 715
The lost frame ID: 716
The lost frame ID: 718
The lost frame ID: 720
The lost frame ID: 721
The lost frame ID: 722
The lost frame ID: 724
The lost frame ID: 725
The lost frame ID: 726
The lost frame ID: 727
The lost frame ID: 728
The lost frame ID: 729
The lost frame ID: 730
The lost frame ID: 731
The lost frame ID: 732

Saving camera trajectory to TrajectoryBeforeReset_oxf_akz_sft_r05_seg07_pid3797025_1757475580921.txt ...

trajectory saved!
[Tracking] wrote pre-reset trajectory to TrajectoryBeforeReset_oxf_akz_sft_r05_seg07_pid3797025_1757475580921.txt
[Tracking] LOST for 10 consecutive frames -> reset
System Reseting
Reseting Local Mapper... done
Reseting Loop Closing... done
Reseting Database... done
0
New map created with 523 points for 0 Feature Type 
New map created with 306 points for 1 Feature Type 
Tracking Initlized in 1.48s
The initlized frame ID: 1
The lost frame ID: 2244
The lost frame ID: 2245
The lost frame ID: 2246
The lost frame ID: 2247
The lost frame ID: 2248
The lost frame ID: 2249
The lost frame ID: 2250
The lost frame ID: 2251
The lost frame ID: 2252

Saving camera trajectory to TrajectoryBeforeReset_oxf_akz_sft_r05_seg08_pid3797025_1757476245235.txt ...

trajectory saved!
[Tracking] wrote pre-reset trajectory to TrajectoryBeforeReset_oxf_akz_sft_r05_seg08_pid3797025_1757476245235.txt
[Tracking] LOST for 10 consecutive frames -> reset
System Reseting
Reseting Local Mapper... done
Reseting Loop Closing... done
Reseting Database... done
0
New map created with 729 points for 0 Feature Type 
New map created with 583 points for 1 Feature Type 
Tracking Initlized in 12.90s
The initlized frame ID: 10
The lost frame ID: 154
The lost frame ID: 155
The lost frame ID: 156
The lost frame ID: 157
The lost frame ID: 158
The lost frame ID: 159
The lost frame ID: 160
The lost frame ID: 161
The lost frame ID: 162

Saving camera trajectory to TrajectoryBeforeReset_oxf_akz_sft_r05_seg09_pid3797025_1757476299613.txt ...

trajectory saved!
[Tracking] wrote pre-reset trajectory to TrajectoryBeforeReset_oxf_akz_sft_r05_seg09_pid3797025_1757476299613.txt
[Tracking] LOST for 10 consecutive frames -> reset
System Reseting
Reseting Local Mapper... done
Reseting Loop Closing... done
Reseting Database... done
0
New map created with 717 points for 0 Feature Type 
New map created with 570 points for 1 Feature Type 
Tracking Initlized in 2.16s
The initlized frame ID: 1
System::StopViewer()
System::StopViewer() done

Saving correlation status...

========== Global Summary ==========
Frames: 7198
avg_CorrEdges: 16.6182
avg_match_A: 150.12
avg_match_B: 176.73
global_RI_MNR: 0.110699
global_RI_GNR: 0.102026
global_RI_DICE: 0.101687

========== Per-Channel Summary ==========
   chA   chB     avgCorr        avgA        avgB   avgRI_MNR   avgRI_GNR  avgRI_DICE
     0     1     16.6182      150.12      176.73    0.107699   0.0945911   0.0934236

Correlation status saved!

System Shutdown
-------

median tracking time: 0.272859
mean tracking time: 0.280205

Saving camera trajectory to result05.txt ...

trajectory saved!
All done

========== Performance Summary (ms) ==========
name                                mean      median        rmse         min         max       count
Lost Count                         1.000       1.000       0.000       1.000       1.000           9
Tracking                          18.628      16.193      16.722       3.384    1041.434        7299
Total Init                     73260.032   73260.032       0.000   73260.032   73260.032           1
Pipeline                         278.907     272.705      63.915     145.802    1289.067        7513
SIFT Extract                     227.172     225.337      49.412     100.199     450.905        7513
Reset Count                        1.000       1.000       0.000       1.000       1.000          13
Correlation                        0.379       0.311       0.385       0.038      11.321        7198
AKAZE Extract                    210.374     202.976      50.622      78.739     391.575        7513
