Registering ORBextractor...
Registering AKAZEextractor...
Registering BRISKextractor...
Registering SIFTextractor...
Registering KAZEextractor...
Registering SuperPointExtractor...

ORB-SLAM2 Copyright (C) 2014-2016 Raul Mur-Artal, University of Zaragoza.
This program comes with ABSOLUTELY NO WARRANTY;
This is free software, and you are welcome to redistribute it
under certain conditions. See LICENSE.txt.

Input sensor was set to: Monocular

Loading Vocabulary : /home/howard/Refactored_ORB_SLAM2/Install/var/lib/orbslam2/voc/akaze_cv.fbow
This could take a while...
Loading AKAZE Vocabulary in FBoW.
AKAZE Vocabulary loaded in 0.006394s


Loading Vocabulary : /home/howard/Refactored_ORB_SLAM2/Install/var/lib/orbslam2/voc/sift_cv.fbow
This could take a while...
Loading SIFT Vocabulary in FBoW.
SIFT Vocabulary loaded in 0.050055s


Camera Parameters: 
- fx: 983.044
- fy: 983.044
- cx: 643.647
- cy: 493.379
- k1: 0
- k2: 0
- p1: 0
- p2: 0
- fps: 16
- color order: RGB (ignored if grayscale)

[Feature 0] AKAZE Extractor Parameters: 
 ( TH_LOW: 100, TH_HIGH: 200 )
- Number of Features: 2000
- Scale Levels: 4
- Scale Factor: 1.2
- Threshold: 0.0001
- Num of Octaves: 4
- Num of Octave Layers: 4

[Feature 1] SIFT Extractor Parameters: 
 ( TH_LOW: 300, TH_HIGH: 500 )
- Number of Features  : 2000
- Scale Levels        : 1
- Scale Factor        : 1
- Contrast Threshold  : 0.01
- Edge Threshold      : 5
- nOctaves            : 3
- Sigma               : 1.6

-------
Start processing sequence ...
Images in the sequence: 7513

0
New map created with 878 points for 0 Feature Type 
New map created with 982 points for 1 Feature Type 
Tracking Initlized in 203.46s
The initlized frame ID: 151
The lost frame ID: 831
The lost frame ID: 832
The lost frame ID: 833
The lost frame ID: 834
The lost frame ID: 835
The lost frame ID: 836
The lost frame ID: 837
The lost frame ID: 838
The lost frame ID: 839

Saving camera trajectory to TrajectoryBeforeReset_oxf_akz_sft_r02_seg01_pid2955239_1757463835630.txt ...

trajectory saved!
[Tracking] wrote pre-reset trajectory to TrajectoryBeforeReset_oxf_akz_sft_r02_seg01_pid2955239_1757463835630.txt
[Tracking] LOST for 10 consecutive frames -> reset
System Reseting
Reseting Local Mapper... done
Reseting Loop Closing... done
Reseting Database... done
0
New map created with 1045 points for 0 Feature Type 
New map created with 1113 points for 1 Feature Type 
Tracking Initlized in 1.76s
The initlized frame ID: 1
The lost frame ID: 622
The lost frame ID: 623
The lost frame ID: 624
The lost frame ID: 625
The lost frame ID: 626
The lost frame ID: 627
The lost frame ID: 628
The lost frame ID: 629
The lost frame ID: 630

Saving camera trajectory to TrajectoryBeforeReset_oxf_akz_sft_r02_seg02_pid2955239_1757463983950.txt ...

trajectory saved!
[Tracking] wrote pre-reset trajectory to TrajectoryBeforeReset_oxf_akz_sft_r02_seg02_pid2955239_1757463983950.txt
[Tracking] LOST for 10 consecutive frames -> reset
System Reseting
Reseting Local Mapper... done
Reseting Loop Closing... done
Reseting Database... done
1
New map created with 666 points for 0 Feature Type 
New map created with 763 points for 1 Feature Type 
Tracking Initlized in 1.64s
The initlized frame ID: 1
Track lost soon after initialisation, reseting...
System Reseting
Reseting Local Mapper... done
Reseting Loop Closing... done
Reseting Database... done
0
New map created with 538 points for 0 Feature Type 
New map created with 416 points for 1 Feature Type 
Tracking Initlized in 3.06s
The initlized frame ID: 2
Track lost soon after initialisation, reseting...
System Reseting
Reseting Local Mapper... done
Reseting Loop Closing... done
Reseting Database... done
0
New map created with 651 points for 0 Feature Type 
New map created with 601 points for 1 Feature Type 
Tracking Initlized in 2.92s
The initlized frame ID: 2
Track lost soon after initialisation, reseting...
System Reseting
Reseting Local Mapper... done
Reseting Loop Closing... done
Reseting Database... done
0
New map created with 418 points for 0 Feature Type 
New map created with 299 points for 1 Feature Type 
Tracking Initlized in 2.75s
The initlized frame ID: 2
The lost frame ID: 1278
The lost frame ID: 1279
The lost frame ID: 1280
The lost frame ID: 1281
The lost frame ID: 1282
The lost frame ID: 1283
The lost frame ID: 1284
The lost frame ID: 1285
The lost frame ID: 1286

Saving camera trajectory to TrajectoryBeforeReset_oxf_akz_sft_r02_seg03_pid2955239_1757464292157.txt ...

trajectory saved!
[Tracking] wrote pre-reset trajectory to TrajectoryBeforeReset_oxf_akz_sft_r02_seg03_pid2955239_1757464292157.txt
[Tracking] LOST for 10 consecutive frames -> reset
System Reseting
Reseting Local Mapper... done
Reseting Loop Closing... done
Reseting Database... done
0
New map created with 554 points for 0 Feature Type 
New map created with 392 points for 1 Feature Type 
Tracking Initlized in 1.50s
The initlized frame ID: 1
The lost frame ID: 180
The lost frame ID: 181
The lost frame ID: 182
The lost frame ID: 183
The lost frame ID: 184
The lost frame ID: 185
The lost frame ID: 186
The lost frame ID: 187
The lost frame ID: 188

Saving camera trajectory to TrajectoryBeforeReset_oxf_akz_sft_r02_seg04_pid2955239_1757464336364.txt ...

trajectory saved!
[Tracking] wrote pre-reset trajectory to TrajectoryBeforeReset_oxf_akz_sft_r02_seg04_pid2955239_1757464336364.txt
[Tracking] LOST for 10 consecutive frames -> reset
System Reseting
Reseting Local Mapper... done
Reseting Loop Closing... done
Reseting Database... done
0
New map created with 495 points for 0 Feature Type 
New map created with 369 points for 1 Feature Type 
Tracking Initlized in 1.75s
The initlized frame ID: 1
The lost frame ID: 590
The lost frame ID: 591
The lost frame ID: 592
The lost frame ID: 593
The lost frame ID: 594
The lost frame ID: 595
The lost frame ID: 596
The lost frame ID: 597
The lost frame ID: 598

Saving camera trajectory to TrajectoryBeforeReset_oxf_akz_sft_r02_seg05_pid2955239_1757464480528.txt ...

trajectory saved!
[Tracking] wrote pre-reset trajectory to TrajectoryBeforeReset_oxf_akz_sft_r02_seg05_pid2955239_1757464480528.txt
[Tracking] LOST for 10 consecutive frames -> reset
System Reseting
Reseting Local Mapper... done
Reseting Loop Closing... done
Reseting Database... done
0
New map created with 986 points for 0 Feature Type 
New map created with 1139 points for 1 Feature Type 
Tracking Initlized in 25.40s
The initlized frame ID: 19
The lost frame ID: 1412
The lost frame ID: 1413
The lost frame ID: 1414
The lost frame ID: 1415
The lost frame ID: 1416
The lost frame ID: 1417
The lost frame ID: 1418
The lost frame ID: 1419
The lost frame ID: 1420

Saving camera trajectory to TrajectoryBeforeReset_oxf_akz_sft_r02_seg06_pid2955239_1757464819379.txt ...

trajectory saved!
[Tracking] wrote pre-reset trajectory to TrajectoryBeforeReset_oxf_akz_sft_r02_seg06_pid2955239_1757464819379.txt
[Tracking] LOST for 10 consecutive frames -> reset
System Reseting
Reseting Local Mapper... done
Reseting Loop Closing... done
Reseting Database... done
0
New map created with 1207 points for 0 Feature Type 
New map created with 1573 points for 1 Feature Type 
Tracking Initlized in 1.43s
The initlized frame ID: 1
The lost frame ID: 2244
The lost frame ID: 2245
The lost frame ID: 2246
The lost frame ID: 2247
The lost frame ID: 2248
The lost frame ID: 2249
The lost frame ID: 2250
The lost frame ID: 2251
The lost frame ID: 2252

Saving camera trajectory to TrajectoryBeforeReset_oxf_akz_sft_r02_seg07_pid2955239_1757465351974.txt ...

trajectory saved!
[Tracking] wrote pre-reset trajectory to TrajectoryBeforeReset_oxf_akz_sft_r02_seg07_pid2955239_1757465351974.txt
[Tracking] LOST for 10 consecutive frames -> reset
System Reseting
Reseting Local Mapper... done
Reseting Loop Closing... done
Reseting Database... done
0
New map created with 701 points for 0 Feature Type 
New map created with 525 points for 1 Feature Type 
Tracking Initlized in 9.13s
The initlized frame ID: 8
Track lost soon after initialisation, reseting...
System Reseting
Reseting Local Mapper... done
Reseting Loop Closing... done
Reseting Database... done
0
New map created with 548 points for 0 Feature Type 
New map created with 356 points for 1 Feature Type 
Tracking Initlized in 1.67s
The initlized frame ID: 1
The lost frame ID: 143
The lost frame ID: 144
The lost frame ID: 145
The lost frame ID: 146
The lost frame ID: 147
The lost frame ID: 148
The lost frame ID: 149
The lost frame ID: 150
The lost frame ID: 151

Saving camera trajectory to TrajectoryBeforeReset_oxf_akz_sft_r02_seg08_pid2955239_1757465393234.txt ...

trajectory saved!
[Tracking] wrote pre-reset trajectory to TrajectoryBeforeReset_oxf_akz_sft_r02_seg08_pid2955239_1757465393234.txt
[Tracking] LOST for 10 consecutive frames -> reset
System Reseting
Reseting Local Mapper... done
Reseting Loop Closing... done
Reseting Database... done
0
New map created with 730 points for 0 Feature Type 
New map created with 597 points for 1 Feature Type 
Tracking Initlized in 1.67s
The initlized frame ID: 1
System::StopViewer()
System::StopViewer() done

Saving correlation status...

========== Global Summary ==========
Frames: 7224
avg_CorrEdges: 16.3804
avg_match_A: 148.495
avg_match_B: 175.725
global_RI_MNR: 0.110309
global_RI_GNR: 0.101403
global_RI_DICE: 0.101045

========== Per-Channel Summary ==========
   chA   chB     avgCorr        avgA        avgB   avgRI_MNR   avgRI_GNR  avgRI_DICE
     0     1     16.3804     148.495     175.725    0.106532   0.0936016   0.0924695

Correlation status saved!

System Shutdown
-------

median tracking time: 0.221
mean tracking time: 0.226844

Saving camera trajectory to result02.txt ...

trajectory saved!
All done

========== Performance Summary (ms) ==========
name                                mean      median        rmse         min         max       count
Lost Count                         1.000       1.000       0.000       1.000       1.000           8
Tracking                          15.798      13.892      15.486       1.618     965.476        7309
Total Init                     63765.396   63765.396       0.000   63765.396   63765.396           1
Pipeline                         225.766     220.874      54.438      95.418    1230.994        7513
SIFT Extract                     179.848     173.876      40.905      84.072     366.822        7513
Reset Count                        1.000       1.000       0.000       1.000       1.000          12
Correlation                        0.321       0.264       0.294       0.006       8.738        7225
AKAZE Extract                    177.746     172.682      40.618      64.074     354.293        7513
