Registering ORBextractor...
Registering AKAZEextractor...
Registering BRISKextractor...
Registering SIFTextractor...
Registering KAZEextractor...
Registering SuperPointExtractor...

ORB-SLAM2 Copyright (C) 2014-2016 Raul Mur-Artal, University of Zaragoza.
This program comes with ABSOLUTELY NO WARRANTY;
This is free software, and you are welcome to redistribute it
under certain conditions. See LICENSE.txt.

Input sensor was set to: Monocular

Loading Vocabulary : /home/howard/Refactored_ORB_SLAM2/Install/var/lib/orbslam2/voc/akaze_cv.fbow
This could take a while...
Loading AKAZE Vocabulary in FBoW.
AKAZE Vocabulary loaded in 0.003309s


Loading Vocabulary : /home/howard/Refactored_ORB_SLAM2/Install/var/lib/orbslam2/voc/sift_cv.fbow
This could take a while...
Loading SIFT Vocabulary in FBoW.
SIFT Vocabulary loaded in 0.069144s


Camera Parameters: 
- fx: 983.044
- fy: 983.044
- cx: 643.647
- cy: 493.379
- k1: 0
- k2: 0
- p1: 0
- p2: 0
- fps: 16
- color order: RGB (ignored if grayscale)

[Feature 0] AKAZE Extractor Parameters: 
 ( TH_LOW: 100, TH_HIGH: 200 )
- Number of Features: 2000
- Scale Levels: 4
- Scale Factor: 1.2
- Threshold: 0.0001
- Num of Octaves: 4
- Num of Octave Layers: 4

[Feature 1] SIFT Extractor Parameters: 
 ( TH_LOW: 300, TH_HIGH: 500 )
- Number of Features  : 2000
- Scale Levels        : 1
- Scale Factor        : 1
- Contrast Threshold  : 0.01
- Edge Threshold      : 5
- nOctaves            : 3
- Sigma               : 1.6

-------
Start processing sequence ...
Images in the sequence: 7513

0
New map created with 878 points for 0 Feature Type 
New map created with 982 points for 1 Feature Type 
Tracking Initlized in 229.75s
The initlized frame ID: 151
The lost frame ID: 831
The lost frame ID: 832
The lost frame ID: 833
The lost frame ID: 834
The lost frame ID: 835
The lost frame ID: 836
The lost frame ID: 837
The lost frame ID: 838
The lost frame ID: 839

Saving camera trajectory to TrajectoryBeforeReset_oxf_akz_sft_r09_seg01_pid171856_1757495810487.txt ...

trajectory saved!
[Tracking] wrote pre-reset trajectory to TrajectoryBeforeReset_oxf_akz_sft_r09_seg01_pid171856_1757495810487.txt
[Tracking] LOST for 10 consecutive frames -> reset
System Reseting
Reseting Local Mapper... done
Reseting Loop Closing... done
Reseting Database... done
0
New map created with 1045 points for 0 Feature Type 
New map created with 1113 points for 1 Feature Type 
Tracking Initlized in 2.00s
The initlized frame ID: 1
The lost frame ID: 641
The lost frame ID: 642
The lost frame ID: 643
The lost frame ID: 644
The lost frame ID: 645
The lost frame ID: 646
The lost frame ID: 647
The lost frame ID: 648
The lost frame ID: 649

Saving camera trajectory to TrajectoryBeforeReset_oxf_akz_sft_r09_seg02_pid171856_1757496011191.txt ...

trajectory saved!
[Tracking] wrote pre-reset trajectory to TrajectoryBeforeReset_oxf_akz_sft_r09_seg02_pid171856_1757496011191.txt
[Tracking] LOST for 10 consecutive frames -> reset
System Reseting
Reseting Local Mapper... done
Reseting Loop Closing... done
Reseting Database... done
0
New map created with 643 points for 0 Feature Type 
New map created with 699 points for 1 Feature Type 
Tracking Initlized in 5.45s
The initlized frame ID: 3
The lost frame ID: 1270
The lost frame ID: 1271
The lost frame ID: 1272
The lost frame ID: 1273
The lost frame ID: 1274
The lost frame ID: 1275
The lost frame ID: 1276
The lost frame ID: 1277
The lost frame ID: 1278

Saving camera trajectory to TrajectoryBeforeReset_oxf_akz_sft_r09_seg03_pid171856_1757496413141.txt ...

trajectory saved!
[Tracking] wrote pre-reset trajectory to TrajectoryBeforeReset_oxf_akz_sft_r09_seg03_pid171856_1757496413141.txt
[Tracking] LOST for 10 consecutive frames -> reset
System Reseting
Reseting Local Mapper... done
Reseting Loop Closing... done
Reseting Database... done
0
New map created with 609 points for 0 Feature Type 
New map created with 429 points for 1 Feature Type 
Tracking Initlized in 1.89s
The initlized frame ID: 1
The lost frame ID: 180
The lost frame ID: 181
The lost frame ID: 182
The lost frame ID: 183
The lost frame ID: 184
The lost frame ID: 185
The lost frame ID: 186
The lost frame ID: 187
The lost frame ID: 188

Saving camera trajectory to TrajectoryBeforeReset_oxf_akz_sft_r09_seg04_pid171856_1757496475783.txt ...

trajectory saved!
[Tracking] wrote pre-reset trajectory to TrajectoryBeforeReset_oxf_akz_sft_r09_seg04_pid171856_1757496475783.txt
[Tracking] LOST for 10 consecutive frames -> reset
System Reseting
Reseting Local Mapper... done
Reseting Loop Closing... done
Reseting Database... done
0
New map created with 486 points for 0 Feature Type 
New map created with 375 points for 1 Feature Type 
Tracking Initlized in 1.95s
The initlized frame ID: 1
The lost frame ID: 590
The lost frame ID: 591
The lost frame ID: 592
The lost frame ID: 593
The lost frame ID: 594
The lost frame ID: 595
The lost frame ID: 596
The lost frame ID: 597
The lost frame ID: 598

Saving camera trajectory to TrajectoryBeforeReset_oxf_akz_sft_r09_seg05_pid171856_1757496662949.txt ...

trajectory saved!
[Tracking] wrote pre-reset trajectory to TrajectoryBeforeReset_oxf_akz_sft_r09_seg05_pid171856_1757496662949.txt
[Tracking] LOST for 10 consecutive frames -> reset
System Reseting
Reseting Local Mapper... done
Reseting Loop Closing... done
Reseting Database... done
1
New map created with 78 points for 0 Feature Type 
New map created with 158 points for 1 Feature Type 
Tracking Initlized in 3.15s
The initlized frame ID: 2
Track lost soon after initialisation, reseting...
System Reseting
Reseting Local Mapper... done
Reseting Loop Closing... done
Reseting Database... done
1
New map created with 538 points for 0 Feature Type 
New map created with 524 points for 1 Feature Type 
Tracking Initlized in 1.89s
The initlized frame ID: 1
The lost frame ID: 1408
The lost frame ID: 1409
The lost frame ID: 1410
The lost frame ID: 1411
The lost frame ID: 1412
The lost frame ID: 1413
The lost frame ID: 1414
The lost frame ID: 1415
The lost frame ID: 1416

Saving camera trajectory to TrajectoryBeforeReset_oxf_akz_sft_r09_seg06_pid171856_1757497108810.txt ...

trajectory saved!
[Tracking] wrote pre-reset trajectory to TrajectoryBeforeReset_oxf_akz_sft_r09_seg06_pid171856_1757497108810.txt
[Tracking] LOST for 10 consecutive frames -> reset
System Reseting
Reseting Local Mapper... done
Reseting Loop Closing... done
Reseting Database... done
0
New map created with 1187 points for 0 Feature Type 
New map created with 1554 points for 1 Feature Type 
Tracking Initlized in 1.82s
The initlized frame ID: 1
The lost frame ID: 2244
The lost frame ID: 2245
The lost frame ID: 2246
The lost frame ID: 2247
The lost frame ID: 2248
The lost frame ID: 2249
The lost frame ID: 2250
The lost frame ID: 2251
The lost frame ID: 2252

Saving camera trajectory to TrajectoryBeforeReset_oxf_akz_sft_r09_seg07_pid171856_1757497876278.txt ...

trajectory saved!
[Tracking] wrote pre-reset trajectory to TrajectoryBeforeReset_oxf_akz_sft_r09_seg07_pid171856_1757497876278.txt
[Tracking] LOST for 10 consecutive frames -> reset
System Reseting
Reseting Local Mapper... done
Reseting Loop Closing... done
Reseting Database... done
0
New map created with 706 points for 0 Feature Type 
New map created with 581 points for 1 Feature Type 
Tracking Initlized in 11.04s
The initlized frame ID: 8
Track lost soon after initialisation, reseting...
System Reseting
Reseting Local Mapper... done
Reseting Loop Closing... done
Reseting Database... done
0
New map created with 761 points for 0 Feature Type 
New map created with 586 points for 1 Feature Type 
Tracking Initlized in 1.88s
The initlized frame ID: 1
Track lost soon after initialisation, reseting...
System Reseting
Reseting Local Mapper... done
Reseting Loop Closing... done
Reseting Database... done
0
New map created with 748 points for 0 Feature Type 
New map created with 549 points for 1 Feature Type 
Tracking Initlized in 2.00s
The initlized frame ID: 1
Track lost soon after initialisation, reseting...
System Reseting
Reseting Local Mapper... done
Reseting Loop Closing... done
Reseting Database... done
0
New map created with 849 points for 0 Feature Type 
New map created with 662 points for 1 Feature Type 
Tracking Initlized in 1.90s
The initlized frame ID: 1
Track lost soon after initialisation, reseting...
System Reseting
Reseting Local Mapper... done
Reseting Loop Closing... done
Reseting Database... done
0
New map created with 837 points for 0 Feature Type 
New map created with 610 points for 1 Feature Type 
Tracking Initlized in 2.10s
The initlized frame ID: 1
Track lost soon after initialisation, reseting...
System Reseting
Reseting Local Mapper... done
Reseting Loop Closing... done
Reseting Database... done
0
New map created with 755 points for 0 Feature Type 
New map created with 566 points for 1 Feature Type 
Tracking Initlized in 1.82s
The initlized frame ID: 1
Track lost soon after initialisation, reseting...
System Reseting
Reseting Local Mapper... done
Reseting Loop Closing... done
Reseting Database... done
0
New map created with 770 points for 0 Feature Type 
New map created with 543 points for 1 Feature Type 
Tracking Initlized in 2.03s
The initlized frame ID: 1
Track lost soon after initialisation, reseting...
System Reseting
Reseting Local Mapper... done
Reseting Loop Closing... done
Reseting Database... done
0
New map created with 746 points for 0 Feature Type 
New map created with 508 points for 1 Feature Type 
Tracking Initlized in 1.79s
The initlized frame ID: 1
Track lost soon after initialisation, reseting...
System Reseting
Reseting Local Mapper... done
Reseting Loop Closing... done
Reseting Database... done
0
New map created with 649 points for 0 Feature Type 
New map created with 391 points for 1 Feature Type 
Tracking Initlized in 1.94s
The initlized frame ID: 1
Track lost soon after initialisation, reseting...
System Reseting
Reseting Local Mapper... done
Reseting Loop Closing... done
Reseting Database... done
0
New map created with 620 points for 0 Feature Type 
New map created with 399 points for 1 Feature Type 
Tracking Initlized in 1.86s
The initlized frame ID: 1
The lost frame ID: 122
The lost frame ID: 123
The lost frame ID: 124
The lost frame ID: 125
The lost frame ID: 126
The lost frame ID: 127
The lost frame ID: 128
The lost frame ID: 129
The lost frame ID: 130

Saving camera trajectory to TrajectoryBeforeReset_oxf_akz_sft_r09_seg08_pid171856_1757497937891.txt ...

trajectory saved!
[Tracking] wrote pre-reset trajectory to TrajectoryBeforeReset_oxf_akz_sft_r09_seg08_pid171856_1757497937891.txt
[Tracking] LOST for 10 consecutive frames -> reset
System Reseting
Reseting Local Mapper... done
Reseting Loop Closing... done
Reseting Database... done
0
New map created with 775 points for 0 Feature Type 
New map created with 659 points for 1 Feature Type 
Tracking Initlized in 2.23s
The initlized frame ID: 1
System::StopViewer()
System::StopViewer() done

Saving correlation status...

========== Global Summary ==========
Frames: 7225
avg_CorrEdges: 16.9367
avg_match_A: 151.39
avg_match_B: 179.945
global_RI_MNR: 0.111875
global_RI_GNR: 0.102615
global_RI_DICE: 0.102233

========== Per-Channel Summary ==========
   chA   chB     avgCorr        avgA        avgB   avgRI_MNR   avgRI_GNR  avgRI_DICE
     0     1     16.9367      151.39     179.945    0.107479   0.0944378   0.0932942

Correlation status saved!

System Shutdown
-------

median tracking time: 0.265339
mean tracking time: 0.269961

Saving camera trajectory to result09.txt ...

trajectory saved!
All done

========== Performance Summary (ms) ==========
name                                mean      median        rmse         min         max       count
Lost Count                         1.000       1.000       0.000       1.000       1.000           8
Tracking                          17.590      15.715      17.547       2.123    1203.777        7315
Total Init                     66348.590   66348.590       0.000   66348.590   66348.590           1
Pipeline                         268.650     265.107      57.087     127.868    1383.185        7513
SIFT Extract                     219.664     216.789      47.552      92.904     560.427        7513
Reset Count                        1.000       1.000       0.000       1.000       1.000          18
Correlation                        0.370       0.307       0.380       0.041      12.467        7225
AKAZE Extract                    200.471     194.429      47.625      73.092     389.852        7513
