Registering ORBextractor...
Registering AKAZEextractor...
Registering BRISKextractor...
Registering SIFTextractor...
Registering KAZEextractor...
Registering SuperPointExtractor...

ORB-SLAM2 Copyright (C) 2014-2016 Raul Mur-Artal, University of Zaragoza.
This program comes with ABSOLUTELY NO WARRANTY;
This is free software, and you are welcome to redistribute it
under certain conditions. See LICENSE.txt.

Input sensor was set to: Monocular

Loading Vocabulary : /home/howard/Refactored_ORB_SLAM2/Install/var/lib/orbslam2/voc/akaze_cv.fbow
This could take a while...
Loading AKAZE Vocabulary in FBoW.
AKAZE Vocabulary loaded in 0.006250s


Loading Vocabulary : /home/howard/Refactored_ORB_SLAM2/Install/var/lib/orbslam2/voc/sift_cv.fbow
This could take a while...
Loading SIFT Vocabulary in FBoW.
SIFT Vocabulary loaded in 0.067864s


Camera Parameters: 
- fx: 983.044
- fy: 983.044
- cx: 643.647
- cy: 493.379
- k1: 0
- k2: 0
- p1: 0
- p2: 0
- fps: 16
- color order: RGB (ignored if grayscale)

[Feature 0] AKAZE Extractor Parameters: 
 ( TH_LOW: 100, TH_HIGH: 200 )
- Number of Features: 2000
- Scale Levels: 4
- Scale Factor: 1.2
- Threshold: 0.0001
- Num of Octaves: 4
- Num of Octave Layers: 4

[Feature 1] SIFT Extractor Parameters: 
 ( TH_LOW: 300, TH_HIGH: 500 )
- Number of Features  : 2000
- Scale Levels        : 1
- Scale Factor        : 1
- Contrast Threshold  : 0.01
- Edge Threshold      : 5
- nOctaves            : 3
- Sigma               : 1.6

-------
Start processing sequence ...
Images in the sequence: 7513

0
New map created with 878 points for 0 Feature Type 
New map created with 982 points for 1 Feature Type 
Tracking Initlized in 215.96s
The initlized frame ID: 151
The lost frame ID: 831
The lost frame ID: 832
The lost frame ID: 833
The lost frame ID: 834
The lost frame ID: 835
The lost frame ID: 836
The lost frame ID: 837
The lost frame ID: 838
The lost frame ID: 839

Saving camera trajectory to TrajectoryBeforeReset_oxf_akz_sft_r17_seg01_pid2622630_1757594056989.txt ...

trajectory saved!
[Tracking] wrote pre-reset trajectory to TrajectoryBeforeReset_oxf_akz_sft_r17_seg01_pid2622630_1757594056989.txt
[Tracking] LOST for 10 consecutive frames -> reset
System Reseting
Reseting Local Mapper... done
Reseting Loop Closing... done
Reseting Database... done
0
New map created with 1045 points for 0 Feature Type 
New map created with 1113 points for 1 Feature Type 
Tracking Initlized in 1.67s
The initlized frame ID: 1
The lost frame ID: 549
The lost frame ID: 550
The lost frame ID: 553
The lost frame ID: 555
The lost frame ID: 556
The lost frame ID: 557
The lost frame ID: 559
The lost frame ID: 560
The lost frame ID: 561
The lost frame ID: 562
The lost frame ID: 564
The lost frame ID: 565
The lost frame ID: 566
The lost frame ID: 567
The lost frame ID: 568
The lost frame ID: 570
The lost frame ID: 572
The lost frame ID: 574
The lost frame ID: 575
The lost frame ID: 576
The lost frame ID: 577
The lost frame ID: 578
The lost frame ID: 579
The lost frame ID: 580
The lost frame ID: 581
The lost frame ID: 582

Saving camera trajectory to TrajectoryBeforeReset_oxf_akz_sft_r17_seg02_pid2622630_1757594206763.txt ...

trajectory saved!
[Tracking] wrote pre-reset trajectory to TrajectoryBeforeReset_oxf_akz_sft_r17_seg02_pid2622630_1757594206763.txt
[Tracking] LOST for 10 consecutive frames -> reset
System Reseting
Reseting Local Mapper... done
Reseting Loop Closing... done
Reseting Database... done
0
New map created with 600 points for 0 Feature Type 
New map created with 1167 points for 1 Feature Type 
Tracking Initlized in 11.92s
The initlized frame ID: 8
The lost frame ID: 56
The lost frame ID: 57
The lost frame ID: 58
The lost frame ID: 59
The lost frame ID: 60
The lost frame ID: 61
The lost frame ID: 62
The lost frame ID: 63
The lost frame ID: 64

Saving camera trajectory to TrajectoryBeforeReset_oxf_akz_sft_r17_seg03_pid2622630_1757594223190.txt ...

trajectory saved!
[Tracking] wrote pre-reset trajectory to TrajectoryBeforeReset_oxf_akz_sft_r17_seg03_pid2622630_1757594223190.txt
[Tracking] LOST for 10 consecutive frames -> reset
System Reseting
Reseting Local Mapper... done
Reseting Loop Closing... done
Reseting Database... done
0
New map created with 569 points for 0 Feature Type 
New map created with 657 points for 1 Feature Type 
Tracking Initlized in 5.15s
The initlized frame ID: 3
Track lost soon after initialisation, reseting...
System Reseting
Reseting Local Mapper... done
Reseting Loop Closing... done
Reseting Database... done
0
New map created with 628 points for 0 Feature Type 
New map created with 743 points for 1 Feature Type 
Tracking Initlized in 4.85s
The initlized frame ID: 3
Track lost soon after initialisation, reseting...
System Reseting
Reseting Local Mapper... done
Reseting Loop Closing... done
Reseting Database... done
0
New map created with 1009 points for 0 Feature Type 
New map created with 1231 points for 1 Feature Type 
Tracking Initlized in 4.90s
The initlized frame ID: 3
The lost frame ID: 1262
The lost frame ID: 1263
The lost frame ID: 1264
The lost frame ID: 1265
The lost frame ID: 1266
The lost frame ID: 1267
The lost frame ID: 1268
The lost frame ID: 1269
The lost frame ID: 1270

Saving camera trajectory to TrajectoryBeforeReset_oxf_akz_sft_r17_seg04_pid2622630_1757594560659.txt ...

trajectory saved!
[Tracking] wrote pre-reset trajectory to TrajectoryBeforeReset_oxf_akz_sft_r17_seg04_pid2622630_1757594560659.txt
[Tracking] LOST for 10 consecutive frames -> reset
System Reseting
Reseting Local Mapper... done
Reseting Loop Closing... done
Reseting Database... done
0
New map created with 619 points for 0 Feature Type 
New map created with 435 points for 1 Feature Type 
Tracking Initlized in 1.67s
The initlized frame ID: 1
The lost frame ID: 180
The lost frame ID: 181
The lost frame ID: 182
The lost frame ID: 183
The lost frame ID: 184
The lost frame ID: 185
The lost frame ID: 186
The lost frame ID: 187
The lost frame ID: 188

Saving camera trajectory to TrajectoryBeforeReset_oxf_akz_sft_r17_seg05_pid2622630_1757594605931.txt ...

trajectory saved!
[Tracking] wrote pre-reset trajectory to TrajectoryBeforeReset_oxf_akz_sft_r17_seg05_pid2622630_1757594605931.txt
[Tracking] LOST for 10 consecutive frames -> reset
System Reseting
Reseting Local Mapper... done
Reseting Loop Closing... done
Reseting Database... done
0
New map created with 491 points for 0 Feature Type 
New map created with 370 points for 1 Feature Type 
Tracking Initlized in 1.57s
The initlized frame ID: 1
The lost frame ID: 590
The lost frame ID: 591
The lost frame ID: 592
The lost frame ID: 593
The lost frame ID: 594
The lost frame ID: 595
The lost frame ID: 596
The lost frame ID: 597
The lost frame ID: 598

Saving camera trajectory to TrajectoryBeforeReset_oxf_akz_sft_r17_seg06_pid2622630_1757594759366.txt ...

trajectory saved!
[Tracking] wrote pre-reset trajectory to TrajectoryBeforeReset_oxf_akz_sft_r17_seg06_pid2622630_1757594759366.txt
[Tracking] LOST for 10 consecutive frames -> reset
System Reseting
Reseting Local Mapper... done
Reseting Loop Closing... done
Reseting Database... done
0
New map created with 914 points for 0 Feature Type 
New map created with 1115 points for 1 Feature Type 
Tracking Initlized in 26.58s
The initlized frame ID: 19
The lost frame ID: 668
The lost frame ID: 676
The lost frame ID: 677
The lost frame ID: 678
The lost frame ID: 680
The lost frame ID: 681
The lost frame ID: 685
The lost frame ID: 686
The lost frame ID: 687
The lost frame ID: 688
The lost frame ID: 689
The lost frame ID: 690
The lost frame ID: 693
The lost frame ID: 699
The lost frame ID: 701
The lost frame ID: 702
The lost frame ID: 703
The lost frame ID: 704
The lost frame ID: 706
The lost frame ID: 707
The lost frame ID: 708
The lost frame ID: 710
The lost frame ID: 713
The lost frame ID: 714
The lost frame ID: 715
The lost frame ID: 716
The lost frame ID: 717
The lost frame ID: 718
The lost frame ID: 719
The lost frame ID: 720
The lost frame ID: 721

Saving camera trajectory to TrajectoryBeforeReset_oxf_akz_sft_r17_seg07_pid2622630_1757594941632.txt ...

trajectory saved!
[Tracking] wrote pre-reset trajectory to TrajectoryBeforeReset_oxf_akz_sft_r17_seg07_pid2622630_1757594941632.txt
[Tracking] LOST for 10 consecutive frames -> reset
System Reseting
Reseting Local Mapper... done
Reseting Loop Closing... done
Reseting Database... done
0
New map created with 591 points for 0 Feature Type 
New map created with 512 points for 1 Feature Type 
Tracking Initlized in 3.04s
The initlized frame ID: 2
The lost frame ID: 690
The lost frame ID: 691
The lost frame ID: 692
The lost frame ID: 693
The lost frame ID: 694
The lost frame ID: 695
The lost frame ID: 696
The lost frame ID: 697
The lost frame ID: 698

Saving camera trajectory to TrajectoryBeforeReset_oxf_akz_sft_r17_seg08_pid2622630_1757595106677.txt ...

trajectory saved!
[Tracking] wrote pre-reset trajectory to TrajectoryBeforeReset_oxf_akz_sft_r17_seg08_pid2622630_1757595106677.txt
[Tracking] LOST for 10 consecutive frames -> reset
System Reseting
Reseting Local Mapper... done
Reseting Loop Closing... done
Reseting Database... done
0
New map created with 1207 points for 0 Feature Type 
New map created with 1566 points for 1 Feature Type 
Tracking Initlized in 1.67s
The initlized frame ID: 1
Track lost soon after initialisation, reseting...
System Reseting
Reseting Local Mapper... done
Reseting Loop Closing... done
Reseting Database... done
0
New map created with 1223 points for 0 Feature Type 
New map created with 1682 points for 1 Feature Type 
Tracking Initlized in 1.77s
The initlized frame ID: 1
Track lost soon after initialisation, reseting...
System Reseting
Reseting Local Mapper... done
Reseting Loop Closing... done
Reseting Database... done
0
New map created with 1194 points for 0 Feature Type 
New map created with 1417 points for 1 Feature Type 
Tracking Initlized in 1.48s
The initlized frame ID: 1
The lost frame ID: 2235
The lost frame ID: 2236
The lost frame ID: 2237
The lost frame ID: 2238
The lost frame ID: 2239
The lost frame ID: 2240
The lost frame ID: 2241
The lost frame ID: 2242
The lost frame ID: 2243

Saving camera trajectory to TrajectoryBeforeReset_oxf_akz_sft_r17_seg09_pid2622630_1757595682165.txt ...

trajectory saved!
[Tracking] wrote pre-reset trajectory to TrajectoryBeforeReset_oxf_akz_sft_r17_seg09_pid2622630_1757595682165.txt
[Tracking] LOST for 10 consecutive frames -> reset
System Reseting
Reseting Local Mapper... done
Reseting Loop Closing... done
Reseting Database... done
0
New map created with 712 points for 0 Feature Type 
New map created with 563 points for 1 Feature Type 
Tracking Initlized in 9.89s
The initlized frame ID: 8
The lost frame ID: 154
The lost frame ID: 155
The lost frame ID: 156
The lost frame ID: 157
The lost frame ID: 158
The lost frame ID: 159
The lost frame ID: 160
The lost frame ID: 161
The lost frame ID: 162

Saving camera trajectory to TrajectoryBeforeReset_oxf_akz_sft_r17_seg10_pid2622630_1757595730806.txt ...

trajectory saved!
[Tracking] wrote pre-reset trajectory to TrajectoryBeforeReset_oxf_akz_sft_r17_seg10_pid2622630_1757595730806.txt
[Tracking] LOST for 10 consecutive frames -> reset
System Reseting
Reseting Local Mapper... done
Reseting Loop Closing... done
Reseting Database... done
0
New map created with 781 points for 0 Feature Type 
New map created with 636 points for 1 Feature Type 
Tracking Initlized in 1.53s
The initlized frame ID: 1
System::StopViewer()
System::StopViewer() done

Saving correlation status...

========== Global Summary ==========
Frames: 7151
avg_CorrEdges: 17.5405
avg_match_A: 154.055
avg_match_B: 183.918
global_RI_MNR: 0.113858
global_RI_GNR: 0.104205
global_RI_DICE: 0.103798

========== Per-Channel Summary ==========
   chA   chB     avgCorr        avgA        avgB   avgRI_MNR   avgRI_GNR  avgRI_DICE
     0     1     17.5405     154.055     183.918    0.108527    0.095429   0.0942821

Correlation status saved!

System Shutdown
-------

median tracking time: 0.241444
mean tracking time: 0.248831

Saving camera trajectory to result17.txt ...

trajectory saved!
All done

========== Performance Summary (ms) ==========
name                                mean      median        rmse         min         max       count
Lost Count                         1.000       1.000       0.000       1.000       1.000          10
Tracking                          17.403      15.445      12.275       1.357     392.888        7294
Total Init                     70003.038   70003.038       0.000   70003.038   70003.038           1
Pipeline                         247.511     241.277      57.702     130.058     838.500        7513
SIFT Extract                     197.555     194.710      40.324     100.167     370.822        7513
Reset Count                        1.000       1.000       0.000       1.000       1.000          14
Correlation                        0.351       0.303       0.257       0.038       8.707        7151
AKAZE Extract                    187.988     180.526      46.290      77.239     375.926        7513
