Registering ORBextractor...
Registering AKAZEextractor...
Registering BRISKextractor...
Registering SIFTextractor...
Registering KAZEextractor...
Loading images...
Loaded 2700 images.
Creating SLAM system...

ORB-SLAM2 Copyright (C) 2014-2016 Raul Mur-Artal, University of Zaragoza.
This program comes with ABSOLUTELY NO WARRANTY;
This is free software, and you are welcome to redistribute it
under certain conditions. See LICENSE.txt.

Input sensor was set to: Monocular

Loading Vocabulary : /home/ucacsjj/Proj/UCL/Projects/PM-SLAM/Install/var/lib/orbslam2/voc/sift_cv.fbow
This could take a while...
Loading SIFT Vocabulary in FBoW.
SIFT Vocabulary loaded in 0.032256s


Camera Parameters: 
- fx: 458.654
- fy: 457.296
- cx: 367.215
- cy: 248.375
- k1: -0.283408
- k2: 0.0739591
- p1: 0.00019359
- p2: 1.76187e-05
- fps: 20
- color order: RGB (ignored if grayscale)

[Feature 0] SIFT Extractor Parameters: 
 ( TH_LOW: 300, TH_HIGH: 500 )
- Number of Features  : 1000
- Scale Levels        : 1
- Scale Factor        : 1
- Contrast Threshold  : 0.001
- Edge Threshold      : 5
- nOctaves            : 3
- Sigma               : 1.6

-------
Start processing sequence ...
Images in the sequence: 2700

Viewer started, waiting for thread.
0
New map created with 663 points for 0 Feature Type 
Tracking Initlized in 33.35s
The initlized frame ID: 54
The lost frame ID: 97
The lost frame ID: 99
The lost frame ID: 101
The lost frame ID: 102
The lost frame ID: 103
The lost frame ID: 2024
The lost frame ID: 2025
The lost frame ID: 2026
The lost frame ID: 2027
The lost frame ID: 2028
The lost frame ID: 2029
The lost frame ID: 2030
System::StopViewer()
System::StopViewer() done
Tracking thread joined...

Saving correlation status...

Correlation status saved!

-------

median tracking time: 0.09364
mean tracking time: 0.095938

Saving camera trajectory to Trajectory.txt ...

trajectory saved!

========== Performance Summary (ms) ==========
name                                mean      median        rmse         min         max       count
Tracking                          16.438      16.123       7.623       1.714      48.495        2645
Correlation                        0.000       0.000       0.000       0.000       0.010        2633
Total Init                     16540.803   16540.803       0.000   16540.803   16540.803           1
Pipeline                          95.933      93.629      38.114      47.340     350.523        2700
SIFT Extract                      72.725      73.069      17.158      41.461     135.419        2700
