Registering ORBextractor...
Registering AKAZEextractor...
Registering BRISKextractor...
Registering SIFTextractor...
Registering KAZEextractor...
Loading images...
Loaded 2700 images.
Creating SLAM system...

ORB-SLAM2 Copyright (C) 2014-2016 Raul Mur-Artal, University of Zaragoza.
This program comes with ABSOLUTELY NO WARRANTY;
This is free software, and you are welcome to redistribute it
under certain conditions. See LICENSE.txt.

Input sensor was set to: Monocular

Loading Vocabulary : /home/ucacsjj/Proj/UCL/Projects/PM-SLAM/Install/var/lib/orbslam2/voc/sift_cv.fbow
This could take a while...
Loading SIFT Vocabulary in FBoW.
SIFT Vocabulary loaded in 0.027284s


Camera Parameters: 
- fx: 458.654
- fy: 457.296
- cx: 367.215
- cy: 248.375
- k1: -0.283408
- k2: 0.0739591
- p1: 0.00019359
- p2: 1.76187e-05
- fps: 20
- color order: RGB (ignored if grayscale)

[Feature 0] SIFT Extractor Parameters: 
 ( TH_LOW: 300, TH_HIGH: 500 )
- Number of Features  : 1000
- Scale Levels        : 1
- Scale Factor        : 1
- Contrast Threshold  : 0.001
- Edge Threshold      : 5
- nOctaves            : 3
- Sigma               : 1.6

-------
Start processing sequence ...
Images in the sequence: 2700

Viewer started, waiting for thread.
0
New map created with 663 points for 0 Feature Type 
Tracking Initlized in 34.28s
The initlized frame ID: 54
[LoopClosing] Sim3 choosed on channel 0
Loop detected!
Local Mapping STOP
Local Mapping RELEASE
Starting Global Bundle Adjustment
Global Bundle Adjustment finished
Updating map ...
Local Mapping STOP
Local Mapping RELEASE
Map updated!
System::StopViewer()
System::StopViewer() done
Tracking thread joined...

Saving correlation status...

Correlation status saved!

-------

median tracking time: 0.0845142
mean tracking time: 0.0911228

Saving camera trajectory to Trajectory.txt ...

trajectory saved!

========== Performance Summary (ms) ==========
name                                mean      median        rmse         min         max       count
Tracking                          16.123      15.679       7.405       1.759      45.383        2645
Correlation                        0.000       0.000       0.000       0.000       0.005        2645
Total Init                     16930.614   16930.614       0.000   16930.614   16930.614           1
Pipeline                          91.118      84.505      36.430      45.191     358.515        2700
SIFT Extract                      68.097      66.199      15.485      41.411     137.911        2700
